Rietveld refinement to file(s) pattern.xy
BGMN version 4.2.23, 8282 measured points, 219 peaks, 49 parameters
Start: Thu Feb 26 15:01:04 2026; End: Thu Feb 26 15:01:07 2026
27 iteration steps

Rp=3.17%  Rpb=44.89%  R=4.05%  Rwp=4.06% Rexp=2.66%
Durbin-Watson d=0.90
1-rho=6.03%

Global parameters and GOALs
****************************
Qspinel=0.823+-0.010
QLi2FeCl474icsd20251921=0.177+-0.010
EPS2=-0.004110+-0.000028

Local parameters and GOALs for phase spinel
******************************************************
SpacegroupNo=227
HermannMauguin=F4_1/d-32/m
XrayDensity=2.557
Rphase=5.19%
UNIT=NM
A=1.042953+-0.000099
k1=0.0100000
B1=0.02366+-0.00029
GrainSize(1,1,1)=17.79+-0.22
GEWICHT=SPHAR4, MeanValue(GEWICHT)=0.0742133
Atomic positions for phase spinel
---------------------------------------------
 16     0.6250  0.6250  0.6250     E=(LI(0.1500))
  8     0.5000  0.5000  0.5000     E=(LI(0.4500))
 16     0.1250  0.1250  0.1250     E=(LI(0.3750),MN(0.1000),V(0.1000),IN(0.0500),FE(0.3000))
 32     0.8817  0.8817  0.8817     E=(CL(1.0000))

Local parameters and GOALs for phase Li2FeCl474icsd20251921
******************************************************
SpacegroupNo=74
HermannMauguin=I2_1/m2_1/m2_1/a
XrayDensity=2.509
Rphase=4.34%
UNIT=NM
A=0.73390+-0.00016
B=0.73538+-0.00012
C=1.03753+-0.00016
k1=0.0100000
B1=0.00386+-0.00042
GrainSize(1,1,1)=109+-12
GEWICHT=SPHAR4, MeanValue(GEWICHT)=0.0159801
Atomic positions for phase Li2FeCl474icsd20251921
---------------------------------------------
  8     0.8540  0.2500  0.1960     E=(LI+1(0.5000))
  4     0.0000  0.0000  0.5000     E=(LI+1(0.8800),FE+2(0.1200))
  4     0.2500  0.2500  0.7500     E=(LI+1(0.1200),FE+2(0.8800))
  8     0.0000  0.4850  0.7550     E=(CL-1(1.0000))
  8     0.7490  0.2500  0.9950     E=(CL-1(1.0000))
