Rietveld refinement to file(s) pattern.xy
BGMN version 4.2.23, 8282 measured points, 355 peaks, 53 parameters
Start: Thu Feb 26 14:54:27 2026; End: Thu Feb 26 14:54:30 2026
26 iteration steps

Rp=3.83%  Rpb=53.89%  R=5.57%  Rwp=5.21% Rexp=2.53%
Durbin-Watson d=0.53
1-rho=11.3%

Global parameters and GOALs
****************************
QFeCl2166icsd278100=0.0115+-0.0025
Qspinel=0.7626+-0.0041
QLi3YCl6164icsd29964None=0.2259+-0.0034
EPS2=-0.003116+-0.000027

Local parameters and GOALs for phase FeCl2166icsd278100
******************************************************
SpacegroupNo=166
HermannMauguin=R-32/m
XrayDensity=3.263
Rphase=4.62%
UNIT=NM
A=0.35817+-0.00026
C=1.7416+-0.0022
k1=0.0100000
B1=0.0037+-0.0027
GrainSize(1,1,1)=115+-86
GEWICHT=0.00103+-0.00023
Atomic positions for phase FeCl2166icsd278100
---------------------------------------------
  3     0.0000  0.0000  0.0000     E=(FE+2(1.0000))
  6     0.0000  0.0000  0.2500     E=(CL-1(1.0000))

Local parameters and GOALs for phase spinel
******************************************************
SpacegroupNo=227
HermannMauguin=F4_1/d-32/m
XrayDensity=2.636
Rphase=9.18%
UNIT=NM
A=1.041649+-0.000076
k1=0.0100000
B1=0.01685+-0.00023
GrainSize(1,1,1)=24.98+-0.35
GEWICHT=SPHAR4, MeanValue(GEWICHT)=0.0677597
Atomic positions for phase spinel
---------------------------------------------
 16     0.6250  0.6250  0.6250     E=(LI(0.1500))
  8     0.5000  0.5000  0.5000     E=(LI(0.4500))
 16     0.1250  0.1250  0.1250     E=(LI(0.3750),Y(0.1500),MG(0.1000),MN(0.0500),FE(0.2000),CU(0.1000))
 32     0.8817  0.8817  0.8817     E=(CL(1.0000))

Local parameters and GOALs for phase Li3YCl6164icsd29964None
******************************************************
SpacegroupNo=164
HermannMauguin=P-32/m1
XrayDensity=2.443
Rphase=7.41%
UNIT=NM
A=1.12061+-0.00011
C=0.604444+-0.000089
k1=0.0100000
B1=0.00500000
GrainSize(1,1,1)=84.1811
GEWICHT=SPHAR4, MeanValue(GEWICHT)=0.0200725
Atomic positions for phase Li3YCl6164icsd29964None
---------------------------------------------
  6     0.3206  0.0000  0.5000     E=(LI+1(0.6800))
  6     0.3404  0.0000  0.0000     E=(LI+1(0.8200))
  1     0.0000  0.0000  0.0000     E=(Y+3(1.0000))
  2     0.3333  0.6667  0.0102     E=(Y+3(0.2288))
  2     0.3333  0.6667  0.5044     E=(Y+3(0.7712))
  6     0.8866 -0.8866  0.2363     E=(CL-1(1.0000))
  6     0.7793 -0.7793  0.7314     E=(CL-1(1.0000))
  6     0.5533 -0.5533  0.2497     E=(CL-1(1.0000))
