Rietveld refinement to file(s) pattern.xy
BGMN version 4.2.23, 8282 measured points, 138 peaks, 84 parameters
Start: Thu Feb 26 15:08:18 2026; End: Thu Feb 26 15:08:25 2026
66 iteration steps

Rp=4.66%  Rpb=42.07%  R=7.26%  Rwp=6.22% Rexp=2.52%
Durbin-Watson d=0.35
1-rho=6.62%

Global parameters and GOALs
****************************
QLi10352V9648Cl32216icsd50006None=0.0025+-0.0036
Qspinel=0.7928+-0.0056
QLiCl225icsd269090=0.0748+-0.0039
QNiCl2=0.1299+-0.0025
EPS2=-0.001568+-0.000025

Local parameters and GOALs for phase Li10352V9648Cl32216icsd50006None
******************************************************
SpacegroupNo=216
HermannMauguin=F-43m
XrayDensity=2.543
Rphase=4.36%
UNIT=NM
A=1.03490+-0.00013
k1=0.0100000
B1=0.00181+-0.00067
GrainSize(1,1,1)=233+-87
GEWICHT=SPHAR4, MeanValue(GEWICHT)=0.000402641
Atomic positions for phase Li10352V9648Cl32216icsd50006None
---------------------------------------------
  4     0.0000  0.0000  0.0000     E=(LI+1(1.0000))
 16     0.6259  0.6259  0.6259     E=(LI+1(0.3970),V(0.6030))
 16     0.3822  0.3822  0.3822     E=(CL-1(1.0000))
 16     0.8686  0.8686  0.8686     E=(CL-1(1.0000))

Local parameters and GOALs for phase spinel
******************************************************
SpacegroupNo=227
HermannMauguin=F4_1/d-32/m
XrayDensity=2.559
Rphase=8.63%
UNIT=NM
A=1.026738+-0.000072
k1=0.0100000
B1=0.02217+-0.00028
GrainSize(1,1,1)=18.99+-0.24
GEWICHT=SPHAR4, MeanValue(GEWICHT)=0.127178
Atomic positions for phase spinel
---------------------------------------------
 16     0.6250  0.6250  0.6250     E=(LI(0.1600))
  8     0.5000  0.5000  0.5000     E=(LI(0.4800))
 16     0.1250  0.1250  0.1250     E=(LI(0.4000),V(0.2000),NI(0.3000))
 32     0.8817  0.8817  0.8817     E=(CL(1.0000))

Local parameters and GOALs for phase LiCl225icsd269090
******************************************************
SpacegroupNo=225
HermannMauguin=F4/m-32/m
XrayDensity=2.056
Rphase=6.16%
UNIT=NM
A=0.515426+-0.000054
k1=0.0100000
B1=0.00500000
GrainSize(1,1,1)=84.1811
GEWICHT=SPHAR4, MeanValue(GEWICHT)=0.0119920
Atomic positions for phase LiCl225icsd269090
---------------------------------------------
  4     0.0000  0.0000  0.0000     E=(LI+1(1.0000))
  4     0.5000  0.5000  0.5000     E=(CL-1(1.0000))

Local parameters and GOALs for phase NiCl2
******************************************************
SpacegroupNo=166
HermannMauguin=R-32/m
XrayDensity=3.491
Rphase=10.92%
UNIT=NM
A=0.350286+-0.000022
C=1.74036+-0.00025
k1=0.0100000
B1=0.00500000
GrainSize(1,1,1)=84.1811
GEWICHT=SPHAR4, MeanValue(GEWICHT)=0.0208383
Atomic positions for phase NiCl2
---------------------------------------------
  3     0.0000  0.0000  0.0000     E=(NI+2(1.0000))
  6     0.0000  0.0000  0.2551     E=(CL-1(1.0000))
