Rietveld refinement to file(s) pattern.xy
BGMN version 4.2.23, 8282 measured points, 54 peaks, 47 parameters
Start: Thu Feb 26 15:15:59 2026; End: Thu Feb 26 15:16:01 2026
29 iteration steps

Rp=3.91%  Rpb=37.44%  R=6.95%  Rwp=5.41% Rexp=2.64%
Durbin-Watson d=0.52
1-rho=4.18%

Global parameters and GOALs
****************************
Qspinel=0.9617+-0.0016
QLiCl=0.0383+-0.0016
EPS2=-0.002273+-0.000012

Local parameters and GOALs for phase spinel
******************************************************
SpacegroupNo=227
HermannMauguin=F4_1/d-32/m
XrayDensity=2.465
Rphase=10.00%
UNIT=NM
A=1.049882+-0.000031
k1=0.0100000
B1=0.009652+-0.000098
GrainSize(1,1,1)=43.61+-0.44
GEWICHT=SPHAR4, MeanValue(GEWICHT)=0.145302
Atomic positions for phase spinel
---------------------------------------------
  8     0.5000  0.5000  0.5000     E=(LI(0.5400))
 16     0.6250  0.6250  0.6250     E=(LI(0.1800))
 16     0.1250  0.1250  0.1250     E=(LI(0.4500),MN(0.5500))
 32     0.8817  0.8817  0.8817     E=(CL(1.0000))

Local parameters and GOALs for phase LiCl
******************************************************
SpacegroupNo=225
HermannMauguin=F4/m-32/m
XrayDensity=2.065
Rphase=6.63%
UNIT=NM
A=0.514725+-0.000057
k1=0.0100000
B1=0.00500000
GrainSize(1,1,1)=84.1811
GEWICHT=SPHAR4, MeanValue(GEWICHT)=0.00577921
Atomic positions for phase LiCl
---------------------------------------------
  4     0.0000  0.0000  0.0000     E=(LI+1(1.0000))
  4     0.5000  0.5000  0.5000     E=(CL-1(1.0000))
