Rietveld refinement to file(s) pattern.xy
BGMN version 4.2.23, 8282 measured points, 321 peaks, 66 parameters
Start: Thu Feb 26 14:51:43 2026; End: Thu Feb 26 14:51:48 2026
43 iteration steps

Rp=4.37%  Rpb=56.65%  R=5.67%  Rwp=6.03% Rexp=2.83%
Durbin-Watson d=0.48
1-rho=13.4%

Global parameters and GOALs
****************************
QFeCl3149icsd397650=0.2386+-0.0045
Qspinel=0.6166+-0.0060
QFe84Cl32227icsd95639None=0.1448+-0.0042
EPS2=-0.000547+-0.000026

Local parameters and GOALs for phase FeCl3149icsd397650
******************************************************
SpacegroupNo=149
HermannMauguin=P312
XrayDensity=2.908
Rphase=7.60%
UNIT=NM
A=0.606545+-0.000049
C=1.74401+-0.00025
k1=0.0100000
B1=0.00500000
GrainSize(1,1,1)=84.1811
GEWICHT=SPHAR4, MeanValue(GEWICHT)=0.0172775
Atomic positions for phase FeCl3149icsd397650
---------------------------------------------
  1     0.0000  0.0000  0.0000     E=(FE+3(1.0000))
  1     0.3333  0.6667  0.0000     E=(FE+3(1.0000))
  2     0.6667  0.3333  0.6664     E=(FE+3(1.0000))
  2     0.3333  0.6667  0.6713     E=(FE+3(1.0000))
  6     0.3049  0.9739  0.9172     E=(CL-1(1.0000))
  6     0.3561  0.3615  0.7400     E=(CL-1(1.0000))
  6     0.9956  0.6439  0.4105     E=(CL-1(1.0000))

Local parameters and GOALs for phase spinel
******************************************************
SpacegroupNo=227
HermannMauguin=F4_1/d-32/m
XrayDensity=2.570
Rphase=9.27%
UNIT=NM
A=1.030569+-0.000076
k1=0
B1=0.01654+-0.00036
GrainSize(1,1,1)=25.65+-0.56
GEWICHT=SPHAR4, MeanValue(GEWICHT)=0.0446419
Atomic positions for phase spinel
---------------------------------------------
 16     0.6250  0.6250  0.6250     E=(LI(0.1400))
  8     0.5000  0.5000  0.5000     E=(LI(0.4200))
 16     0.1250  0.1250  0.1250     E=(LI(0.3500),TA(0.0500),MN(0.0500),V(0.2500),FE(0.1000))
 32     0.8817  0.8817  0.8817     E=(CL(1.0000))

Local parameters and GOALs for phase Fe84Cl32227icsd95639None
******************************************************
SpacegroupNo=227
HermannMauguin=F4_1/d-32/m
XrayDensity=2.358
Rphase=7.77%
UNIT=NM
A=1.041355+-0.000084
k1=0.0100000
B1=0.00500000
GrainSize(1,1,1)=84.1811
GEWICHT=SPHAR4, MeanValue(GEWICHT)=0.0104864
Atomic positions for phase Fe84Cl32227icsd95639None
---------------------------------------------
 16     0.1250  0.1250  0.1250     E=(FE+2(0.5250))
 32     0.8808  0.8808  0.8808     E=(CL-1(1.0000))
