Rietveld refinement to file(s) pattern.xy
BGMN version 4.2.23, 8282 measured points, 1129 peaks, 54 parameters
Start: Thu Feb 26 14:47:28 2026; End: Thu Feb 26 14:47:39 2026
39 iteration steps

Rp=3.67%  Rpb=49.77%  R=5.26%  Rwp=4.79% Rexp=2.69%
Durbin-Watson d=0.67
1-rho=8.69%

Global parameters and GOALs
****************************
QNbCl5=0.0845+-0.0031
QLi6VCl8225icsd1008340=0.0337+-0.0030
Qspinel=0.8819+-0.0042
EPS2=-0.001666+-0.000027

Local parameters and GOALs for phase NbCl5
******************************************************
SpacegroupNo=12
HermannMauguin=C12/m1
XrayDensity=2.745
Rphase=5.89%
UNIT=NM
A=1.82533+-0.00069
B=1.80268+-0.00073
C=0.59611+-0.00030
BETA=91.050+-0.033
k1=0.0100000
B1=0.00500000
GrainSize(1,1,1)=84.1811
GEWICHT=0.00701+-0.00028
Atomic positions for phase NbCl5
---------------------------------------------
  4     0.0000  0.1106  0.0000     E=(NB+5(1.0000))
  8     0.6667  0.1108  0.4750     E=(NB+5(1.0000))
  4     0.9470  0.0000  0.7750     E=(CL-1(1.0000))
  8     0.4440  0.6910  0.7600     E=(CL-1(1.0000))
  8     0.8970  0.0970  0.2180     E=(CL-1(1.0000))
  4     0.7200  0.0000  0.2560     E=(CL-1(1.0000))
  8     0.7210  0.1890  0.2300     E=(CL-1(1.0000))
  8     0.7680  0.0980  0.7070     E=(CL-1(1.0000))
  4     0.6190  0.0000  0.7020     E=(CL-1(1.0000))
  8     0.6110  0.1900  0.7150     E=(CL-1(1.0000))
  8     0.5660  0.0980  0.2400     E=(CL-1(1.0000))

Local parameters and GOALs for phase Li6VCl8225icsd1008340
******************************************************
SpacegroupNo=225
HermannMauguin=F4/m-32/m
XrayDensity=2.255
Rphase=4.60%
UNIT=NM
A=1.03480+-0.00021
k1=0.0100000
B1=0.00500000
GrainSize(1,1,1)=84.1811
GEWICHT=SPHAR4, MeanValue(GEWICHT)=0.00279094
Atomic positions for phase Li6VCl8225icsd1008340
---------------------------------------------
 24     0.0000  0.2500  0.2500     E=(LI+1(1.0000))
  4     0.0000  0.0000  0.0000     E=(V+2(1.0000))
  8     0.2500  0.2500  0.2500     E=(CL-1(1.0000))
 24     0.2450  0.0000  0.0000     E=(CL-1(1.0000))

Local parameters and GOALs for phase spinel
******************************************************
SpacegroupNo=227
HermannMauguin=F4_1/d-32/m
XrayDensity=2.572
Rphase=6.84%
UNIT=NM
A=1.045522+-0.000067
k1=0.0100000
B1=0.01634+-0.00020
GrainSize(1,1,1)=25.77+-0.31
GEWICHT=SPHAR4, MeanValue(GEWICHT)=0.0731204
Atomic positions for phase spinel
---------------------------------------------
  8     0.5000  0.5000  0.5000     E=(LI(0.3900))
 16     0.6250  0.6250  0.6250     E=(LI(0.1300))
 16     0.1250  0.1250  0.1250     E=(LI(0.3250),MN(0.0500),NB(0.0500),V(0.0500),IN(0.0500),FE(0.3500))
 32     0.8817  0.8817  0.8817     E=(CL(1.0000))
