Rietveld refinement to file(s) pattern.xy
BGMN version 4.2.23, 8282 measured points, 54 peaks, 47 parameters
Start: Thu Feb 26 15:06:31 2026; End: Thu Feb 26 15:06:36 2026
80 iteration steps

Rp=6.09%  Rpb=36.31%  R=10.09%  Rwp=8.86% Rexp=2.58%
Durbin-Watson d=0.19
1-rho=6.67%

Global parameters and GOALs
****************************
Qspinel=0.6685+-0.0035
QLiCl225icsd269090=0.3315+-0.0035
EPS2=-0.003113+-0.000016

Local parameters and GOALs for phase spinel
******************************************************
SpacegroupNo=227
HermannMauguin=F4_1/d-32/m
XrayDensity=2.569
Rphase=13.81%
UNIT=NM
A=1.030397+-0.000083
k1=0
B1=0.03780+-0.00054
GrainSize(1,1,1)=11.23+-0.16
GEWICHT=SPHAR4, MeanValue(GEWICHT)=0.201548
Atomic positions for phase spinel
---------------------------------------------
 16     0.6250  0.6250  0.6250     E=(LI(0.2000))
  8     0.5000  0.5000  0.5000     E=(LI(0.6000))
 16     0.1250  0.1250  0.1250     E=(LI(0.5000),FE(0.5000))
 32     0.8817  0.8817  0.8817     E=(CL(1.0000))

Local parameters and GOALs for phase LiCl225icsd269090
******************************************************
SpacegroupNo=225
HermannMauguin=F4/m-32/m
XrayDensity=2.001
Rphase=13.34%
UNIT=NM
A=0.520127+-0.000018
k1=0.0100000
B1=0.00500000
GrainSize(1,1,1)=84.1811
GEWICHT=SPHAR4, MeanValue(GEWICHT)=0.0999369
Atomic positions for phase LiCl225icsd269090
---------------------------------------------
  4     0.0000  0.0000  0.0000     E=(LI+1(1.0000))
  4     0.5000  0.5000  0.5000     E=(CL-1(1.0000))
