Rietveld refinement to file(s) pattern.xy
BGMN version 4.2.23, 8282 measured points, 54 peaks, 47 parameters
Start: Thu Feb 26 16:58:48 2026; End: Thu Feb 26 16:58:50 2026
20 iteration steps

Rp=2.49%  Rpb=37.63%  R=3.86%  Rwp=3.34% Rexp=2.06%
Durbin-Watson d=0.76
1-rho=3.25%

Global parameters and GOALs
****************************
Qspinel=0.8500+-0.0022
QLiCl225icsd269090=0.1500+-0.0022
EPS2=-0.001044+-0.000014

Local parameters and GOALs for phase spinel
******************************************************
SpacegroupNo=227
HermannMauguin=F4_1/d-32/m
XrayDensity=2.634
Rphase=5.90%
UNIT=NM
A=1.038330+-0.000035
k1=0.0100000
B1=0.01171+-0.00011
GrainSize(1,1,1)=35.96+-0.35
GEWICHT=SPHAR4, MeanValue(GEWICHT)=0.130144
Atomic positions for phase spinel
---------------------------------------------
  8     0.5000  0.5000  0.5000     E=(LI(0.5400))
 16     0.6250  0.6250  0.6250     E=(LI(0.1800))
 16     0.1250  0.1250  0.1250     E=(LI(0.4500),IN(0.1000),FE(0.4000))
 32     0.8817  0.8817  0.8817     E=(CL(1.0000))

Local parameters and GOALs for phase LiCl225icsd269090
******************************************************
SpacegroupNo=225
HermannMauguin=F4/m-32/m
XrayDensity=2.056
Rphase=5.04%
UNIT=NM
A=0.515451+-0.000023
k1=0.0100000
B1=0.00500000
GrainSize(1,1,1)=84.1811
GEWICHT=SPHAR4, MeanValue(GEWICHT)=0.0229634
Atomic positions for phase LiCl225icsd269090
---------------------------------------------
  4     0.0000  0.0000  0.0000     E=(LI+1(1.0000))
  4     0.5000  0.5000  0.5000     E=(CL-1(1.0000))
