Rietveld refinement to file(s) pattern.xy
BGMN version 4.2.23, 8282 measured points, 45 peaks, 29 parameters
Start: Thu Feb 26 16:58:44 2026; End: Thu Feb 26 16:58:45 2026
23 iteration steps

Rp=2.63%  Rpb=50.03%  R=4.05%  Rwp=3.56% Rexp=1.94%
Durbin-Watson d=0.61
1-rho=6.28%

Global parameters and GOALs
****************************
Qspinel=1.00000
EPS2=-0.002891+-0.000023

Local parameters and GOALs for phase spinel
******************************************************
SpacegroupNo=227
HermannMauguin=F4_1/d-32/m
XrayDensity=2.611
Rphase=7.01%
UNIT=NM
A=1.027612+-0.000061
k1=0.0100000
B1=0.01593+-0.00015
GrainSize(1,1,1)=26.42+-0.25
GEWICHT=SPHAR4, MeanValue(GEWICHT)=0.132296
Atomic positions for phase spinel
---------------------------------------------
  8     0.5000  0.5000  0.5000     E=(LI(0.5400))
 16     0.6250  0.6250  0.6250     E=(LI(0.1800))
 16     0.1250  0.1250  0.1250     E=(LI(0.4500),SC(0.0500),FE(0.2375),CO(0.2375))
 32     0.8817  0.8817  0.8817     E=(CL(1.0000))
