Rietveld refinement to file(s) pattern.xy
BGMN version 4.2.23, 8282 measured points, 313 peaks, 48 parameters
Start: Thu Feb 26 14:58:49 2026; End: Thu Feb 26 14:58:58 2026
88 iteration steps

Rp=4.92%  Rpb=61.90%  R=6.46%  Rwp=6.63% Rexp=2.91%
Durbin-Watson d=0.44
1-rho=14.6%

Global parameters and GOALs
****************************
Qspinel=0.7281+-0.0061
QLi3YCl6164icsd29962None=0.2719+-0.0061
EPS2=-0.001060+-0.000029

Local parameters and GOALs for phase spinel
******************************************************
SpacegroupNo=227
HermannMauguin=F4_1/d-32/m
XrayDensity=2.959
Rphase=8.99%
UNIT=NM
A=1.053074+-0.000080
k1=0.0100000
B1=0.01511+-0.00026
GrainSize(1,1,1)=27.85+-0.48
GEWICHT=SPHAR4, MeanValue(GEWICHT)=0.0410478
Atomic positions for phase spinel
---------------------------------------------
 16     0.6250  0.6250  0.6250     E=(LI(0.1500))
  8     0.5000  0.5000  0.5000     E=(LI(0.4500))
 16     0.1250  0.1250  0.1250     E=(LI(0.3750),Y(0.1000),MN(0.2500),BI(0.1500))
 32     0.8817  0.8817  0.8817     E=(CL(1.0000))

Local parameters and GOALs for phase Li3YCl6164icsd29962None
******************************************************
SpacegroupNo=164
HermannMauguin=P-32/m1
XrayDensity=2.444
Rphase=10.75%
UNIT=NM
A=1.11821+-0.00011
C=0.606873+-0.000055
k1=0.0100000
B1=0.00500000
GrainSize(1,1,1)=84.1811
GEWICHT=SPHAR4, MeanValue(GEWICHT)=0.0153312
Atomic positions for phase Li3YCl6164icsd29962None
---------------------------------------------
  6     0.3252  0.0000  0.5000     E=(LI+1(0.7300))
  6     0.3392  0.0000  0.0000     E=(LI+1(0.7700))
  1     0.0000  0.0000  0.0000     E=(Y+3(1.0000))
  2     0.3333  0.6667  0.0117     E=(Y+3(0.2288))
  2     0.3333  0.6667  0.5053     E=(Y+3(0.7712))
  6     0.8862 -0.8862  0.2375     E=(CL-1(1.0000))
  6     0.7799 -0.7799  0.7329     E=(CL-1(1.0000))
  6     0.5528 -0.5528  0.2518     E=(CL-1(1.0000))
