Rietveld refinement to file(s) pattern.xy
BGMN version 4.2.23, 8282 measured points, 83 peaks, 39 parameters
Start: Thu Feb 26 15:04:29 2026; End: Thu Feb 26 15:04:32 2026
53 iteration steps

Rp=3.13%  Rpb=76.37%  R=3.92%  Rwp=3.86% Rexp=2.66%
Durbin-Watson d=0.99
1-rho=32.4%

Global parameters and GOALs
****************************
QFeCl2164icsd648310=0.0461+-0.0036
Qspinel=0.9539+-0.0036
EPS2=0.001101+-0.000074

Local parameters and GOALs for phase FeCl2164icsd648310
******************************************************
SpacegroupNo=164
HermannMauguin=P-32/m1
XrayDensity=3.358
Rphase=4.20%
UNIT=NM
A=0.35364+-0.00034
C=0.57859+-0.00025
k1=0.0100000
B1=0.00500000
GrainSize(1,1,1)=84.1811
GEWICHT=SPHAR2, MeanValue(GEWICHT)=0.00140705
Atomic positions for phase FeCl2164icsd648310
---------------------------------------------
  1     0.0000  0.0000  0.0000     E=(FE+2(1.0000))
  2     0.3333  0.6667  0.2393     E=(CL-1(1.0000))

Local parameters and GOALs for phase spinel
******************************************************
SpacegroupNo=227
HermannMauguin=F4_1/d-32/m
XrayDensity=2.724
Rphase=4.05%
UNIT=NM
A=1.02551+-0.00023
k1=0
B1=0.0413+-0.0011
GrainSize(1,1,1)=10.27+-0.27
GEWICHT=SPHAR4, MeanValue(GEWICHT)=0.0291246
Atomic positions for phase spinel
---------------------------------------------
 16     0.6250  0.6250  0.6250     E=(LI(0.1600))
  8     0.5000  0.5000  0.5000     E=(LI(0.4800))
 16     0.1250  0.1250  0.1250     E=(LI(0.4000),FE(0.4000),CO(0.2000))
 32     0.8817  0.8817  0.8817     E=(CL(1.0000))
