Rietveld refinement to file(s) pattern.xy
BGMN version 4.2.23, 8282 measured points, 45 peaks, 29 parameters
Start: Thu Feb 26 15:01:31 2026; End: Thu Feb 26 15:01:32 2026
24 iteration steps

Rp=1.86%  Rpb=48.64%  R=2.56%  Rwp=2.45% Rexp=1.52%
Durbin-Watson d=0.78
1-rho=5.46%

Global parameters and GOALs
****************************
Qspinel=1.00000
EPS2=-0.001855+-0.000023

Local parameters and GOALs for phase spinel
******************************************************
SpacegroupNo=227
HermannMauguin=F4_1/d-32/m
XrayDensity=2.670
Rphase=4.05%
UNIT=NM
A=1.026998+-0.000062
k1=0.0100000
B1=0.01826+-0.00015
GrainSize(1,1,1)=23.05+-0.20
GEWICHT=SPHAR4, MeanValue(GEWICHT)=0.156867
Atomic positions for phase spinel
---------------------------------------------
 16     0.6250  0.6250  0.6250     E=(LI(0.1650))
  8     0.5000  0.5000  0.5000     E=(LI(0.4950))
 16     0.1250  0.1250  0.1250     E=(LI(0.4125),NB(0.0750),CO(0.3750),CU(0.0500))
 32     0.8817  0.8817  0.8817     E=(CL(1.0000))
