Rietveld refinement to file(s) pattern.xy
BGMN version 4.2.23, 8282 measured points, 45 peaks, 29 parameters
Start: Thu Feb 26 15:17:29 2026; End: Thu Feb 26 15:17:31 2026
24 iteration steps

Rp=2.86%  Rpb=48.26%  R=4.19%  Rwp=3.92% Rexp=1.98%
Durbin-Watson d=0.53
1-rho=8.29%

Global parameters and GOALs
****************************
Qspinel=1.00000
EPS2=-0.004156+-0.000051

Local parameters and GOALs for phase spinel
******************************************************
SpacegroupNo=227
HermannMauguin=F4_1/d-32/m
XrayDensity=2.478
Rphase=6.66%
UNIT=NM
A=1.04455+-0.00014
k1=0.0100000
B1=0.03359+-0.00031
GrainSize(1,1,1)=12.53+-0.12
GEWICHT=SPHAR4, MeanValue(GEWICHT)=0.154578
Atomic positions for phase spinel
---------------------------------------------
 16     0.6250  0.6250  0.6250     E=(LI(0.2000))
  8     0.5000  0.5000  0.5000     E=(LI(0.6000))
 16     0.1250  0.1250  0.1250     E=(LI(0.5000),MN(0.2500),CO(0.2500))
 32     0.8817  0.8817  0.8817     E=(CL(1.0000))
