Rietveld refinement to file(s) pattern.xy
BGMN version 4.2.23, 8282 measured points, 286 peaks, 41 parameters
Start: Thu Feb 26 14:50:28 2026; End: Thu Feb 26 14:50:33 2026
42 iteration steps

Rp=4.08%  Rpb=49.83%  R=5.45%  Rwp=5.41% Rexp=2.83%
Durbin-Watson d=0.58
1-rho=7.45%

Global parameters and GOALs
****************************
QLi6In212Cl1212icsd17638None=0.1886+-0.0087
Qspinel=0.8114+-0.0087
EPS2=-0.002270+-0.000022

Local parameters and GOALs for phase Li6In212Cl1212icsd17638None
******************************************************
SpacegroupNo=12
HermannMauguin=C12/m1
XrayDensity=2.743
Rphase=7.17%
UNIT=NM
A=0.645009+-0.000064
B=1.10649+-0.00011
C=0.64134+-0.00011
BETA=110.025+-0.014
k1=0.0100000
B1=0.00266+-0.00028
GrainSize(1,1,1)=158+-17
GEWICHT=SPHAR2, MeanValue(GEWICHT)=0.0160302
Atomic positions for phase Li6In212Cl1212icsd17638None
---------------------------------------------
  2     0.0000  0.5000  0.5000     E=(LI+1(1.0000))
  4     0.0000  0.1683  0.5000     E=(LI+1(1.0000))
  4     0.0000  0.3333  0.0000     E=(IN+3(0.5300))
  4     0.7550  0.0000  0.2338     E=(CL-1(1.0000))
  8     0.7579  0.1622  0.7601     E=(CL-1(1.0000))

Local parameters and GOALs for phase spinel
******************************************************
SpacegroupNo=227
HermannMauguin=F4_1/d-32/m
XrayDensity=2.609
Rphase=8.12%
UNIT=NM
A=1.045339+-0.000060
k1=0.0100000
B1=0.01473+-0.00025
GrainSize(1,1,1)=28.57+-0.49
GEWICHT=SPHAR4, MeanValue(GEWICHT)=0.0689443
Atomic positions for phase spinel
---------------------------------------------
 16     0.6250  0.6250  0.6250     E=(LI(0.1400))
  8     0.5000  0.5000  0.5000     E=(LI(0.4200))
 16     0.1250  0.1250  0.1250     E=(LI(0.3500),MG(0.1000),MN(0.2500),IN(0.1000),FE(0.1000),CU(0.0500))
 32     0.8817  0.8817  0.8817     E=(CL(1.0000))
