Rietveld refinement to file(s) pattern.xy
BGMN version 4.2.23, 8282 measured points, 145 peaks, 49 parameters
Start: Thu Feb 26 15:18:19 2026; End: Thu Feb 26 15:18:27 2026
111 iteration steps

Rp=2.80%  Rpb=44.87%  R=4.26%  Rwp=3.90% Rexp=1.93%
Durbin-Watson d=0.50
1-rho=6.97%

Global parameters and GOALs
****************************
Qspinel=0.9038+-0.0065
QLi366Fe217Cl865icsd73950None=0.0962+-0.0065
EPS2=-0.005147+-0.000025

Local parameters and GOALs for phase spinel
******************************************************
SpacegroupNo=227
HermannMauguin=F4_1/d-32/m
XrayDensity=2.537
Rphase=6.34%
UNIT=NM
A=1.03555+-0.00013
k1=0
B1=0.04279+-0.00073
GrainSize(1,1,1)=9.92+-0.17
GEWICHT=SPHAR4, MeanValue(GEWICHT)=0.131758
Atomic positions for phase spinel
---------------------------------------------
 16     0.6250  0.6250  0.6250     E=(LI(0.2000))
  8     0.5000  0.5000  0.5000     E=(LI(0.6000))
 16     0.1250  0.1250  0.1250     E=(LI(0.5000),FE(0.4000),NI(0.1000))
 32     0.8817  0.8817  0.8817     E=(CL(1.0000))

Local parameters and GOALs for phase Li366Fe217Cl865icsd73950None
******************************************************
SpacegroupNo=65
HermannMauguin=C2/m2/m2/m
XrayDensity=2.516
Rphase=5.71%
UNIT=NM
A=0.73413+-0.00010
B=1.04790+-0.00012
C=0.369028+-0.000047
k1=0.0100000
B1=0.00500000
GrainSize(1,1,1)=84.1811
GEWICHT=SPHAR4, MeanValue(GEWICHT)=0.0140265
Atomic positions for phase Li366Fe217Cl865icsd73950None
---------------------------------------------
  4     0.2500  0.2500  0.5000     E=(LI+1(0.9150),FE+2(0.0425))
  2     0.0000  0.0000  0.0000     E=(FE+2(1.0000))
  4     0.2345  0.0000  0.5000     E=(CL-1(1.0000))
  4     0.0000  0.7623  0.0000     E=(CL-1(1.0000))
