Rietveld refinement to file(s) pattern.xy
BGMN version 4.2.23, 8282 measured points, 426 peaks, 51 parameters
Start: Thu Feb 26 14:56:13 2026; End: Thu Feb 26 14:56:40 2026
233 iteration steps

Rp=5.78%  Rpb=24.66%  R=6.90%  Rwp=7.41% Rexp=3.35%
Durbin-Watson d=0.44
1-rho=2.42%

Global parameters and GOALs
****************************
QLi3ScCl612icsd50153None=0.1597+-0.0030
Qspinel=0.7484+-0.0031
QScCl3148icsd382350=0.09194+-0.00098
EPS2=-0.0006343+-0.0000095

Local parameters and GOALs for phase Li3ScCl612icsd50153None
******************************************************
SpacegroupNo=12
HermannMauguin=C12/m1
XrayDensity=2.307
Rphase=9.60%
UNIT=NM
A=0.639069+-0.000042
B=1.04880
C=0.635176+-0.000038
BETA=109.6913+-0.0050
k1=0.0100000
B1=0.00500000
GrainSize(1,1,1)=84.1811
GEWICHT=SPHAR2, MeanValue(GEWICHT)=0.0370978
Atomic positions for phase Li3ScCl612icsd50153None
---------------------------------------------
  4     0.0000  0.1690  0.5000     E=(LI+1(0.3650))
  4     0.0000  0.3347  0.0000     E=(LI+1(1.0000))
  2     0.0000  0.5000  0.5000     E=(LI+1(0.2700))
  2     0.0000  0.0000  0.0000     E=(SC+3(1.0000))
  4     0.2421  0.0000  0.7687     E=(CL-1(1.0000))
  8     0.7613  0.8391  0.7629     E=(CL-1(1.0000))

Local parameters and GOALs for phase spinel
******************************************************
SpacegroupNo=227
HermannMauguin=F4_1/d-32/m
XrayDensity=2.194
Rphase=10.20%
UNIT=NM
A=1.042041+-0.000021
k1=0.0100000
B1=0.01020+-0.00011
GrainSize(1,1,1)=41.26+-0.44
GEWICHT=SPHAR4, MeanValue(GEWICHT)=0.173833
Atomic positions for phase spinel
---------------------------------------------
 16     0.6250  0.6250  0.6250     E=(LI(0.1500))
  8     0.5000  0.5000  0.5000     E=(LI(0.4500))
 16     0.1250  0.1250  0.1250     E=(LI(0.3750),MG(0.2500),SC(0.2500))
 32     0.8817  0.8817  0.8817     E=(CL(1.0000))

Local parameters and GOALs for phase ScCl3148icsd382350
******************************************************
SpacegroupNo=148
HermannMauguin=R-3
XrayDensity=2.399
Rphase=12.55%
UNIT=NM
A=0.638383+-0.000086
C=1.780144+-0.000063
k1=0.0100000
B1=0.00500000
GrainSize(1,1,1)=84.1811
GEWICHT=SPHAR2, MeanValue(GEWICHT)=0.0213562
Atomic positions for phase ScCl3148icsd382350
---------------------------------------------
  6     0.0000  0.0000  0.3333     E=(SC+3(1.0000))
 18     0.3333  0.3333  0.2513     E=(CL-1(1.0000))
