Rietveld refinement to file(s) pattern.xy
BGMN version 4.2.23, 8282 measured points, 45 peaks, 29 parameters
Start: Thu Feb 26 14:55:02 2026; End: Thu Feb 26 14:55:03 2026
25 iteration steps

Rp=3.67%  Rpb=39.79%  R=5.64%  Rwp=5.06% Rexp=2.52%
Durbin-Watson d=0.53
1-rho=5.53%

Global parameters and GOALs
****************************
Qspinel=1.00000
EPS2=-0.004566+-0.000027

Local parameters and GOALs for phase spinel
******************************************************
SpacegroupNo=227
HermannMauguin=F4_1/d-32/m
XrayDensity=2.405
Rphase=7.00%
UNIT=NM
A=1.038287+-0.000067
k1=0.0100000
B1=0.02241+-0.00017
GrainSize(1,1,1)=18.78+-0.15
GEWICHT=SPHAR4, MeanValue(GEWICHT)=0.155764
Atomic positions for phase spinel
---------------------------------------------
 16     0.6250  0.6250  0.6250     E=(LI(0.1500))
  8     0.5000  0.5000  0.5000     E=(LI(0.4500))
 16     0.1250  0.1250  0.1250     E=(LI(0.3750),SC(0.2500),FE(0.2500))
 32     0.8817  0.8817  0.8817     E=(CL(1.0000))
