Rietveld refinement to file(s) pattern.xy
BGMN version 4.2.23, 8282 measured points, 281 peaks, 50 parameters
Start: Thu Feb 26 14:51:53 2026; End: Thu Feb 26 14:51:57 2026
43 iteration steps

Rp=4.95%  Rpb=31.71%  R=7.36%  Rwp=6.58% Rexp=2.98%
Durbin-Watson d=0.44
1-rho=3.34%

Global parameters and GOALs
****************************
QLi3ScCl612icsd50153None=0.4079+-0.0070
Qspinel=0.5921+-0.0070
EPS2=-0.001261+-0.000014

Local parameters and GOALs for phase Li3ScCl612icsd50153None
******************************************************
SpacegroupNo=12
HermannMauguin=C12/m1
XrayDensity=2.169
Rphase=9.27%
UNIT=NM
A=0.641893+-0.000051
B=1.110257+-0.000078
C=0.635716+-0.000038
BETA=109.7718+-0.0039
k1=0.0100000
B1=0.00500000
GrainSize(1,1,1)=84.1811
GEWICHT=SPHAR4, MeanValue(GEWICHT)=0.0707985
Atomic positions for phase Li3ScCl612icsd50153None
---------------------------------------------
  4     0.0000  0.1690  0.5000     E=(LI+1(0.3650))
  4     0.0000  0.3347  0.0000     E=(LI+1(1.0000))
  2     0.0000  0.5000  0.5000     E=(LI+1(0.2700))
  2     0.0000  0.0000  0.0000     E=(SC+3(1.0000))
  4     0.2421  0.0000  0.7687     E=(CL-1(1.0000))
  8     0.7613  0.8391  0.7629     E=(CL-1(1.0000))

Local parameters and GOALs for phase spinel
******************************************************
SpacegroupNo=227
HermannMauguin=F4_1/d-32/m
XrayDensity=2.336
Rphase=9.25%
UNIT=NM
A=1.044567+-0.000042
k1=0.0100000
B1=0.01209+-0.00021
GrainSize(1,1,1)=34.80+-0.60
GEWICHT=SPHAR4, MeanValue(GEWICHT)=0.102756
Atomic positions for phase spinel
---------------------------------------------
 16     0.6250  0.6250  0.6250     E=(LI(0.1400))
  8     0.5000  0.5000  0.5000     E=(LI(0.4200))
 16     0.1250  0.1250  0.1250     E=(LI(0.3500),SC(0.3000),MN(0.2000))
 32     0.8817  0.8817  0.8817     E=(CL(1.0000))
