Rietveld refinement to file(s) pattern.xy
BGMN version 4.2.23, 8282 measured points, 245 peaks, 52 parameters
Start: Thu Feb 26 14:48:38 2026; End: Thu Feb 26 14:48:58 2026
97 iteration steps

Rp=5.69%  Rpb=55.36%  R=7.48%  Rwp=7.70% Rexp=3.30%
Durbin-Watson d=0.40
1-rho=15.0%

Global parameters and GOALs
****************************
QLi2CrCl412icsd40303550=0.5010+-0.0052
QCrCl258icsd19294270=0.4990+-0.0052
EPS2=0.000232+-0.000021

Local parameters and GOALs for phase Li2CrCl412icsd40303550
******************************************************
SpacegroupNo=12
HermannMauguin=C12/m1
XrayDensity=2.394
Rphase=10.19%
UNIT=NM
A=0.744068+-0.000081
B=1.024482+-0.000079
C=0.379182+-0.000052
BETA=94.7383+-0.0070
k1=0.0100000
B1=0.00500000
GrainSize(1,1,1)=84.1811
GEWICHT=SPHAR4, MeanValue(GEWICHT)=0.0322888
Atomic positions for phase Li2CrCl412icsd40303550
---------------------------------------------
  4     0.2500  0.2500  0.5000     E=(LI+1(1.0000))
  2     0.0000  0.0000  0.0000     E=(CR+2(1.0000))
  4     0.7580  0.0000  0.5250     E=(CL-1(1.0000))
  4     0.0000  0.2340  0.0000     E=(CL-1(1.0000))

Local parameters and GOALs for phase CrCl258icsd19294270
******************************************************
SpacegroupNo=58
HermannMauguin=P2_1/n2_1/n2/m
XrayDensity=2.944
Rphase=6.68%
UNIT=NM
A=0.598048+-0.000060
B=0.664064+-0.000057
C=0.349053+-0.000035
k1=0.0100000
B1=0.00500000
GrainSize(1,1,1)=84.1811
GEWICHT=SPHAR4, MeanValue(GEWICHT)=0.0321572
Atomic positions for phase CrCl258icsd19294270
---------------------------------------------
  2     0.0000  0.0000  0.0000     E=(CR+2(1.0000))
  4     0.2739  0.3605  0.0000     E=(CL-1(1.0000))
