Rietveld refinement to file(s) pattern.xy
BGMN version 4.2.23, 8282 measured points, 95 peaks, 66 parameters
Start: Thu Feb 26 15:17:03 2026; End: Thu Feb 26 15:17:05 2026
25 iteration steps

Rp=3.94%  Rpb=36.99%  R=5.89%  Rwp=5.23% Rexp=2.66%
Durbin-Watson d=0.53
1-rho=4.14%

Global parameters and GOALs
****************************
QMnCl2166icsd337520=0.0912+-0.0028
Qspinel=0.7902+-0.0030
QLiCl225icsd269090=0.1186+-0.0016
EPS2=-0.0005508+-0.0000090

Local parameters and GOALs for phase MnCl2166icsd337520
******************************************************
SpacegroupNo=166
HermannMauguin=R-32/m
XrayDensity=2.986
Rphase=7.60%
UNIT=NM
A=0.371634+-0.000038
C=1.75530+-0.00023
k1=0.0100000
B1=0.00500000
GrainSize(1,1,1)=84.1811
GEWICHT=SPHAR4, MeanValue(GEWICHT)=0.0132201
Atomic positions for phase MnCl2166icsd337520
---------------------------------------------
  3     0.0000  0.0000  0.0000     E=(MN+2(1.0000))
  6     0.0000  0.0000  0.2545     E=(CL-1(1.0000))

Local parameters and GOALs for phase spinel
******************************************************
SpacegroupNo=227
HermannMauguin=F4_1/d-32/m
XrayDensity=2.404
Rphase=8.03%
UNIT=NM
A=1.050187+-0.000021
k1=0
B1=0.005740+-0.000085
GrainSize(1,1,1)=73.9+-1.1
GEWICHT=SPHAR4, MeanValue(GEWICHT)=0.114573
Atomic positions for phase spinel
---------------------------------------------
 16     0.6250  0.6250  0.6250     E=(LI(0.1900))
  8     0.5000  0.5000  0.5000     E=(LI(0.5700))
 16     0.1250  0.1250  0.1250     E=(LI(0.4750),MN(0.4500),CR(0.0500))
 32     0.8817  0.8817  0.8817     E=(CL(1.0000))

Local parameters and GOALs for phase LiCl225icsd269090
******************************************************
SpacegroupNo=225
HermannMauguin=F4/m-32/m
XrayDensity=2.063
Rphase=6.90%
UNIT=NM
A=0.514894+-0.000023
k1=0.0100000
B1=0.00500000
GrainSize(1,1,1)=84.1811
GEWICHT=SPHAR4, MeanValue(GEWICHT)=0.0171944
Atomic positions for phase LiCl225icsd269090
---------------------------------------------
  4     0.0000  0.0000  0.0000     E=(LI+1(1.0000))
  4     0.5000  0.5000  0.5000     E=(CL-1(1.0000))
