Rietveld refinement to file(s) pattern.xy
BGMN version 4.2.23, 8282 measured points, 84 peaks, 48 parameters
Start: Thu Feb 26 15:15:02 2026; End: Thu Feb 26 15:15:06 2026
47 iteration steps

Rp=2.93%  Rpb=39.23%  R=3.85%  Rwp=3.85% Rexp=2.37%
Durbin-Watson d=0.76
1-rho=4.39%

Global parameters and GOALs
****************************
QFeCl2166icsd278100=0.0643+-0.0018
Qspinel=0.9357+-0.0018
EPS2=-0.002704+-0.000020

Local parameters and GOALs for phase FeCl2166icsd278100
******************************************************
SpacegroupNo=166
HermannMauguin=R-32/m
XrayDensity=3.122
Rphase=6.38%
UNIT=NM
A=0.364187+-0.000037
C=1.76067+-0.00035
k1=0.0100000
B1=0.00500000
GrainSize(1,1,1)=84.1811
GEWICHT=SPHAR4, MeanValue(GEWICHT)=0.00856073
Atomic positions for phase FeCl2166icsd278100
---------------------------------------------
  3     0.0000  0.0000  0.0000     E=(FE+2(1.0000))
  6     0.0000  0.0000  0.2500     E=(CL-1(1.0000))

Local parameters and GOALs for phase spinel
******************************************************
SpacegroupNo=227
HermannMauguin=F4_1/d-32/m
XrayDensity=2.474
Rphase=4.83%
UNIT=NM
A=1.041454+-0.000050
k1=0
B1=0.01663+-0.00014
GrainSize(1,1,1)=25.52+-0.21
GEWICHT=SPHAR4, MeanValue(GEWICHT)=0.124511
Atomic positions for phase spinel
---------------------------------------------
  8     0.5000  0.5000  0.5000     E=(LI(0.5400))
 16     0.6250  0.6250  0.6250     E=(LI(0.1800))
 16     0.1250  0.1250  0.1250     E=(LI(0.4500),MG(0.0500),ZR(0.0500),MN(0.1000),FE(0.3000))
 32     0.8817  0.8817  0.8817     E=(CL(1.0000))
