Rietveld refinement to file(s) pattern.xy
BGMN version 4.2.23, 8282 measured points, 310 peaks, 49 parameters
Start: Thu Feb 26 14:53:57 2026; End: Thu Feb 26 14:54:06 2026
59 iteration steps

Rp=4.06%  Rpb=64.24%  R=6.91%  Rwp=5.97% Rexp=2.03%
Durbin-Watson d=0.27
1-rho=17.1%

Global parameters and GOALs
****************************
QLi3YCl6164icsd29964None=0.7763+-0.0067
QCoCl2166icsd443980=0.2237+-0.0067
EPS2=-0.000377+-0.000022

Local parameters and GOALs for phase Li3YCl6164icsd29964None
******************************************************
SpacegroupNo=164
HermannMauguin=P-32/m1
XrayDensity=2.441
Rphase=10.98%
UNIT=NM
A=1.121509+-0.000081
C=0.604089+-0.000061
k1=0.0100000
B1=0.00500000
GrainSize(1,1,1)=84.1811
GEWICHT=SPHAR4, MeanValue(GEWICHT)=0.0608087
Atomic positions for phase Li3YCl6164icsd29964None
---------------------------------------------
  6     0.3206  0.0000  0.5000     E=(LI+1(0.6800))
  6     0.3404  0.0000  0.0000     E=(LI+1(0.8200))
  1     0.0000  0.0000  0.0000     E=(Y+3(1.0000))
  2     0.3333  0.6667  0.0102     E=(Y+3(0.2288))
  2     0.3333  0.6667  0.5044     E=(Y+3(0.7712))
  6     0.8866 -0.8866  0.2363     E=(CL-1(1.0000))
  6     0.7793 -0.7793  0.7314     E=(CL-1(1.0000))
  6     0.5533 -0.5533  0.2497     E=(CL-1(1.0000))

Local parameters and GOALs for phase CoCl2166icsd443980
******************************************************
SpacegroupNo=166
HermannMauguin=R-32/m
XrayDensity=3.426
Rphase=7.15%
UNIT=NM
A=0.356006+-0.000034
C=1.72001+-0.00029
k1=0.0100000
B1=0.00500000
GrainSize(1,1,1)=84.1811
GEWICHT=SPHAR4, MeanValue(GEWICHT)=0.0175231
Atomic positions for phase CoCl2166icsd443980
---------------------------------------------
  3     0.0000  0.0000  0.0000     E=(CO+2(1.0000))
  6     0.0000  0.0000  0.2558     E=(CL-1(1.0000))
