Rietveld refinement to file(s) pattern.xy
BGMN version 4.2.23, 8282 measured points, 311 peaks, 41 parameters
Start: Thu Feb 26 15:09:06 2026; End: Thu Feb 26 15:09:08 2026
22 iteration steps

Rp=3.07%  Rpb=55.55%  R=4.48%  Rwp=4.22% Rexp=2.25%
Durbin-Watson d=0.59
1-rho=9.52%

Global parameters and GOALs
****************************
Qspinel=1.00000
QCoCl2166icsd443980=0
QLi602Sc2Cl1212icsd18229None=0
EPS2=-0.002276+-0.000035

Local parameters and GOALs for phase spinel
******************************************************
SpacegroupNo=227
HermannMauguin=F4_1/d-32/m
XrayDensity=2.569
Rphase=8.33%
UNIT=NM
A=1.030335+-0.000092
k1=0.0100000
B1=0.02022+-0.00022
GrainSize(1,1,1)=20.81+-0.23
GEWICHT=SPHAR4, MeanValue(GEWICHT)=0.0987248
Atomic positions for phase spinel
---------------------------------------------
 16     0.6250  0.6250  0.6250     E=(LI(0.2000))
  8     0.5000  0.5000  0.5000     E=(LI(0.6000))
 16     0.1250  0.1250  0.1250     E=(LI(0.5000),FE(0.5000))
 32     0.8817  0.8817  0.8817     E=(CL(1.0000))

Local parameters and GOALs for phase CoCl2166icsd443980
******************************************************
SpacegroupNo=166
HermannMauguin=R-32/m
XrayDensity=3.426
Rphase=100.00%
UNIT=NM
A=UNDEF
C=UNDEF
k1=UNDEF
B1=UNDEF
GrainSize(1,1,1)=UNDEF
GEWICHT=0.0
Atomic positions for phase CoCl2166icsd443980
---------------------------------------------
  3     0.0000  0.0000  0.0000     E=(CO+2(1.0000))
  6     0.0000  0.0000  0.2558     E=(CL-1(1.0000))

Local parameters and GOALs for phase Li602Sc2Cl1212icsd18229None
******************************************************
SpacegroupNo=12
HermannMauguin=C12/m1
XrayDensity=2.281
Rphase=100.00%
UNIT=NM
A=UNDEF
B=UNDEF
C=UNDEF
BETA=UNDEF
k1=UNDEF
B1=UNDEF
GrainSize(1,1,1)=UNDEF
GEWICHT=0.0
Atomic positions for phase Li602Sc2Cl1212icsd18229None
---------------------------------------------
  4     0.0000  0.3264  0.0000     E=(LI+1(1.0000))
  2     0.0000  0.5000  0.5000     E=(LI+1(0.2700))
  4     0.0000  0.1715  0.5000     E=(LI+1(0.3700))
  2     0.0000  0.0000  0.0000     E=(SC+3(1.0000))
  8     0.2607  0.3391  0.7635     E=(CL-1(1.0000))
  4     0.2410  0.0000  0.7676     E=(CL-1(1.0000))
