Rietveld refinement to file(s) pattern.xy
BGMN version 4.2.23, 8282 measured points, 45 peaks, 29 parameters
Start: Thu Feb 26 15:02:07 2026; End: Thu Feb 26 15:02:08 2026
25 iteration steps

Rp=3.28%  Rpb=37.74%  R=4.72%  Rwp=4.14% Rexp=2.56%
Durbin-Watson d=0.79
1-rho=3.04%

Global parameters and GOALs
****************************
Qspinel=1.00000
EPS2=-0.0002296+-0.0000085

Local parameters and GOALs for phase spinel
******************************************************
SpacegroupNo=227
HermannMauguin=F4_1/d-32/m
XrayDensity=2.476
Rphase=5.99%
UNIT=NM
A=1.046007+-0.000020
k1=0.0100000
B1=0.007083+-0.000070
GrainSize(1,1,1)=59.42+-0.59
GEWICHT=SPHAR4, MeanValue(GEWICHT)=0.127123
Atomic positions for phase spinel
---------------------------------------------
 16     0.6250  0.6250  0.6250     E=(LI(0.1650))
  8     0.5000  0.5000  0.5000     E=(LI(0.4950))
 16     0.1250  0.1250  0.1250     E=(LI(0.4125),MN(0.3500),V(0.0750),FE(0.1250))
 32     0.8817  0.8817  0.8817     E=(CL(1.0000))
