Rietveld refinement to file(s) pattern.xy
BGMN version 4.2.23, 8282 measured points, 45 peaks, 29 parameters
Start: Thu Feb 26 15:02:13 2026; End: Thu Feb 26 15:02:14 2026
28 iteration steps

Rp=5.02%  Rpb=51.78%  R=8.77%  Rwp=7.41% Rexp=2.83%
Durbin-Watson d=0.30
1-rho=11.0%

Global parameters and GOALs
****************************
Qspinel=1.00000
EPS2=-0.001730+-0.000033

Local parameters and GOALs for phase spinel
******************************************************
SpacegroupNo=227
HermannMauguin=F4_1/d-32/m
XrayDensity=2.560
Rphase=13.56%
UNIT=NM
A=1.051115+-0.000087
k1=0
B1=0.02022+-0.00024
GrainSize(1,1,1)=20.99+-0.25
GEWICHT=SPHAR4, MeanValue(GEWICHT)=0.110496
Atomic positions for phase spinel
---------------------------------------------
 16     0.6250  0.6250  0.6250     E=(LI(0.1650))
  8     0.5000  0.5000  0.5000     E=(LI(0.4950))
 16     0.1250  0.1250  0.1250     E=(LI(0.4125),TA(0.0500),MN(0.4250),IN(0.0250))
 32     0.8817  0.8817  0.8817     E=(CL(1.0000))
