Rietveld refinement to file(s) pattern.xy
BGMN version 4.2.23, 8282 measured points, 93 peaks, 33 parameters
Start: Thu Feb 26 15:17:36 2026; End: Thu Feb 26 15:17:38 2026
29 iteration steps

Rp=2.68%  Rpb=71.72%  R=3.49%  Rwp=3.33% Rexp=2.38%
Durbin-Watson d=1.07
1-rho=20.0%

Global parameters and GOALs
****************************
Qspinel=1.00000
QLi6CoCl8225icsd20240131=0
EPS2=-0.003833+-0.000070

Local parameters and GOALs for phase spinel
******************************************************
SpacegroupNo=227
HermannMauguin=F4_1/d-32/m
XrayDensity=2.639
Rphase=3.77%
UNIT=NM
A=1.02704+-0.00018
k1=0.0100000
B1=0.02426+-0.00043
GrainSize(1,1,1)=17.35+-0.31
GEWICHT=SPHAR4, MeanValue(GEWICHT)=0.0414268
Atomic positions for phase spinel
---------------------------------------------
 16     0.6250  0.6250  0.6250     E=(LI(0.2000))
  8     0.5000  0.5000  0.5000     E=(LI(0.6000))
 16     0.1250  0.1250  0.1250     E=(LI(0.5000),ZN(0.0500),CO(0.4500))
 32     0.8817  0.8817  0.8817     E=(CL(1.0000))

Local parameters and GOALs for phase Li6CoCl8225icsd20240131
******************************************************
SpacegroupNo=225
HermannMauguin=F4/m-32/m
XrayDensity=2.360
Rphase=100.00%
UNIT=NM
A=UNDEF
k1=UNDEF
B1=UNDEF
GrainSize(1,1,1)=UNDEF
GEWICHT=0.0
Atomic positions for phase Li6CoCl8225icsd20240131
---------------------------------------------
 24     0.0000  0.2500  0.2500     E=(LI+1(1.0000))
  4     0.0000  0.0000  0.0000     E=(CO+2(1.0000))
  8     0.2500  0.2500  0.2500     E=(CL-1(1.0000))
 24     0.2430  0.0000  0.0000     E=(CL-1(1.0000))
