Rietveld refinement to file(s) pattern.xy
BGMN version 4.2.23, 8282 measured points, 45 peaks, 29 parameters
Start: Thu Feb 26 16:59:04 2026; End: Thu Feb 26 16:59:05 2026
21 iteration steps

Rp=3.70%  Rpb=64.97%  R=6.12%  Rwp=5.58% Rexp=2.64%
Durbin-Watson d=0.47
1-rho=16.4%

Global parameters and GOALs
****************************
Qspinel=1.00000
EPS2=-0.000298+-0.000045

Local parameters and GOALs for phase spinel
******************************************************
SpacegroupNo=227
HermannMauguin=F4_1/d-32/m
XrayDensity=2.687
Rphase=10.81%
UNIT=NM
A=1.03787+-0.00011
k1=0.0100000
B1=0.01947+-0.00031
GrainSize(1,1,1)=21.62+-0.34
GEWICHT=SPHAR4, MeanValue(GEWICHT)=0.0637311
Atomic positions for phase spinel
---------------------------------------------
 16     0.6250  0.6250  0.6250     E=(LI(0.1900))
  8     0.5000  0.5000  0.5000     E=(LI(0.5700))
 16     0.1250  0.1250  0.1250     E=(LI(0.4750),FE(0.4500),BI(0.0500))
 32     0.8817  0.8817  0.8817     E=(CL(1.0000))
