Rietveld refinement to file(s) pattern.xy
BGMN version 4.2.23, 8282 measured points, 45 peaks, 29 parameters
Start: Thu Feb 26 16:58:04 2026; End: Thu Feb 26 16:58:06 2026
34 iteration steps

Rp=9.03%  Rpb=49.69%  R=15.50%  Rwp=13.19% Rexp=3.25%
Durbin-Watson d=0.13
1-rho=12.2%

Global parameters and GOALs
****************************
Qspinel=1.00000
EPS2=-0.002654+-0.000037

Local parameters and GOALs for phase spinel
******************************************************
SpacegroupNo=227
HermannMauguin=F4_1/d-32/m
XrayDensity=2.237
Rphase=19.51%
UNIT=NM
A=1.041645+-0.000081
k1=0.0100000
B1=0.02048+-0.00026
GrainSize(1,1,1)=20.55+-0.26
GEWICHT=SPHAR4, MeanValue(GEWICHT)=0.175400
Atomic positions for phase spinel
---------------------------------------------
 16     0.6250  0.6250  0.6250     E=(LI(0.1500))
  8     0.5000  0.5000  0.5000     E=(LI(0.4500))
 16     0.1250  0.1250  0.1250     E=(LI(0.3750),MG(0.2500),CR(0.2500))
 32     0.8817  0.8817  0.8817     E=(CL(1.0000))
