Rietveld refinement to file(s) pattern.xy
BGMN version 4.2.23, 8282 measured points, 404 peaks, 71 parameters
Start: Thu Feb 26 14:55:34 2026; End: Thu Feb 26 14:55:38 2026
29 iteration steps

Rp=3.82%  Rpb=38.65%  R=5.85%  Rwp=5.11% Rexp=2.22%
Durbin-Watson d=0.44
1-rho=6.49%

Global parameters and GOALs
****************************
QFeCl2166icsd278100=0.0687+-0.0021
Qspinel=0.3050+-0.0040
QLi3YCl6164icsd29968None=0.6168+-0.0035
QLi6FeCl8225icsd7321731=0.0095+-0.0024
EPS2=-0.002190+-0.000012

Local parameters and GOALs for phase FeCl2166icsd278100
******************************************************
SpacegroupNo=166
HermannMauguin=R-32/m
XrayDensity=3.190
Rphase=5.01%
UNIT=NM
A=0.360783+-0.000044
C=1.75601+-0.00028
k1=0.0100000
B1=0.00500000
GrainSize(1,1,1)=84.1811
GEWICHT=SPHAR4, MeanValue(GEWICHT)=0.0114036
Atomic positions for phase FeCl2166icsd278100
---------------------------------------------
  3     0.0000  0.0000  0.0000     E=(FE+2(1.0000))
  6     0.0000  0.0000  0.2500     E=(CL-1(1.0000))

Local parameters and GOALs for phase spinel
******************************************************
SpacegroupNo=227
HermannMauguin=F4_1/d-32/m
XrayDensity=2.677
Rphase=5.83%
UNIT=NM
A=1.036807+-0.000075
k1=0
B1=0.01778+-0.00055
GrainSize(1,1,1)=23.87+-0.73
GEWICHT=SPHAR4, MeanValue(GEWICHT)=0.0506149
Atomic positions for phase spinel
---------------------------------------------
 16     0.6250  0.6250  0.6250     E=(LI(0.1500))
  8     0.5000  0.5000  0.5000     E=(LI(0.4500))
 16     0.1250  0.1250  0.1250     E=(LI(0.3750),Y(0.2500),FE(0.2500))
 32     0.8817  0.8817  0.8817     E=(CL(1.0000))

Local parameters and GOALs for phase Li3YCl6164icsd29968None
******************************************************
SpacegroupNo=164
HermannMauguin=P-32/m1
XrayDensity=2.449
Rphase=7.14%
UNIT=NM
A=1.120223+-0.000040
C=0.603529+-0.000027
k1=0.0100000
B1=0.00500000
GrainSize(1,1,1)=84.1811
GEWICHT=SPHAR4, MeanValue(GEWICHT)=0.102344
Atomic positions for phase Li3YCl6164icsd29968None
---------------------------------------------
  6     0.3422  0.0000  0.0000     E=(LI+1(0.6707))
  6     0.3237  0.0000  0.5000     E=(LI+1(0.8293))
  1     0.0000  0.0000  0.0000     E=(Y+3(1.0000))
  2     0.3333  0.6667  0.0026     E=(Y+3(0.4341))
  2     0.3333  0.6667  0.5026     E=(Y+3(0.5659))
  6     0.8870 -0.8870  0.2352     E=(CL-1(1.0000))
  6     0.7796 -0.7796  0.7386     E=(CL-1(1.0000))
  6     0.5535 -0.5535  0.2478     E=(CL-1(1.0000))

Local parameters and GOALs for phase Li6FeCl8225icsd7321731
******************************************************
SpacegroupNo=225
HermannMauguin=F4/m-32/m
XrayDensity=2.264
Rphase=5.37%
UNIT=NM
A=1.03790+-0.00016
k1=UNDEF
B1=0
GrainSize(1,1,1)=ERROR
GEWICHT=0.00157+-0.00039
Atomic positions for phase Li6FeCl8225icsd7321731
---------------------------------------------
 24     0.0000  0.2500  0.2500     E=(LI+1(1.0000))
  4     0.0000  0.0000  0.0000     E=(FE+2(1.0000))
  8     0.2500  0.2500  0.2500     E=(CL-1(1.0000))
 24     0.2410  0.0000  0.0000     E=(CL-1(1.0000))
