Rietveld refinement to file(s) pattern.xy
BGMN version 4.2.23, 8282 measured points, 45 peaks, 29 parameters
Start: Thu Feb 26 14:47:48 2026; End: Thu Feb 26 14:47:49 2026
24 iteration steps

Rp=2.58%  Rpb=53.99%  R=3.42%  Rwp=3.32% Rexp=2.10%
Durbin-Watson d=0.84
1-rho=9.28%

Global parameters and GOALs
****************************
Qspinel=1.00000
EPS2=-0.003279+-0.000039

Local parameters and GOALs for phase spinel
******************************************************
SpacegroupNo=227
HermannMauguin=F4_1/d-32/m
XrayDensity=2.681
Rphase=4.70%
UNIT=NM
A=1.03953+-0.00011
k1=0
B1=0.02618+-0.00028
GrainSize(1,1,1)=16.21+-0.17
GEWICHT=SPHAR4, MeanValue(GEWICHT)=0.0892904
Atomic positions for phase spinel
---------------------------------------------
  8     0.5000  0.5000  0.5000     E=(LI(0.3900))
 16     0.6250  0.6250  0.6250     E=(LI(0.1300))
 16     0.1250  0.1250  0.1250     E=(LI(0.3250),ZR(0.1000),TA(0.0500),MN(0.1000),FE(0.1500),CO(0.1000))
 32     0.8817  0.8817  0.8817     E=(CL(1.0000))
