Rietveld refinement to file(s) pattern.xy
BGMN version 4.2.23, 8282 measured points, 54 peaks, 47 parameters
Start: Thu Feb 26 15:02:15 2026; End: Thu Feb 26 15:02:17 2026
26 iteration steps

Rp=4.40%  Rpb=39.47%  R=7.66%  Rwp=6.27% Rexp=2.60%
Durbin-Watson d=0.36
1-rho=5.70%

Global parameters and GOALs
****************************
Qspinel=0.8564+-0.0019
QLiCl225icsd269090=0.1436+-0.0019
EPS2=-0.001367+-0.000019

Local parameters and GOALs for phase spinel
******************************************************
SpacegroupNo=227
HermannMauguin=F4_1/d-32/m
XrayDensity=2.479
Rphase=9.32%
UNIT=NM
A=1.048608+-0.000050
k1=0
B1=0.01595+-0.00016
GrainSize(1,1,1)=26.61+-0.27
GEWICHT=SPHAR4, MeanValue(GEWICHT)=0.142276
Atomic positions for phase spinel
---------------------------------------------
 16     0.6250  0.6250  0.6250     E=(LI(0.1650))
  8     0.5000  0.5000  0.5000     E=(LI(0.4950))
 16     0.1250  0.1250  0.1250     E=(LI(0.4125),HF(0.0150),MN(0.4450),V(0.0750))
 32     0.8817  0.8817  0.8817     E=(CL(1.0000))

Local parameters and GOALs for phase LiCl225icsd269090
******************************************************
SpacegroupNo=225
HermannMauguin=F4/m-32/m
XrayDensity=2.059
Rphase=10.74%
UNIT=NM
A=0.515164+-0.000028
k1=0.0100000
B1=0.00500000
GrainSize(1,1,1)=84.1811
GEWICHT=SPHAR4, MeanValue(GEWICHT)=0.0238640
Atomic positions for phase LiCl225icsd269090
---------------------------------------------
  4     0.0000  0.0000  0.0000     E=(LI+1(1.0000))
  4     0.5000  0.5000  0.5000     E=(CL-1(1.0000))
