Rietveld refinement to file(s) pattern.xy
BGMN version 4.2.23, 8282 measured points, 313 peaks, 48 parameters
Start: Thu Feb 26 14:58:58 2026; End: Thu Feb 26 14:59:26 2026
247 iteration steps

Rp=5.16%  Rpb=66.87%  R=6.49%  Rwp=6.65% Rexp=3.31%
Durbin-Watson d=0.58
1-rho=21.7%

Global parameters and GOALs
****************************
QLi3YCl6164icsd29966None=0.3899+-0.0071
Qspinel=0.6101+-0.0071
EPS2=0.000193+-0.000031

Local parameters and GOALs for phase Li3YCl6164icsd29966None
******************************************************
SpacegroupNo=164
HermannMauguin=P-32/m1
XrayDensity=2.459
Rphase=11.04%
UNIT=NM
A=1.119933+-0.000100
C=0.601289+-0.000087
k1=0.0100000
B1=0.00500000
GrainSize(1,1,1)=84.1811
GEWICHT=SPHAR4, MeanValue(GEWICHT)=0.0163792
Atomic positions for phase Li3YCl6164icsd29966None
---------------------------------------------
  6     0.3410  0.0000  0.0000     E=(LI+1(0.6200))
  6     0.3253  0.0000  0.5000     E=(LI+1(0.8800))
  1     0.0000  0.0000  0.0000     E=(Y+3(1.0000))
  2     0.3333  0.6667  0.0010     E=(Y+3(0.4341))
  2     0.3333  0.6667  0.5015     E=(Y+3(0.5659))
  6     0.8865 -0.8865  0.2353     E=(CL-1(1.0000))
  6     0.7800 -0.7800  0.7415     E=(CL-1(1.0000))
  6     0.5530 -0.5530  0.2495     E=(CL-1(1.0000))

Local parameters and GOALs for phase spinel
******************************************************
SpacegroupNo=227
HermannMauguin=F4_1/d-32/m
XrayDensity=2.568
Rphase=7.28%
UNIT=NM
A=1.05055+-0.00011
k1=0
B1=0.01926+-0.00058
GrainSize(1,1,1)=22.04+-0.67
GEWICHT=SPHAR4, MeanValue(GEWICHT)=0.0256276
Atomic positions for phase spinel
---------------------------------------------
 16     0.6250  0.6250  0.6250     E=(LI(0.1500))
  8     0.5000  0.5000  0.5000     E=(LI(0.4500))
 16     0.1250  0.1250  0.1250     E=(LI(0.3750),Y(0.2500),MN(0.2500))
 32     0.8817  0.8817  0.8817     E=(CL(1.0000))
