Rietveld refinement to file(s) pattern.xy
BGMN version 4.2.23, 8282 measured points, 90 peaks, 47 parameters
Start: Thu Feb 26 14:58:39 2026; End: Thu Feb 26 14:58:41 2026
29 iteration steps

Rp=4.72%  Rpb=39.30%  R=7.32%  Rwp=6.95% Rexp=3.08%
Durbin-Watson d=0.42
1-rho=7.05%

Global parameters and GOALs
****************************
QLi128Mn96Cl32227icsd74872None=0.2286+-0.0050
Qspinel=0.7714+-0.0050
EPS2=-0.003662+-0.000023

Local parameters and GOALs for phase Li128Mn96Cl32227icsd74872None
******************************************************
SpacegroupNo=227
HermannMauguin=F4_1/d-32/m
XrayDensity=2.551
Rphase=6.16%
UNIT=NM
A=1.044441+-0.000055
k1=0.0100000
B1=0.00500000
GrainSize(1,1,1)=84.1811
GEWICHT=SPHAR4, MeanValue(GEWICHT)=0.0295131
Atomic positions for phase Li128Mn96Cl32227icsd74872None
---------------------------------------------
  8     0.5000  0.5000  0.5000     E=(LI+1(0.8000))
 16     0.1250  0.1250  0.1250     E=(LI+1(0.4000),MN+2(0.6000))
 32     0.8820  0.8820  0.8820     E=(CL-1(1.0000))

Local parameters and GOALs for phase spinel
******************************************************
SpacegroupNo=227
HermannMauguin=F4_1/d-32/m
XrayDensity=2.363
Rphase=11.25%
UNIT=NM
A=1.048681+-0.000100
k1=0.0100000
B1=0.03191+-0.00043
GrainSize(1,1,1)=13.19+-0.18
GEWICHT=SPHAR4, MeanValue(GEWICHT)=0.0995677
Atomic positions for phase spinel
---------------------------------------------
 16     0.6250  0.6250  0.6250     E=(LI(0.1500))
  8     0.5000  0.5000  0.5000     E=(LI(0.4500))
 16     0.1250  0.1250  0.1250     E=(LI(0.3750),MN(0.2500),V(0.2500))
 32     0.8817  0.8817  0.8817     E=(CL(1.0000))
