Rietveld refinement to file(s) pattern.xy
BGMN version 4.2.23, 8282 measured points, 315 peaks, 48 parameters
Start: Thu Feb 26 15:00:31 2026; End: Thu Feb 26 15:00:35 2026
31 iteration steps

Rp=4.20%  Rpb=41.31%  R=6.30%  Rwp=5.65% Rexp=2.76%
Durbin-Watson d=0.53
1-rho=5.70%

Global parameters and GOALs
****************************
QLi3YCl6164icsd29967None=0.2304+-0.0032
Qspinel=0.7696+-0.0032
EPS2=0.000289+-0.000013

Local parameters and GOALs for phase Li3YCl6164icsd29967None
******************************************************
SpacegroupNo=164
HermannMauguin=P-32/m1
XrayDensity=2.460
Rphase=7.47%
UNIT=NM
A=1.119063+-0.000069
C=0.601975+-0.000058
k1=0.0100000
B1=0.00500000
GrainSize(1,1,1)=84.1811
GEWICHT=SPHAR4, MeanValue(GEWICHT)=0.0272188
Atomic positions for phase Li3YCl6164icsd29967None
---------------------------------------------
  6     0.3423  0.0000  0.0000     E=(LI+1(0.6997))
  6     0.3241  0.0000  0.5000     E=(LI+1(0.8003))
  1     0.0000  0.0000  0.0000     E=(Y+3(1.0000))
  2     0.3333  0.6667  0.9974     E=(Y+3(0.4341))
  2     0.3333  0.6667  0.5028     E=(Y+3(0.5659))
  6     0.8866 -0.8866  0.2353     E=(CL-1(1.0000))
  6     0.7798 -0.7798  0.7405     E=(CL-1(1.0000))
  6     0.5533 -0.5533  0.2486     E=(CL-1(1.0000))

Local parameters and GOALs for phase spinel
******************************************************
SpacegroupNo=227
HermannMauguin=F4_1/d-32/m
XrayDensity=2.587
Rphase=8.56%
UNIT=NM
A=1.051689+-0.000034
k1=0.0100000
B1=0.00944+-0.00012
GrainSize(1,1,1)=44.57+-0.57
GEWICHT=SPHAR4, MeanValue(GEWICHT)=0.0909074
Atomic positions for phase spinel
---------------------------------------------
 16     0.6250  0.6250  0.6250     E=(LI(0.1500))
  8     0.5000  0.5000  0.5000     E=(LI(0.4500))
 16     0.1250  0.1250  0.1250     E=(LI(0.3750),Y(0.1000),TA(0.0500),MN(0.3500))
 32     0.8817  0.8817  0.8817     E=(CL(1.0000))
