Rietveld refinement to file(s) pattern.xy
BGMN version 4.2.23, 8282 measured points, 45 peaks, 29 parameters
Start: Thu Feb 26 15:18:36 2026; End: Thu Feb 26 15:18:37 2026
17 iteration steps

Rp=3.00%  Rpb=36.09%  R=4.14%  Rwp=3.81% Rexp=2.31%
Durbin-Watson d=0.75
1-rho=3.09%

Global parameters and GOALs
****************************
Qspinel=1.00000
EPS2=-0.003506+-0.000013

Local parameters and GOALs for phase spinel
******************************************************
SpacegroupNo=227
HermannMauguin=F4_1/d-32/m
XrayDensity=2.458
Rphase=4.56%
UNIT=NM
A=1.044838+-0.000032
k1=0.0100000
B1=0.012074+-0.000091
GrainSize(1,1,1)=34.86+-0.26
GEWICHT=SPHAR4, MeanValue(GEWICHT)=0.158927
Atomic positions for phase spinel
---------------------------------------------
 16     0.6250  0.6250  0.6250     E=(LI(0.2000))
  8     0.5000  0.5000  0.5000     E=(LI(0.6000))
 16     0.1250  0.1250  0.1250     E=(LI(0.5000),MN(0.2500),FE(0.2500))
 32     0.8817  0.8817  0.8817     E=(CL(1.0000))
