Rietveld refinement to file(s) pattern.xy
BGMN version 4.2.23, 8282 measured points, 45 peaks, 29 parameters
Start: Thu Feb 26 15:16:33 2026; End: Thu Feb 26 15:16:34 2026
27 iteration steps

Rp=2.15%  Rpb=52.07%  R=3.57%  Rwp=3.13% Rexp=1.55%
Durbin-Watson d=0.51
1-rho=8.00%

Global parameters and GOALs
****************************
Qspinel=1.00000
EPS2=-0.002541+-0.000031

Local parameters and GOALs for phase spinel
******************************************************
SpacegroupNo=227
HermannMauguin=F4_1/d-32/m
XrayDensity=2.673
Rphase=6.59%
UNIT=NM
A=1.025387+-0.000081
k1=0.0100000
B1=0.01972+-0.00020
GrainSize(1,1,1)=21.34+-0.22
GEWICHT=SPHAR4, MeanValue(GEWICHT)=0.165852
Atomic positions for phase spinel
---------------------------------------------
 16     0.6250  0.6250  0.6250     E=(LI(0.1900))
  8     0.5000  0.5000  0.5000     E=(LI(0.5700))
 16     0.1250  0.1250  0.1250     E=(LI(0.4750),Y(0.0500),CO(0.4500))
 32     0.8817  0.8817  0.8817     E=(CL(1.0000))
