Rietveld refinement to file(s) pattern.xy
BGMN version 4.2.23, 8282 measured points, 628 peaks, 70 parameters
Start: Thu Feb 26 15:06:44 2026; End: Thu Feb 26 15:07:06 2026
130 iteration steps

Rp=4.70%  Rpb=45.21%  R=5.79%  Rwp=6.42% Rexp=3.11%
Durbin-Watson d=0.56
1-rho=12.4%

Global parameters and GOALs
****************************
Qspinel=0.7870+-0.0051
QMgCl2166icsd261570=0.0453+-0.0030
QLi3YCl6=0.0663+-0.0039
QYCl3=0.1014+-0.0020
EPS2=-0.002208+-0.000038

Local parameters and GOALs for phase spinel
******************************************************
SpacegroupNo=227
HermannMauguin=F4_1/d-32/m
XrayDensity=2.373
Rphase=10.03%
UNIT=NM
A=1.043649+-0.000098
k1=0.0100000
B1=0.03111+-0.00043
GrainSize(1,1,1)=13.53+-0.18
GEWICHT=SPHAR4, MeanValue(GEWICHT)=0.0776697
Atomic positions for phase spinel
---------------------------------------------
 16     0.6250  0.6250  0.6250     E=(LI(0.1600))
  8     0.5000  0.5000  0.5000     E=(LI(0.4800))
 16     0.1250  0.1250  0.1250     E=(LI(0.4000),Y(0.2000),MG(0.3000))
 32     0.8817  0.8817  0.8817     E=(CL(1.0000))

Local parameters and GOALs for phase MgCl2166icsd261570
******************************************************
SpacegroupNo=166
HermannMauguin=R-32/m
XrayDensity=2.286
Rphase=6.88%
UNIT=NM
A=0.37014+-0.00012
C=1.74876+-0.00062
k1=0.0100000
B1=0.00500000
GrainSize(1,1,1)=84.1811
GEWICHT=SPHAR2, MeanValue(GEWICHT)=0.00446899
Atomic positions for phase MgCl2166icsd261570
---------------------------------------------
  3     0.0000  0.0000  0.0000     E=(MG+2(1.0000))
  6     0.0000  0.0000  0.2730     E=(CL-1(1.0000))

Local parameters and GOALs for phase Li3YCl6
******************************************************
SpacegroupNo=164
HermannMauguin=P-32/m1
XrayDensity=2.427
Rphase=8.23%
UNIT=NM
A=1.12373+-0.00023
C=0.60508+-0.00018
k1=0.0100000
B1=0.00500000
GrainSize(1,1,1)=84.1811
GEWICHT=SPHAR4, MeanValue(GEWICHT)=0.00653881
Atomic positions for phase Li3YCl6
---------------------------------------------
  6     0.3252  0.0000  0.5000     E=(LI+1(0.7300))
  6     0.3392  0.0000  0.0000     E=(LI+1(0.7700))
  1     0.0000  0.0000  0.0000     E=(Y+3(1.0000))
  2     0.3333  0.6667  0.0117     E=(Y+3(0.2288))
  2     0.3333  0.6667  0.5053     E=(Y+3(0.7712))
  6     0.8862 -0.8862  0.2375     E=(CL-1(1.0000))
  6     0.7799 -0.7799  0.7329     E=(CL-1(1.0000))
  6     0.5528 -0.5528  0.2518     E=(CL-1(1.0000))

Local parameters and GOALs for phase YCl3
******************************************************
SpacegroupNo=12
HermannMauguin=C12/m1
XrayDensity=2.630
Rphase=6.48%
UNIT=NM
A=0.69160+-0.00012
B=1.18818+-0.00027
C=0.64372+-0.00017
BETA=111.211+-0.015
k1=0.0100000
B1=0.00500000
GrainSize(1,1,1)=84.1811
GEWICHT=SPHAR2, MeanValue(GEWICHT)=0.0100087
Atomic positions for phase YCl3
---------------------------------------------
  4     0.0000  0.1660  0.0000     E=(Y+3(1.0000))
  4     0.7890  0.0000  0.7530     E=(CL-1(1.0000))
  8     0.7710  0.1790  0.2400     E=(CL-1(1.0000))
