Rietveld refinement to file(s) pattern.xy
BGMN version 4.2.23, 8282 measured points, 45 peaks, 29 parameters
Start: Thu Feb 26 15:18:32 2026; End: Thu Feb 26 15:18:33 2026
25 iteration steps

Rp=5.40%  Rpb=35.93%  R=8.44%  Rwp=7.13% Rexp=2.87%
Durbin-Watson d=0.35
1-rho=4.42%

Global parameters and GOALs
****************************
Qspinel=1.00000
EPS2=-0.001784+-0.000018

Local parameters and GOALs for phase spinel
******************************************************
SpacegroupNo=227
HermannMauguin=F4_1/d-32/m
XrayDensity=2.259
Rphase=10.31%
UNIT=NM
A=1.047164+-0.000044
k1=0.0100000
B1=0.01727+-0.00013
GrainSize(1,1,1)=24.37+-0.19
GEWICHT=SPHAR4, MeanValue(GEWICHT)=0.216175
Atomic positions for phase spinel
---------------------------------------------
 16     0.6250  0.6250  0.6250     E=(LI(0.2000))
  8     0.5000  0.5000  0.5000     E=(LI(0.6000))
 16     0.1250  0.1250  0.1250     E=(LI(0.5000),MG(0.2500),MN(0.2500))
 32     0.8817  0.8817  0.8817     E=(CL(1.0000))
