Rietveld refinement to file(s) pattern.xy
BGMN version 4.2.23, 8282 measured points, 558 peaks, 43 parameters
Start: Thu Feb 26 14:50:17 2026; End: Thu Feb 26 14:50:28 2026
81 iteration steps

Rp=8.64%  Rpb=54.39%  R=11.18%  Rwp=11.70% Rexp=2.90%
Durbin-Watson d=0.14
1-rho=14.0%

Global parameters and GOALs
****************************
QLi2ZnCl4=0.1643+-0.0041
QLi602Sc2Cl1212icsd18229None=0.8357+-0.0041
EPS2=-0.001446+-0.000022

Local parameters and GOALs for phase Li2ZnCl4
******************************************************
SpacegroupNo=62
HermannMauguin=P2_1/n2_1/m2_1/a
XrayDensity=2.528
Rphase=14.39%
UNIT=NM
A=1.26885+-0.00028
B=0.74413+-0.00016
C=0.61504+-0.00017
k1=0.0100000
B1=0.00500000
GrainSize(1,1,1)=84.1811
GEWICHT=SPHAR2, MeanValue(GEWICHT)=0.0266512
Atomic positions for phase Li2ZnCl4
---------------------------------------------
  4     0.0000  0.0000  0.0000     E=(LI+1(1.0000))
  4     0.7692  0.2500  0.5136     E=(LI+1(1.0000))
  4     0.5902  0.2500  0.0826     E=(ZN+2(1.0000))
  4     0.5916  0.2500  0.7172     E=(CL-1(1.0000))
  4     0.9271  0.2500  0.2577     E=(CL-1(1.0000))
  8     0.6672  0.0067  0.2478     E=(CL-1(1.0000))

Local parameters and GOALs for phase Li602Sc2Cl1212icsd18229None
******************************************************
SpacegroupNo=12
HermannMauguin=C12/m1
XrayDensity=2.170
Rphase=15.37%
UNIT=NM
A=0.638255+-0.000032
B=1.110410+-0.000095
C=0.635038+-0.000069
BETA=108.7016+-0.0043
k1=0.0100000
B1=0.00500000
GrainSize(1,1,1)=84.1811
GEWICHT=SPHAR4, MeanValue(GEWICHT)=0.135548
Atomic positions for phase Li602Sc2Cl1212icsd18229None
---------------------------------------------
  4     0.0000  0.3264  0.0000     E=(LI+1(1.0000))
  2     0.0000  0.5000  0.5000     E=(LI+1(0.2700))
  4     0.0000  0.1715  0.5000     E=(LI+1(0.3700))
  2     0.0000  0.0000  0.0000     E=(SC+3(1.0000))
  8     0.2607  0.3391  0.7635     E=(CL-1(1.0000))
  4     0.2410  0.0000  0.7676     E=(CL-1(1.0000))
