Rietveld refinement to file(s) pattern.xy
BGMN version 4.2.23, 8282 measured points, 129 peaks, 66 parameters
Start: Thu Feb 26 15:01:18 2026; End: Thu Feb 26 15:01:28 2026
127 iteration steps

Rp=5.05%  Rpb=57.60%  R=6.63%  Rwp=6.81% Rexp=2.91%
Durbin-Watson d=0.41
1-rho=11.9%

Global parameters and GOALs
****************************
QNiCl2166icsd142080=0.3680+-0.0053
QLi6VCl8225icsd1008340=0.0677+-0.0059
Qspinel=0.5643+-0.0075
EPS2=-0.001231+-0.000020

Local parameters and GOALs for phase NiCl2166icsd142080
******************************************************
SpacegroupNo=166
HermannMauguin=R-32/m
XrayDensity=3.529
Rphase=10.04%
UNIT=NM
A=0.348584+-0.000018
C=1.73880+-0.00018
k1=0.0100000
B1=0.00500000
GrainSize(1,1,1)=84.1811
GEWICHT=SPHAR4, MeanValue(GEWICHT)=0.0199985
Atomic positions for phase NiCl2166icsd142080
---------------------------------------------
  3     0.0000  0.0000  0.0000     E=(NI+2(1.0000))
  6     0.0000  0.0000  0.2551     E=(CL-1(1.0000))

Local parameters and GOALs for phase Li6VCl8225icsd1008340
******************************************************
SpacegroupNo=225
HermannMauguin=F4/m-32/m
XrayDensity=2.260
Rphase=9.28%
UNIT=NM
A=1.03400+-0.00010
k1=0.0100000
B1=0.00500000
GrainSize(1,1,1)=84.1811
GEWICHT=SPHAR4, MeanValue(GEWICHT)=0.00367801
Atomic positions for phase Li6VCl8225icsd1008340
---------------------------------------------
 24     0.0000  0.2500  0.2500     E=(LI+1(1.0000))
  4     0.0000  0.0000  0.0000     E=(V+2(1.0000))
  8     0.2500  0.2500  0.2500     E=(CL-1(1.0000))
 24     0.2450  0.0000  0.0000     E=(CL-1(1.0000))

Local parameters and GOALs for phase spinel
******************************************************
SpacegroupNo=227
HermannMauguin=F4_1/d-32/m
XrayDensity=2.726
Rphase=8.48%
UNIT=NM
A=1.028247+-0.000070
k1=0.0100000
B1=0.01293+-0.00028
GrainSize(1,1,1)=32.55+-0.70
GEWICHT=SPHAR4, MeanValue(GEWICHT)=0.0306678
Atomic positions for phase spinel
---------------------------------------------
 16     0.6250  0.6250  0.6250     E=(LI(0.1600))
  8     0.5000  0.5000  0.5000     E=(LI(0.4800))
 16     0.1250  0.1250  0.1250     E=(LI(0.4000),TA(0.0500),V(0.0500),NI(0.4000))
 32     0.8817  0.8817  0.8817     E=(CL(1.0000))
