Rietveld refinement to file(s) pattern.xy
BGMN version 4.2.23, 8282 measured points, 45 peaks, 29 parameters
Start: Thu Feb 26 17:01:55 2026; End: Thu Feb 26 17:01:56 2026
21 iteration steps

Rp=2.83%  Rpb=52.39%  R=3.74%  Rwp=3.64% Rexp=2.30%
Durbin-Watson d=0.82
1-rho=8.01%

Global parameters and GOALs
****************************
Qspinel=1.00000
EPS2=-0.001353+-0.000031

Local parameters and GOALs for phase spinel
******************************************************
SpacegroupNo=227
HermannMauguin=F4_1/d-32/m
XrayDensity=2.552
Rphase=5.23%
UNIT=NM
A=1.037909+-0.000081
k1=0.0100000
B1=0.02068+-0.00021
GrainSize(1,1,1)=20.35+-0.20
GEWICHT=SPHAR4, MeanValue(GEWICHT)=0.0874880
Atomic positions for phase spinel
---------------------------------------------
 16     0.6250  0.6250  0.6250     E=(LI(0.1400))
  8     0.5000  0.5000  0.5000     E=(LI(0.4200))
 16     0.1250  0.1250  0.1250     E=(LI(0.3500),NB(0.1000),FE(0.4000))
 32     0.8817  0.8817  0.8817     E=(CL(1.0000))
