Rietveld refinement to file(s) pattern.xy
BGMN version 4.2.23, 8282 measured points, 45 peaks, 29 parameters
Start: Thu Feb 26 14:47:58 2026; End: Thu Feb 26 14:48:00 2026
28 iteration steps

Rp=7.58%  Rpb=51.16%  R=22.02%  Rwp=13.05% Rexp=2.80%
Durbin-Watson d=0.10
1-rho=14.6%

Global parameters and GOALs
****************************
Qspinel=1.00000
EPS2=-0.003601+-0.000022

Local parameters and GOALs for phase spinel
******************************************************
SpacegroupNo=227
HermannMauguin=F4_1/d-32/m
XrayDensity=2.600
Rphase=20.57%
UNIT=NM
A=1.044068+-0.000051
k1=0
B1=0.00962+-0.00020
GrainSize(1,1,1)=44.12+-0.93
GEWICHT=SPHAR4, MeanValue(GEWICHT)=0.170131
Atomic positions for phase spinel
---------------------------------------------
 16     0.6250  0.6250  0.6250     E=(LI(0.1450))
  8     0.5000  0.5000  0.5000     E=(LI(0.4350))
 16     0.1250  0.1250  0.1250     E=(LI(0.3625),MG(0.3000),TA(0.0750),MN(0.0750),BI(0.0500))
 32     0.8817  0.8817  0.8817     E=(CL(1.0000))
