Rietveld refinement to file(s) pattern.xy
BGMN version 4.2.23, 8282 measured points, 54 peaks, 33 parameters
Start: Thu Feb 26 15:04:58 2026; End: Thu Feb 26 15:05:01 2026
27 iteration steps

Rp=2.65%  Rpb=39.46%  R=3.87%  Rwp=3.45% Rexp=2.03%
Durbin-Watson d=0.69
1-rho=3.51%

Global parameters and GOALs
****************************
Qspinel=0.9909+-0.0014
QLiCl225icsd269090=0.0091+-0.0014
EPS2=-0.002250+-0.000015

Local parameters and GOALs for phase spinel
******************************************************
SpacegroupNo=227
HermannMauguin=F4_1/d-32/m
XrayDensity=2.546
Rphase=4.68%
UNIT=NM
A=1.036340+-0.000039
k1=0.0100000
B1=0.01315+-0.00011
GrainSize(1,1,1)=32.02+-0.27
GEWICHT=SPHAR4, MeanValue(GEWICHT)=0.156181
Atomic positions for phase spinel
---------------------------------------------
 16     0.6250  0.6250  0.6250     E=(LI(0.1600))
  8     0.5000  0.5000  0.5000     E=(LI(0.4800))
 16     0.1250  0.1250  0.1250     E=(LI(0.4000),V(0.1000),FE(0.4500))
 32     0.8817  0.8817  0.8817     E=(CL(1.0000))

Local parameters and GOALs for phase LiCl225icsd269090
******************************************************
SpacegroupNo=225
HermannMauguin=F4/m-32/m
XrayDensity=2.057
Rphase=3.82%
UNIT=NM
A=0.515387+-0.000070
k1=UNDEF
B1=0
GrainSize(1,1,1)=ERROR
GEWICHT=0.00143+-0.00022
Atomic positions for phase LiCl225icsd269090
---------------------------------------------
  4     0.0000  0.0000  0.0000     E=(LI+1(1.0000))
  4     0.5000  0.5000  0.5000     E=(CL-1(1.0000))
