Rietveld refinement to file(s) pattern.xy
BGMN version 4.2.23, 8282 measured points, 54 peaks, 47 parameters
Start: Thu Feb 26 15:07:15 2026; End: Thu Feb 26 15:07:18 2026
45 iteration steps

Rp=8.90%  Rpb=29.79%  R=15.81%  Rwp=11.86% Rexp=3.72%
Durbin-Watson d=0.21
1-rho=4.32%

Global parameters and GOALs
****************************
Qspinel=0.9135+-0.0018
QLiCl=0.0865+-0.0018
EPS2=-0.001551+-0.000011

Local parameters and GOALs for phase spinel
******************************************************
SpacegroupNo=227
HermannMauguin=F4_1/d-32/m
XrayDensity=2.139
Rphase=16.15%
UNIT=NM
A=1.041797+-0.000022
k1=0.0100000
B1=0.008909+-0.000095
GrainSize(1,1,1)=47.24+-0.50
GEWICHT=SPHAR4, MeanValue(GEWICHT)=0.255281
Atomic positions for phase spinel
---------------------------------------------
 16     0.6250  0.6250  0.6250     E=(LI(0.1600))
  8     0.5000  0.5000  0.5000     E=(LI(0.4800))
 16     0.1250  0.1250  0.1250     E=(LI(0.4000),MG(0.6000))
 32     0.8817  0.8817  0.8817     E=(CL(1.0000))

Local parameters and GOALs for phase LiCl
******************************************************
SpacegroupNo=225
HermannMauguin=F4/m-32/m
XrayDensity=2.072
Rphase=17.16%
UNIT=NM
A=0.514074+-0.000023
k1=0.0100000
B1=0.00500000
GrainSize(1,1,1)=84.1811
GEWICHT=SPHAR4, MeanValue(GEWICHT)=0.0241602
Atomic positions for phase LiCl
---------------------------------------------
  4     0.0000  0.0000  0.0000     E=(LI+1(1.0000))
  4     0.5000  0.5000  0.5000     E=(CL-1(1.0000))
