Rietveld refinement to file(s) pattern.xy
BGMN version 4.2.23, 8282 measured points, 45 peaks, 29 parameters
Start: Thu Feb 26 15:10:04 2026; End: Thu Feb 26 15:10:05 2026
28 iteration steps

Rp=2.23%  Rpb=58.19%  R=3.21%  Rwp=3.00% Rexp=1.70%
Durbin-Watson d=0.70
1-rho=8.93%

Global parameters and GOALs
****************************
Qspinel=1.00000
EPS2=-0.000654+-0.000031

Local parameters and GOALs for phase spinel
******************************************************
SpacegroupNo=227
HermannMauguin=F4_1/d-32/m
XrayDensity=2.771
Rphase=6.01%
UNIT=NM
A=1.025207+-0.000082
k1=0.0100000
B1=0.01819+-0.00020
GrainSize(1,1,1)=23.14+-0.26
GEWICHT=SPHAR4, MeanValue(GEWICHT)=0.112233
Atomic positions for phase spinel
---------------------------------------------
 16     0.6250  0.6250  0.6250     E=(LI(0.1700))
  8     0.5000  0.5000  0.5000     E=(LI(0.5100))
 16     0.1250  0.1250  0.1250     E=(LI(0.4250),TA(0.0500),CO(0.4500))
 32     0.8817  0.8817  0.8817     E=(CL(1.0000))
