Rietveld refinement to file(s) pattern.xy
BGMN version 4.2.23, 8282 measured points, 145 peaks, 35 parameters
Start: Thu Feb 26 15:10:19 2026; End: Thu Feb 26 15:10:21 2026
24 iteration steps

Rp=3.19%  Rpb=48.80%  R=6.08%  Rwp=4.83% Rexp=2.03%
Durbin-Watson d=0.37
1-rho=6.88%

Global parameters and GOALs
****************************
Qspinel=1.00000
QLi366Fe217Cl865icsd73950None=0
EPS2=-0.001948+-0.000019

Local parameters and GOALs for phase spinel
******************************************************
SpacegroupNo=227
HermannMauguin=F4_1/d-32/m
XrayDensity=2.569
Rphase=10.92%
UNIT=NM
A=1.037781+-0.000050
k1=0
B1=0.01211+-0.00014
GrainSize(1,1,1)=35.04+-0.42
GEWICHT=SPHAR4, MeanValue(GEWICHT)=0.152094
Atomic positions for phase spinel
---------------------------------------------
 16     0.6250  0.6250  0.6250     E=(LI(0.1700))
  8     0.5000  0.5000  0.5000     E=(LI(0.5100))
 16     0.1250  0.1250  0.1250     E=(LI(0.4250),NB(0.0750),FE(0.3500),CU(0.0750))
 32     0.8817  0.8817  0.8817     E=(CL(1.0000))

Local parameters and GOALs for phase Li366Fe217Cl865icsd73950None
******************************************************
SpacegroupNo=65
HermannMauguin=C2/m2/m2/m
XrayDensity=2.552
Rphase=100.00%
UNIT=NM
A=UNDEF
B=UNDEF
C=UNDEF
k1=UNDEF
B1=UNDEF
GrainSize(1,1,1)=ERROR
GEWICHT=0.0
Atomic positions for phase Li366Fe217Cl865icsd73950None
---------------------------------------------
  4     0.2500  0.2500  0.5000     E=(LI+1(0.9150),FE+2(0.0425))
  2     0.0000  0.0000  0.0000     E=(FE+2(1.0000))
  4     0.2345  0.0000  0.5000     E=(CL-1(1.0000))
  4     0.0000  0.7623  0.0000     E=(CL-1(1.0000))
