Rietveld refinement to file(s) pattern.xy
BGMN version 4.2.23, 8282 measured points, 93 peaks, 47 parameters
Start: Thu Feb 26 14:58:37 2026; End: Thu Feb 26 14:58:39 2026
28 iteration steps

Rp=4.23%  Rpb=34.30%  R=5.47%  Rwp=5.59% Rexp=2.84%
Durbin-Watson d=0.55
1-rho=4.10%

Global parameters and GOALs
****************************
QLi6VCl8225icsd1008340=0.0901+-0.0020
Qspinel=0.9099+-0.0020
EPS2=-0.000730+-0.000020

Local parameters and GOALs for phase Li6VCl8225icsd1008340
******************************************************
SpacegroupNo=225
HermannMauguin=F4/m-32/m
XrayDensity=2.282
Rphase=6.03%
UNIT=NM
A=1.030686+-0.000061
k1=0.0100000
B1=0.00500000
GrainSize(1,1,1)=84.1811
GEWICHT=SPHAR4, MeanValue(GEWICHT)=0.0142752
Atomic positions for phase Li6VCl8225icsd1008340
---------------------------------------------
 24     0.0000  0.2500  0.2500     E=(LI+1(1.0000))
  4     0.0000  0.0000  0.0000     E=(V+2(1.0000))
  8     0.2500  0.2500  0.2500     E=(CL-1(1.0000))
 24     0.2450  0.0000  0.0000     E=(CL-1(1.0000))

Local parameters and GOALs for phase spinel
******************************************************
SpacegroupNo=227
HermannMauguin=F4_1/d-32/m
XrayDensity=2.413
Rphase=7.35%
UNIT=NM
A=1.041378+-0.000049
k1=0
B1=0.01955+-0.00016
GrainSize(1,1,1)=21.71+-0.18
GEWICHT=SPHAR4, MeanValue(GEWICHT)=0.144134
Atomic positions for phase spinel
---------------------------------------------
 16     0.6250  0.6250  0.6250     E=(LI(0.1500))
  8     0.5000  0.5000  0.5000     E=(LI(0.4500))
 16     0.1250  0.1250  0.1250     E=(LI(0.3750),MN(0.2500),V(0.2500))
 32     0.8817  0.8817  0.8817     E=(CL(1.0000))
