Rietveld refinement to file(s) pattern.xy
BGMN version 4.2.23, 8282 measured points, 95 peaks, 66 parameters
Start: Thu Feb 26 14:57:08 2026; End: Thu Feb 26 14:57:13 2026
53 iteration steps

Rp=5.44%  Rpb=34.79%  R=8.81%  Rwp=7.53% Rexp=2.89%
Durbin-Watson d=0.32
1-rho=4.96%

Global parameters and GOALs
****************************
QMnCl2166icsd337520=0.0983+-0.0022
Qspinel=0.7707+-0.0031
QLiCl225icsd269090=0.1310+-0.0020
EPS2=-0.001554+-0.000021

Local parameters and GOALs for phase MnCl2166icsd337520
******************************************************
SpacegroupNo=166
HermannMauguin=R-32/m
XrayDensity=2.993
Rphase=9.10%
UNIT=NM
A=0.371430+-0.000035
C=1.75279+-0.00019
k1=0.0100000
B1=0.00500000
GrainSize(1,1,1)=84.1811
GEWICHT=SPHAR4, MeanValue(GEWICHT)=0.0203296
Atomic positions for phase MnCl2166icsd337520
---------------------------------------------
  3     0.0000  0.0000  0.0000     E=(MN+2(1.0000))
  6     0.0000  0.0000  0.2545     E=(CL-1(1.0000))

Local parameters and GOALs for phase spinel
******************************************************
SpacegroupNo=227
HermannMauguin=F4_1/d-32/m
XrayDensity=2.297
Rphase=11.66%
UNIT=NM
A=1.043346+-0.000051
k1=0.0100000
B1=0.01952+-0.00021
GrainSize(1,1,1)=21.56+-0.24
GEWICHT=SPHAR4, MeanValue(GEWICHT)=0.159428
Atomic positions for phase spinel
---------------------------------------------
 16     0.6250  0.6250  0.6250     E=(LI(0.1500))
  8     0.5000  0.5000  0.5000     E=(LI(0.4500))
 16     0.1250  0.1250  0.1250     E=(LI(0.3750),MG(0.4000),MN(0.2250))
 32     0.8817  0.8817  0.8817     E=(CL(1.0000))

Local parameters and GOALs for phase LiCl225icsd269090
******************************************************
SpacegroupNo=225
HermannMauguin=F4/m-32/m
XrayDensity=2.057
Rphase=13.50%
UNIT=NM
A=0.515377+-0.000026
k1=0.0100000
B1=0.00500000
GrainSize(1,1,1)=84.1811
GEWICHT=SPHAR4, MeanValue(GEWICHT)=0.0270928
Atomic positions for phase LiCl225icsd269090
---------------------------------------------
  4     0.0000  0.0000  0.0000     E=(LI+1(1.0000))
  4     0.5000  0.5000  0.5000     E=(CL-1(1.0000))
