Rietveld refinement to file(s) pattern.xy
BGMN version 4.2.23, 8282 measured points, 216 peaks, 76 parameters
Start: Thu Feb 26 14:56:40 2026; End: Thu Feb 26 14:56:45 2026
57 iteration steps

Rp=6.54%  Rpb=32.08%  R=8.92%  Rwp=8.76% Rexp=3.26%
Durbin-Watson d=0.32
1-rho=4.30%

Global parameters and GOALs
****************************
QVCl3=0.0415+-0.0011
Qspinel=0.7256+-0.0029
QLiCl225icsd269090=0.1707+-0.0022
QMgCl2166icsd261570=0.0622+-0.0017
EPS2=-0.000998+-0.000017

Local parameters and GOALs for phase VCl3
******************************************************
SpacegroupNo=148
HermannMauguin=R-3
XrayDensity=2.816
Rphase=10.52%
UNIT=NM
A=0.606541+-0.000049
C=1.7467+-0.0013
k1=0.0100000
B1=0.00500000
GrainSize(1,1,1)=84.1811
GEWICHT=SPHAR2, MeanValue(GEWICHT)=0.00873205
Atomic positions for phase VCl3
---------------------------------------------
  6     0.0000  0.0000  0.3333     E=(V+3(1.0000))
 18     0.3333  0.3333  0.2553     E=(CL-1(1.0000))

Local parameters and GOALs for phase spinel
******************************************************
SpacegroupNo=227
HermannMauguin=F4_1/d-32/m
XrayDensity=2.246
Rphase=13.73%
UNIT=NM
A=1.039306+-0.000037
k1=0.0100000
B1=0.01584+-0.00017
GrainSize(1,1,1)=26.57+-0.29
GEWICHT=SPHAR4, MeanValue(GEWICHT)=0.152585
Atomic positions for phase spinel
---------------------------------------------
 16     0.6250  0.6250  0.6250     E=(LI(0.1500))
  8     0.5000  0.5000  0.5000     E=(LI(0.4500))
 16     0.1250  0.1250  0.1250     E=(LI(0.3750),MG(0.2500),V(0.2500))
 32     0.8817  0.8817  0.8817     E=(CL(1.0000))

Local parameters and GOALs for phase LiCl225icsd269090
******************************************************
SpacegroupNo=225
HermannMauguin=F4/m-32/m
XrayDensity=2.062
Rphase=11.87%
UNIT=NM
A=0.514973+-0.000019
k1=0.0100000
B1=0.00500000
GrainSize(1,1,1)=84.1811
GEWICHT=SPHAR4, MeanValue(GEWICHT)=0.0358989
Atomic positions for phase LiCl225icsd269090
---------------------------------------------
  4     0.0000  0.0000  0.0000     E=(LI+1(1.0000))
  4     0.5000  0.5000  0.5000     E=(CL-1(1.0000))

Local parameters and GOALs for phase MgCl2166icsd261570
******************************************************
SpacegroupNo=166
HermannMauguin=R-32/m
XrayDensity=2.369
Rphase=10.95%
UNIT=NM
A=0.362536+-0.000028
C=1.75922+-0.00027
k1=0.0100000
B1=0.00500000
GrainSize(1,1,1)=84.1811
GEWICHT=SPHAR4, MeanValue(GEWICHT)=0.0130729
Atomic positions for phase MgCl2166icsd261570
---------------------------------------------
  3     0.0000  0.0000  0.0000     E=(MG+2(1.0000))
  6     0.0000  0.0000  0.2730     E=(CL-1(1.0000))
