Rietveld refinement to file(s) pattern.xy
BGMN version 4.2.23, 8282 measured points, 376 peaks, 40 parameters
Start: Thu Feb 26 15:13:11 2026; End: Thu Feb 26 15:13:19 2026
79 iteration steps

Rp=3.93%  Rpb=61.14%  R=4.81%  Rwp=5.07% Rexp=3.07%
Durbin-Watson d=0.75
1-rho=15.6%

Global parameters and GOALs
****************************
Qspinel=0.8616+-0.0043
QLi2ZnCl462icsd732222=0.1384+-0.0043
EPS2=-0.000469+-0.000040

Local parameters and GOALs for phase spinel
******************************************************
SpacegroupNo=227
HermannMauguin=F4_1/d-32/m
XrayDensity=2.637
Rphase=7.38%
UNIT=NM
A=1.036311+-0.000096
k1=0.0100000
B1=0.01859+-0.00029
GrainSize(1,1,1)=22.64+-0.35
GEWICHT=SPHAR4, MeanValue(GEWICHT)=0.0431604
Atomic positions for phase spinel
---------------------------------------------
  8     0.5000  0.5000  0.5000     E=(LI(0.5400))
 16     0.6250  0.6250  0.6250     E=(LI(0.1800))
 16     0.1250  0.1250  0.1250     E=(LI(0.4500),ZN(0.2750),FE(0.2750))
 32     0.8817  0.8817  0.8817     E=(CL(1.0000))

Local parameters and GOALs for phase Li2ZnCl462icsd732222
******************************************************
SpacegroupNo=62
HermannMauguin=P2_1/n2_1/m2_1/a
XrayDensity=2.503
Rphase=4.96%
UNIT=NM
A=1.28575+-0.00031
B=0.74599+-0.00063
C=0.61152+-0.00014
k1=0.0100000
B1=0.00500000
GrainSize(1,1,1)=84.1811
GEWICHT=SPHAR2, MeanValue(GEWICHT)=0.00693079
Atomic positions for phase Li2ZnCl462icsd732222
---------------------------------------------
  4     0.0000  0.0000  0.0000     E=(LI+1(1.0000))
  4     0.7692  0.2500  0.5136     E=(LI+1(1.0000))
  4     0.5902  0.2500  0.0826     E=(ZN+2(1.0000))
  4     0.5916  0.2500  0.7172     E=(CL-1(1.0000))
  4     0.9271  0.2500  0.2577     E=(CL-1(1.0000))
  8     0.6672  0.0067  0.2478     E=(CL-1(1.0000))
