Rietveld refinement to file(s) pattern.xy
BGMN version 4.2.23, 8282 measured points, 45 peaks, 29 parameters
Start: Thu Feb 26 14:49:37 2026; End: Thu Feb 26 14:49:38 2026
22 iteration steps

Rp=2.87%  Rpb=43.18%  R=3.93%  Rwp=3.79% Rexp=2.36%
Durbin-Watson d=0.79
1-rho=6.14%

Global parameters and GOALs
****************************
Qspinel=1.00000
EPS2=-0.003296+-0.000030

Local parameters and GOALs for phase spinel
******************************************************
SpacegroupNo=227
HermannMauguin=F4_1/d-32/m
XrayDensity=2.609
Rphase=5.63%
UNIT=NM
A=1.041412+-0.000080
k1=0.0100000
B1=0.02621+-0.00021
GrainSize(1,1,1)=16.06+-0.13
GEWICHT=SPHAR4, MeanValue(GEWICHT)=0.113235
Atomic positions for phase spinel
---------------------------------------------
 16     0.6250  0.6250  0.6250     E=(LI(0.1400))
  8     0.5000  0.5000  0.5000     E=(LI(0.4200))
 16     0.1250  0.1250  0.1250     E=(LI(0.3500),ZR(0.0500),MN(0.1500),FE(0.4000))
 32     0.8817  0.8817  0.8817     E=(CL(1.0000))
