Rietveld refinement to file(s) pattern.xy
BGMN version 4.2.23, 8282 measured points, 90 peaks, 66 parameters
Start: Thu Feb 26 15:02:20 2026; End: Thu Feb 26 15:02:29 2026
136 iteration steps

Rp=4.53%  Rpb=59.22%  R=6.90%  Rwp=6.14% Rexp=2.55%
Durbin-Watson d=0.37
1-rho=12.9%

Global parameters and GOALs
****************************
QNiCl2166icsd142080=0.1789+-0.0046
Qspinel=0.5610+-0.0084
QLiCl225icsd269090=0.2600+-0.0065
EPS2=-0.000057+-0.000025

Local parameters and GOALs for phase NiCl2166icsd142080
******************************************************
SpacegroupNo=166
HermannMauguin=R-32/m
XrayDensity=3.607
Rphase=11.63%
UNIT=NM
A=0.347149+-0.000025
C=1.71493+-0.00027
k1=0.0100000
B1=0.00500000
GrainSize(1,1,1)=84.1811
GEWICHT=SPHAR4, MeanValue(GEWICHT)=0.0138014
Atomic positions for phase NiCl2166icsd142080
---------------------------------------------
  3     0.0000  0.0000  0.0000     E=(NI+2(1.0000))
  6     0.0000  0.0000  0.2551     E=(CL-1(1.0000))

Local parameters and GOALs for phase spinel
******************************************************
SpacegroupNo=227
HermannMauguin=F4_1/d-32/m
XrayDensity=2.857
Rphase=7.69%
UNIT=NM
A=1.02374+-0.00011
k1=0.0100000
B1=0.02161+-0.00062
GrainSize(1,1,1)=19.47+-0.55
GEWICHT=SPHAR4, MeanValue(GEWICHT)=0.0432807
Atomic positions for phase spinel
---------------------------------------------
 16     0.6250  0.6250  0.6250     E=(LI(0.1650))
  8     0.5000  0.5000  0.5000     E=(LI(0.4950))
 16     0.1250  0.1250  0.1250     E=(LI(0.4125),TA(0.0750),CU(0.0500),NI(0.3750))
 32     0.8817  0.8817  0.8817     E=(CL(1.0000))

Local parameters and GOALs for phase LiCl225icsd269090
******************************************************
SpacegroupNo=225
HermannMauguin=F4/m-32/m
XrayDensity=2.061
Rphase=7.57%
UNIT=NM
A=0.515029+-0.000034
k1=0.0100000
B1=0.00500000
GrainSize(1,1,1)=84.1811
GEWICHT=SPHAR4, MeanValue(GEWICHT)=0.0200606
Atomic positions for phase LiCl225icsd269090
---------------------------------------------
  4     0.0000  0.0000  0.0000     E=(LI+1(1.0000))
  4     0.5000  0.5000  0.5000     E=(CL-1(1.0000))
