Rietveld refinement to file(s) pattern.xy
BGMN version 4.2.23, 8282 measured points, 313 peaks, 48 parameters
Start: Thu Feb 26 14:56:45 2026; End: Thu Feb 26 14:56:49 2026
32 iteration steps

Rp=5.04%  Rpb=37.01%  R=6.79%  Rwp=6.76% Rexp=2.80%
Durbin-Watson d=0.39
1-rho=5.83%

Global parameters and GOALs
****************************
Qspinel=0.4412+-0.0029
QLi3YCl6164icsd29962None=0.5588+-0.0029
EPS2=-0.001329+-0.000011

Local parameters and GOALs for phase spinel
******************************************************
SpacegroupNo=227
HermannMauguin=F4_1/d-32/m
XrayDensity=2.443
Rphase=10.07%
UNIT=NM
A=1.043326+-0.000037
k1=0.0100000
B1=0.01055+-0.00019
GrainSize(1,1,1)=39.90+-0.71
GEWICHT=SPHAR4, MeanValue(GEWICHT)=0.0650402
Atomic positions for phase spinel
---------------------------------------------
 16     0.6250  0.6250  0.6250     E=(LI(0.1500))
  8     0.5000  0.5000  0.5000     E=(LI(0.4500))
 16     0.1250  0.1250  0.1250     E=(LI(0.3750),Y(0.2500),MG(0.2500))
 32     0.8817  0.8817  0.8817     E=(CL(1.0000))

Local parameters and GOALs for phase Li3YCl6164icsd29962None
******************************************************
SpacegroupNo=164
HermannMauguin=P-32/m1
XrayDensity=2.448
Rphase=8.60%
UNIT=NM
A=1.120397+-0.000036
C=0.603584+-0.000026
k1=0.0100000
B1=0.00500000
GrainSize(1,1,1)=84.1811
GEWICHT=SPHAR4, MeanValue(GEWICHT)=0.0823886
Atomic positions for phase Li3YCl6164icsd29962None
---------------------------------------------
  6     0.3252  0.0000  0.5000     E=(LI+1(0.7300))
  6     0.3392  0.0000  0.0000     E=(LI+1(0.7700))
  1     0.0000  0.0000  0.0000     E=(Y+3(1.0000))
  2     0.3333  0.6667  0.0117     E=(Y+3(0.2288))
  2     0.3333  0.6667  0.5053     E=(Y+3(0.7712))
  6     0.8862 -0.8862  0.2375     E=(CL-1(1.0000))
  6     0.7799 -0.7799  0.7329     E=(CL-1(1.0000))
  6     0.5528 -0.5528  0.2518     E=(CL-1(1.0000))
