Rietveld refinement to file(s) pattern.xy
BGMN version 4.2.23, 8282 measured points, 54 peaks, 47 parameters
Start: Thu Feb 26 15:16:34 2026; End: Thu Feb 26 15:16:37 2026
39 iteration steps

Rp=7.35%  Rpb=32.07%  R=11.11%  Rwp=9.55% Rexp=3.31%
Durbin-Watson d=0.28
1-rho=4.09%

Global parameters and GOALs
****************************
Qspinel=0.9158+-0.0016
QLiCl225icsd269090=0.0842+-0.0016
EPS2=-0.001689+-0.000017

Local parameters and GOALs for phase spinel
******************************************************
SpacegroupNo=227
HermannMauguin=F4_1/d-32/m
XrayDensity=2.138
Rphase=13.33%
UNIT=NM
A=1.041970+-0.000037
k1=0.0100000
B1=0.01660+-0.00013
GrainSize(1,1,1)=25.35+-0.20
GEWICHT=SPHAR4, MeanValue(GEWICHT)=0.234228
Atomic positions for phase spinel
---------------------------------------------
 16     0.6250  0.6250  0.6250     E=(LI(0.1900))
  8     0.5000  0.5000  0.5000     E=(LI(0.5700))
 16     0.1250  0.1250  0.1250     E=(LI(0.4750),MG(0.4500),CR(0.0500))
 32     0.8817  0.8817  0.8817     E=(CL(1.0000))

Local parameters and GOALs for phase LiCl225icsd269090
******************************************************
SpacegroupNo=225
HermannMauguin=F4/m-32/m
XrayDensity=2.066
Rphase=14.23%
UNIT=NM
A=0.514646+-0.000024
k1=0.0100000
B1=0.00500000
GrainSize(1,1,1)=84.1811
GEWICHT=SPHAR4, MeanValue(GEWICHT)=0.0215415
Atomic positions for phase LiCl225icsd269090
---------------------------------------------
  4     0.0000  0.0000  0.0000     E=(LI+1(1.0000))
  4     0.5000  0.5000  0.5000     E=(CL-1(1.0000))
