Rietveld refinement to file(s) pattern.xy
BGMN version 4.2.23, 8282 measured points, 315 peaks, 48 parameters
Start: Thu Feb 26 15:09:44 2026; End: Thu Feb 26 15:09:49 2026
46 iteration steps

Rp=6.09%  Rpb=33.05%  R=11.81%  Rwp=8.61% Rexp=3.28%
Durbin-Watson d=0.33
1-rho=4.73%

Global parameters and GOALs
****************************
Qspinel=0.7502+-0.0025
QLi3YCl6164icsd29963None=0.2498+-0.0025
EPS2=0.0002647+-0.0000094

Local parameters and GOALs for phase spinel
******************************************************
SpacegroupNo=227
HermannMauguin=F4_1/d-32/m
XrayDensity=2.257
Rphase=17.72%
UNIT=NM
A=1.044075+-0.000019
k1=0.0100000
B1=0.006090+-0.000089
GrainSize(1,1,1)=69.1+-1.0
GEWICHT=SPHAR4, MeanValue(GEWICHT)=0.136779
Atomic positions for phase spinel
---------------------------------------------
  8     0.5000  0.5000  0.5000     E=(LI(0.5250))
 16     0.6250  0.6250  0.6250     E=(LI(0.1750))
 16     0.1250  0.1250  0.1250     E=(LI(0.4375),Y(0.1000),MG(0.3500),NB(0.0250))
 32     0.8817  0.8817  0.8817     E=(CL(1.0000))

Local parameters and GOALs for phase Li3YCl6164icsd29963None
******************************************************
SpacegroupNo=164
HermannMauguin=P-32/m1
XrayDensity=2.448
Rphase=10.60%
UNIT=NM
A=1.120690+-0.000043
C=0.603328+-0.000031
k1=0.0100000
B1=0.00500000
GrainSize(1,1,1)=84.1811
GEWICHT=SPHAR4, MeanValue(GEWICHT)=0.0455378
Atomic positions for phase Li3YCl6164icsd29963None
---------------------------------------------
  6     0.3430  0.0000  0.0000     E=(LI+1(0.7000))
  6     0.3214  0.0000  0.5000     E=(LI+1(0.8000))
  1     0.0000  0.0000  0.0000     E=(Y+3(1.0000))
  2     0.3333  0.6667  0.0105     E=(Y+3(0.2288))
  2     0.3333  0.6667  0.5085     E=(Y+3(0.7712))
  6     0.8869 -0.8869  0.2379     E=(CL-1(1.0000))
  6     0.7789 -0.7789  0.7314     E=(CL-1(1.0000))
  6     0.5522 -0.5522  0.2505     E=(CL-1(1.0000))
