Rietveld refinement to file(s) pattern.xy
BGMN version 4.2.23, 8282 measured points, 340 peaks, 49 parameters
Start: Thu Feb 26 14:52:17 2026; End: Thu Feb 26 14:52:23 2026
38 iteration steps

Rp=6.11%  Rpb=41.51%  R=7.24%  Rwp=8.05% Rexp=3.28%
Durbin-Watson d=0.38
1-rho=8.91%

Global parameters and GOALs
****************************
QLiCl225icsd269090=0.1337+-0.0021
QLi2ZnCl462icsd732222=0.8663+-0.0021
EPS2=-0.000936+-0.000014

Local parameters and GOALs for phase LiCl225icsd269090
******************************************************
SpacegroupNo=225
HermannMauguin=F4/m-32/m
XrayDensity=2.063
Rphase=9.22%
UNIT=NM
A=0.514882+-0.000027
k1=0.0100000
B1=0.00500000
GrainSize(1,1,1)=84.1811
GEWICHT=SPHAR4, MeanValue(GEWICHT)=0.0136222
Atomic positions for phase LiCl225icsd269090
---------------------------------------------
  4     0.0000  0.0000  0.0000     E=(LI+1(1.0000))
  4     0.5000  0.5000  0.5000     E=(CL-1(1.0000))

Local parameters and GOALs for phase Li2ZnCl462icsd732222
******************************************************
SpacegroupNo=62
HermannMauguin=P2_1/n2_1/m2_1/a
XrayDensity=2.525
Rphase=9.05%
UNIT=NM
A=1.279070+-0.000057
B=0.743144+-0.000043
C=0.611681+-0.000030
k1=0.0100000
B1=0.00500000
GrainSize(1,1,1)=84.1811
GEWICHT=SPHAR4, MeanValue(GEWICHT)=0.0882620
Atomic positions for phase Li2ZnCl462icsd732222
---------------------------------------------
  4     0.0000  0.0000  0.0000     E=(LI+1(1.0000))
  4     0.7692  0.2500  0.5136     E=(LI+1(1.0000))
  4     0.5902  0.2500  0.0826     E=(ZN+2(1.0000))
  4     0.5916  0.2500  0.7172     E=(CL-1(1.0000))
  4     0.9271  0.2500  0.2577     E=(CL-1(1.0000))
  8     0.6672  0.0067  0.2478     E=(CL-1(1.0000))
