Rietveld refinement to file(s) pattern.xy
BGMN version 4.2.23, 8282 measured points, 45 peaks, 29 parameters
Start: Thu Feb 26 14:49:24 2026; End: Thu Feb 26 14:49:26 2026
24 iteration steps

Rp=3.33%  Rpb=56.69%  R=4.59%  Rwp=4.31% Rexp=2.60%
Durbin-Watson d=0.78
1-rho=9.20%

Global parameters and GOALs
****************************
Qspinel=1.00000
EPS2=-0.002014+-0.000025

Local parameters and GOALs for phase spinel
******************************************************
SpacegroupNo=227
HermannMauguin=F4_1/d-32/m
XrayDensity=2.597
Rphase=7.48%
UNIT=NM
A=1.042703+-0.000066
k1=0
B1=0.01422+-0.00017
GrainSize(1,1,1)=29.85+-0.36
GEWICHT=SPHAR4, MeanValue(GEWICHT)=0.0647126
Atomic positions for phase spinel
---------------------------------------------
 16     0.6250  0.6250  0.6250     E=(LI(0.1400))
  8     0.5000  0.5000  0.5000     E=(LI(0.4200))
 16     0.1250  0.1250  0.1250     E=(LI(0.3500),ZR(0.0500),MN(0.2250),FE(0.3250))
 32     0.8817  0.8817  0.8817     E=(CL(1.0000))
