Rietveld refinement to file(s) pattern.xy
BGMN version 4.2.23, 8282 measured points, 340 peaks, 49 parameters
Start: Thu Feb 26 14:52:24 2026; End: Thu Feb 26 14:52:29 2026
43 iteration steps

Rp=5.06%  Rpb=53.25%  R=5.69%  Rwp=6.54% Rexp=3.41%
Durbin-Watson d=0.64
1-rho=13.7%

Global parameters and GOALs
****************************
QLiCl225icsd269090=0.0899+-0.0027
QLi2ZnCl462icsd732222=0.9101+-0.0027
EPS2=0.000012+-0.000020

Local parameters and GOALs for phase LiCl225icsd269090
******************************************************
SpacegroupNo=225
HermannMauguin=F4/m-32/m
XrayDensity=2.046
Rphase=7.95%
UNIT=NM
A=0.516265+-0.000049
k1=0.0100000
B1=0.00500000
GrainSize(1,1,1)=84.1811
GEWICHT=SPHAR4, MeanValue(GEWICHT)=0.00452586
Atomic positions for phase LiCl225icsd269090
---------------------------------------------
  4     0.0000  0.0000  0.0000     E=(LI+1(1.0000))
  4     0.5000  0.5000  0.5000     E=(CL-1(1.0000))

Local parameters and GOALs for phase Li2ZnCl462icsd732222
******************************************************
SpacegroupNo=62
HermannMauguin=P2_1/n2_1/m2_1/a
XrayDensity=2.525
Rphase=8.34%
UNIT=NM
A=1.278895+-0.000075
B=0.743201+-0.000050
C=0.611790+-0.000039
k1=0.0100000
B1=0.00500000
GrainSize(1,1,1)=84.1811
GEWICHT=SPHAR4, MeanValue(GEWICHT)=0.0458342
Atomic positions for phase Li2ZnCl462icsd732222
---------------------------------------------
  4     0.0000  0.0000  0.0000     E=(LI+1(1.0000))
  4     0.7692  0.2500  0.5136     E=(LI+1(1.0000))
  4     0.5902  0.2500  0.0826     E=(ZN+2(1.0000))
  4     0.5916  0.2500  0.7172     E=(CL-1(1.0000))
  4     0.9271  0.2500  0.2577     E=(CL-1(1.0000))
  8     0.6672  0.0067  0.2478     E=(CL-1(1.0000))
