Rietveld refinement to file(s) pattern.xy
BGMN version 4.2.23, 8282 measured points, 319 peaks, 48 parameters
Start: Thu Feb 26 16:58:37 2026; End: Thu Feb 26 16:58:42 2026
39 iteration steps

Rp=2.81%  Rpb=44.59%  R=3.72%  Rwp=3.55% Rexp=2.34%
Durbin-Watson d=0.95
1-rho=5.42%

Global parameters and GOALs
****************************
QLi3YCl6164icsd29965None=0.1917+-0.0026
Qspinel=0.8083+-0.0026
EPS2=-0.001720+-0.000015

Local parameters and GOALs for phase Li3YCl6164icsd29965None
******************************************************
SpacegroupNo=164
HermannMauguin=P-32/m1
XrayDensity=2.449
Rphase=4.30%
UNIT=NM
A=1.120200+-0.000079
C=0.603602+-0.000073
k1=0.0100000
B1=0.00500000
GrainSize(1,1,1)=84.1811
GEWICHT=SPHAR4, MeanValue(GEWICHT)=0.0184997
Atomic positions for phase Li3YCl6164icsd29965None
---------------------------------------------
  6     0.3429  0.0000  0.0000     E=(LI+1(0.7126))
  6     0.3263  0.0000  0.5000     E=(LI+1(0.7874))
  1     0.0000  0.0000  0.0000     E=(Y+3(1.0000))
  2     0.3333  0.6667  0.0080     E=(Y+3(0.2288))
  2     0.3333  0.6667  0.5047     E=(Y+3(0.7712))
  6     0.8870 -0.8870  0.2343     E=(CL-1(1.0000))
  6     0.7795 -0.7795  0.7305     E=(CL-1(1.0000))
  6     0.5541 -0.5541  0.2457     E=(CL-1(1.0000))

Local parameters and GOALs for phase spinel
******************************************************
SpacegroupNo=227
HermannMauguin=F4_1/d-32/m
XrayDensity=2.604
Rphase=4.12%
UNIT=NM
A=1.038226+-0.000040
k1=0.0100000
B1=0.01056+-0.00011
GrainSize(1,1,1)=39.86+-0.42
GEWICHT=SPHAR4, MeanValue(GEWICHT)=0.0780066
Atomic positions for phase spinel
---------------------------------------------
 16     0.6250  0.6250  0.6250     E=(LI(0.1700))
  8     0.5000  0.5000  0.5000     E=(LI(0.5100))
 16     0.1250  0.1250  0.1250     E=(LI(0.4250),Y(0.1500),FE(0.3500))
 32     0.8817  0.8817  0.8817     E=(CL(1.0000))
