Rietveld refinement to file(s) pattern.xy
BGMN version 4.2.23, 8282 measured points, 93 peaks, 47 parameters
Start: Thu Feb 26 15:17:33 2026; End: Thu Feb 26 15:17:35 2026
38 iteration steps

Rp=3.72%  Rpb=69.99%  R=4.84%  Rwp=4.87% Rexp=2.85%
Durbin-Watson d=0.73
1-rho=22.6%

Global parameters and GOALs
****************************
Qspinel=0.779+-0.011
QLi6CoCl8225icsd20240131=0.221+-0.011
EPS2=-0.001172+-0.000036

Local parameters and GOALs for phase spinel
******************************************************
SpacegroupNo=227
HermannMauguin=F4_1/d-32/m
XrayDensity=2.653
Rphase=6.30%
UNIT=NM
A=1.02942+-0.00023
k1=0
B1=0.0393+-0.0013
GrainSize(1,1,1)=10.81+-0.36
GEWICHT=SPHAR4, MeanValue(GEWICHT)=0.0322558
Atomic positions for phase spinel
---------------------------------------------
 16     0.6250  0.6250  0.6250     E=(LI(0.2000))
  8     0.5000  0.5000  0.5000     E=(LI(0.6000))
 16     0.1250  0.1250  0.1250     E=(LI(0.5000),ZN(0.2500),CO(0.2500))
 32     0.8817  0.8817  0.8817     E=(CL(1.0000))

Local parameters and GOALs for phase Li6CoCl8225icsd20240131
******************************************************
SpacegroupNo=225
HermannMauguin=F4/m-32/m
XrayDensity=2.311
Rphase=7.43%
UNIT=NM
A=1.03362+-0.00010
k1=0.0100000
B1=0.00500000
GrainSize(1,1,1)=84.1811
GEWICHT=SPHAR4, MeanValue(GEWICHT)=0.00916404
Atomic positions for phase Li6CoCl8225icsd20240131
---------------------------------------------
 24     0.0000  0.2500  0.2500     E=(LI+1(1.0000))
  4     0.0000  0.0000  0.0000     E=(CO+2(1.0000))
  8     0.2500  0.2500  0.2500     E=(CL-1(1.0000))
 24     0.2430  0.0000  0.0000     E=(CL-1(1.0000))
