Rietveld refinement to file(s) pattern.xy
BGMN version 4.2.23, 8282 measured points, 45 peaks, 29 parameters
Start: Thu Feb 26 14:52:15 2026; End: Thu Feb 26 14:52:16 2026
26 iteration steps

Rp=3.33%  Rpb=47.45%  R=5.16%  Rwp=4.80% Rexp=2.46%
Durbin-Watson d=0.53
1-rho=8.26%

Global parameters and GOALs
****************************
Qspinel=1.00000
EPS2=-0.001456+-0.000030

Local parameters and GOALs for phase spinel
******************************************************
SpacegroupNo=227
HermannMauguin=F4_1/d-32/m
XrayDensity=2.715
Rphase=7.19%
UNIT=NM
A=1.042233+-0.000078
k1=0.0100000
B1=0.02113+-0.00021
GrainSize(1,1,1)=19.92+-0.20
GEWICHT=SPHAR4, MeanValue(GEWICHT)=0.101602
Atomic positions for phase spinel
---------------------------------------------
 16     0.6250  0.6250  0.6250     E=(LI(0.1400))
  8     0.5000  0.5000  0.5000     E=(LI(0.4200))
 16     0.1250  0.1250  0.1250     E=(LI(0.3500),HF(0.0500),TA(0.0500),MN(0.1500),V(0.0500),FE(0.2000))
 32     0.8817  0.8817  0.8817     E=(CL(1.0000))
