Rietveld refinement to file(s) pattern.xy
BGMN version 4.2.23, 8282 measured points, 317 peaks, 48 parameters
Start: Thu Feb 26 14:52:52 2026; End: Thu Feb 26 14:52:58 2026
54 iteration steps

Rp=3.09%  Rpb=45.75%  R=4.21%  Rwp=4.00% Rexp=2.37%
Durbin-Watson d=0.77
1-rho=6.49%

Global parameters and GOALs
****************************
Qspinel=0.8198+-0.0026
QLi3YCl6164icsd29968None=0.1802+-0.0026
EPS2=-0.002146+-0.000020

Local parameters and GOALs for phase spinel
******************************************************
SpacegroupNo=227
HermannMauguin=F4_1/d-32/m
XrayDensity=2.552
Rphase=5.97%
UNIT=NM
A=1.045247+-0.000055
k1=0.0100000
B1=0.01556+-0.00016
GrainSize(1,1,1)=27.05+-0.28
GEWICHT=SPHAR4, MeanValue(GEWICHT)=0.0877626
Atomic positions for phase spinel
---------------------------------------------
 16     0.6250  0.6250  0.6250     E=(LI(0.1500))
  8     0.5000  0.5000  0.5000     E=(LI(0.4500))
 16     0.1250  0.1250  0.1250     E=(LI(0.3750),Y(0.1000),MN(0.2000),NB(0.0500),CO(0.1000),CU(0.0500))
 32     0.8817  0.8817  0.8817     E=(CL(1.0000))

Local parameters and GOALs for phase Li3YCl6164icsd29968None
******************************************************
SpacegroupNo=164
HermannMauguin=P-32/m1
XrayDensity=2.449
Rphase=5.34%
UNIT=NM
A=1.119738+-0.000092
C=0.604120+-0.000080
k1=0.0100000
B1=0.00500000
GrainSize(1,1,1)=84.1811
GEWICHT=SPHAR4, MeanValue(GEWICHT)=0.0192888
Atomic positions for phase Li3YCl6164icsd29968None
---------------------------------------------
  6     0.3422  0.0000  0.0000     E=(LI+1(0.6707))
  6     0.3237  0.0000  0.5000     E=(LI+1(0.8293))
  1     0.0000  0.0000  0.0000     E=(Y+3(1.0000))
  2     0.3333  0.6667  0.0026     E=(Y+3(0.4341))
  2     0.3333  0.6667  0.5026     E=(Y+3(0.5659))
  6     0.8870 -0.8870  0.2352     E=(CL-1(1.0000))
  6     0.7796 -0.7796  0.7386     E=(CL-1(1.0000))
  6     0.5535 -0.5535  0.2478     E=(CL-1(1.0000))
