Rietveld refinement to file(s) pattern.xy
BGMN version 4.2.23, 8282 measured points, 281 peaks, 41 parameters
Start: Thu Feb 26 14:58:24 2026; End: Thu Feb 26 14:58:30 2026
68 iteration steps

Rp=4.61%  Rpb=31.26%  R=6.64%  Rwp=6.11% Rexp=2.85%
Durbin-Watson d=0.47
1-rho=3.14%

Global parameters and GOALs
****************************
QLi3ScCl612icsd50153None=0.3444+-0.0052
Qspinel=0.6556+-0.0052
EPS2=-0.000847+-0.000013

Local parameters and GOALs for phase Li3ScCl612icsd50153None
******************************************************
SpacegroupNo=12
HermannMauguin=C12/m1
XrayDensity=2.170
Rphase=9.37%
UNIT=NM
A=0.64074+-0.00016
B=1.10943+-0.00011
C=0.636600+-0.000066
BETA=109.682+-0.013
k1=0.0100000
B1=0.00500000
GrainSize(1,1,1)=84.1811
GEWICHT=SPHAR2, MeanValue(GEWICHT)=0.0671594
Atomic positions for phase Li3ScCl612icsd50153None
---------------------------------------------
  4     0.0000  0.1690  0.5000     E=(LI+1(0.3650))
  4     0.0000  0.3347  0.0000     E=(LI+1(1.0000))
  2     0.0000  0.5000  0.5000     E=(LI+1(0.2700))
  2     0.0000  0.0000  0.0000     E=(SC+3(1.0000))
  4     0.2421  0.0000  0.7687     E=(CL-1(1.0000))
  8     0.7613  0.8391  0.7629     E=(CL-1(1.0000))

Local parameters and GOALs for phase spinel
******************************************************
SpacegroupNo=227
HermannMauguin=F4_1/d-32/m
XrayDensity=2.341
Rphase=9.55%
UNIT=NM
A=1.046765+-0.000031
k1=0.0100000
B1=0.01037+-0.00015
GrainSize(1,1,1)=40.60+-0.59
GEWICHT=SPHAR4, MeanValue(GEWICHT)=0.127854
Atomic positions for phase spinel
---------------------------------------------
 16     0.6250  0.6250  0.6250     E=(LI(0.1500))
  8     0.5000  0.5000  0.5000     E=(LI(0.4500))
 16     0.1250  0.1250  0.1250     E=(LI(0.3750),SC(0.2500),MN(0.2500))
 32     0.8817  0.8817  0.8817     E=(CL(1.0000))
