Rietveld refinement to file(s) pattern.xy
BGMN version 4.2.23, 8282 measured points, 45 peaks, 29 parameters
Start: Thu Feb 26 14:56:59 2026; End: Thu Feb 26 14:57:01 2026
42 iteration steps

Rp=7.57%  Rpb=33.08%  R=14.08%  Rwp=9.92% Rexp=3.29%
Durbin-Watson d=0.25
1-rho=4.46%

Global parameters and GOALs
****************************
Qspinel=1.00000
EPS2=-0.002408+-0.000013

Local parameters and GOALs for phase spinel
******************************************************
SpacegroupNo=227
HermannMauguin=F4_1/d-32/m
XrayDensity=2.250
Rphase=15.54%
UNIT=NM
A=1.042685+-0.000026
k1=0
B1=0.01105+-0.00011
GrainSize(1,1,1)=38.42+-0.38
GEWICHT=SPHAR4, MeanValue(GEWICHT)=0.256699
Atomic positions for phase spinel
---------------------------------------------
 16     0.6250  0.6250  0.6250     E=(LI(0.1500))
  8     0.5000  0.5000  0.5000     E=(LI(0.4500))
 16     0.1250  0.1250  0.1250     E=(LI(0.3750),MG(0.3500),ZR(0.1000),SC(0.0500))
 32     0.8817  0.8817  0.8817     E=(CL(1.0000))
