Rietveld refinement to file(s) pattern.xy
BGMN version 4.2.23, 8282 measured points, 45 peaks, 29 parameters
Start: Thu Feb 26 14:58:22 2026; End: Thu Feb 26 14:58:24 2026
30 iteration steps

Rp=5.18%  Rpb=38.59%  R=6.91%  Rwp=6.71% Rexp=3.00%
Durbin-Watson d=0.43
1-rho=4.80%

Global parameters and GOALs
****************************
Qspinel=1.00000
EPS2=-0.001138+-0.000019

Local parameters and GOALs for phase spinel
******************************************************
SpacegroupNo=227
HermannMauguin=F4_1/d-32/m
XrayDensity=2.340
Rphase=10.50%
UNIT=NM
A=1.046918+-0.000045
k1=0.0100000
B1=0.01669+-0.00013
GrainSize(1,1,1)=25.21+-0.20
GEWICHT=SPHAR4, MeanValue(GEWICHT)=0.162173
Atomic positions for phase spinel
---------------------------------------------
 16     0.6250  0.6250  0.6250     E=(LI(0.1500))
  8     0.5000  0.5000  0.5000     E=(LI(0.4500))
 16     0.1250  0.1250  0.1250     E=(LI(0.3750),SC(0.2500),MN(0.2500))
 32     0.8817  0.8817  0.8817     E=(CL(1.0000))
