Rietveld refinement to file(s) pattern.xy
BGMN version 4.2.23, 8282 measured points, 93 peaks, 66 parameters
Start: Thu Feb 26 15:07:07 2026; End: Thu Feb 26 15:07:11 2026
64 iteration steps

Rp=8.17%  Rpb=31.83%  R=14.59%  Rwp=11.00% Rexp=3.20%
Durbin-Watson d=0.21
1-rho=4.64%

Global parameters and GOALs
****************************
Qspinel=0.7138+-0.0026
QLiCl225icsd269090=0.2346+-0.0023
QMgCl2166icsd261570=0.0516+-0.0013
EPS2=-0.000844+-0.000013

Local parameters and GOALs for phase spinel
******************************************************
SpacegroupNo=227
HermannMauguin=F4_1/d-32/m
XrayDensity=2.236
Rphase=17.02%
UNIT=NM
A=1.042321+-0.000027
k1=0.001+-0.039
B1=0.00967+-0.00027
GrainSize(1,1,1)=43.84+-0.72
GEWICHT=SPHAR4, MeanValue(GEWICHT)=0.208963
Atomic positions for phase spinel
---------------------------------------------
 16     0.6250  0.6250  0.6250     E=(LI(0.1600))
  8     0.5000  0.5000  0.5000     E=(LI(0.4800))
 16     0.1250  0.1250  0.1250     E=(LI(0.4000),MG(0.4000),ZR(0.1000))
 32     0.8817  0.8817  0.8817     E=(CL(1.0000))

Local parameters and GOALs for phase LiCl225icsd269090
******************************************************
SpacegroupNo=225
HermannMauguin=F4/m-32/m
XrayDensity=2.063
Rphase=17.16%
UNIT=NM
A=0.514837+-0.000014
k1=0.0100000
B1=0.00500000
GrainSize(1,1,1)=84.1811
GEWICHT=SPHAR4, MeanValue(GEWICHT)=0.0686706
Atomic positions for phase LiCl225icsd269090
---------------------------------------------
  4     0.0000  0.0000  0.0000     E=(LI+1(1.0000))
  4     0.5000  0.5000  0.5000     E=(CL-1(1.0000))

Local parameters and GOALs for phase MgCl2166icsd261570
******************************************************
SpacegroupNo=166
HermannMauguin=R-32/m
XrayDensity=2.376
Rphase=13.30%
UNIT=NM
A=0.361760+-0.000021
C=1.76147+-0.00032
k1=0.0100000
B1=0.00500000
GrainSize(1,1,1)=84.1811
GEWICHT=SPHAR4, MeanValue(GEWICHT)=0.0151035
Atomic positions for phase MgCl2166icsd261570
---------------------------------------------
  3     0.0000  0.0000  0.0000     E=(MG+2(1.0000))
  6     0.0000  0.0000  0.2730     E=(CL-1(1.0000))
