Rietveld refinement to file(s) pattern.xy
BGMN version 4.2.23, 8282 measured points, 45 peaks, 29 parameters
Start: Thu Feb 26 15:18:27 2026; End: Thu Feb 26 15:18:28 2026
26 iteration steps

Rp=3.07%  Rpb=46.54%  R=4.11%  Rwp=3.86% Rexp=2.32%
Durbin-Watson d=0.76
1-rho=5.74%

Global parameters and GOALs
****************************
Qspinel=1.00000
EPS2=-0.000418+-0.000026

Local parameters and GOALs for phase spinel
******************************************************
SpacegroupNo=227
HermannMauguin=F4_1/d-32/m
XrayDensity=2.581
Rphase=5.24%
UNIT=NM
A=1.029601+-0.000065
k1=0.0100000
B1=0.01943+-0.00016
GrainSize(1,1,1)=21.66+-0.18
GEWICHT=SPHAR4, MeanValue(GEWICHT)=0.114648
Atomic positions for phase spinel
---------------------------------------------
 16     0.6250  0.6250  0.6250     E=(LI(0.2000))
  8     0.5000  0.5000  0.5000     E=(LI(0.6000))
 16     0.1250  0.1250  0.1250     E=(LI(0.5000),FE(0.4000),NI(0.1000))
 32     0.8817  0.8817  0.8817     E=(CL(1.0000))
