Rietveld refinement to file(s) pattern.xy
BGMN version 4.2.23, 8282 measured points, 99 peaks, 51 parameters
Start: Thu Feb 26 15:02:49 2026; End: Thu Feb 26 15:02:54 2026
66 iteration steps

Rp=2.74%  Rpb=69.08%  R=3.59%  Rwp=3.44% Rexp=2.38%
Durbin-Watson d=0.98
1-rho=18.8%

Global parameters and GOALs
****************************
QLi229icsd446135=0.128+-0.017
Qspinel=0.867+-0.020
QLi6CoCl8225icsd20240131=0.005+-0.013
EPS2=-0.002995+-0.000083

Local parameters and GOALs for phase Li229icsd446135
******************************************************
SpacegroupNo=229
HermannMauguin=I4/m-32/m
XrayDensity=0.510
Rphase=3.24%
UNIT=NM
A=0.35616+-0.00017
k1=0.0100000
B1=0.00500000
GrainSize(1,1,1)=84.1811
GEWICHT=0.00669+-0.00099
Atomic positions for phase Li229icsd446135
---------------------------------------------
  2     0.0000  0.0000  0.0000     E=(LI(1.0000))

Local parameters and GOALs for phase spinel
******************************************************
SpacegroupNo=227
HermannMauguin=F4_1/d-32/m
XrayDensity=2.673
Rphase=4.30%
UNIT=NM
A=1.02755+-0.00020
k1=0.0100000
B1=0.02976+-0.00059
GrainSize(1,1,1)=14.14+-0.28
GEWICHT=SPHAR4, MeanValue(GEWICHT)=0.0453606
Atomic positions for phase spinel
---------------------------------------------
 16     0.6250  0.6250  0.6250     E=(LI(0.1600))
  8     0.5000  0.5000  0.5000     E=(LI(0.4800))
 16     0.1250  0.1250  0.1250     E=(LI(0.4000),ZR(0.1000),CO(0.4000))
 32     0.8817  0.8817  0.8817     E=(CL(1.0000))

Local parameters and GOALs for phase Li6CoCl8225icsd20240131
******************************************************
SpacegroupNo=225
HermannMauguin=F4/m-32/m
XrayDensity=2.289
Rphase=4.28%
UNIT=NM
A=1.03695+-0.00029
k1=0.0100000
B1=0.00500000
GrainSize(1,1,1)=84.1811
GEWICHT=SPHAR4, MeanValue(GEWICHT)=0.000275774
Atomic positions for phase Li6CoCl8225icsd20240131
---------------------------------------------
 24     0.0000  0.2500  0.2500     E=(LI+1(1.0000))
  4     0.0000  0.0000  0.0000     E=(CO+2(1.0000))
  8     0.2500  0.2500  0.2500     E=(CL-1(1.0000))
 24     0.2430  0.0000  0.0000     E=(CL-1(1.0000))
