Rietveld refinement to file(s) pattern.xy
BGMN version 4.2.23, 8282 measured points, 93 peaks, 47 parameters
Start: Thu Feb 26 15:17:22 2026; End: Thu Feb 26 15:17:24 2026
34 iteration steps

Rp=2.57%  Rpb=47.52%  R=4.01%  Rwp=3.54% Rexp=1.80%
Durbin-Watson d=0.53
1-rho=6.36%

Global parameters and GOALs
****************************
Qspinel=0.9728+-0.0037
QLi6FeCl8225icsd7321731=0.0272+-0.0037
EPS2=-0.004812+-0.000029

Local parameters and GOALs for phase spinel
******************************************************
SpacegroupNo=227
HermannMauguin=F4_1/d-32/m
XrayDensity=2.610
Rphase=6.42%
UNIT=NM
A=1.027432+-0.000071
k1=0.0100000
B1=0.01874+-0.00021
GrainSize(1,1,1)=22.46+-0.25
GEWICHT=SPHAR4, MeanValue(GEWICHT)=0.156061
Atomic positions for phase spinel
---------------------------------------------
 16     0.6250  0.6250  0.6250     E=(LI(0.2000))
  8     0.5000  0.5000  0.5000     E=(LI(0.6000))
 16     0.1250  0.1250  0.1250     E=(LI(0.5000),FE(0.2500),CO(0.2500))
 32     0.8817  0.8817  0.8817     E=(CL(1.0000))

Local parameters and GOALs for phase Li6FeCl8225icsd7321731
******************************************************
SpacegroupNo=225
HermannMauguin=F4/m-32/m
XrayDensity=2.274
Rphase=4.32%
UNIT=NM
A=1.03635+-0.00016
k1=0.0100000
B1=0.00500000
GrainSize(1,1,1)=84.1811
GEWICHT=SPHAR4, MeanValue(GEWICHT)=0.00436913
Atomic positions for phase Li6FeCl8225icsd7321731
---------------------------------------------
 24     0.0000  0.2500  0.2500     E=(LI+1(1.0000))
  4     0.0000  0.0000  0.0000     E=(FE+2(1.0000))
  8     0.2500  0.2500  0.2500     E=(CL-1(1.0000))
 24     0.2410  0.0000  0.0000     E=(CL-1(1.0000))
