Rietveld refinement to file(s) pattern.xy
BGMN version 4.2.23, 8282 measured points, 84 peaks, 34 parameters
Start: Thu Feb 26 15:04:54 2026; End: Thu Feb 26 15:04:57 2026
40 iteration steps

Rp=3.00%  Rpb=47.83%  R=4.20%  Rwp=3.93% Rexp=2.47%
Durbin-Watson d=0.82
1-rho=6.73%

Global parameters and GOALs
****************************
QFeCl2166icsd278100=0.0041+-0.0015
Qspinel=0.9959+-0.0015
EPS2=-0.002678+-0.000028

Local parameters and GOALs for phase FeCl2166icsd278100
******************************************************
SpacegroupNo=166
HermannMauguin=R-32/m
XrayDensity=3.172
Rphase=5.91%
UNIT=NM
A=0.36189+-0.00073
C=1.7549+-0.0064
k1=0
B1=0.00500000
GrainSize(1,1,1)=84.8826
GEWICHT=0.00039+-0.00015
Atomic positions for phase FeCl2166icsd278100
---------------------------------------------
  3     0.0000  0.0000  0.0000     E=(FE+2(1.0000))
  6     0.0000  0.0000  0.2500     E=(CL-1(1.0000))

Local parameters and GOALs for phase spinel
******************************************************
SpacegroupNo=227
HermannMauguin=F4_1/d-32/m
XrayDensity=2.524
Rphase=5.85%
UNIT=NM
A=1.039682+-0.000072
k1=0.0100000
B1=0.02040+-0.00019
GrainSize(1,1,1)=20.63+-0.19
GEWICHT=SPHAR4, MeanValue(GEWICHT)=0.0948614
Atomic positions for phase spinel
---------------------------------------------
 16     0.6250  0.6250  0.6250     E=(LI(0.1600))
  8     0.5000  0.5000  0.5000     E=(LI(0.4800))
 16     0.1250  0.1250  0.1250     E=(LI(0.4000),CR(0.1000),FE(0.4500))
 32     0.8817  0.8817  0.8817     E=(CL(1.0000))
