Rietveld refinement to file(s) pattern.xy
BGMN version 4.2.23, 8282 measured points, 142 peaks, 40 parameters
Start: Thu Feb 26 15:10:01 2026; End: Thu Feb 26 15:10:04 2026
40 iteration steps

Rp=1.80%  Rpb=50.72%  R=2.54%  Rwp=2.46% Rexp=1.54%
Durbin-Watson d=0.83
1-rho=8.41%

Global parameters and GOALs
****************************
Qspinel=0.8660+-0.0064
QLi2CoCl465icsd7322718=0.1340+-0.0064
EPS2=-0.004836+-0.000039

Local parameters and GOALs for phase spinel
******************************************************
SpacegroupNo=227
HermannMauguin=F4_1/d-32/m
XrayDensity=2.756
Rphase=3.79%
UNIT=NM
A=1.02696+-0.00014
k1=0.0100000
B1=0.03477+-0.00057
GrainSize(1,1,1)=12.11+-0.20
GEWICHT=SPHAR4, MeanValue(GEWICHT)=0.119964
Atomic positions for phase spinel
---------------------------------------------
 16     0.6250  0.6250  0.6250     E=(LI(0.1700))
  8     0.5000  0.5000  0.5000     E=(LI(0.5100))
 16     0.1250  0.1250  0.1250     E=(LI(0.4250),TA(0.0500),CO(0.4500))
 32     0.8817  0.8817  0.8817     E=(CL(1.0000))

Local parameters and GOALs for phase Li2CoCl465icsd7322718
******************************************************
SpacegroupNo=65
HermannMauguin=C2/m2/m2/m
XrayDensity=2.604
Rphase=3.59%
UNIT=NM
A=0.72711+-0.00034
B=1.03425+-0.00014
C=0.36396+-0.00015
k1=0.0100000
B1=0.00500000
GrainSize(1,1,1)=84.1811
GEWICHT=SPHAR2, MeanValue(GEWICHT)=0.0185616
Atomic positions for phase Li2CoCl465icsd7322718
---------------------------------------------
  4     0.2500  0.2500  0.5000     E=(LI+1(1.0000))
  2     0.0000  0.0000  0.0000     E=(CO+2(1.0000))
  4     0.2331  0.0000  0.5000     E=(CL-1(1.0000))
  4     0.0000  0.7600  0.0000     E=(CL-1(1.0000))
