Rietveld refinement to file(s) pattern.xy
BGMN version 4.2.23, 8282 measured points, 54 peaks, 33 parameters
Start: Thu Feb 26 15:09:02 2026; End: Thu Feb 26 15:09:04 2026
29 iteration steps

Rp=4.85%  Rpb=56.38%  R=7.15%  Rwp=6.99% Rexp=2.89%
Durbin-Watson d=0.38
1-rho=22.4%

Global parameters and GOALs
****************************
Qspinel=0.9767+-0.0020
QLiCl=0.0233+-0.0020
EPS2=-0.00775+-0.00017

Local parameters and GOALs for phase spinel
******************************************************
SpacegroupNo=227
HermannMauguin=F4_1/d-32/m
XrayDensity=2.663
Rphase=9.83%
UNIT=NM
A=1.02330+-0.00044
k1=0.0100000
B1=0.0800000
GrainSize(1,1,1)=5.26132
GEWICHT=SPHAR4, MeanValue(GEWICHT)=0.104105
Atomic positions for phase spinel
---------------------------------------------
 16     0.6250  0.6250  0.6250     E=(LI(0.1700))
  8     0.5000  0.5000  0.5000     E=(LI(0.5100))
 16     0.1250  0.1250  0.1250     E=(LI(0.4250),ZR(0.0500),V(0.0500),NI(0.4000))
 32     0.8817  0.8817  0.8817     E=(CL(1.0000))

Local parameters and GOALs for phase LiCl
******************************************************
SpacegroupNo=225
HermannMauguin=F4/m-32/m
XrayDensity=1.918
Rphase=10.11%
UNIT=NM
A=0.52753+-0.00026
k1=0.0100000
B1=0.00500000
GrainSize(1,1,1)=84.1811
GEWICHT=0.00249+-0.00022
Atomic positions for phase LiCl
---------------------------------------------
  4     0.0000  0.0000  0.0000     E=(LI+1(1.0000))
  4     0.5000  0.5000  0.5000     E=(CL-1(1.0000))
