Rietveld refinement to file(s) pattern.xy
BGMN version 4.2.23, 8282 measured points, 93 peaks, 66 parameters
Start: Thu Feb 26 15:14:37 2026; End: Thu Feb 26 15:14:43 2026
84 iteration steps

Rp=6.96%  Rpb=26.38%  R=9.94%  Rwp=9.78% Rexp=3.28%
Durbin-Watson d=0.26
1-rho=3.34%

Global parameters and GOALs
****************************
Qspinel=0.7201+-0.0021
QLiCl225icsd269090=0.2101+-0.0019
QMgCl2166icsd261570=0.0698+-0.0013
EPS2=-0.001095+-0.000010

Local parameters and GOALs for phase spinel
******************************************************
SpacegroupNo=227
HermannMauguin=F4_1/d-32/m
XrayDensity=2.150
Rphase=14.14%
UNIT=NM
A=1.041233+-0.000023
k1=0
B1=0.00941+-0.00011
GrainSize(1,1,1)=45.13+-0.54
GEWICHT=SPHAR4, MeanValue(GEWICHT)=0.190120
Atomic positions for phase spinel
---------------------------------------------
  8     0.5000  0.5000  0.5000     E=(LI(0.5400))
 16     0.6250  0.6250  0.6250     E=(LI(0.1800))
 16     0.1250  0.1250  0.1250     E=(LI(0.4500),MG(0.4000),SC(0.1000))
 32     0.8817  0.8817  0.8817     E=(CL(1.0000))

Local parameters and GOALs for phase LiCl225icsd269090
******************************************************
SpacegroupNo=225
HermannMauguin=F4/m-32/m
XrayDensity=2.067
Rphase=19.09%
UNIT=NM
A=0.514506+-0.000012
k1=0.0100000
B1=0.00500000
GrainSize(1,1,1)=84.1811
GEWICHT=SPHAR4, MeanValue(GEWICHT)=0.0554847
Atomic positions for phase LiCl225icsd269090
---------------------------------------------
  4     0.0000  0.0000  0.0000     E=(LI+1(1.0000))
  4     0.5000  0.5000  0.5000     E=(CL-1(1.0000))

Local parameters and GOALs for phase MgCl2166icsd261570
******************************************************
SpacegroupNo=166
HermannMauguin=R-32/m
XrayDensity=2.366
Rphase=10.18%
UNIT=NM
A=0.361589+-0.000015
C=1.77063+-0.00015
k1=0.0100000
B1=0.00500000
GrainSize(1,1,1)=84.1811
GEWICHT=SPHAR4, MeanValue(GEWICHT)=0.0184255
Atomic positions for phase MgCl2166icsd261570
---------------------------------------------
  3     0.0000  0.0000  0.0000     E=(MG+2(1.0000))
  6     0.0000  0.0000  0.2730     E=(CL-1(1.0000))
