Rietveld refinement to file(s) pattern.xy
BGMN version 4.2.23, 8282 measured points, 45 peaks, 29 parameters
Start: Thu Feb 26 16:58:50 2026; End: Thu Feb 26 16:58:51 2026
23 iteration steps

Rp=3.23%  Rpb=53.68%  R=4.59%  Rwp=4.44% Rexp=2.50%
Durbin-Watson d=0.71
1-rho=10.2%

Global parameters and GOALs
****************************
Qspinel=1.00000
EPS2=-0.004671+-0.000040

Local parameters and GOALs for phase spinel
******************************************************
SpacegroupNo=227
HermannMauguin=F4_1/d-32/m
XrayDensity=2.545
Rphase=7.59%
UNIT=NM
A=1.04196+-0.00011
k1=0.0100000
B1=0.02345+-0.00026
GrainSize(1,1,1)=17.95+-0.20
GEWICHT=SPHAR4, MeanValue(GEWICHT)=0.0828279
Atomic positions for phase spinel
---------------------------------------------
  8     0.5000  0.5000  0.5000     E=(LI(0.5400))
 16     0.6250  0.6250  0.6250     E=(LI(0.1800))
 16     0.1250  0.1250  0.1250     E=(LI(0.4500),Y(0.1000),FE(0.4000))
 32     0.8817  0.8817  0.8817     E=(CL(1.0000))
