Rietveld refinement to file(s) pattern.xy
BGMN version 4.2.23, 8282 measured points, 54 peaks, 47 parameters
Start: Thu Feb 26 15:18:40 2026; End: Thu Feb 26 15:18:42 2026
26 iteration steps

Rp=4.50%  Rpb=39.76%  R=8.14%  Rwp=5.90% Rexp=2.54%
Durbin-Watson d=0.38
1-rho=4.88%

Global parameters and GOALs
****************************
Qspinel=0.8956+-0.0016
QLiCl225icsd269090=0.1044+-0.0016
EPS2=-0.000882+-0.000012

Local parameters and GOALs for phase spinel
******************************************************
SpacegroupNo=227
HermannMauguin=F4_1/d-32/m
XrayDensity=2.416
Rphase=7.99%
UNIT=NM
A=1.050150+-0.000029
k1=0
B1=0.00821+-0.00010
GrainSize(1,1,1)=51.71+-0.65
GEWICHT=SPHAR4, MeanValue(GEWICHT)=0.155651
Atomic positions for phase spinel
---------------------------------------------
 16     0.6250  0.6250  0.6250     E=(LI(0.2000))
  8     0.5000  0.5000  0.5000     E=(LI(0.6000))
 16     0.1250  0.1250  0.1250     E=(LI(0.5000),MN(0.5000))
 32     0.8817  0.8817  0.8817     E=(CL(1.0000))

Local parameters and GOALs for phase LiCl225icsd269090
******************************************************
SpacegroupNo=225
HermannMauguin=F4/m-32/m
XrayDensity=2.064
Rphase=6.89%
UNIT=NM
A=0.514744+-0.000027
k1=0.0100000
B1=0.00500000
GrainSize(1,1,1)=84.1811
GEWICHT=SPHAR4, MeanValue(GEWICHT)=0.0181515
Atomic positions for phase LiCl225icsd269090
---------------------------------------------
  4     0.0000  0.0000  0.0000     E=(LI+1(1.0000))
  4     0.5000  0.5000  0.5000     E=(CL-1(1.0000))
