Rietveld refinement to file(s) pattern.xy
BGMN version 4.2.23, 8282 measured points, 93 peaks, 47 parameters
Start: Thu Feb 26 15:10:55 2026; End: Thu Feb 26 15:10:58 2026
38 iteration steps

Rp=3.70%  Rpb=37.46%  R=5.32%  Rwp=4.70% Rexp=2.81%
Durbin-Watson d=0.75
1-rho=3.26%

Global parameters and GOALs
****************************
QLi10352V9648Cl32216icsd50006None=0.0385+-0.0038
Qspinel=0.9615+-0.0038
EPS2=-0.0001718+-0.0000099

Local parameters and GOALs for phase Li10352V9648Cl32216icsd50006None
******************************************************
SpacegroupNo=216
HermannMauguin=F-43m
XrayDensity=2.488
Rphase=6.33%
UNIT=NM
A=1.042476+-0.000082
k1=0.0100000
B1=0.00225+-0.00062
GrainSize(1,1,1)=187+-51
GEWICHT=SPHAR4, MeanValue(GEWICHT)=0.00477881
Atomic positions for phase Li10352V9648Cl32216icsd50006None
---------------------------------------------
  4     0.0000  0.0000  0.0000     E=(LI+1(1.0000))
 16     0.6259  0.6259  0.6259     E=(LI+1(0.3970),V(0.6030))
 16     0.3822  0.3822  0.3822     E=(CL-1(1.0000))
 16     0.8686  0.8686  0.8686     E=(CL-1(1.0000))

Local parameters and GOALs for phase spinel
******************************************************
SpacegroupNo=227
HermannMauguin=F4_1/d-32/m
XrayDensity=2.426
Rphase=6.91%
UNIT=NM
A=1.048892+-0.000022
k1=0.0100000
B1=0.007777+-0.000090
GrainSize(1,1,1)=54.12+-0.62
GEWICHT=SPHAR4, MeanValue(GEWICHT)=0.119388
Atomic positions for phase spinel
---------------------------------------------
 16     0.6250  0.6250  0.6250     E=(LI(0.1700))
  8     0.5000  0.5000  0.5000     E=(LI(0.5100))
 16     0.1250  0.1250  0.1250     E=(LI(0.4250),MN(0.4250),NB(0.0150),V(0.0750))
 32     0.8817  0.8817  0.8817     E=(CL(1.0000))
