Rietveld refinement to file(s) pattern.xy
BGMN version 4.2.23, 8282 measured points, 95 peaks, 66 parameters
Start: Thu Feb 26 14:58:00 2026; End: Thu Feb 26 14:58:04 2026
51 iteration steps

Rp=4.13%  Rpb=40.06%  R=5.93%  Rwp=5.49% Rexp=2.36%
Durbin-Watson d=0.39
1-rho=5.88%

Global parameters and GOALs
****************************
QMnCl2166icsd337520=0.0916+-0.0027
Qspinel=0.7675+-0.0038
QLiCl225icsd269090=0.1410+-0.0025
EPS2=-0.002846+-0.000024

Local parameters and GOALs for phase MnCl2166icsd337520
******************************************************
SpacegroupNo=166
HermannMauguin=R-32/m
XrayDensity=3.000
Rphase=7.21%
UNIT=NM
A=0.370767+-0.000042
C=1.75544+-0.00025
k1=0.0100000
B1=0.00500000
GrainSize(1,1,1)=84.1811
GEWICHT=SPHAR4, MeanValue(GEWICHT)=0.0161624
Atomic positions for phase MnCl2166icsd337520
---------------------------------------------
  3     0.0000  0.0000  0.0000     E=(MN+2(1.0000))
  6     0.0000  0.0000  0.2545     E=(CL-1(1.0000))

Local parameters and GOALs for phase spinel
******************************************************
SpacegroupNo=227
HermannMauguin=F4_1/d-32/m
XrayDensity=2.583
Rphase=7.82%
UNIT=NM
A=1.042107+-0.000075
k1=0.0100000
B1=0.02692+-0.00031
GrainSize(1,1,1)=15.64+-0.18
GEWICHT=SPHAR4, MeanValue(GEWICHT)=0.135456
Atomic positions for phase spinel
---------------------------------------------
 16     0.6250  0.6250  0.6250     E=(LI(0.1500))
  8     0.5000  0.5000  0.5000     E=(LI(0.4500))
 16     0.1250  0.1250  0.1250     E=(LI(0.3750),TA(0.0500),MN(0.2000),V(0.1000),NI(0.1500))
 32     0.8817  0.8817  0.8817     E=(CL(1.0000))

Local parameters and GOALs for phase LiCl225icsd269090
******************************************************
SpacegroupNo=225
HermannMauguin=F4/m-32/m
XrayDensity=2.055
Rphase=9.26%
UNIT=NM
A=0.515569+-0.000033
k1=0.0100000
B1=0.00500000
GrainSize(1,1,1)=84.1811
GEWICHT=SPHAR4, MeanValue(GEWICHT)=0.0248825
Atomic positions for phase LiCl225icsd269090
---------------------------------------------
  4     0.0000  0.0000  0.0000     E=(LI+1(1.0000))
  4     0.5000  0.5000  0.5000     E=(CL-1(1.0000))
