Rietveld refinement to file(s) pattern.xy
BGMN version 4.2.23, 8282 measured points, 419 peaks, 67 parameters
Start: Thu Feb 26 15:19:27 2026; End: Thu Feb 26 15:19:32 2026
40 iteration steps

Rp=6.85%  Rpb=37.26%  R=9.81%  Rwp=9.96% Rexp=3.33%
Durbin-Watson d=0.28
1-rho=7.55%

Global parameters and GOALs
****************************
Qspinel=0.4038+-0.0049
QLi2MgCl4227icsd74957None=0.3487+-0.0042
QLi2ZnCl462icsd732222=0.2474+-0.0025
EPS2=-0.000240+-0.000016

Local parameters and GOALs for phase spinel
******************************************************
SpacegroupNo=227
HermannMauguin=F4_1/d-32/m
XrayDensity=2.395
Rphase=20.15%
UNIT=NM
A=1.036063+-0.000055
k1=0.0100000
B1=0.01396+-0.00033
GrainSize(1,1,1)=30.15+-0.72
GEWICHT=SPHAR4, MeanValue(GEWICHT)=0.0683086
Atomic positions for phase spinel
---------------------------------------------
 16     0.6250  0.6250  0.6250     E=(LI(0.2000))
  8     0.5000  0.5000  0.5000     E=(LI(0.6000))
 16     0.1250  0.1250  0.1250     E=(LI(0.5000),MG(0.2500),ZN(0.2500))
 32     0.8817  0.8817  0.8817     E=(CL(1.0000))

Local parameters and GOALs for phase Li2MgCl4227icsd74957None
******************************************************
SpacegroupNo=227
HermannMauguin=F4_1/d-32/m
XrayDensity=2.111
Rphase=14.65%
UNIT=NM
A=1.042456+-0.000034
k1=0.0100000
B1=0.00500000
GrainSize(1,1,1)=84.1811
GEWICHT=SPHAR4, MeanValue(GEWICHT)=0.0589852
Atomic positions for phase Li2MgCl4227icsd74957None
---------------------------------------------
  8     0.5000  0.5000  0.5000     E=(LI+1(1.0000))
 16     0.1250  0.1250  0.1250     E=(LI+1(0.5000),MG+2(0.5000))
 32     0.8820  0.8820  0.8820     E=(CL-1(1.0000))

Local parameters and GOALs for phase Li2ZnCl462icsd732222
******************************************************
SpacegroupNo=62
HermannMauguin=P2_1/n2_1/m2_1/a
XrayDensity=2.519
Rphase=9.98%
UNIT=NM
A=1.27982+-0.00012
B=0.744187+-0.000086
C=0.611923+-0.000056
k1=0.0100000
B1=0.00500000
GrainSize(1,1,1)=84.1811
GEWICHT=SPHAR4, MeanValue(GEWICHT)=0.0418554
Atomic positions for phase Li2ZnCl462icsd732222
---------------------------------------------
  4     0.0000  0.0000  0.0000     E=(LI+1(1.0000))
  4     0.7692  0.2500  0.5136     E=(LI+1(1.0000))
  4     0.5902  0.2500  0.0826     E=(ZN+2(1.0000))
  4     0.5916  0.2500  0.7172     E=(CL-1(1.0000))
  4     0.9271  0.2500  0.2577     E=(CL-1(1.0000))
  8     0.6672  0.0067  0.2478     E=(CL-1(1.0000))
