Rietveld refinement to file(s) pattern.xy
BGMN version 4.2.23, 8282 measured points, 45 peaks, 29 parameters
Start: Thu Feb 26 14:58:44 2026; End: Thu Feb 26 14:58:46 2026
32 iteration steps

Rp=4.53%  Rpb=56.55%  R=5.47%  Rwp=5.87% Rexp=3.19%
Durbin-Watson d=0.65
1-rho=11.8%

Global parameters and GOALs
****************************
Qspinel=1.00000
EPS2=0.000119+-0.000041

Local parameters and GOALs for phase spinel
******************************************************
SpacegroupNo=227
HermannMauguin=F4_1/d-32/m
XrayDensity=2.634
Rphase=8.52%
UNIT=NM
A=1.051590+-0.000099
k1=0
B1=0.02455+-0.00030
GrainSize(1,1,1)=17.29+-0.21
GEWICHT=SPHAR4, MeanValue(GEWICHT)=0.0575839
Atomic positions for phase spinel
---------------------------------------------
 16     0.6250  0.6250  0.6250     E=(LI(0.1500))
  8     0.5000  0.5000  0.5000     E=(LI(0.4500))
 16     0.1250  0.1250  0.1250     E=(LI(0.3750),Y(0.1250),MN(0.2500),IN(0.1250))
 32     0.8817  0.8817  0.8817     E=(CL(1.0000))
