Rietveld refinement to file(s) pattern.xy
BGMN version 4.2.23, 8282 measured points, 45 peaks, 29 parameters
Start: Thu Feb 26 14:48:31 2026; End: Thu Feb 26 14:48:33 2026
26 iteration steps

Rp=2.17%  Rpb=63.47%  R=3.21%  Rwp=2.99% Rexp=1.70%
Durbin-Watson d=0.66
1-rho=14.5%

Global parameters and GOALs
****************************
Qspinel=1.00000
EPS2=-0.002956+-0.000051

Local parameters and GOALs for phase spinel
******************************************************
SpacegroupNo=227
HermannMauguin=F4_1/d-32/m
XrayDensity=2.859
Rphase=4.96%
UNIT=NM
A=1.02948+-0.00014
k1=0.0100000
B1=0.02680+-0.00038
GrainSize(1,1,1)=15.70+-0.22
GEWICHT=SPHAR4, MeanValue(GEWICHT)=0.0934993
Atomic positions for phase spinel
---------------------------------------------
 16     0.6250  0.6250  0.6250     E=(LI(0.1400))
  8     0.5000  0.5000  0.5000     E=(LI(0.4200))
 16     0.1250  0.1250  0.1250     E=(LI(0.3500),TA(0.1000),CO(0.4000))
 32     0.8817  0.8817  0.8817     E=(CL(1.0000))
