Rietveld refinement to file(s) pattern.xy
BGMN version 4.2.23, 8282 measured points, 54 peaks, 33 parameters
Start: Thu Feb 26 15:13:28 2026; End: Thu Feb 26 15:13:30 2026
26 iteration steps

Rp=3.42%  Rpb=47.83%  R=6.16%  Rwp=4.81% Rexp=2.06%
Durbin-Watson d=0.38
1-rho=6.23%

Global parameters and GOALs
****************************
Qspinel=0.9723+-0.0023
QLiCl=0.0277+-0.0023
EPS2=-0.000892+-0.000021

Local parameters and GOALs for phase spinel
******************************************************
SpacegroupNo=227
HermannMauguin=F4_1/d-32/m
XrayDensity=2.486
Rphase=8.60%
UNIT=NM
A=1.038119+-0.000056
k1=0.0100000
B1=0.01456+-0.00016
GrainSize(1,1,1)=28.91+-0.33
GEWICHT=SPHAR4, MeanValue(GEWICHT)=0.161153
Atomic positions for phase spinel
---------------------------------------------
  8     0.5000  0.5000  0.5000     E=(LI(0.5400))
 16     0.6250  0.6250  0.6250     E=(LI(0.1800))
 16     0.1250  0.1250  0.1250     E=(LI(0.4500),CR(0.1000),FE(0.4000))
 32     0.8817  0.8817  0.8817     E=(CL(1.0000))

Local parameters and GOALs for phase LiCl
******************************************************
SpacegroupNo=225
HermannMauguin=F4/m-32/m
XrayDensity=2.002
Rphase=7.47%
UNIT=NM
A=0.520010+-0.000038
k1=UNDEF
B1=0
GrainSize(1,1,1)=ERROR
GEWICHT=0.00459+-0.00039
Atomic positions for phase LiCl
---------------------------------------------
  4     0.0000  0.0000  0.0000     E=(LI+1(1.0000))
  4     0.5000  0.5000  0.5000     E=(CL-1(1.0000))
