Rietveld refinement to file(s) pattern.xy
BGMN version 4.2.23, 8282 measured points, 45 peaks, 29 parameters
Start: Thu Feb 26 14:50:10 2026; End: Thu Feb 26 14:50:11 2026
22 iteration steps

Rp=2.85%  Rpb=54.22%  R=3.87%  Rwp=3.65% Rexp=2.37%
Durbin-Watson d=0.89
1-rho=8.40%

Global parameters and GOALs
****************************
Qspinel=1.00000
EPS2=-0.003526+-0.000028

Local parameters and GOALs for phase spinel
******************************************************
SpacegroupNo=227
HermannMauguin=F4_1/d-32/m
XrayDensity=2.638
Rphase=5.49%
UNIT=NM
A=1.037913+-0.000076
k1=0
B1=0.01783+-0.00019
GrainSize(1,1,1)=23.80+-0.26
GEWICHT=SPHAR4, MeanValue(GEWICHT)=0.0719548
Atomic positions for phase spinel
---------------------------------------------
 16     0.6250  0.6250  0.6250     E=(LI(0.1400))
  8     0.5000  0.5000  0.5000     E=(LI(0.4200))
 16     0.1250  0.1250  0.1250     E=(LI(0.3500),ZR(0.0500),FE(0.5500))
 32     0.8817  0.8817  0.8817     E=(CL(1.0000))
