Rietveld refinement to file(s) pattern.xy
BGMN version 4.2.23, 8282 measured points, 54 peaks, 47 parameters
Start: Thu Feb 26 14:47:39 2026; End: Thu Feb 26 14:47:41 2026
26 iteration steps

Rp=2.98%  Rpb=40.64%  R=4.22%  Rwp=3.82% Rexp=2.35%
Durbin-Watson d=0.80
1-rho=4.10%

Global parameters and GOALs
****************************
Qspinel=0.8924+-0.0030
QLiCl225icsd269090=0.1076+-0.0030
EPS2=-0.002566+-0.000018

Local parameters and GOALs for phase spinel
******************************************************
SpacegroupNo=227
HermannMauguin=F4_1/d-32/m
XrayDensity=2.763
Rphase=5.99%
UNIT=NM
A=1.040031+-0.000048
k1=0.0100000
B1=0.01700+-0.00015
GrainSize(1,1,1)=24.75+-0.21
GEWICHT=SPHAR4, MeanValue(GEWICHT)=0.104178
Atomic positions for phase spinel
---------------------------------------------
  8     0.5000  0.5000  0.5000     E=(LI(0.3900))
 16     0.6250  0.6250  0.6250     E=(LI(0.1300))
 16     0.1250  0.1250  0.1250     E=(LI(0.3250),MN(0.1500),NB(0.0500),IN(0.2000),FE(0.0500),CO(0.0500))
 32     0.8817  0.8817  0.8817     E=(CL(1.0000))

Local parameters and GOALs for phase LiCl225icsd269090
******************************************************
SpacegroupNo=225
HermannMauguin=F4/m-32/m
XrayDensity=2.021
Rphase=5.39%
UNIT=NM
A=0.518401+-0.000040
k1=0.0100000
B1=0.00500000
GrainSize(1,1,1)=84.1811
GEWICHT=SPHAR4, MeanValue(GEWICHT)=0.0125640
Atomic positions for phase LiCl225icsd269090
---------------------------------------------
  4     0.0000  0.0000  0.0000     E=(LI+1(1.0000))
  4     0.5000  0.5000  0.5000     E=(CL-1(1.0000))
