Rietveld refinement to file(s) pattern.xy
BGMN version 4.2.23, 8282 measured points, 45 peaks, 29 parameters
Start: Thu Feb 26 16:58:06 2026; End: Thu Feb 26 16:58:08 2026
27 iteration steps

Rp=4.98%  Rpb=51.37%  R=10.76%  Rwp=7.56% Rexp=2.38%
Durbin-Watson d=0.21
1-rho=12.2%

Global parameters and GOALs
****************************
Qspinel=1.00000
EPS2=-0.003239+-0.000044

Local parameters and GOALs for phase spinel
******************************************************
SpacegroupNo=227
HermannMauguin=F4_1/d-32/m
XrayDensity=2.490
Rphase=11.78%
UNIT=NM
A=1.03216+-0.00011
k1=0.0100000
B1=0.02321+-0.00028
GrainSize(1,1,1)=18.13+-0.22
GEWICHT=SPHAR4, MeanValue(GEWICHT)=0.163774
Atomic positions for phase spinel
---------------------------------------------
 16     0.6250  0.6250  0.6250     E=(LI(0.1500))
  8     0.5000  0.5000  0.5000     E=(LI(0.4500))
 16     0.1250  0.1250  0.1250     E=(LI(0.3750),CR(0.2500),FE(0.2500))
 32     0.8817  0.8817  0.8817     E=(CL(1.0000))
