Rietveld refinement to file(s) pattern.xy
BGMN version 4.2.23, 8282 measured points, 93 peaks, 47 parameters
Start: Thu Feb 26 14:56:55 2026; End: Thu Feb 26 14:56:59 2026
40 iteration steps

Rp=9.13%  Rpb=36.01%  R=16.56%  Rwp=13.17% Rexp=3.35%
Durbin-Watson d=0.15
1-rho=7.33%

Global parameters and GOALs
****************************
QLi10352V9648Cl32216icsd50006None=0.2682+-0.0031
Qspinel=0.7318+-0.0031
EPS2=-0.002681+-0.000022

Local parameters and GOALs for phase Li10352V9648Cl32216icsd50006None
******************************************************
SpacegroupNo=216
HermannMauguin=F-43m
XrayDensity=2.499
Rphase=19.89%
UNIT=NM
A=1.041047+-0.000045
k1=0.0100000
B1=0.00500000
GrainSize(1,1,1)=84.1811
GEWICHT=SPHAR4, MeanValue(GEWICHT)=0.0699069
Atomic positions for phase Li10352V9648Cl32216icsd50006None
---------------------------------------------
  4     0.0000  0.0000  0.0000     E=(LI+1(1.0000))
 16     0.6259  0.6259  0.6259     E=(LI+1(0.3970),V(0.6030))
 16     0.3822  0.3822  0.3822     E=(CL-1(1.0000))
 16     0.8686  0.8686  0.8686     E=(CL-1(1.0000))

Local parameters and GOALs for phase spinel
******************************************************
SpacegroupNo=227
HermannMauguin=F4_1/d-32/m
XrayDensity=2.297
Rphase=17.82%
UNIT=NM
A=1.029581+-0.000054
k1=0
B1=0.02374+-0.00031
GrainSize(1,1,1)=17.88+-0.23
GEWICHT=SPHAR4, MeanValue(GEWICHT)=0.190753
Atomic positions for phase spinel
---------------------------------------------
 16     0.6250  0.6250  0.6250     E=(LI(0.1500))
  8     0.5000  0.5000  0.5000     E=(LI(0.4500))
 16     0.1250  0.1250  0.1250     E=(LI(0.3750),MG(0.3500),NB(0.0500),V(0.1000))
 32     0.8817  0.8817  0.8817     E=(CL(1.0000))
