Rietveld refinement to file(s) pattern.xy
BGMN version 4.2.23, 8282 measured points, 45 peaks, 29 parameters
Start: Thu Feb 26 14:51:13 2026; End: Thu Feb 26 14:51:15 2026
29 iteration steps

Rp=8.12%  Rpb=36.31%  R=17.19%  Rwp=10.93% Rexp=3.39%
Durbin-Watson d=0.21
1-rho=5.27%

Global parameters and GOALs
****************************
Qspinel=1.00000
EPS2=-0.000375+-0.000011

Local parameters and GOALs for phase spinel
******************************************************
SpacegroupNo=227
HermannMauguin=F4_1/d-32/m
XrayDensity=2.225
Rphase=19.10%
UNIT=NM
A=1.042116+-0.000020
k1=0.0100000
B1=0.006824+-0.000087
GrainSize(1,1,1)=61.68+-0.79
GEWICHT=SPHAR4, MeanValue(GEWICHT)=0.226101
Atomic positions for phase spinel
---------------------------------------------
 16     0.6250  0.6250  0.6250     E=(LI(0.1400))
  8     0.5000  0.5000  0.5000     E=(LI(0.4200))
 16     0.1250  0.1250  0.1250     E=(LI(0.3500),MG(0.4000),NB(0.1000))
 32     0.8817  0.8817  0.8817     E=(CL(1.0000))
