Rietveld refinement to file(s) pattern.xy
BGMN version 4.2.23, 8282 measured points, 562 peaks, 62 parameters
Start: Thu Feb 26 15:08:25 2026; End: Thu Feb 26 15:08:44 2026
142 iteration steps

Rp=6.41%  Rpb=63.02%  R=9.54%  Rwp=9.41% Rexp=2.86%
Durbin-Watson d=0.21
1-rho=18.5%

Global parameters and GOALs
****************************
QLi6In212Cl1212icsd17638None=0.1336+-0.0076
QYCl312icsd156840=0.1310+-0.0042
QNiCl2166icsd142080=0.2848+-0.0054
QLiCl225icsd269090=0.4506+-0.0071
EPS2=-0.000779+-0.000022

Local parameters and GOALs for phase Li6In212Cl1212icsd17638None
******************************************************
SpacegroupNo=12
HermannMauguin=C12/m1
XrayDensity=2.797
Rphase=15.11%
UNIT=NM
A=0.65144+-0.00018
B=1.09615+-0.00036
C=0.63089+-0.00019
BETA=110.553+-0.023
k1=0.0100000
B1=0.00355+-0.00073
GrainSize(1,1,1)=119+-24
GEWICHT=0.00954+-0.00060
Atomic positions for phase Li6In212Cl1212icsd17638None
---------------------------------------------
  2     0.0000  0.5000  0.5000     E=(LI+1(1.0000))
  4     0.0000  0.1683  0.5000     E=(LI+1(1.0000))
  4     0.0000  0.3333  0.0000     E=(IN+3(0.5300))
  4     0.7550  0.0000  0.2338     E=(CL-1(1.0000))
  8     0.7579  0.1622  0.7601     E=(CL-1(1.0000))

Local parameters and GOALs for phase YCl312icsd156840
******************************************************
SpacegroupNo=12
HermannMauguin=C12/m1
XrayDensity=2.550
Rphase=10.83%
UNIT=NM
A=0.69478+-0.00026
B=1.17557+-0.00043
C=0.66252+-0.00023
BETA=109.977+-0.026
k1=0.0100000
B1=0.00500000
GrainSize(1,1,1)=84.1811
GEWICHT=0.00935+-0.00034
Atomic positions for phase YCl312icsd156840
---------------------------------------------
  4     0.0000  0.1660  0.0000     E=(Y+3(1.0000))
  4     0.7890  0.0000  0.7530     E=(CL-1(1.0000))
  8     0.7710  0.1790  0.2400     E=(CL-1(1.0000))

Local parameters and GOALs for phase NiCl2166icsd142080
******************************************************
SpacegroupNo=166
HermannMauguin=R-32/m
XrayDensity=3.530
Rphase=14.60%
UNIT=NM
A=0.349043+-0.000025
C=1.73377+-0.00021
k1=0.0100000
B1=0.00500000
GrainSize(1,1,1)=84.1811
GEWICHT=SPHAR4, MeanValue(GEWICHT)=0.0203307
Atomic positions for phase NiCl2166icsd142080
---------------------------------------------
  3     0.0000  0.0000  0.0000     E=(NI+2(1.0000))
  6     0.0000  0.0000  0.2551     E=(CL-1(1.0000))

Local parameters and GOALs for phase LiCl225icsd269090
******************************************************
SpacegroupNo=225
HermannMauguin=F4/m-32/m
XrayDensity=2.078
Rphase=14.80%
UNIT=NM
A=0.513637+-0.000026
k1=0.0100000
B1=0.00500000
GrainSize(1,1,1)=84.1811
GEWICHT=SPHAR4, MeanValue(GEWICHT)=0.0321652
Atomic positions for phase LiCl225icsd269090
---------------------------------------------
  4     0.0000  0.0000  0.0000     E=(LI+1(1.0000))
  4     0.5000  0.5000  0.5000     E=(CL-1(1.0000))
