Rietveld refinement to file(s) pattern.xy
BGMN version 4.2.23, 8282 measured points, 212 peaks, 54 parameters
Start: Thu Feb 26 15:12:47 2026; End: Thu Feb 26 15:12:55 2026
92 iteration steps

Rp=8.86%  Rpb=36.80%  R=14.62%  Rwp=12.29% Rexp=3.29%
Durbin-Watson d=0.17
1-rho=6.63%

Global parameters and GOALs
****************************
QLi2CrCl412icsd40303550=0.0220+-0.0021
Qspinel=0.8214+-0.0030
QLiCl225icsd269090=0.1566+-0.0023
EPS2=-0.003184+-0.000022

Local parameters and GOALs for phase Li2CrCl412icsd40303550
******************************************************
SpacegroupNo=12
HermannMauguin=C12/m1
XrayDensity=2.341
Rphase=15.34%
UNIT=NM
A=0.74165+-0.00077
B=1.02413+-0.00091
C=0.38951+-0.00032
BETA=95.159+-0.066
k1=0.0100000
B1=0.00500000
GrainSize(1,1,1)=84.1811
GEWICHT=0.00553+-0.00054
Atomic positions for phase Li2CrCl412icsd40303550
---------------------------------------------
  4     0.2500  0.2500  0.5000     E=(LI+1(1.0000))
  2     0.0000  0.0000  0.0000     E=(CR+2(1.0000))
  4     0.7580  0.0000  0.5250     E=(CL-1(1.0000))
  4     0.0000  0.2340  0.0000     E=(CL-1(1.0000))

Local parameters and GOALs for phase spinel
******************************************************
SpacegroupNo=227
HermannMauguin=F4_1/d-32/m
XrayDensity=2.160
Rphase=14.73%
UNIT=NM
A=1.042272+-0.000049
k1=0.0100000
B1=0.01818+-0.00021
GrainSize(1,1,1)=23.16+-0.26
GEWICHT=SPHAR4, MeanValue(GEWICHT)=0.206109
Atomic positions for phase spinel
---------------------------------------------
  8     0.5000  0.5000  0.5000     E=(LI(0.5400))
 16     0.6250  0.6250  0.6250     E=(LI(0.1800))
 16     0.1250  0.1250  0.1250     E=(LI(0.4500),MG(0.4000),CR(0.1000))
 32     0.8817  0.8817  0.8817     E=(CL(1.0000))

Local parameters and GOALs for phase LiCl225icsd269090
******************************************************
SpacegroupNo=225
HermannMauguin=F4/m-32/m
XrayDensity=2.061
Rphase=13.93%
UNIT=NM
A=0.515040+-0.000024
k1=0.0100000
B1=0.00500000
GrainSize(1,1,1)=84.1811
GEWICHT=SPHAR4, MeanValue(GEWICHT)=0.0393037
Atomic positions for phase LiCl225icsd269090
---------------------------------------------
  4     0.0000  0.0000  0.0000     E=(LI+1(1.0000))
  4     0.5000  0.5000  0.5000     E=(CL-1(1.0000))
