Rietveld refinement to file(s) pattern.xy
BGMN version 4.2.23, 8282 measured points, 45 peaks, 29 parameters
Start: Thu Feb 26 14:51:57 2026; End: Thu Feb 26 14:52:00 2026
44 iteration steps

Rp=4.71%  Rpb=63.05%  R=5.48%  Rwp=5.95% Rexp=3.45%
Durbin-Watson d=0.75
1-rho=14.5%

Global parameters and GOALs
****************************
Qspinel=1.00000
EPS2=0.000242+-0.000047

Local parameters and GOALs for phase spinel
******************************************************
SpacegroupNo=227
HermannMauguin=F4_1/d-32/m
XrayDensity=2.404
Rphase=7.83%
UNIT=NM
A=1.04090+-0.00011
k1=0
B1=0.02242+-0.00031
GrainSize(1,1,1)=18.93+-0.26
GEWICHT=SPHAR4, MeanValue(GEWICHT)=0.0435012
Atomic positions for phase spinel
---------------------------------------------
 16     0.6250  0.6250  0.6250     E=(LI(0.1400))
  8     0.5000  0.5000  0.5000     E=(LI(0.4200))
 16     0.1250  0.1250  0.1250     E=(LI(0.3500),MN(0.2000),V(0.3000))
 32     0.8817  0.8817  0.8817     E=(CL(1.0000))
