Rietveld refinement to file(s) pattern.xy
BGMN version 4.2.23, 8282 measured points, 319 peaks, 39 parameters
Start: Thu Feb 26 15:12:31 2026; End: Thu Feb 26 15:12:34 2026
33 iteration steps

Rp=4.15%  Rpb=82.94%  R=5.57%  Rwp=5.24% Rexp=3.11%
Durbin-Watson d=0.73
1-rho=36.1%

Global parameters and GOALs
****************************
Qspinel=0.8337+-0.0090
QLi3YCl6164icsd29969None=0.1663+-0.0090
EPS2=0.000113+-0.000079

Local parameters and GOALs for phase spinel
******************************************************
SpacegroupNo=227
HermannMauguin=F4_1/d-32/m
XrayDensity=2.712
Rphase=7.76%
UNIT=NM
A=1.02507+-0.00021
k1=0.0100000
B1=0.02239+-0.00065
GrainSize(1,1,1)=18.80+-0.55
GEWICHT=SPHAR4, MeanValue(GEWICHT)=0.0181773
Atomic positions for phase spinel
---------------------------------------------
  8     0.5000  0.5000  0.5000     E=(LI(0.5400))
 16     0.6250  0.6250  0.6250     E=(LI(0.1800))
 16     0.1250  0.1250  0.1250     E=(LI(0.4500),Y(0.1000),ZN(0.0500),CO(0.3500))
 32     0.8817  0.8817  0.8817     E=(CL(1.0000))

Local parameters and GOALs for phase Li3YCl6164icsd29969None
******************************************************
SpacegroupNo=164
HermannMauguin=P-32/m1
XrayDensity=2.430
Rphase=4.37%
UNIT=NM
A=1.12211+-0.00029
C=0.60609+-0.00025
k1=0.0100000
B1=0.00423+-0.00077
GrainSize(1,1,1)=100+-18
GEWICHT=SPHAR2, MeanValue(GEWICHT)=0.00362511
Atomic positions for phase Li3YCl6164icsd29969None
---------------------------------------------
  6     0.3269  0.0000  0.5000     E=(LI+1(0.8754))
  6     0.3432  0.0000  0.0000     E=(LI+1(0.6246))
  1     0.0000  0.0000  0.0000     E=(Y+3(1.0000))
  2     0.3333  0.6667  0.0023     E=(Y+3(0.4341))
  2     0.3333  0.6667  0.5055     E=(Y+3(0.5659))
  6     0.8871 -0.8871  0.2346     E=(CL-1(1.0000))
  6     0.7794 -0.7794  0.7369     E=(CL-1(1.0000))
  6     0.5539 -0.5539  0.2469     E=(CL-1(1.0000))
