Rietveld refinement to file(s) pattern.xy
BGMN version 4.2.23, 8282 measured points, 86 peaks, 34 parameters
Start: Thu Feb 26 14:49:27 2026; End: Thu Feb 26 14:49:29 2026
23 iteration steps

Rp=3.54%  Rpb=54.82%  R=5.43%  Rwp=4.84% Rexp=2.52%
Durbin-Watson d=0.57
1-rho=10.6%

Global parameters and GOALs
****************************
QMnCl2166icsd337520=0
Qspinel=1.00000
EPS2=-0.001090+-0.000039

Local parameters and GOALs for phase MnCl2166icsd337520
******************************************************
SpacegroupNo=166
HermannMauguin=R-32/m
XrayDensity=2.978
Rphase=100.00%
UNIT=NM
A=UNDEF
C=UNDEF
k1=UNDEF
B1=UNDEF
GrainSize(1,1,1)=UNDEF
GEWICHT=0.0
Atomic positions for phase MnCl2166icsd337520
---------------------------------------------
  3     0.0000  0.0000  0.0000     E=(MN+2(1.0000))
  6     0.0000  0.0000  0.2545     E=(CL-1(1.0000))

Local parameters and GOALs for phase spinel
******************************************************
SpacegroupNo=227
HermannMauguin=F4_1/d-32/m
XrayDensity=2.523
Rphase=8.91%
UNIT=NM
A=1.041637+-0.000099
k1=0.0100000
B1=0.02263+-0.00026
GrainSize(1,1,1)=18.60+-0.21
GEWICHT=SPHAR4, MeanValue(GEWICHT)=0.0880056
Atomic positions for phase spinel
---------------------------------------------
 16     0.6250  0.6250  0.6250     E=(LI(0.1400))
  8     0.5000  0.5000  0.5000     E=(LI(0.4200))
 16     0.1250  0.1250  0.1250     E=(LI(0.3500),MN(0.0500),NB(0.1000),FE(0.3500))
 32     0.8817  0.8817  0.8817     E=(CL(1.0000))
