Rietveld refinement to file(s) pattern.xy
BGMN version 4.2.23, 8282 measured points, 45 peaks, 29 parameters
Start: Thu Feb 26 15:17:27 2026; End: Thu Feb 26 15:17:29 2026
25 iteration steps

Rp=2.77%  Rpb=44.01%  R=4.12%  Rwp=3.74% Rexp=1.84%
Durbin-Watson d=0.50
1-rho=6.17%

Global parameters and GOALs
****************************
Qspinel=1.00000
EPS2=-0.003055+-0.000037

Local parameters and GOALs for phase spinel
******************************************************
SpacegroupNo=227
HermannMauguin=F4_1/d-32/m
XrayDensity=2.361
Rphase=6.02%
UNIT=NM
A=1.035446+-0.000098
k1=0.0100000
B1=0.02850+-0.00023
GrainSize(1,1,1)=14.77+-0.12
GEWICHT=SPHAR4, MeanValue(GEWICHT)=0.207056
Atomic positions for phase spinel
---------------------------------------------
 16     0.6250  0.6250  0.6250     E=(LI(0.2000))
  8     0.5000  0.5000  0.5000     E=(LI(0.6000))
 16     0.1250  0.1250  0.1250     E=(LI(0.5000),MG(0.2500),CO(0.2500))
 32     0.8817  0.8817  0.8817     E=(CL(1.0000))
