Rietveld refinement to file(s) pattern.xy
BGMN version 4.2.23, 8282 measured points, 54 peaks, 47 parameters
Start: Thu Feb 26 15:15:18 2026; End: Thu Feb 26 15:15:25 2026
25 iteration steps

Rp=4.15%  Rpb=39.81%  R=7.41%  Rwp=5.82% Rexp=2.67%
Durbin-Watson d=0.43
1-rho=5.35%

Global parameters and GOALs
****************************
Qspinel=0.8351+-0.0018
QLiCl225icsd269090=0.1649+-0.0018
EPS2=-0.001728+-0.000013

Local parameters and GOALs for phase spinel
******************************************************
SpacegroupNo=227
HermannMauguin=F4_1/d-32/m
XrayDensity=2.395
Rphase=8.30%
UNIT=NM
A=1.049927+-0.000034
k1=0
B1=0.00916+-0.00012
GrainSize(1,1,1)=46.33+-0.58
GEWICHT=SPHAR4, MeanValue(GEWICHT)=0.118883
Atomic positions for phase spinel
---------------------------------------------
  8     0.5000  0.5000  0.5000     E=(LI(0.5400))
 16     0.6250  0.6250  0.6250     E=(LI(0.1800))
 16     0.1250  0.1250  0.1250     E=(LI(0.4500),MN(0.4000),CR(0.1000))
 32     0.8817  0.8817  0.8817     E=(CL(1.0000))

Local parameters and GOALs for phase LiCl225icsd269090
******************************************************
SpacegroupNo=225
HermannMauguin=F4/m-32/m
XrayDensity=2.067
Rphase=8.63%
UNIT=NM
A=0.514546+-0.000022
k1=0.0100000
B1=0.00500000
GrainSize(1,1,1)=84.1811
GEWICHT=SPHAR4, MeanValue(GEWICHT)=0.0234756
Atomic positions for phase LiCl225icsd269090
---------------------------------------------
  4     0.0000  0.0000  0.0000     E=(LI+1(1.0000))
  4     0.5000  0.5000  0.5000     E=(CL-1(1.0000))
