Rietveld refinement to file(s) pattern.xy
BGMN version 4.2.23, 8282 measured points, 86 peaks, 48 parameters
Start: Thu Feb 26 14:48:00 2026; End: Thu Feb 26 14:48:02 2026
30 iteration steps

Rp=4.81%  Rpb=33.14%  R=6.41%  Rwp=6.33% Rexp=2.96%
Durbin-Watson d=0.46
1-rho=3.65%

Global parameters and GOALs
****************************
QMnCl2166icsd337520=0.1002+-0.0029
Qspinel=0.8998+-0.0029
EPS2=-0.002552+-0.000015

Local parameters and GOALs for phase MnCl2166icsd337520
******************************************************
SpacegroupNo=166
HermannMauguin=R-32/m
XrayDensity=2.926
Rphase=8.44%
UNIT=NM
A=0.371452+-0.000033
C=1.79264+-0.00021
k1=0.0100000
B1=0.00500000
GrainSize(1,1,1)=84.1811
GEWICHT=SPHAR4, MeanValue(GEWICHT)=0.0173995
Atomic positions for phase MnCl2166icsd337520
---------------------------------------------
  3     0.0000  0.0000  0.0000     E=(MN+2(1.0000))
  6     0.0000  0.0000  0.2545     E=(CL-1(1.0000))

Local parameters and GOALs for phase spinel
******************************************************
SpacegroupNo=227
HermannMauguin=F4_1/d-32/m
XrayDensity=2.338
Rphase=9.72%
UNIT=NM
A=1.045787+-0.000039
k1=0.0100000
B1=0.01661+-0.00017
GrainSize(1,1,1)=25.34+-0.25
GEWICHT=SPHAR4, MeanValue(GEWICHT)=0.156169
Atomic positions for phase spinel
---------------------------------------------
 16     0.6250  0.6250  0.6250     E=(LI(0.1450))
  8     0.5000  0.5000  0.5000     E=(LI(0.4350))
 16     0.1250  0.1250  0.1250     E=(LI(0.3625),SC(0.2750),MN(0.2250))
 32     0.8817  0.8817  0.8817     E=(CL(1.0000))
