Rietveld refinement to file(s) pattern.xy
BGMN version 4.2.23, 8282 measured points, 45 peaks, 29 parameters
Start: Thu Feb 26 14:48:24 2026; End: Thu Feb 26 14:48:26 2026
25 iteration steps

Rp=4.01%  Rpb=49.72%  R=6.47%  Rwp=5.96% Rexp=2.51%
Durbin-Watson d=0.38
1-rho=10.5%

Global parameters and GOALs
****************************
Qspinel=1.00000
EPS2=-0.003424+-0.000041

Local parameters and GOALs for phase spinel
******************************************************
SpacegroupNo=227
HermannMauguin=F4_1/d-32/m
XrayDensity=2.534
Rphase=10.69%
UNIT=NM
A=1.03977+-0.00010
k1=0
B1=0.02696+-0.00030
GrainSize(1,1,1)=15.74+-0.18
GEWICHT=SPHAR4, MeanValue(GEWICHT)=0.128764
Atomic positions for phase spinel
---------------------------------------------
 16     0.6250  0.6250  0.6250     E=(LI(0.1400))
  8     0.5000  0.5000  0.5000     E=(LI(0.4200))
 16     0.1250  0.1250  0.1250     E=(LI(0.3500),HF(0.0500),MG(0.2000),ZR(0.1000),FE(0.1000),CO(0.0500))
 32     0.8817  0.8817  0.8817     E=(CL(1.0000))
