Rietveld refinement to file(s) pattern.xy
BGMN version 4.2.23, 8282 measured points, 45 peaks, 29 parameters
Start: Thu Feb 26 15:04:34 2026; End: Thu Feb 26 15:04:36 2026
23 iteration steps

Rp=2.65%  Rpb=40.99%  R=3.99%  Rwp=3.54% Rexp=2.17%
Durbin-Watson d=0.79
1-rho=3.77%

Global parameters and GOALs
****************************
Qspinel=1.00000
EPS2=-0.000208+-0.000012

Local parameters and GOALs for phase spinel
******************************************************
SpacegroupNo=227
HermannMauguin=F4_1/d-32/m
XrayDensity=2.578
Rphase=5.45%
UNIT=NM
A=1.041972+-0.000031
k1=0.006+-0.033
B1=0.00998+-0.00022
GrainSize(1,1,1)=42.34+-0.50
GEWICHT=SPHAR4, MeanValue(GEWICHT)=0.125418
Atomic positions for phase spinel
---------------------------------------------
 16     0.6250  0.6250  0.6250     E=(LI(0.1600))
  8     0.5000  0.5000  0.5000     E=(LI(0.4800))
 16     0.1250  0.1250  0.1250     E=(LI(0.4000),MN(0.2000),FE(0.4000))
 32     0.8817  0.8817  0.8817     E=(CL(1.0000))
