Rietveld refinement to file(s) pattern.xy
BGMN version 4.2.23, 8282 measured points, 45 peaks, 29 parameters
Start: Thu Feb 26 16:58:42 2026; End: Thu Feb 26 16:58:44 2026
26 iteration steps

Rp=3.20%  Rpb=51.36%  R=5.09%  Rwp=4.64% Rexp=2.32%
Durbin-Watson d=0.52
1-rho=9.42%

Global parameters and GOALs
****************************
Qspinel=1.00000
EPS2=-0.004021+-0.000035

Local parameters and GOALs for phase spinel
******************************************************
SpacegroupNo=227
HermannMauguin=F4_1/d-32/m
XrayDensity=2.600
Rphase=8.68%
UNIT=NM
A=1.035501+-0.000096
k1=0.0100000
B1=0.02248+-0.00024
GrainSize(1,1,1)=18.73+-0.20
GEWICHT=SPHAR4, MeanValue(GEWICHT)=0.105157
Atomic positions for phase spinel
---------------------------------------------
 16     0.6250  0.6250  0.6250     E=(LI(0.1700))
  8     0.5000  0.5000  0.5000     E=(LI(0.5100))
 16     0.1250  0.1250  0.1250     E=(LI(0.4250),ZR(0.1000),FE(0.3500),CU(0.0500))
 32     0.8817  0.8817  0.8817     E=(CL(1.0000))
