Rietveld refinement to file(s) pattern.xy
BGMN version 4.2.23, 8282 measured points, 86 peaks, 48 parameters
Start: Thu Feb 26 14:46:55 2026; End: Thu Feb 26 14:46:58 2026
28 iteration steps

Rp=3.68%  Rpb=51.26%  R=4.51%  Rwp=4.80% Rexp=2.95%
Durbin-Watson d=0.80
1-rho=7.76%

Global parameters and GOALs
****************************
QMnCl2=0.1688+-0.0044
Qspinel=0.8312+-0.0044
EPS2=-0.000260+-0.000019

Local parameters and GOALs for phase MnCl2
******************************************************
SpacegroupNo=166
HermannMauguin=R-32/m
XrayDensity=2.978
Rphase=6.79%
UNIT=NM
A=0.371552+-0.000036
C=1.76053+-0.00021
k1=0.0100000
B1=0.00500000
GrainSize(1,1,1)=84.1811
GEWICHT=SPHAR4, MeanValue(GEWICHT)=0.00980269
Atomic positions for phase MnCl2
---------------------------------------------
  3     0.0000  0.0000  0.0000     E=(MN+2(1.0000))
  6     0.0000  0.0000  0.2545     E=(CL-1(1.0000))

Local parameters and GOALs for phase spinel
******************************************************
SpacegroupNo=227
HermannMauguin=F4_1/d-32/m
XrayDensity=2.503
Rphase=6.56%
UNIT=NM
A=1.050006+-0.000049
k1=0.0100000
B1=0.01129+-0.00016
GrainSize(1,1,1)=37.29+-0.54
GEWICHT=SPHAR4, MeanValue(GEWICHT)=0.0482600
Atomic positions for phase spinel
---------------------------------------------
 16     0.6250  0.6250  0.6250     E=(LI(0.1200))
  8     0.5000  0.5000  0.5000     E=(LI(0.3600))
 16     0.1250  0.1250  0.1250     E=(LI(0.3000),MN(0.4500),NB(0.1000))
 32     0.8817  0.8817  0.8817     E=(CL(1.0000))
