Rietveld refinement to file(s) pattern.xy
BGMN version 4.2.23, 8282 measured points, 84 peaks, 34 parameters
Start: Thu Feb 26 15:10:30 2026; End: Thu Feb 26 15:10:31 2026
23 iteration steps

Rp=3.31%  Rpb=59.28%  R=4.56%  Rwp=4.35% Rexp=2.54%
Durbin-Watson d=0.75
1-rho=10.4%

Global parameters and GOALs
****************************
QFeCl2166icsd278100=0
Qspinel=1.00000
EPS2=-0.004187+-0.000030

Local parameters and GOALs for phase FeCl2166icsd278100
******************************************************
SpacegroupNo=166
HermannMauguin=R-32/m
XrayDensity=3.175
Rphase=100.00%
UNIT=NM
A=UNDEF
C=UNDEF
k1=UNDEF
B1=UNDEF
GrainSize(1,1,1)=UNDEF
GEWICHT=0.0
Atomic positions for phase FeCl2166icsd278100
---------------------------------------------
  3     0.0000  0.0000  0.0000     E=(FE+2(1.0000))
  6     0.0000  0.0000  0.2500     E=(CL-1(1.0000))

Local parameters and GOALs for phase spinel
******************************************************
SpacegroupNo=227
HermannMauguin=F4_1/d-32/m
XrayDensity=2.579
Rphase=7.28%
UNIT=NM
A=1.040703+-0.000079
k1=0
B1=0.01447+-0.00019
GrainSize(1,1,1)=29.34+-0.38
GEWICHT=SPHAR4, MeanValue(GEWICHT)=0.0621176
Atomic positions for phase spinel
---------------------------------------------
 16     0.6250  0.6250  0.6250     E=(LI(0.1700))
  8     0.5000  0.5000  0.5000     E=(LI(0.5100))
 16     0.1250  0.1250  0.1250     E=(LI(0.4250),Y(0.1000),FE(0.4250))
 32     0.8817  0.8817  0.8817     E=(CL(1.0000))
