Rietveld refinement to file(s) pattern.xy
BGMN version 4.2.23, 8282 measured points, 286 peaks, 41 parameters
Start: Thu Feb 26 14:57:20 2026; End: Thu Feb 26 14:57:39 2026
231 iteration steps

Rp=4.53%  Rpb=46.76%  R=5.73%  Rwp=5.96% Rexp=3.00%
Durbin-Watson d=0.56
1-rho=9.23%

Global parameters and GOALs
****************************
QLi6In212Cl1212icsd17638None=0.2668+-0.0043
Qspinel=0.7332+-0.0043
EPS2=-0.000361+-0.000029

Local parameters and GOALs for phase Li6In212Cl1212icsd17638None
******************************************************
SpacegroupNo=12
HermannMauguin=C12/m1
XrayDensity=2.628
Rphase=6.12%
UNIT=NM
A=0.65505+-0.00010
B=1.12899+-0.00013
C=0.645741+-0.000074
BETA=109.9246+-0.0093
k1=0.0100000
B1=0.00500000
GrainSize(1,1,1)=84.1811
GEWICHT=SPHAR2, MeanValue(GEWICHT)=0.0216533
Atomic positions for phase Li6In212Cl1212icsd17638None
---------------------------------------------
  2     0.0000  0.5000  0.5000     E=(LI+1(1.0000))
  4     0.0000  0.1683  0.5000     E=(LI+1(1.0000))
  4     0.0000  0.3333  0.0000     E=(IN+3(0.5300))
  4     0.7550  0.0000  0.2338     E=(CL-1(1.0000))
  8     0.7579  0.1622  0.7601     E=(CL-1(1.0000))

Local parameters and GOALs for phase spinel
******************************************************
SpacegroupNo=227
HermannMauguin=F4_1/d-32/m
XrayDensity=2.662
Rphase=7.51%
UNIT=NM
A=1.048174+-0.000073
k1=0.0100000
B1=0.01965+-0.00030
GrainSize(1,1,1)=21.42+-0.33
GEWICHT=SPHAR4, MeanValue(GEWICHT)=0.0595180
Atomic positions for phase spinel
---------------------------------------------
 16     0.6250  0.6250  0.6250     E=(LI(0.1500))
  8     0.5000  0.5000  0.5000     E=(LI(0.4500))
 16     0.1250  0.1250  0.1250     E=(LI(0.3750),Y(0.1250),MN(0.1500),IN(0.1250),FE(0.1000))
 32     0.8817  0.8817  0.8817     E=(CL(1.0000))
