Rietveld refinement to file(s) pattern.xy
BGMN version 4.2.23, 8282 measured points, 45 peaks, 29 parameters
Start: Thu Feb 26 15:13:42 2026; End: Thu Feb 26 15:13:43 2026
22 iteration steps

Rp=2.46%  Rpb=36.23%  R=3.43%  Rwp=3.15% Rexp=2.05%
Durbin-Watson d=0.88
1-rho=3.27%

Global parameters and GOALs
****************************
Qspinel=1.00000
EPS2=-0.003238+-0.000018

Local parameters and GOALs for phase spinel
******************************************************
SpacegroupNo=227
HermannMauguin=F4_1/d-32/m
XrayDensity=2.542
Rphase=4.66%
UNIT=NM
A=1.040451+-0.000047
k1=0.0100000
B1=0.01914+-0.00012
GrainSize(1,1,1)=21.99+-0.14
GEWICHT=SPHAR4, MeanValue(GEWICHT)=0.165793
Atomic positions for phase spinel
---------------------------------------------
  8     0.5000  0.5000  0.5000     E=(LI(0.5400))
 16     0.6250  0.6250  0.6250     E=(LI(0.1800))
 16     0.1250  0.1250  0.1250     E=(LI(0.4500),MN(0.1000),FE(0.4500))
 32     0.8817  0.8817  0.8817     E=(CL(1.0000))
