Rietveld refinement to file(s) pattern.xy
BGMN version 4.2.23, 8282 measured points, 45 peaks, 29 parameters
Start: Thu Feb 26 14:56:05 2026; End: Thu Feb 26 14:56:07 2026
36 iteration steps

Rp=6.15%  Rpb=52.47%  R=10.30%  Rwp=9.37% Rexp=3.20%
Durbin-Watson d=0.26
1-rho=11.6%

Global parameters and GOALs
****************************
Qspinel=1.00000
EPS2=-0.003420+-0.000026

Local parameters and GOALs for phase spinel
******************************************************
SpacegroupNo=227
HermannMauguin=F4_1/d-32/m
XrayDensity=2.580
Rphase=15.78%
UNIT=NM
A=1.045230+-0.000059
k1=0
B1=0.01405+-0.00020
GrainSize(1,1,1)=30.20+-0.43
GEWICHT=SPHAR4, MeanValue(GEWICHT)=0.0990992
Atomic positions for phase spinel
---------------------------------------------
 16     0.6250  0.6250  0.6250     E=(LI(0.1500))
  8     0.5000  0.5000  0.5000     E=(LI(0.4500))
 16     0.1250  0.1250  0.1250     E=(LI(0.3750),MG(0.2500),IN(0.2500))
 32     0.8817  0.8817  0.8817     E=(CL(1.0000))
