Rietveld refinement to file(s) pattern.xy
BGMN version 4.2.23, 8282 measured points, 358 peaks, 52 parameters
Start: Thu Feb 26 14:47:43 2026; End: Thu Feb 26 14:47:47 2026
37 iteration steps

Rp=4.50%  Rpb=52.02%  R=6.42%  Rwp=6.18% Rexp=2.44%
Durbin-Watson d=0.36
1-rho=14.9%

Global parameters and GOALs
****************************
QLi2FeCl4227icsd73952None=0.0337+-0.0059
Qspinel=0.6701+-0.0076
QLi3YCl6=0.2963+-0.0048
EPS2=-0.003142+-0.000027

Local parameters and GOALs for phase Li2FeCl4227icsd73952None
******************************************************
SpacegroupNo=227
HermannMauguin=F4_1/d-32/m
XrayDensity=2.501
Rphase=6.59%
UNIT=NM
A=1.03963+-0.00012
k1=0.0100000
B1=0.00131+-0.00092
GrainSize(1,1,1)=321+-226
GEWICHT=0.00382+-0.00066
Atomic positions for phase Li2FeCl4227icsd73952None
---------------------------------------------
  8     0.5000  0.5000  0.5000     E=(LI+1(0.3000))
 16     0.6250  0.6250  0.6250     E=(LI+1(0.3500))
 16     0.1250  0.1250  0.1250     E=(LI+1(0.5000),FE+2(0.5000))
 32     0.8808  0.8808  0.8808     E=(CL-1(1.0000))

Local parameters and GOALs for phase spinel
******************************************************
SpacegroupNo=227
HermannMauguin=F4_1/d-32/m
XrayDensity=2.607
Rphase=6.70%
UNIT=NM
A=1.04434+-0.00014
k1=0
B1=0.03162+-0.00064
GrainSize(1,1,1)=13.42+-0.27
GEWICHT=SPHAR4, MeanValue(GEWICHT)=0.0761273
Atomic positions for phase spinel
---------------------------------------------
  8     0.5000  0.5000  0.5000     E=(LI(0.3900))
 16     0.6250  0.6250  0.6250     E=(LI(0.1300))
 16     0.1250  0.1250  0.1250     E=(LI(0.3250),Y(0.1500),ZR(0.1000),MN(0.0500),FE(0.2000))
 32     0.8817  0.8817  0.8817     E=(CL(1.0000))

Local parameters and GOALs for phase Li3YCl6
******************************************************
SpacegroupNo=164
HermannMauguin=P-32/m1
XrayDensity=2.448
Rphase=8.21%
UNIT=NM
A=1.12049+-0.00010
C=0.603381+-0.000072
k1=0.0100000
B1=0.00500000
GrainSize(1,1,1)=84.1811
GEWICHT=SPHAR4, MeanValue(GEWICHT)=0.0336584
Atomic positions for phase Li3YCl6
---------------------------------------------
  6     0.3252  0.0000  0.5000     E=(LI+1(0.7300))
  6     0.3392  0.0000  0.0000     E=(LI+1(0.7700))
  1     0.0000  0.0000  0.0000     E=(Y+3(1.0000))
  2     0.3333  0.6667  0.0117     E=(Y+3(0.2288))
  2     0.3333  0.6667  0.5053     E=(Y+3(0.7712))
  6     0.8862 -0.8862  0.2375     E=(CL-1(1.0000))
  6     0.7799 -0.7799  0.7329     E=(CL-1(1.0000))
  6     0.5528 -0.5528  0.2518     E=(CL-1(1.0000))
