Rietveld refinement to file(s) pattern.xy
BGMN version 4.2.23, 8282 measured points, 529 peaks, 42 parameters
Start: Thu Feb 26 14:48:04 2026; End: Thu Feb 26 14:48:13 2026
66 iteration steps

Rp=5.17%  Rpb=52.16%  R=6.72%  Rwp=6.98% Rexp=3.52%
Durbin-Watson d=0.55
1-rho=8.95%

Global parameters and GOALs
****************************
QSc7Cl12148icsd3642414=0.1375+-0.0036
QLi3ScCl612icsd50153None=0.8625+-0.0036
EPS2=0.000977+-0.000017

Local parameters and GOALs for phase Sc7Cl12148icsd3642414
******************************************************
SpacegroupNo=148
HermannMauguin=R-3
XrayDensity=2.864
Rphase=10.90%
UNIT=NM
A=1.28856+-0.00020
C=0.89539+-0.00017
k1=0.0100000
B1=0.00500000
GrainSize(1,1,1)=84.1811
GEWICHT=SPHAR2, MeanValue(GEWICHT)=0.00714910
Atomic positions for phase Sc7Cl12148icsd3642414
---------------------------------------------
 18     0.8826  0.8392  0.6476     E=(SC(1.0000))
  3     0.0000  0.0000  0.0000     E=(SC(1.0000))
 18     0.9186  0.6897  0.5052     E=(CL(1.0000))
 18     0.1298  0.1801  0.8340     E=(CL(1.0000))

Local parameters and GOALs for phase Li3ScCl612icsd50153None
******************************************************
SpacegroupNo=12
HermannMauguin=C12/m1
XrayDensity=2.173
Rphase=8.66%
UNIT=NM
A=0.640460+-0.000036
B=1.109292+-0.000053
C=0.635934+-0.000039
BETA=109.6247+-0.0036
k1=0.0100000
B1=0.00500000
GrainSize(1,1,1)=84.1811
GEWICHT=SPHAR4, MeanValue(GEWICHT)=0.0448467
Atomic positions for phase Li3ScCl612icsd50153None
---------------------------------------------
  4     0.0000  0.1690  0.5000     E=(LI+1(0.3650))
  4     0.0000  0.3347  0.0000     E=(LI+1(1.0000))
  2     0.0000  0.5000  0.5000     E=(LI+1(0.2700))
  2     0.0000  0.0000  0.0000     E=(SC+3(1.0000))
  4     0.2421  0.0000  0.7687     E=(CL-1(1.0000))
  8     0.7613  0.8391  0.7629     E=(CL-1(1.0000))
