Rietveld refinement to file(s) pattern.xy
BGMN version 4.2.23, 8282 measured points, 45 peaks, 29 parameters
Start: Thu Feb 26 14:51:15 2026; End: Thu Feb 26 14:51:17 2026
31 iteration steps

Rp=9.18%  Rpb=44.66%  R=21.47%  Rwp=13.11% Rexp=3.10%
Durbin-Watson d=0.12
1-rho=9.35%

Global parameters and GOALs
****************************
Qspinel=1.00000
EPS2=-0.001007+-0.000017

Local parameters and GOALs for phase spinel
******************************************************
SpacegroupNo=227
HermannMauguin=F4_1/d-32/m
XrayDensity=2.397
Rphase=21.05%
UNIT=NM
A=1.041776+-0.000033
k1=0
B1=0.00880+-0.00015
GrainSize(1,1,1)=48.25+-0.80
GEWICHT=SPHAR4, MeanValue(GEWICHT)=0.225161
Atomic positions for phase spinel
---------------------------------------------
 16     0.6250  0.6250  0.6250     E=(LI(0.1400))
  8     0.5000  0.5000  0.5000     E=(LI(0.4200))
 16     0.1250  0.1250  0.1250     E=(LI(0.3500),MG(0.4000),SC(0.0250),TA(0.0850))
 32     0.8817  0.8817  0.8817     E=(CL(1.0000))
