Rietveld refinement to file(s) pattern.xy
BGMN version 4.2.23, 8282 measured points, 45 peaks, 29 parameters
Start: Thu Feb 26 15:18:10 2026; End: Thu Feb 26 15:18:12 2026
30 iteration steps

Rp=4.29%  Rpb=70.25%  R=5.35%  Rwp=5.45% Rexp=3.26%
Durbin-Watson d=0.75
1-rho=18.6%

Global parameters and GOALs
****************************
Qspinel=1.00000
EPS2=0.000056+-0.000065

Local parameters and GOALs for phase spinel
******************************************************
SpacegroupNo=227
HermannMauguin=F4_1/d-32/m
XrayDensity=2.572
Rphase=7.26%
UNIT=NM
A=1.03077+-0.00016
k1=0.0100000
B1=0.02504+-0.00040
GrainSize(1,1,1)=16.81+-0.27
GEWICHT=SPHAR4, MeanValue(GEWICHT)=0.0361930
Atomic positions for phase spinel
---------------------------------------------
 16     0.6250  0.6250  0.6250     E=(LI(0.2000))
  8     0.5000  0.5000  0.5000     E=(LI(0.6000))
 16     0.1250  0.1250  0.1250     E=(LI(0.5000),MN(0.0500),FE(0.3500),NI(0.1000))
 32     0.8817  0.8817  0.8817     E=(CL(1.0000))
