Rietveld refinement to file(s) pattern.xy
BGMN version 4.2.23, 8282 measured points, 54 peaks, 47 parameters
Start: Thu Feb 26 14:49:34 2026; End: Thu Feb 26 14:49:37 2026
50 iteration steps

Rp=2.93%  Rpb=45.93%  R=4.72%  Rwp=4.11% Rexp=2.13%
Durbin-Watson d=0.57
1-rho=6.33%

Global parameters and GOALs
****************************
Qspinel=0.9420+-0.0019
QLiCl225icsd269090=0.0580+-0.0019
EPS2=-0.001279+-0.000023

Local parameters and GOALs for phase spinel
******************************************************
SpacegroupNo=227
HermannMauguin=F4_1/d-32/m
XrayDensity=2.611
Rphase=7.60%
UNIT=NM
A=1.041061+-0.000061
k1=0
B1=0.01687+-0.00017
GrainSize(1,1,1)=25.15+-0.25
GEWICHT=SPHAR4, MeanValue(GEWICHT)=0.120685
Atomic positions for phase spinel
---------------------------------------------
 16     0.6250  0.6250  0.6250     E=(LI(0.1400))
  8     0.5000  0.5000  0.5000     E=(LI(0.4200))
 16     0.1250  0.1250  0.1250     E=(LI(0.3500),ZR(0.0500),MN(0.1500),FE(0.4000))
 32     0.8817  0.8817  0.8817     E=(CL(1.0000))

Local parameters and GOALs for phase LiCl225icsd269090
******************************************************
SpacegroupNo=225
HermannMauguin=F4/m-32/m
XrayDensity=2.106
Rphase=6.16%
UNIT=NM
A=0.511335+-0.000056
k1=0.0100000
B1=0.00500000
GrainSize(1,1,1)=84.1811
GEWICHT=SPHAR4, MeanValue(GEWICHT)=0.00742710
Atomic positions for phase LiCl225icsd269090
---------------------------------------------
  4     0.0000  0.0000  0.0000     E=(LI+1(1.0000))
  4     0.5000  0.5000  0.5000     E=(CL-1(1.0000))
