Rietveld refinement to file(s) pattern.xy
BGMN version 4.2.23, 8282 measured points, 45 peaks, 29 parameters
Start: Thu Feb 26 14:46:44 2026; End: Thu Feb 26 14:46:46 2026
26 iteration steps

Rp=4.45%  Rpb=40.37%  R=5.70%  Rwp=5.85% Rexp=3.13%
Durbin-Watson d=0.62
1-rho=7.18%

Global parameters and GOALs
****************************
Qspinel=1.00000
EPS2=-0.002314+-0.000046

Local parameters and GOALs for phase spinel
******************************************************
SpacegroupNo=227
HermannMauguin=F4_1/d-32/m
XrayDensity=2.430
Rphase=7.81%
UNIT=NM
A=1.04403+-0.00011
k1=0.0100000
B1=0.03761+-0.00031
GrainSize(1,1,1)=11.191+-0.091
GEWICHT=SPHAR4, MeanValue(GEWICHT)=0.113889
Atomic positions for phase spinel
---------------------------------------------
 16     0.6250  0.6250  0.6250     E=(LI(0.1200))
  8     0.5000  0.5000  0.5000     E=(LI(0.3600))
 16     0.1250  0.1250  0.1250     E=(LI(0.3000),MN(0.2500),V(0.3000))
 32     0.8817  0.8817  0.8817     E=(CL(1.0000))
