Rietveld refinement to file(s) pattern.xy
BGMN version 4.2.23, 8282 measured points, 54 peaks, 47 parameters
Start: Thu Feb 26 14:56:07 2026; End: Thu Feb 26 14:56:13 2026
90 iteration steps

Rp=8.65%  Rpb=60.98%  R=17.84%  Rwp=14.78% Rexp=3.52%
Durbin-Watson d=0.14
1-rho=19.9%

Global parameters and GOALs
****************************
Qspinel=0.7559+-0.0062
QLiCl225icsd269090=0.2441+-0.0062
EPS2=-0.001270+-0.000034

Local parameters and GOALs for phase spinel
******************************************************
SpacegroupNo=227
HermannMauguin=F4_1/d-32/m
XrayDensity=2.590
Rphase=24.23%
UNIT=NM
A=1.043906+-0.000084
k1=0
B1=0.01524+-0.00038
GrainSize(1,1,1)=27.84+-0.69
GEWICHT=SPHAR4, MeanValue(GEWICHT)=0.0642571
Atomic positions for phase spinel
---------------------------------------------
 16     0.6250  0.6250  0.6250     E=(LI(0.1500))
  8     0.5000  0.5000  0.5000     E=(LI(0.4500))
 16     0.1250  0.1250  0.1250     E=(LI(0.3750),MG(0.2500),IN(0.2500))
 32     0.8817  0.8817  0.8817     E=(CL(1.0000))

Local parameters and GOALs for phase LiCl225icsd269090
******************************************************
SpacegroupNo=225
HermannMauguin=F4/m-32/m
XrayDensity=2.036
Rphase=28.97%
UNIT=NM
A=0.517152+-0.000039
k1=0.0100000
B1=0.00500000
GrainSize(1,1,1)=84.1811
GEWICHT=SPHAR4, MeanValue(GEWICHT)=0.0207492
Atomic positions for phase LiCl225icsd269090
---------------------------------------------
  4     0.0000  0.0000  0.0000     E=(LI+1(1.0000))
  4     0.5000  0.5000  0.5000     E=(CL-1(1.0000))
