Rietveld refinement to file(s) pattern.xy
BGMN version 4.2.23, 8282 measured points, 86 peaks, 48 parameters
Start: Thu Feb 26 14:46:58 2026; End: Thu Feb 26 14:47:09 2026
133 iteration steps

Rp=3.95%  Rpb=40.72%  R=7.38%  Rwp=6.31% Rexp=2.56%
Durbin-Watson d=0.35
1-rho=7.42%

Global parameters and GOALs
****************************
QMnCl2166icsd337520=0.3100+-0.0043
Qspinel=0.6900+-0.0043
EPS2=-0.003532+-0.000019

Local parameters and GOALs for phase MnCl2166icsd337520
******************************************************
SpacegroupNo=166
HermannMauguin=R-32/m
XrayDensity=2.983
Rphase=10.09%
UNIT=NM
A=0.371365+-0.000021
C=1.75976+-0.00016
k1=0.0100000
B1=0.00500000
GrainSize(1,1,1)=84.1811
GEWICHT=SPHAR4, MeanValue(GEWICHT)=0.0393987
Atomic positions for phase MnCl2166icsd337520
---------------------------------------------
  3     0.0000  0.0000  0.0000     E=(MN+2(1.0000))
  6     0.0000  0.0000  0.2545     E=(CL-1(1.0000))

Local parameters and GOALs for phase spinel
******************************************************
SpacegroupNo=227
HermannMauguin=F4_1/d-32/m
XrayDensity=2.501
Rphase=7.85%
UNIT=NM
A=1.050370+-0.000060
k1=0
B1=0.01567+-0.00025
GrainSize(1,1,1)=27.09+-0.43
GEWICHT=SPHAR4, MeanValue(GEWICHT)=0.0876751
Atomic positions for phase spinel
---------------------------------------------
 16     0.6250  0.6250  0.6250     E=(LI(0.1200))
  8     0.5000  0.5000  0.5000     E=(LI(0.3600))
 16     0.1250  0.1250  0.1250     E=(LI(0.3000),MN(0.4500),NB(0.1000))
 32     0.8817  0.8817  0.8817     E=(CL(1.0000))
