Rietveld refinement to file(s) pattern.xy
BGMN version 4.2.23, 8282 measured points, 45 peaks, 29 parameters
Start: Thu Feb 26 14:47:41 2026; End: Thu Feb 26 14:47:43 2026
34 iteration steps

Rp=11.35%  Rpb=52.78%  R=23.47%  Rwp=16.00% Rexp=3.26%
Durbin-Watson d=0.09
1-rho=14.0%

Global parameters and GOALs
****************************
Qspinel=1.00000
EPS2=-0.001170+-0.000026

Local parameters and GOALs for phase spinel
******************************************************
SpacegroupNo=227
HermannMauguin=F4_1/d-32/m
XrayDensity=2.465
Rphase=22.57%
UNIT=NM
A=1.042267+-0.000054
k1=0
B1=0.01228+-0.00022
GrainSize(1,1,1)=34.56+-0.61
GEWICHT=SPHAR4, MeanValue(GEWICHT)=0.194402
Atomic positions for phase spinel
---------------------------------------------
  8     0.5000  0.5000  0.5000     E=(LI(0.3900))
 16     0.6250  0.6250  0.6250     E=(LI(0.1300))
 16     0.1250  0.1250  0.1250     E=(LI(0.3250),MG(0.4000),TA(0.1100))
 32     0.8817  0.8817  0.8817     E=(CL(1.0000))
