Rietveld refinement to file(s) pattern.xy
BGMN version 4.2.23, 8282 measured points, 593 peaks, 65 parameters
Start: Thu Feb 26 14:52:30 2026; End: Thu Feb 26 14:52:48 2026
106 iteration steps

Rp=4.02%  Rpb=41.02%  R=5.28%  Rwp=5.34% Rexp=2.83%
Durbin-Watson d=0.63
1-rho=6.92%

Global parameters and GOALs
****************************
QLi3YCl6164icsd29966None=0.1565+-0.0028
QLi524Zr08In122Cl1212icsd122399None=0.1980+-0.0055
QMnCl2166icsd337520=0.0052+-0.0015
Qspinel=0.6403+-0.0059
EPS2=-0.004084+-0.000026

Local parameters and GOALs for phase Li3YCl6164icsd29966None
******************************************************
SpacegroupNo=164
HermannMauguin=P-32/m1
XrayDensity=2.462
Rphase=8.01%
UNIT=NM
A=1.11653+-0.00012
C=0.604199+-0.000071
k1=0.0100000
B1=0.00500000
GrainSize(1,1,1)=84.1811
GEWICHT=SPHAR4, MeanValue(GEWICHT)=0.0172741
Atomic positions for phase Li3YCl6164icsd29966None
---------------------------------------------
  6     0.3410  0.0000  0.0000     E=(LI+1(0.6200))
  6     0.3253  0.0000  0.5000     E=(LI+1(0.8800))
  1     0.0000  0.0000  0.0000     E=(Y+3(1.0000))
  2     0.3333  0.6667  0.0010     E=(Y+3(0.4341))
  2     0.3333  0.6667  0.5015     E=(Y+3(0.5659))
  6     0.8865 -0.8865  0.2353     E=(CL-1(1.0000))
  6     0.7800 -0.7800  0.7415     E=(CL-1(1.0000))
  6     0.5530 -0.5530  0.2495     E=(CL-1(1.0000))

Local parameters and GOALs for phase Li524Zr08In122Cl1212icsd122399None
******************************************************
SpacegroupNo=12
HermannMauguin=C12/m1
XrayDensity=2.568
Rphase=6.70%
UNIT=NM
A=0.650275+-0.000072
B=1.11030+-0.00018
C=0.64360+-0.00014
BETA=110.110+-0.013
k1=0.0100000
B1=0.00500000
GrainSize(1,1,1)=84.1811
GEWICHT=SPHAR2, MeanValue(GEWICHT)=0.0218632
Atomic positions for phase Li524Zr08In122Cl1212icsd122399None
---------------------------------------------
  4     0.0000  0.2200  0.5000     E=(LI+1(0.3400))
  2     0.0000  0.5000  0.5000     E=(LI+1(0.4000))
  4     0.0000  0.3250  0.0000     E=(LI+1(0.7700),ZR+4(0.0600),IN+3(0.1100))
  2     0.0000  0.0000  0.0000     E=(ZR+4(0.2800),IN+3(0.3900))
  4     0.7580  0.0000  0.2400     E=(CL-1(1.0000))
  8     0.7515  0.1624  0.7636     E=(CL-1(1.0000))

Local parameters and GOALs for phase MnCl2166icsd337520
******************************************************
SpacegroupNo=166
HermannMauguin=R-32/m
XrayDensity=2.920
Rphase=5.66%
UNIT=NM
A=0.37477+-0.00015
C=1.7648+-0.0011
k1=UNDEF
B1=0
GrainSize(1,1,1)=ERROR
GEWICHT=0.00057+-0.00016
Atomic positions for phase MnCl2166icsd337520
---------------------------------------------
  3     0.0000  0.0000  0.0000     E=(MN+2(1.0000))
  6     0.0000  0.0000  0.2545     E=(CL-1(1.0000))

Local parameters and GOALs for phase spinel
******************************************************
SpacegroupNo=227
HermannMauguin=F4_1/d-32/m
XrayDensity=2.608
Rphase=6.90%
UNIT=NM
A=1.052364+-0.000095
k1=0.0100000
B1=0.02545+-0.00040
GrainSize(1,1,1)=16.54+-0.26
GEWICHT=SPHAR4, MeanValue(GEWICHT)=0.0706851
Atomic positions for phase spinel
---------------------------------------------
 16     0.6250  0.6250  0.6250     E=(LI(0.1400))
  8     0.5000  0.5000  0.5000     E=(LI(0.4200))
 16     0.1250  0.1250  0.1250     E=(LI(0.3500),Y(0.1000),ZR(0.0500),MN(0.2500),IN(0.1000))
 32     0.8817  0.8817  0.8817     E=(CL(1.0000))
