Rietveld refinement to file(s) pattern.xy
BGMN version 4.2.23, 8282 measured points, 45 peaks, 29 parameters
Start: Thu Feb 26 15:12:22 2026; End: Thu Feb 26 15:12:24 2026
40 iteration steps

Rp=7.98%  Rpb=49.96%  R=16.60%  Rwp=12.73% Rexp=3.22%
Durbin-Watson d=0.14
1-rho=12.5%

Global parameters and GOALs
****************************
Qspinel=1.00000
EPS2=-0.002438+-0.000023

Local parameters and GOALs for phase spinel
******************************************************
SpacegroupNo=227
HermannMauguin=F4_1/d-32/m
XrayDensity=2.527
Rphase=20.68%
UNIT=NM
A=1.042547+-0.000048
k1=0
B1=0.01066+-0.00018
GrainSize(1,1,1)=39.82+-0.69
GEWICHT=SPHAR4, MeanValue(GEWICHT)=0.146381
Atomic positions for phase spinel
---------------------------------------------
  8     0.5000  0.5000  0.5000     E=(LI(0.5400))
 16     0.6250  0.6250  0.6250     E=(LI(0.1800))
 16     0.1250  0.1250  0.1250     E=(LI(0.4500),MG(0.4000),BI(0.1000))
 32     0.8817  0.8817  0.8817     E=(CL(1.0000))
