Rietveld refinement to file(s) pattern.xy
BGMN version 4.2.23, 8282 measured points, 54 peaks, 47 parameters
Start: Thu Feb 26 15:02:47 2026; End: Thu Feb 26 15:02:49 2026
30 iteration steps

Rp=2.27%  Rpb=57.62%  R=3.06%  Rwp=2.93% Rexp=2.03%
Durbin-Watson d=1.03
1-rho=9.70%

Global parameters and GOALs
****************************
Qspinel=0.8559+-0.0064
QLiCl225icsd269090=0.1441+-0.0064
EPS2=-0.000126+-0.000035

Local parameters and GOALs for phase spinel
******************************************************
SpacegroupNo=227
HermannMauguin=F4_1/d-32/m
XrayDensity=2.824
Rphase=4.65%
UNIT=NM
A=1.026098+-0.000098
k1=0.0100000
B1=0.02322+-0.00034
GrainSize(1,1,1)=18.13+-0.26
GEWICHT=SPHAR4, MeanValue(GEWICHT)=0.0644881
Atomic positions for phase spinel
---------------------------------------------
 16     0.6250  0.6250  0.6250     E=(LI(0.1600))
  8     0.5000  0.5000  0.5000     E=(LI(0.4800))
 16     0.1250  0.1250  0.1250     E=(LI(0.4000),TA(0.0500),IN(0.0500),CO(0.4000))
 32     0.8817  0.8817  0.8817     E=(CL(1.0000))

Local parameters and GOALs for phase LiCl225icsd269090
******************************************************
SpacegroupNo=225
HermannMauguin=F4/m-32/m
XrayDensity=2.061
Rphase=4.65%
UNIT=NM
A=0.515021+-0.000050
k1=0.0100000
B1=0.00439+-0.00042
GrainSize(1,1,1)=95.9+-9.1
GEWICHT=SPHAR4, MeanValue(GEWICHT)=0.0108541
Atomic positions for phase LiCl225icsd269090
---------------------------------------------
  4     0.0000  0.0000  0.0000     E=(LI+1(1.0000))
  4     0.5000  0.5000  0.5000     E=(CL-1(1.0000))
