Rietveld refinement to file(s) pattern.xy
BGMN version 4.2.23, 8282 measured points, 45 peaks, 29 parameters
Start: Thu Feb 26 15:08:06 2026; End: Thu Feb 26 15:08:08 2026
24 iteration steps

Rp=3.58%  Rpb=31.78%  R=5.06%  Rwp=4.36% Rexp=2.69%
Durbin-Watson d=0.80
1-rho=2.36%

Global parameters and GOALs
****************************
Qspinel=1.00000
EPS2=-0.0017752+-0.0000095

Local parameters and GOALs for phase spinel
******************************************************
SpacegroupNo=227
HermannMauguin=F4_1/d-32/m
XrayDensity=2.461
Rphase=6.19%
UNIT=NM
A=1.046911+-0.000024
k1=0.0100000
B1=0.010852+-0.000076
GrainSize(1,1,1)=38.78+-0.27
GEWICHT=SPHAR4, MeanValue(GEWICHT)=0.165800
Atomic positions for phase spinel
---------------------------------------------
 16     0.6250  0.6250  0.6250     E=(LI(0.1600))
  8     0.5000  0.5000  0.5000     E=(LI(0.4800))
 16     0.1250  0.1250  0.1250     E=(LI(0.4000),MN(0.4500),V(0.1000))
 32     0.8817  0.8817  0.8817     E=(CL(1.0000))
