Rietveld refinement to file(s) pattern.xy
BGMN version 4.2.23, 8282 measured points, 86 peaks, 48 parameters
Start: Thu Feb 26 15:18:42 2026; End: Thu Feb 26 15:18:49 2026
111 iteration steps

Rp=5.11%  Rpb=45.34%  R=8.23%  Rwp=7.79% Rexp=2.56%
Durbin-Watson d=0.23
1-rho=9.67%

Global parameters and GOALs
****************************
QMnCl2166icsd337520=0.1501+-0.0027
Qspinel=0.8499+-0.0027
EPS2=-0.003971+-0.000027

Local parameters and GOALs for phase MnCl2166icsd337520
******************************************************
SpacegroupNo=166
HermannMauguin=R-32/m
XrayDensity=2.993
Rphase=13.26%
UNIT=NM
A=0.369091+-0.000049
C=1.77510+-0.00019
k1=0.0100000
B1=0.00500000
GrainSize(1,1,1)=84.1811
GEWICHT=SPHAR4, MeanValue(GEWICHT)=0.0240121
Atomic positions for phase MnCl2166icsd337520
---------------------------------------------
  3     0.0000  0.0000  0.0000     E=(MN+2(1.0000))
  6     0.0000  0.0000  0.2545     E=(CL-1(1.0000))

Local parameters and GOALs for phase spinel
******************************************************
SpacegroupNo=227
HermannMauguin=F4_1/d-32/m
XrayDensity=2.394
Rphase=11.34%
UNIT=NM
A=1.053334+-0.000078
k1=0.0100000
B1=0.02295+-0.00031
GrainSize(1,1,1)=18.34+-0.25
GEWICHT=SPHAR4, MeanValue(GEWICHT)=0.135944
Atomic positions for phase spinel
---------------------------------------------
 16     0.6250  0.6250  0.6250     E=(LI(0.2000))
  8     0.5000  0.5000  0.5000     E=(LI(0.6000))
 16     0.1250  0.1250  0.1250     E=(LI(0.5000),MN(0.5000))
 32     0.8817  0.8817  0.8817     E=(CL(1.0000))
