Rietveld refinement to file(s) pattern.xy
BGMN version 4.2.23, 8282 measured points, 45 peaks, 29 parameters
Start: Thu Feb 26 15:17:31 2026; End: Thu Feb 26 15:17:32 2026
31 iteration steps

Rp=3.50%  Rpb=74.87%  R=4.47%  Rwp=4.75% Rexp=2.78%
Durbin-Watson d=0.69
1-rho=31.4%

Global parameters and GOALs
****************************
Qspinel=1.00000
EPS2=-0.00147+-0.00012

Local parameters and GOALs for phase spinel
******************************************************
SpacegroupNo=227
HermannMauguin=F4_1/d-32/m
XrayDensity=2.633
Rphase=7.11%
UNIT=NM
A=1.03196+-0.00027
k1=0.0100000
B1=0.03731+-0.00086
GrainSize(1,1,1)=11.28+-0.26
GEWICHT=SPHAR4, MeanValue(GEWICHT)=0.0427482
Atomic positions for phase spinel
---------------------------------------------
 16     0.6250  0.6250  0.6250     E=(LI(0.2000))
  8     0.5000  0.5000  0.5000     E=(LI(0.6000))
 16     0.1250  0.1250  0.1250     E=(LI(0.5000),ZN(0.2500),CO(0.2500))
 32     0.8817  0.8817  0.8817     E=(CL(1.0000))
