Rietveld refinement to file(s) pattern.xy
BGMN version 4.2.23, 8282 measured points, 45 peaks, 29 parameters
Start: Thu Feb 26 15:00:27 2026; End: Thu Feb 26 15:00:29 2026
24 iteration steps

Rp=7.03%  Rpb=76.57%  R=17.14%  Rwp=11.94% Rexp=2.28%
Durbin-Watson d=0.08
1-rho=33.4%

Global parameters and GOALs
****************************
Qspinel=1.00000
EPS2=-0.002899+-0.000049

Local parameters and GOALs for phase spinel
******************************************************
SpacegroupNo=227
HermannMauguin=F4_1/d-32/m
XrayDensity=3.066
Rphase=12.04%
UNIT=NM
A=1.05022+-0.00013
k1=0
B1=0.01070+-0.00038
GrainSize(1,1,1)=39.7+-1.4
GEWICHT=SPHAR4, MeanValue(GEWICHT)=0.0705068
Atomic positions for phase spinel
---------------------------------------------
 16     0.6250  0.6250  0.6250     E=(LI(0.1500))
  8     0.5000  0.5000  0.5000     E=(LI(0.4500))
 16     0.1250  0.1250  0.1250     E=(LI(0.3750),TA(0.0250),MN(0.3000),BI(0.1750))
 32     0.8817  0.8817  0.8817     E=(CL(1.0000))
