Rietveld refinement to file(s) pattern.xy
BGMN version 4.2.23, 8282 measured points, 84 peaks, 39 parameters
Start: Thu Feb 26 14:48:29 2026; End: Thu Feb 26 14:48:31 2026
29 iteration steps

Rp=2.33%  Rpb=62.28%  R=3.07%  Rwp=2.97% Rexp=2.07%
Durbin-Watson d=1.01
1-rho=14.9%

Global parameters and GOALs
****************************
Qspinel=0.9369+-0.0044
QCoCl2166icsd443980=0.0631+-0.0044
EPS2=-0.001909+-0.000059

Local parameters and GOALs for phase spinel
******************************************************
SpacegroupNo=227
HermannMauguin=F4_1/d-32/m
XrayDensity=2.915
Rphase=3.88%
UNIT=NM
A=1.02288+-0.00017
k1=0.0100000
B1=0.03640+-0.00059
GrainSize(1,1,1)=11.56+-0.19
GEWICHT=SPHAR4, MeanValue(GEWICHT)=0.0585720
Atomic positions for phase spinel
---------------------------------------------
 16     0.6250  0.6250  0.6250     E=(LI(0.1400))
  8     0.5000  0.5000  0.5000     E=(LI(0.4200))
 16     0.1250  0.1250  0.1250     E=(LI(0.3500),TA(0.1000),CO(0.4000))
 32     0.8817  0.8817  0.8817     E=(CL(1.0000))

Local parameters and GOALs for phase CoCl2166icsd443980
******************************************************
SpacegroupNo=166
HermannMauguin=R-32/m
XrayDensity=3.298
Rphase=3.53%
UNIT=NM
A=0.36049+-0.00012
C=1.74241+-0.00065
k1=0.0100000
B1=0.00500000
GrainSize(1,1,1)=84.1811
GEWICHT=SPHAR2, MeanValue(GEWICHT)=0.00394162
Atomic positions for phase CoCl2166icsd443980
---------------------------------------------
  3     0.0000  0.0000  0.0000     E=(CO+2(1.0000))
  6     0.0000  0.0000  0.2558     E=(CL-1(1.0000))
