Rietveld refinement to file(s) pattern.xy
BGMN version 4.2.23, 8282 measured points, 272 peaks, 50 parameters
Start: Thu Feb 26 14:51:17 2026; End: Thu Feb 26 14:51:24 2026
71 iteration steps

Rp=7.88%  Rpb=37.61%  R=12.59%  Rwp=11.41% Rexp=3.20%
Durbin-Watson d=0.19
1-rho=7.53%

Global parameters and GOALs
****************************
Qspinel=0.5194+-0.0051
QLi602Sc2Cl1212icsd18229None=0.4806+-0.0051
EPS2=-0.002330+-0.000020

Local parameters and GOALs for phase spinel
******************************************************
SpacegroupNo=227
HermannMauguin=F4_1/d-32/m
XrayDensity=2.472
Rphase=15.76%
UNIT=NM
A=1.031072+-0.000082
k1=0.0100000
B1=0.02743+-0.00052
GrainSize(1,1,1)=15.35+-0.29
GEWICHT=SPHAR4, MeanValue(GEWICHT)=0.112801
Atomic positions for phase spinel
---------------------------------------------
 16     0.6250  0.6250  0.6250     E=(LI(0.1400))
  8     0.5000  0.5000  0.5000     E=(LI(0.4200))
 16     0.1250  0.1250  0.1250     E=(LI(0.3500),MG(0.4000),SC(0.0250),TA(0.0850))
 32     0.8817  0.8817  0.8817     E=(CL(1.0000))

Local parameters and GOALs for phase Li602Sc2Cl1212icsd18229None
******************************************************
SpacegroupNo=12
HermannMauguin=C12/m1
XrayDensity=2.168
Rphase=16.65%
UNIT=NM
A=0.639064+-0.000039
B=1.11246+-0.00011
C=0.635017+-0.000038
BETA=109.0913+-0.0037
k1=0.0100000
B1=0.00500000
GrainSize(1,1,1)=84.1811
GEWICHT=SPHAR4, MeanValue(GEWICHT)=0.104360
Atomic positions for phase Li602Sc2Cl1212icsd18229None
---------------------------------------------
  4     0.0000  0.3264  0.0000     E=(LI+1(1.0000))
  2     0.0000  0.5000  0.5000     E=(LI+1(0.2700))
  4     0.0000  0.1715  0.5000     E=(LI+1(0.3700))
  2     0.0000  0.0000  0.0000     E=(SC+3(1.0000))
  8     0.2607  0.3391  0.7635     E=(CL-1(1.0000))
  4     0.2410  0.0000  0.7676     E=(CL-1(1.0000))
