Rietveld refinement to file(s) pattern.xy
BGMN version 4.2.23, 8282 measured points, 45 peaks, 29 parameters
Start: Thu Feb 26 15:18:08 2026; End: Thu Feb 26 15:18:10 2026
27 iteration steps

Rp=3.93%  Rpb=63.41%  R=5.93%  Rwp=5.17% Rexp=2.74%
Durbin-Watson d=0.58
1-rho=14.5%

Global parameters and GOALs
****************************
Qspinel=1.00000
EPS2=-0.000955+-0.000047

Local parameters and GOALs for phase spinel
******************************************************
SpacegroupNo=227
HermannMauguin=F4_1/d-32/m
XrayDensity=2.524
Rphase=7.79%
UNIT=NM
A=1.03638+-0.00012
k1=0.0100000
B1=0.02100+-0.00030
GrainSize(1,1,1)=20.05+-0.28
GEWICHT=SPHAR4, MeanValue(GEWICHT)=0.0607612
Atomic positions for phase spinel
---------------------------------------------
 16     0.6250  0.6250  0.6250     E=(LI(0.2000))
  8     0.5000  0.5000  0.5000     E=(LI(0.6000))
 16     0.1250  0.1250  0.1250     E=(LI(0.5000),FE(0.5000))
 32     0.8817  0.8817  0.8817     E=(CL(1.0000))
