Rietveld refinement to file(s) pattern.xy
BGMN version 4.2.23, 8282 measured points, 45 peaks, 29 parameters
Start: Thu Feb 26 15:08:16 2026; End: Thu Feb 26 15:08:18 2026
23 iteration steps

Rp=5.34%  Rpb=44.83%  R=8.19%  Rwp=7.27% Rexp=2.62%
Durbin-Watson d=0.28
1-rho=7.78%

Global parameters and GOALs
****************************
Qspinel=1.00000
EPS2=-0.003211+-0.000033

Local parameters and GOALs for phase spinel
******************************************************
SpacegroupNo=227
HermannMauguin=F4_1/d-32/m
XrayDensity=2.593
Rphase=11.11%
UNIT=NM
A=1.024435+-0.000080
k1=0.0100000
B1=0.02418+-0.00022
GrainSize(1,1,1)=17.41+-0.16
GEWICHT=SPHAR4, MeanValue(GEWICHT)=0.182037
Atomic positions for phase spinel
---------------------------------------------
 16     0.6250  0.6250  0.6250     E=(LI(0.1600))
  8     0.5000  0.5000  0.5000     E=(LI(0.4800))
 16     0.1250  0.1250  0.1250     E=(LI(0.4000),V(0.2000),ZN(0.1000),NI(0.2000))
 32     0.8817  0.8817  0.8817     E=(CL(1.0000))
