Rietveld refinement to file(s) pattern.xy
BGMN version 4.2.23, 8282 measured points, 84 peaks, 48 parameters
Start: Thu Feb 26 14:47:22 2026; End: Thu Feb 26 14:47:28 2026
89 iteration steps

Rp=5.07%  Rpb=32.03%  R=9.64%  Rwp=6.97% Rexp=3.00%
Durbin-Watson d=0.39
1-rho=4.14%

Global parameters and GOALs
****************************
Qspinel=0.9224+-0.0019
QMgCl2166icsd261570=0.0776+-0.0019
EPS2=-0.002552+-0.000015

Local parameters and GOALs for phase spinel
******************************************************
SpacegroupNo=227
HermannMauguin=F4_1/d-32/m
XrayDensity=2.311
Rphase=10.97%
UNIT=NM
A=1.044866+-0.000034
k1=0
B1=0.01279+-0.00012
GrainSize(1,1,1)=33.18+-0.31
GEWICHT=SPHAR4, MeanValue(GEWICHT)=0.180802
Atomic positions for phase spinel
---------------------------------------------
 16     0.6250  0.6250  0.6250     E=(LI(0.1350))
  8     0.5000  0.5000  0.5000     E=(LI(0.4050))
 16     0.1250  0.1250  0.1250     E=(LI(0.3375),MG(0.3500),ZR(0.0500),MN(0.1500),NB(0.0250))
 32     0.8817  0.8817  0.8817     E=(CL(1.0000))

Local parameters and GOALs for phase MgCl2166icsd261570
******************************************************
SpacegroupNo=166
HermannMauguin=R-32/m
XrayDensity=2.355
Rphase=8.87%
UNIT=NM
A=0.363035+-0.000021
C=1.76431+-0.00033
k1=0.0100000
B1=0.00500000
GrainSize(1,1,1)=84.1811
GEWICHT=SPHAR4, MeanValue(GEWICHT)=0.0152186
Atomic positions for phase MgCl2166icsd261570
---------------------------------------------
  3     0.0000  0.0000  0.0000     E=(MG+2(1.0000))
  6     0.0000  0.0000  0.2730     E=(CL-1(1.0000))
