Rietveld refinement to file(s) pattern.xy
BGMN version 4.2.23, 8282 measured points, 290 peaks, 50 parameters
Start: Thu Feb 26 14:46:31 2026; End: Thu Feb 26 14:46:40 2026
74 iteration steps

Rp=5.33%  Rpb=59.88%  R=7.34%  Rwp=7.54% Rexp=2.88%
Durbin-Watson d=0.31
1-rho=14.3%

Global parameters and GOALs
****************************
QLi6In203Cl1212icsd89617None=0.7176+-0.0075
Qspinel=0.2824+-0.0075
EPS2=-0.003097+-0.000024

Local parameters and GOALs for phase Li6In203Cl1212icsd89617None
******************************************************
SpacegroupNo=12
HermannMauguin=C12/m1
XrayDensity=2.711
Rphase=13.30%
UNIT=NM
A=0.641458+-0.000046
B=1.11213+-0.00020
C=0.639251+-0.000042
BETA=109.9119+-0.0058
k1=0.0100000
B1=0.00500000
GrainSize(1,1,1)=84.1811
GEWICHT=SPHAR4, MeanValue(GEWICHT)=0.0499058
Atomic positions for phase Li6In203Cl1212icsd89617None
---------------------------------------------
  4     0.0000  0.1683  0.5000     E=(LI+1(1.0000))
  2     0.0000  0.5000  0.5000     E=(LI+1(1.0000))
  4     0.0000  0.3333  0.0000     E=(IN+3(0.0700))
  2     0.0000  0.0000  0.0000     E=(IN+3(0.8750))
  8     0.7579  0.1622  0.7612     E=(CL-1(1.0000))
  4     0.7550  0.0000  0.2338     E=(CL-1(1.0000))

Local parameters and GOALs for phase spinel
******************************************************
SpacegroupNo=227
HermannMauguin=F4_1/d-32/m
XrayDensity=3.087
Rphase=8.42%
UNIT=NM
A=0.99804+-0.00018
k1=0.0100000
B1=0.0247+-0.0012
GrainSize(1,1,1)=17.02+-0.85
GEWICHT=SPHAR4, MeanValue(GEWICHT)=0.0196397
Atomic positions for phase spinel
---------------------------------------------
 16     0.6250  0.6250  0.6250     E=(LI(0.1200))
  8     0.5000  0.5000  0.5000     E=(LI(0.3600))
 16     0.1250  0.1250  0.1250     E=(LI(0.3000),MG(0.1500),MN(0.0500),V(0.0500),IN(0.2500),FE(0.0500))
 32     0.8817  0.8817  0.8817     E=(CL(1.0000))
