Rietveld refinement to file(s) pattern.xy
BGMN version 4.2.23, 8282 measured points, 173 peaks, 48 parameters
Start: Thu Feb 26 16:57:45 2026; End: Thu Feb 26 16:57:52 2026
75 iteration steps

Rp=4.70%  Rpb=57.62%  R=5.74%  Rwp=6.46% Rexp=2.98%
Durbin-Watson d=0.48
1-rho=15.6%

Global parameters and GOALs
****************************
Qspinel=0.8132+-0.0043
QFeCl3148icsd2750073=0.1868+-0.0043
EPS2=-0.001211+-0.000041

Local parameters and GOALs for phase spinel
******************************************************
SpacegroupNo=227
HermannMauguin=F4_1/d-32/m
XrayDensity=2.514
Rphase=9.40%
UNIT=NM
A=1.02808+-0.00012
k1=0
B1=0.03376+-0.00053
GrainSize(1,1,1)=12.57+-0.20
GEWICHT=SPHAR4, MeanValue(GEWICHT)=0.0638131
Atomic positions for phase spinel
---------------------------------------------
  8     0.5000  0.5000  0.5000     E=(LI(0.3900))
 16     0.6250  0.6250  0.6250     E=(LI(0.1300))
 16     0.1250  0.1250  0.1250     E=(LI(0.3250),ZR(0.1000),MN(0.0500),V(0.2500),FE(0.0500))
 32     0.8817  0.8817  0.8817     E=(CL(1.0000))

Local parameters and GOALs for phase FeCl3148icsd2750073
******************************************************
SpacegroupNo=148
HermannMauguin=R-3
XrayDensity=2.963
Rphase=8.48%
UNIT=NM
A=0.604720+-0.000048
C=1.72205+-0.00046
k1=0.0100000
B1=0.00500000
GrainSize(1,1,1)=84.1811
GEWICHT=SPHAR4, MeanValue(GEWICHT)=0.0146565
Atomic positions for phase FeCl3148icsd2750073
---------------------------------------------
  6     0.0000  0.0000  0.3333     E=(FE+3(1.0000))
 18     0.3197  0.9863  0.2573     E=(CL-1(1.0000))
