Rietveld refinement to file(s) pattern.xy
BGMN version 4.2.23, 8282 measured points, 93 peaks, 33 parameters
Start: Thu Feb 26 15:05:01 2026; End: Thu Feb 26 15:05:02 2026
23 iteration steps

Rp=2.62%  Rpb=36.39%  R=4.32%  Rwp=3.45% Rexp=2.06%
Durbin-Watson d=0.75
1-rho=3.09%

Global parameters and GOALs
****************************
Qspinel=1.00000
QLi6FeCl8225icsd7321731=0
EPS2=-0.001232+-0.000015

Local parameters and GOALs for phase spinel
******************************************************
SpacegroupNo=227
HermannMauguin=F4_1/d-32/m
XrayDensity=2.543
Rphase=6.11%
UNIT=NM
A=1.036822+-0.000039
k1=0.0100000
B1=0.01483+-0.00010
GrainSize(1,1,1)=28.38+-0.19
GEWICHT=SPHAR4, MeanValue(GEWICHT)=0.175351
Atomic positions for phase spinel
---------------------------------------------
 16     0.6250  0.6250  0.6250     E=(LI(0.1600))
  8     0.5000  0.5000  0.5000     E=(LI(0.4800))
 16     0.1250  0.1250  0.1250     E=(LI(0.4000),V(0.1000),FE(0.4500))
 32     0.8817  0.8817  0.8817     E=(CL(1.0000))

Local parameters and GOALs for phase Li6FeCl8225icsd7321731
******************************************************
SpacegroupNo=225
HermannMauguin=F4/m-32/m
XrayDensity=2.265
Rphase=100.00%
UNIT=NM
A=UNDEF
k1=UNDEF
B1=UNDEF
GrainSize(1,1,1)=UNDEF
GEWICHT=0.0
Atomic positions for phase Li6FeCl8225icsd7321731
---------------------------------------------
 24     0.0000  0.2500  0.2500     E=(LI+1(1.0000))
  4     0.0000  0.0000  0.0000     E=(FE+2(1.0000))
  8     0.2500  0.2500  0.2500     E=(CL-1(1.0000))
 24     0.2410  0.0000  0.0000     E=(CL-1(1.0000))
