Rietveld refinement to file(s) pattern.xy
BGMN version 4.2.23, 8282 measured points, 93 peaks, 47 parameters
Start: Thu Feb 26 15:02:17 2026; End: Thu Feb 26 15:02:19 2026
26 iteration steps

Rp=4.29%  Rpb=46.78%  R=5.83%  Rwp=5.37% Rexp=3.04%
Durbin-Watson d=0.67
1-rho=5.46%

Global parameters and GOALs
****************************
Qspinel=0.9669+-0.0023
QLi2VCl4227icsd74959None=0.0331+-0.0023
EPS2=0.000411+-0.000013

Local parameters and GOALs for phase spinel
******************************************************
SpacegroupNo=227
HermannMauguin=F4_1/d-32/m
XrayDensity=2.455
Rphase=7.91%
UNIT=NM
A=1.048662+-0.000032
k1=0.0100000
B1=0.008909+-0.000099
GrainSize(1,1,1)=47.25+-0.53
GEWICHT=SPHAR4, MeanValue(GEWICHT)=0.0824423
Atomic positions for phase spinel
---------------------------------------------
 16     0.6250  0.6250  0.6250     E=(LI(0.1650))
  8     0.5000  0.5000  0.5000     E=(LI(0.4950))
 16     0.1250  0.1250  0.1250     E=(LI(0.4125),MN(0.4750),V(0.0750))
 32     0.8817  0.8817  0.8817     E=(CL(1.0000))

Local parameters and GOALs for phase Li2VCl4227icsd74959None
******************************************************
SpacegroupNo=216
HermannMauguin=F-43m
XrayDensity=2.519
Rphase=6.54%
UNIT=NM
A=1.02901+-0.00019
k1=0.0100000
B1=0.00500000
GrainSize(1,1,1)=84.1811
GEWICHT=SPHAR4, MeanValue(GEWICHT)=0.00282259
Atomic positions for phase Li2VCl4227icsd74959None
---------------------------------------------
  4     0.0000  0.0000  0.0000     E=(LI+1(1.0000))
  4     0.2500  0.2500  0.2500     E=(LI+1(1.0000))
 16     0.6252  0.6252  0.6252     E=(LI+1(0.5000),V+2(0.5000))
 16     0.8667  0.8667  0.8667     E=(CL-1(1.0000))
 16     0.3790  0.3790  0.3790     E=(CL-1(1.0000))
