Rietveld refinement to file(s) pattern.xy
BGMN version 4.2.23, 8282 measured points, 45 peaks, 29 parameters
Start: Thu Feb 26 15:07:52 2026; End: Thu Feb 26 15:07:54 2026
25 iteration steps

Rp=4.02%  Rpb=48.07%  R=6.30%  Rwp=5.81% Rexp=2.95%
Durbin-Watson d=0.55
1-rho=6.44%

Global parameters and GOALs
****************************
Qspinel=1.00000
EPS2=0.0004455+-0.0000099

Local parameters and GOALs for phase spinel
******************************************************
SpacegroupNo=227
HermannMauguin=F4_1/d-32/m
XrayDensity=2.668
Rphase=9.74%
UNIT=NM
A=1.050107+-0.000021
k1=0.0100000
B1=0.004967+-0.000082
GrainSize(1,1,1)=84.7+-1.4
GEWICHT=SPHAR4, MeanValue(GEWICHT)=0.0731981
Atomic positions for phase spinel
---------------------------------------------
 16     0.6250  0.6250  0.6250     E=(LI(0.1600))
  8     0.5000  0.5000  0.5000     E=(LI(0.4800))
 16     0.1250  0.1250  0.1250     E=(LI(0.4000),HF(0.1000),MN(0.4000))
 32     0.8817  0.8817  0.8817     E=(CL(1.0000))
