Rietveld refinement to file(s) pattern.xy
BGMN version 4.2.23, 8282 measured points, 93 peaks, 47 parameters
Start: Thu Feb 26 15:16:27 2026; End: Thu Feb 26 15:16:29 2026
29 iteration steps

Rp=3.69%  Rpb=56.41%  R=5.24%  Rwp=4.77% Rexp=2.61%
Durbin-Watson d=0.65
1-rho=8.07%

Global parameters and GOALs
****************************
QLi2FeCl4227icsd73951None=0.4949+-0.0036
QLi6FeCl8225icsd7321731=0.5051+-0.0036
EPS2=-0.000199+-0.000016

Local parameters and GOALs for phase Li2FeCl4227icsd73951None
******************************************************
SpacegroupNo=227
HermannMauguin=F4_1/d-32/m
XrayDensity=2.516
Rphase=7.12%
UNIT=NM
A=1.037549+-0.000037
k1=0.0100000
B1=0.00500000
GrainSize(1,1,1)=84.1811
GEWICHT=SPHAR4, MeanValue(GEWICHT)=0.0341949
Atomic positions for phase Li2FeCl4227icsd73951None
---------------------------------------------
 16     0.6250  0.6250  0.6250     E=(LI+1(0.2000))
  8     0.5000  0.5000  0.5000     E=(LI+1(0.6000))
 16     0.1250  0.1250  0.1250     E=(LI+1(0.5000),FE+2(0.5000))
 32     0.8817  0.8817  0.8817     E=(CL-1(1.0000))

Local parameters and GOALs for phase Li6FeCl8225icsd7321731
******************************************************
SpacegroupNo=225
HermannMauguin=F4/m-32/m
XrayDensity=2.311
Rphase=6.87%
UNIT=NM
A=1.030774+-0.000037
k1=0.0100000
B1=0.00500000
GrainSize(1,1,1)=84.1811
GEWICHT=SPHAR4, MeanValue(GEWICHT)=0.0348947
Atomic positions for phase Li6FeCl8225icsd7321731
---------------------------------------------
 24     0.0000  0.2500  0.2500     E=(LI+1(1.0000))
  4     0.0000  0.0000  0.0000     E=(FE+2(1.0000))
  8     0.2500  0.2500  0.2500     E=(CL-1(1.0000))
 24     0.2410  0.0000  0.0000     E=(CL-1(1.0000))
