Rietveld refinement to file(s) pattern.xy
BGMN version 4.2.23, 8282 measured points, 45 peaks, 29 parameters
Start: Thu Feb 26 15:17:02 2026; End: Thu Feb 26 15:17:03 2026
23 iteration steps

Rp=2.46%  Rpb=37.29%  R=3.52%  Rwp=3.17% Rexp=1.99%
Durbin-Watson d=0.83
1-rho=2.85%

Global parameters and GOALs
****************************
Qspinel=1.00000
EPS2=-0.002018+-0.000010

Local parameters and GOALs for phase spinel
******************************************************
SpacegroupNo=227
HermannMauguin=F4_1/d-32/m
XrayDensity=2.572
Rphase=4.49%
UNIT=NM
A=1.038317+-0.000025
k1=0
B1=0.009593+-0.000080
GrainSize(1,1,1)=44.24+-0.37
GEWICHT=SPHAR4, MeanValue(GEWICHT)=0.164049
Atomic positions for phase spinel
---------------------------------------------
 16     0.6250  0.6250  0.6250     E=(LI(0.1900))
  8     0.5000  0.5000  0.5000     E=(LI(0.5700))
 16     0.1250  0.1250  0.1250     E=(LI(0.4750),IN(0.0500),FE(0.4500))
 32     0.8817  0.8817  0.8817     E=(CL(1.0000))
