Rietveld refinement to file(s) pattern.xy
BGMN version 4.2.23, 8282 measured points, 45 peaks, 29 parameters
Start: Thu Feb 26 15:04:57 2026; End: Thu Feb 26 15:04:58 2026
26 iteration steps

Rp=4.70%  Rpb=54.40%  R=10.19%  Rwp=7.34% Rexp=2.18%
Durbin-Watson d=0.19
1-rho=12.9%

Global parameters and GOALs
****************************
Qspinel=1.00000
EPS2=-0.004439+-0.000039

Local parameters and GOALs for phase spinel
******************************************************
SpacegroupNo=227
HermannMauguin=F4_1/d-32/m
XrayDensity=2.519
Rphase=14.71%
UNIT=NM
A=1.038196+-0.000096
k1=0.0100000
B1=0.02016+-0.00027
GrainSize(1,1,1)=20.88+-0.28
GEWICHT=SPHAR4, MeanValue(GEWICHT)=0.173444
Atomic positions for phase spinel
---------------------------------------------
 16     0.6250  0.6250  0.6250     E=(LI(0.1600))
  8     0.5000  0.5000  0.5000     E=(LI(0.4800))
 16     0.1250  0.1250  0.1250     E=(LI(0.4000),SC(0.1000),FE(0.4500))
 32     0.8817  0.8817  0.8817     E=(CL(1.0000))
