Rietveld refinement to file(s) pattern.xy
BGMN version 4.2.23, 8282 measured points, 45 peaks, 29 parameters
Start: Thu Feb 26 17:02:31 2026; End: Thu Feb 26 17:02:33 2026
36 iteration steps

Rp=8.88%  Rpb=48.21%  R=18.92%  Rwp=13.55% Rexp=3.36%
Durbin-Watson d=0.15
1-rho=10.8%

Global parameters and GOALs
****************************
Qspinel=1.00000
EPS2=-0.000198+-0.000018

Local parameters and GOALs for phase spinel
******************************************************
SpacegroupNo=227
HermannMauguin=F4_1/d-32/m
XrayDensity=2.429
Rphase=22.15%
UNIT=NM
A=1.042427+-0.000036
k1=0.0100000
B1=0.00879+-0.00015
GrainSize(1,1,1)=47.89+-0.82
GEWICHT=SPHAR4, MeanValue(GEWICHT)=0.163066
Atomic positions for phase spinel
---------------------------------------------
 16     0.6250  0.6250  0.6250     E=(LI(0.1400))
  8     0.5000  0.5000  0.5000     E=(LI(0.4200))
 16     0.1250  0.1250  0.1250     E=(LI(0.3500),MG(0.4000),TA(0.1000))
 32     0.8817  0.8817  0.8817     E=(CL(1.0000))
