Rietveld refinement to file(s) pattern.xy
BGMN version 4.2.23, 8282 measured points, 88 peaks, 47 parameters
Start: Thu Feb 26 14:51:24 2026; End: Thu Feb 26 14:51:27 2026
44 iteration steps

Rp=7.35%  Rpb=34.97%  R=14.51%  Rwp=11.27% Rexp=3.20%
Durbin-Watson d=0.19
1-rho=6.43%

Global parameters and GOALs
****************************
Qspinel=0.6664+-0.0028
QLi2MgCl4227icsd74957None=0.3336+-0.0028
EPS2=-0.001871+-0.000016

Local parameters and GOALs for phase spinel
******************************************************
SpacegroupNo=227
HermannMauguin=F4_1/d-32/m
XrayDensity=2.416
Rphase=17.03%
UNIT=NM
A=1.029286+-0.000041
k1=0.0100000
B1=0.01765+-0.00023
GrainSize(1,1,1)=23.85+-0.31
GEWICHT=SPHAR4, MeanValue(GEWICHT)=0.158347
Atomic positions for phase spinel
---------------------------------------------
 16     0.6250  0.6250  0.6250     E=(LI(0.1400))
  8     0.5000  0.5000  0.5000     E=(LI(0.4200))
 16     0.1250  0.1250  0.1250     E=(LI(0.3500),MG(0.4000),TA(0.0500),NB(0.0500))
 32     0.8817  0.8817  0.8817     E=(CL(1.0000))

Local parameters and GOALs for phase Li2MgCl4227icsd74957None
******************************************************
SpacegroupNo=227
HermannMauguin=F4_1/d-32/m
XrayDensity=2.110
Rphase=11.95%
UNIT=NM
A=1.042545+-0.000033
k1=0.0100000
B1=0.00500000
GrainSize(1,1,1)=84.1811
GEWICHT=SPHAR4, MeanValue(GEWICHT)=0.0792739
Atomic positions for phase Li2MgCl4227icsd74957None
---------------------------------------------
  8     0.5000  0.5000  0.5000     E=(LI+1(1.0000))
 16     0.1250  0.1250  0.1250     E=(LI+1(0.5000),MG+2(0.5000))
 32     0.8820  0.8820  0.8820     E=(CL-1(1.0000))
