Rietveld refinement to file(s) pattern.xy
BGMN version 4.2.23, 8282 measured points, 319 peaks, 48 parameters
Start: Thu Feb 26 15:10:45 2026; End: Thu Feb 26 15:10:49 2026
49 iteration steps

Rp=6.13%  Rpb=39.82%  R=9.02%  Rwp=8.29% Rexp=3.20%
Durbin-Watson d=0.35
1-rho=6.73%

Global parameters and GOALs
****************************
QLi3YCl6164icsd29965None=0.2459+-0.0028
Qspinel=0.7541+-0.0028
EPS2=0.000001+-0.000015

Local parameters and GOALs for phase Li3YCl6164icsd29965None
******************************************************
SpacegroupNo=164
HermannMauguin=P-32/m1
XrayDensity=2.449
Rphase=9.75%
UNIT=NM
A=1.120377+-0.000058
C=0.603243+-0.000044
k1=0.0100000
B1=0.00500000
GrainSize(1,1,1)=84.1811
GEWICHT=SPHAR4, MeanValue(GEWICHT)=0.0364884
Atomic positions for phase Li3YCl6164icsd29965None
---------------------------------------------
  6     0.3429  0.0000  0.0000     E=(LI+1(0.7126))
  6     0.3263  0.0000  0.5000     E=(LI+1(0.7874))
  1     0.0000  0.0000  0.0000     E=(Y+3(1.0000))
  2     0.3333  0.6667  0.0080     E=(Y+3(0.2288))
  2     0.3333  0.6667  0.5047     E=(Y+3(0.7712))
  6     0.8870 -0.8870  0.2343     E=(CL-1(1.0000))
  6     0.7795 -0.7795  0.7305     E=(CL-1(1.0000))
  6     0.5541 -0.5541  0.2457     E=(CL-1(1.0000))

Local parameters and GOALs for phase spinel
******************************************************
SpacegroupNo=227
HermannMauguin=F4_1/d-32/m
XrayDensity=2.307
Rphase=13.14%
UNIT=NM
A=1.043416+-0.000038
k1=0
B1=0.01333+-0.00016
GrainSize(1,1,1)=31.85+-0.39
GEWICHT=SPHAR4, MeanValue(GEWICHT)=0.111928
Atomic positions for phase spinel
---------------------------------------------
 16     0.6250  0.6250  0.6250     E=(LI(0.1700))
  8     0.5000  0.5000  0.5000     E=(LI(0.5100))
 16     0.1250  0.1250  0.1250     E=(LI(0.4250),Y(0.1500),MG(0.3500))
 32     0.8817  0.8817  0.8817     E=(CL(1.0000))
