Rietveld refinement to file(s) pattern.xy
BGMN version 4.2.23, 8282 measured points, 45 peaks, 29 parameters
Start: Thu Feb 26 15:12:20 2026; End: Thu Feb 26 15:12:22 2026
27 iteration steps

Rp=7.34%  Rpb=50.58%  R=17.55%  Rwp=11.94% Rexp=2.77%
Durbin-Watson d=0.12
1-rho=13.2%

Global parameters and GOALs
****************************
Qspinel=1.00000
EPS2=-0.000621+-0.000029

Local parameters and GOALs for phase spinel
******************************************************
SpacegroupNo=227
HermannMauguin=F4_1/d-32/m
XrayDensity=2.536
Rphase=18.73%
UNIT=NM
A=1.041228+-0.000067
k1=0.0100000
B1=0.01471+-0.00023
GrainSize(1,1,1)=28.61+-0.45
GEWICHT=SPHAR4, MeanValue(GEWICHT)=0.190574
Atomic positions for phase spinel
---------------------------------------------
  8     0.5000  0.5000  0.5000     E=(LI(0.5400))
 16     0.6250  0.6250  0.6250     E=(LI(0.1800))
 16     0.1250  0.1250  0.1250     E=(LI(0.4500),MG(0.4000),BI(0.1000))
 32     0.8817  0.8817  0.8817     E=(CL(1.0000))
