Rietveld refinement to file(s) pattern.xy
BGMN version 4.2.23, 8282 measured points, 319 peaks, 48 parameters
Start: Thu Feb 26 15:02:33 2026; End: Thu Feb 26 15:02:37 2026
43 iteration steps

Rp=6.08%  Rpb=39.35%  R=8.72%  Rwp=8.23% Rexp=3.02%
Durbin-Watson d=0.32
1-rho=6.46%

Global parameters and GOALs
****************************
Qspinel=0.6530+-0.0029
QLi3YCl6164icsd29969None=0.3470+-0.0029
EPS2=-0.000390+-0.000013

Local parameters and GOALs for phase spinel
******************************************************
SpacegroupNo=227
HermannMauguin=F4_1/d-32/m
XrayDensity=2.326
Rphase=12.45%
UNIT=NM
A=1.043658+-0.000035
k1=0.0100000
B1=0.01095+-0.00015
GrainSize(1,1,1)=38.45+-0.53
GEWICHT=SPHAR4, MeanValue(GEWICHT)=0.107319
Atomic positions for phase spinel
---------------------------------------------
 16     0.6250  0.6250  0.6250     E=(LI(0.1670))
  8     0.5000  0.5000  0.5000     E=(LI(0.5010))
 16     0.1250  0.1250  0.1250     E=(LI(0.4175),Y(0.1650),MG(0.3350))
 32     0.8817  0.8817  0.8817     E=(CL(1.0000))

Local parameters and GOALs for phase Li3YCl6164icsd29969None
******************************************************
SpacegroupNo=164
HermannMauguin=P-32/m1
XrayDensity=2.448
Rphase=12.25%
UNIT=NM
A=1.120516+-0.000048
C=0.603529+-0.000034
k1=0.0100000
B1=0.00500000
GrainSize(1,1,1)=84.1811
GEWICHT=SPHAR4, MeanValue(GEWICHT)=0.0570218
Atomic positions for phase Li3YCl6164icsd29969None
---------------------------------------------
  6     0.3269  0.0000  0.5000     E=(LI+1(0.8754))
  6     0.3432  0.0000  0.0000     E=(LI+1(0.6246))
  1     0.0000  0.0000  0.0000     E=(Y+3(1.0000))
  2     0.3333  0.6667  0.0023     E=(Y+3(0.4341))
  2     0.3333  0.6667  0.5055     E=(Y+3(0.5659))
  6     0.8871 -0.8871  0.2346     E=(CL-1(1.0000))
  6     0.7794 -0.7794  0.7369     E=(CL-1(1.0000))
  6     0.5539 -0.5539  0.2469     E=(CL-1(1.0000))
