Rietveld refinement to file(s) pattern.xy
BGMN version 4.2.23, 8282 measured points, 145 peaks, 49 parameters
Start: Thu Feb 26 14:55:03 2026; End: Thu Feb 26 14:55:09 2026
70 iteration steps

Rp=4.44%  Rpb=41.97%  R=7.33%  Rwp=6.08% Rexp=2.53%
Durbin-Watson d=0.36
1-rho=6.80%

Global parameters and GOALs
****************************
Qspinel=0.8673+-0.0064
QLi366Fe217Cl865icsd73950None=0.1327+-0.0064
EPS2=-0.005215+-0.000022

Local parameters and GOALs for phase spinel
******************************************************
SpacegroupNo=227
HermannMauguin=F4_1/d-32/m
XrayDensity=2.481
Rphase=8.03%
UNIT=NM
A=1.032563+-0.000076
k1=0.0100000
B1=0.02935+-0.00033
GrainSize(1,1,1)=14.34+-0.16
GEWICHT=SPHAR4, MeanValue(GEWICHT)=0.138060
Atomic positions for phase spinel
---------------------------------------------
 16     0.6250  0.6250  0.6250     E=(LI(0.1500))
  8     0.5000  0.5000  0.5000     E=(LI(0.4500))
 16     0.1250  0.1250  0.1250     E=(LI(0.3750),V(0.2500),FE(0.2500))
 32     0.8817  0.8817  0.8817     E=(CL(1.0000))

Local parameters and GOALs for phase Li366Fe217Cl865icsd73950None
******************************************************
SpacegroupNo=65
HermannMauguin=C2/m2/m2/m
XrayDensity=2.532
Rphase=9.36%
UNIT=NM
A=0.73390+-0.00021
B=1.04077+-0.00047
C=0.36937+-0.00010
k1=0.0100000
B1=0.00500000
GrainSize(1,1,1)=84.1811
GEWICHT=SPHAR4, MeanValue(GEWICHT)=0.0211210
Atomic positions for phase Li366Fe217Cl865icsd73950None
---------------------------------------------
  4     0.2500  0.2500  0.5000     E=(LI+1(0.9150),FE+2(0.0425))
  2     0.0000  0.0000  0.0000     E=(FE+2(1.0000))
  4     0.2345  0.0000  0.5000     E=(CL-1(1.0000))
  4     0.0000  0.7623  0.0000     E=(CL-1(1.0000))
