Rietveld refinement to file(s) pattern.xy
BGMN version 4.2.23, 8282 measured points, 54 peaks, 47 parameters
Start: Thu Feb 26 14:52:48 2026; End: Thu Feb 26 14:52:50 2026
32 iteration steps

Rp=4.69%  Rpb=48.74%  R=7.44%  Rwp=6.60% Rexp=2.83%
Durbin-Watson d=0.39
1-rho=8.81%

Global parameters and GOALs
****************************
Qspinel=0.9135+-0.0028
QLiCl=0.0865+-0.0028
EPS2=-0.002317+-0.000030

Local parameters and GOALs for phase spinel
******************************************************
SpacegroupNo=227
HermannMauguin=F4_1/d-32/m
XrayDensity=2.618
Rphase=11.87%
UNIT=NM
A=1.051371+-0.000076
k1=0.0100000
B1=0.01976+-0.00025
GrainSize(1,1,1)=21.30+-0.27
GEWICHT=SPHAR4, MeanValue(GEWICHT)=0.100129
Atomic positions for phase spinel
---------------------------------------------
 16     0.6250  0.6250  0.6250     E=(LI(0.1500))
  8     0.5000  0.5000  0.5000     E=(LI(0.4500))
 16     0.1250  0.1250  0.1250     E=(LI(0.3750),TA(0.0750),MN(0.4000),IN(0.0250))
 32     0.8817  0.8817  0.8817     E=(CL(1.0000))

Local parameters and GOALs for phase LiCl
******************************************************
SpacegroupNo=225
HermannMauguin=F4/m-32/m
XrayDensity=1.998
Rphase=9.30%
UNIT=NM
A=0.520379+-0.000050
k1=0.0100000
B1=0.00500000
GrainSize(1,1,1)=84.1811
GEWICHT=SPHAR4, MeanValue(GEWICHT)=0.00948301
Atomic positions for phase LiCl
---------------------------------------------
  4     0.0000  0.0000  0.0000     E=(LI+1(1.0000))
  4     0.5000  0.5000  0.5000     E=(CL-1(1.0000))
