Rietveld refinement to file(s) pattern.xy
BGMN version 4.2.23, 8282 measured points, 45 peaks, 29 parameters
Start: Thu Feb 26 16:10:53 2026; End: Thu Feb 26 16:10:55 2026
23 iteration steps

Rp=3.37%  Rpb=54.70%  R=4.75%  Rwp=4.62% Rexp=2.42%
Durbin-Watson d=0.60
1-rho=12.3%

Global parameters and GOALs
****************************
Qspinel=1.00000
EPS2=-0.004592+-0.000050

Local parameters and GOALs for phase spinel
******************************************************
SpacegroupNo=227
HermannMauguin=F4_1/d-32/m
XrayDensity=2.555
Rphase=6.91%
UNIT=NM
A=1.04187+-0.00013
k1=0.0100000
B1=0.03007+-0.00036
GrainSize(1,1,1)=14.00+-0.17
GEWICHT=SPHAR4, MeanValue(GEWICHT)=0.0973207
Atomic positions for phase spinel
---------------------------------------------
  8     0.5000  0.5000  0.5000     E=(LI(0.5400))
 16     0.6250  0.6250  0.6250     E=(LI(0.1800))
 16     0.1250  0.1250  0.1250     E=(LI(0.4500),Y(0.1000),FE(0.3500),CU(0.0500))
 32     0.8817  0.8817  0.8817     E=(CL(1.0000))
