Rietveld refinement to file(s) pattern.xy
BGMN version 4.2.23, 8282 measured points, 45 peaks, 29 parameters
Start: Thu Feb 26 16:58:34 2026; End: Thu Feb 26 16:58:35 2026
23 iteration steps

Rp=3.22%  Rpb=55.79%  R=4.21%  Rwp=4.13% Rexp=2.59%
Durbin-Watson d=0.86
1-rho=10.2%

Global parameters and GOALs
****************************
Qspinel=1.00000
EPS2=-0.003001+-0.000047

Local parameters and GOALs for phase spinel
******************************************************
SpacegroupNo=227
HermannMauguin=F4_1/d-32/m
XrayDensity=2.601
Rphase=5.67%
UNIT=NM
A=1.04108+-0.00013
k1=0.0100000
B1=0.02556+-0.00028
GrainSize(1,1,1)=16.46+-0.18
GEWICHT=SPHAR4, MeanValue(GEWICHT)=0.0651723
Atomic positions for phase spinel
---------------------------------------------
 16     0.6250  0.6250  0.6250     E=(LI(0.1600))
  8     0.5000  0.5000  0.5000     E=(LI(0.4800))
 16     0.1250  0.1250  0.1250     E=(LI(0.4000),Y(0.1000),FE(0.4500))
 32     0.8817  0.8817  0.8817     E=(CL(1.0000))
