Rietveld refinement to file(s) pattern.xy
BGMN version 4.2.23, 8282 measured points, 45 peaks, 29 parameters
Start: Thu Feb 26 15:04:11 2026; End: Thu Feb 26 15:04:13 2026
29 iteration steps

Rp=5.84%  Rpb=40.01%  R=10.02%  Rwp=8.55% Rexp=2.61%
Durbin-Watson d=0.20
1-rho=7.13%

Global parameters and GOALs
****************************
Qspinel=1.00000
EPS2=-0.002769+-0.000028

Local parameters and GOALs for phase spinel
******************************************************
SpacegroupNo=227
HermannMauguin=F4_1/d-32/m
XrayDensity=2.312
Rphase=13.96%
UNIT=NM
A=1.042018+-0.000065
k1=0
B1=0.02175+-0.00020
GrainSize(1,1,1)=19.51+-0.18
GEWICHT=SPHAR4, MeanValue(GEWICHT)=0.249134
Atomic positions for phase spinel
---------------------------------------------
 16     0.6250  0.6250  0.6250     E=(LI(0.1600))
  8     0.5000  0.5000  0.5000     E=(LI(0.4800))
 16     0.1250  0.1250  0.1250     E=(LI(0.4000),MG(0.3000),ZR(0.1000),FE(0.1000))
 32     0.8817  0.8817  0.8817     E=(CL(1.0000))
