Rietveld refinement to file(s) pattern.xy
BGMN version 4.2.23, 8282 measured points, 54 peaks, 47 parameters
Start: Thu Feb 26 14:52:01 2026; End: Thu Feb 26 14:52:03 2026
25 iteration steps

Rp=3.97%  Rpb=41.42%  R=5.72%  Rwp=5.02% Rexp=2.75%
Durbin-Watson d=0.60
1-rho=4.16%

Global parameters and GOALs
****************************
Qspinel=0.9530+-0.0016
QLiCl225icsd269090=0.0470+-0.0016
EPS2=-0.000214+-0.000010

Local parameters and GOALs for phase spinel
******************************************************
SpacegroupNo=227
HermannMauguin=F4_1/d-32/m
XrayDensity=2.453
Rphase=7.34%
UNIT=NM
A=1.050395+-0.000024
k1=0.0100000
B1=0.007578+-0.000083
GrainSize(1,1,1)=55.55+-0.61
GEWICHT=SPHAR4, MeanValue(GEWICHT)=0.109730
Atomic positions for phase spinel
---------------------------------------------
 16     0.6250  0.6250  0.6250     E=(LI(0.1400))
  8     0.5000  0.5000  0.5000     E=(LI(0.4200))
 16     0.1250  0.1250  0.1250     E=(LI(0.3500),MN(0.4000),NB(0.1000))
 32     0.8817  0.8817  0.8817     E=(CL(1.0000))

Local parameters and GOALs for phase LiCl225icsd269090
******************************************************
SpacegroupNo=225
HermannMauguin=F4/m-32/m
XrayDensity=2.063
Rphase=5.72%
UNIT=NM
A=0.514830+-0.000053
k1=0.0100000
B1=0.00500000
GrainSize(1,1,1)=84.1811
GEWICHT=SPHAR4, MeanValue(GEWICHT)=0.00541554
Atomic positions for phase LiCl225icsd269090
---------------------------------------------
  4     0.0000  0.0000  0.0000     E=(LI+1(1.0000))
  4     0.5000  0.5000  0.5000     E=(CL-1(1.0000))
