Rietveld refinement to file(s) pattern.xy
BGMN version 4.2.23, 8282 measured points, 81 peaks, 48 parameters
Start: Thu Feb 26 15:08:13 2026; End: Thu Feb 26 15:08:16 2026
31 iteration steps

Rp=5.03%  Rpb=38.96%  R=7.61%  Rwp=6.85% Rexp=2.42%
Durbin-Watson d=0.27
1-rho=6.37%

Global parameters and GOALs
****************************
QNiCl2166icsd142080=0.1539+-0.0022
Qspinel=0.8461+-0.0022
EPS2=-0.002943+-0.000020

Local parameters and GOALs for phase NiCl2166icsd142080
******************************************************
SpacegroupNo=166
HermannMauguin=R-32/m
XrayDensity=3.491
Rphase=10.93%
UNIT=NM
A=0.350547+-0.000019
C=1.73771+-0.00021
k1=0.0100000
B1=0.00500000
GrainSize(1,1,1)=84.1811
GEWICHT=SPHAR4, MeanValue(GEWICHT)=0.0335533
Atomic positions for phase NiCl2166icsd142080
---------------------------------------------
  3     0.0000  0.0000  0.0000     E=(NI+2(1.0000))
  6     0.0000  0.0000  0.2551     E=(CL-1(1.0000))

Local parameters and GOALs for phase spinel
******************************************************
SpacegroupNo=227
HermannMauguin=F4_1/d-32/m
XrayDensity=2.554
Rphase=9.01%
UNIT=NM
A=1.029614+-0.000055
k1=0.0100000
B1=0.02086+-0.00021
GrainSize(1,1,1)=20.18+-0.20
GEWICHT=SPHAR4, MeanValue(GEWICHT)=0.184494
Atomic positions for phase spinel
---------------------------------------------
 16     0.6250  0.6250  0.6250     E=(LI(0.1600))
  8     0.5000  0.5000  0.5000     E=(LI(0.4800))
 16     0.1250  0.1250  0.1250     E=(LI(0.4000),V(0.2000),ZN(0.1000),NI(0.2000))
 32     0.8817  0.8817  0.8817     E=(CL(1.0000))
