Rietveld refinement to file(s) pattern.xy
BGMN version 4.2.23, 8282 measured points, 290 peaks, 41 parameters
Start: Thu Feb 26 14:58:41 2026; End: Thu Feb 26 14:58:44 2026
31 iteration steps

Rp=4.64%  Rpb=48.87%  R=6.76%  Rwp=6.41% Rexp=2.91%
Durbin-Watson d=0.46
1-rho=9.29%

Global parameters and GOALs
****************************
QLi6In203Cl1212icsd89617None=0.1615+-0.0069
Qspinel=0.8385+-0.0069
EPS2=-0.002470+-0.000026

Local parameters and GOALs for phase Li6In203Cl1212icsd89617None
******************************************************
SpacegroupNo=12
HermannMauguin=C12/m1
XrayDensity=2.654
Rphase=9.92%
UNIT=NM
A=0.650130+-0.000094
B=1.11356+-0.00011
C=0.644577+-0.000072
BETA=110.1644+-0.0099
k1=0.0100000
B1=0.00200+-0.00031
GrainSize(1,1,1)=210+-33
GEWICHT=SPHAR2, MeanValue(GEWICHT)=0.0144166
Atomic positions for phase Li6In203Cl1212icsd89617None
---------------------------------------------
  4     0.0000  0.1683  0.5000     E=(LI+1(1.0000))
  2     0.0000  0.5000  0.5000     E=(LI+1(1.0000))
  4     0.0000  0.3333  0.0000     E=(IN+3(0.0700))
  2     0.0000  0.0000  0.0000     E=(IN+3(0.8750))
  8     0.7579  0.1622  0.7612     E=(CL-1(1.0000))
  4     0.7550  0.0000  0.2338     E=(CL-1(1.0000))

Local parameters and GOALs for phase spinel
******************************************************
SpacegroupNo=227
HermannMauguin=F4_1/d-32/m
XrayDensity=2.668
Rphase=9.63%
UNIT=NM
A=1.052943+-0.000076
k1=0.0100000
B1=0.02178+-0.00033
GrainSize(1,1,1)=19.33+-0.29
GEWICHT=SPHAR4, MeanValue(GEWICHT)=0.0748539
Atomic positions for phase spinel
---------------------------------------------
 16     0.6250  0.6250  0.6250     E=(LI(0.1500))
  8     0.5000  0.5000  0.5000     E=(LI(0.4500))
 16     0.1250  0.1250  0.1250     E=(LI(0.3750),Y(0.0500),MN(0.2500),IN(0.2000))
 32     0.8817  0.8817  0.8817     E=(CL(1.0000))
