Rietveld refinement to file(s) pattern.xy
BGMN version 4.2.23, 8282 measured points, 402 peaks, 71 parameters
Start: Thu Feb 26 14:55:21 2026; End: Thu Feb 26 14:55:33 2026
81 iteration steps

Rp=3.46%  Rpb=55.36%  R=4.42%  Rwp=4.32% Rexp=2.92%
Durbin-Watson d=0.97
1-rho=8.51%

Global parameters and GOALs
****************************
QFeCl2166icsd278100=0.0250+-0.0022
Qspinel=0.492+-0.011
QLi3YCl6164icsd29963None=0.2222+-0.0043
QLi6FeCl8225icsd7321731=0.261+-0.012
EPS2=0.000293+-0.000017

Local parameters and GOALs for phase FeCl2166icsd278100
******************************************************
SpacegroupNo=166
HermannMauguin=R-32/m
XrayDensity=3.223
Rphase=4.84%
UNIT=NM
A=0.36098+-0.00018
C=1.7357+-0.0016
k1=0.0100000
B1=0.00500000
GrainSize(1,1,1)=84.1811
GEWICHT=0.00119+-0.00011
Atomic positions for phase FeCl2166icsd278100
---------------------------------------------
  3     0.0000  0.0000  0.0000     E=(FE+2(1.0000))
  6     0.0000  0.0000  0.2500     E=(CL-1(1.0000))

Local parameters and GOALs for phase spinel
******************************************************
SpacegroupNo=227
HermannMauguin=F4_1/d-32/m
XrayDensity=2.729
Rphase=5.13%
UNIT=NM
A=1.041867+-0.000053
k1=0
B1=0.00697+-0.00015
GrainSize(1,1,1)=60.9+-1.3
GEWICHT=SPHAR4, MeanValue(GEWICHT)=0.0234610
Atomic positions for phase spinel
---------------------------------------------
 16     0.6250  0.6250  0.6250     E=(LI(0.1500))
  8     0.5000  0.5000  0.5000     E=(LI(0.4500))
 16     0.1250  0.1250  0.1250     E=(LI(0.3750),Y(0.1000),IN(0.1500),FE(0.2500))
 32     0.8817  0.8817  0.8817     E=(CL(1.0000))

Local parameters and GOALs for phase Li3YCl6164icsd29963None
******************************************************
SpacegroupNo=164
HermannMauguin=P-32/m1
XrayDensity=2.440
Rphase=4.78%
UNIT=NM
A=1.121430+-0.000092
C=0.604338+-0.000096
k1=0.0100000
B1=0.00500000
GrainSize(1,1,1)=84.1811
GEWICHT=SPHAR4, MeanValue(GEWICHT)=0.0105993
Atomic positions for phase Li3YCl6164icsd29963None
---------------------------------------------
  6     0.3430  0.0000  0.0000     E=(LI+1(0.7000))
  6     0.3214  0.0000  0.5000     E=(LI+1(0.8000))
  1     0.0000  0.0000  0.0000     E=(Y+3(1.0000))
  2     0.3333  0.6667  0.0105     E=(Y+3(0.2288))
  2     0.3333  0.6667  0.5085     E=(Y+3(0.7712))
  6     0.8869 -0.8869  0.2379     E=(CL-1(1.0000))
  6     0.7789 -0.7789  0.7314     E=(CL-1(1.0000))
  6     0.5522 -0.5522  0.2505     E=(CL-1(1.0000))

Local parameters and GOALs for phase Li6FeCl8225icsd7321731
******************************************************
SpacegroupNo=225
HermannMauguin=F4/m-32/m
XrayDensity=2.246
Rphase=4.95%
UNIT=NM
A=1.040616+-0.000063
k1=0.0100000
B1=0.00500000
GrainSize(1,1,1)=84.1811
GEWICHT=SPHAR4, MeanValue(GEWICHT)=0.0124488
Atomic positions for phase Li6FeCl8225icsd7321731
---------------------------------------------
 24     0.0000  0.2500  0.2500     E=(LI+1(1.0000))
  4     0.0000  0.0000  0.0000     E=(FE+2(1.0000))
  8     0.2500  0.2500  0.2500     E=(CL-1(1.0000))
 24     0.2410  0.0000  0.0000     E=(CL-1(1.0000))
