Rietveld refinement to file(s) pattern.xy
BGMN version 4.2.23, 8282 measured points, 45 peaks, 29 parameters
Start: Thu Feb 26 15:17:44 2026; End: Thu Feb 26 15:17:45 2026
23 iteration steps

Rp=4.08%  Rpb=40.36%  R=5.00%  Rwp=5.24% Rexp=3.13%
Durbin-Watson d=0.75
1-rho=5.38%

Global parameters and GOALs
****************************
Qspinel=1.00000
EPS2=-0.003443+-0.000026

Local parameters and GOALs for phase spinel
******************************************************
SpacegroupNo=227
HermannMauguin=F4_1/d-32/m
XrayDensity=2.399
Rphase=7.58%
UNIT=NM
A=1.050094+-0.000066
k1=0.0100000
B1=0.02298+-0.00017
GrainSize(1,1,1)=18.32+-0.14
GEWICHT=SPHAR4, MeanValue(GEWICHT)=0.104468
Atomic positions for phase spinel
---------------------------------------------
 16     0.6250  0.6250  0.6250     E=(LI(0.2000))
  8     0.5000  0.5000  0.5000     E=(LI(0.6000))
 16     0.1250  0.1250  0.1250     E=(LI(0.5000),MN(0.2500),CR(0.2500))
 32     0.8817  0.8817  0.8817     E=(CL(1.0000))
