Rietveld refinement to file(s) pattern.xy
BGMN version 4.2.23, 8282 measured points, 90 peaks, 66 parameters
Start: Thu Feb 26 15:09:51 2026; End: Thu Feb 26 15:09:56 2026
70 iteration steps

Rp=5.46%  Rpb=52.25%  R=11.93%  Rwp=8.13% Rexp=2.64%
Durbin-Watson d=0.24
1-rho=11.3%

Global parameters and GOALs
****************************
QNiCl2166icsd142080=0.1592+-0.0036
Qspinel=0.753+-0.011
QLiCl225icsd269090=0.088+-0.011
EPS2=0.000293+-0.000020

Local parameters and GOALs for phase NiCl2166icsd142080
******************************************************
SpacegroupNo=166
HermannMauguin=R-32/m
XrayDensity=3.556
Rphase=16.93%
UNIT=NM
A=0.348102+-0.000025
C=1.73025+-0.00021
k1=0.0100000
B1=0.00500000
GrainSize(1,1,1)=84.1811
GEWICHT=SPHAR4, MeanValue(GEWICHT)=0.0142453
Atomic positions for phase NiCl2166icsd142080
---------------------------------------------
  3     0.0000  0.0000  0.0000     E=(NI+2(1.0000))
  6     0.0000  0.0000  0.2551     E=(CL-1(1.0000))

Local parameters and GOALs for phase spinel
******************************************************
SpacegroupNo=227
HermannMauguin=F4_1/d-32/m
XrayDensity=2.560
Rphase=8.36%
UNIT=NM
A=1.027814+-0.000077
k1=0.0100000
B1=0.01519+-0.00046
GrainSize(1,1,1)=27.70+-0.84
GEWICHT=SPHAR4, MeanValue(GEWICHT)=0.0673831
Atomic positions for phase spinel
---------------------------------------------
  8     0.5000  0.5000  0.5000     E=(LI(0.5250))
 16     0.6250  0.6250  0.6250     E=(LI(0.1750))
 16     0.1250  0.1250  0.1250     E=(LI(0.4375),SC(0.1250),NI(0.3750))
 32     0.8817  0.8817  0.8817     E=(CL(1.0000))

Local parameters and GOALs for phase LiCl225icsd269090
******************************************************
SpacegroupNo=225
HermannMauguin=F4/m-32/m
XrayDensity=2.066
Rphase=5.95%
UNIT=NM
A=0.514640+-0.000045
k1=0.0100000
B1=0.00500000
GrainSize(1,1,1)=84.1811
GEWICHT=SPHAR4, MeanValue(GEWICHT)=0.00783200
Atomic positions for phase LiCl225icsd269090
---------------------------------------------
  4     0.0000  0.0000  0.0000     E=(LI+1(1.0000))
  4     0.5000  0.5000  0.5000     E=(CL-1(1.0000))
