Rietveld refinement to file(s) pattern.xy
BGMN version 4.2.23, 8282 measured points, 45 peaks, 29 parameters
Start: Thu Feb 26 15:04:32 2026; End: Thu Feb 26 15:04:34 2026
25 iteration steps

Rp=3.97%  Rpb=59.39%  R=6.24%  Rwp=5.70% Rexp=2.41%
Durbin-Watson d=0.36
1-rho=18.1%

Global parameters and GOALs
****************************
Qspinel=1.00000
EPS2=-0.003058+-0.000087

Local parameters and GOALs for phase spinel
******************************************************
SpacegroupNo=227
HermannMauguin=F4_1/d-32/m
XrayDensity=2.475
Rphase=8.51%
UNIT=NM
A=1.03624+-0.00023
k1=0.0100000
B1=0.04291+-0.00064
GrainSize(1,1,1)=9.81+-0.15
GEWICHT=SPHAR4, MeanValue(GEWICHT)=0.113931
Atomic positions for phase spinel
---------------------------------------------
 16     0.6250  0.6250  0.6250     E=(LI(0.1600))
  8     0.5000  0.5000  0.5000     E=(LI(0.4800))
 16     0.1250  0.1250  0.1250     E=(LI(0.4000),MG(0.2000),FE(0.4000))
 32     0.8817  0.8817  0.8817     E=(CL(1.0000))
