Rietveld refinement to file(s) pattern.xy
BGMN version 4.2.23, 8282 measured points, 93 peaks, 47 parameters
Start: Thu Feb 26 15:18:05 2026; End: Thu Feb 26 15:18:08 2026
49 iteration steps

Rp=4.21%  Rpb=59.04%  R=5.13%  Rwp=5.61% Rexp=2.95%
Durbin-Watson d=0.61
1-rho=9.81%

Global parameters and GOALs
****************************
Qspinel=0.6305+-0.0093
QLi6FeCl8225icsd7321731=0.3695+-0.0093
EPS2=-0.000095+-0.000024

Local parameters and GOALs for phase spinel
******************************************************
SpacegroupNo=227
HermannMauguin=F4_1/d-32/m
XrayDensity=2.599
Rphase=8.21%
UNIT=NM
A=1.034057+-0.000076
k1=0.0100000
B1=0.01190+-0.00030
GrainSize(1,1,1)=35.37+-0.88
GEWICHT=SPHAR4, MeanValue(GEWICHT)=0.0373464
Atomic positions for phase spinel
---------------------------------------------
 16     0.6250  0.6250  0.6250     E=(LI(0.2000))
  8     0.5000  0.5000  0.5000     E=(LI(0.6000))
 16     0.1250  0.1250  0.1250     E=(LI(0.5000),ZN(0.2500),FE(0.2500))
 32     0.8817  0.8817  0.8817     E=(CL(1.0000))

Local parameters and GOALs for phase Li6FeCl8225icsd7321731
******************************************************
SpacegroupNo=225
HermannMauguin=F4/m-32/m
XrayDensity=2.264
Rphase=8.58%
UNIT=NM
A=1.037952+-0.000058
k1=0.0100000
B1=0.00500000
GrainSize(1,1,1)=84.1811
GEWICHT=SPHAR4, MeanValue(GEWICHT)=0.0218851
Atomic positions for phase Li6FeCl8225icsd7321731
---------------------------------------------
 24     0.0000  0.2500  0.2500     E=(LI+1(1.0000))
  4     0.0000  0.0000  0.0000     E=(FE+2(1.0000))
  8     0.2500  0.2500  0.2500     E=(CL-1(1.0000))
 24     0.2410  0.0000  0.0000     E=(CL-1(1.0000))
