Rietveld refinement to file(s) pattern.xy
BGMN version 4.2.23, 8282 measured points, 54 peaks, 47 parameters
Start: Thu Feb 26 16:58:08 2026; End: Thu Feb 26 16:58:10 2026
30 iteration steps

Rp=3.14%  Rpb=49.65%  R=4.72%  Rwp=4.19% Rexp=2.39%
Durbin-Watson d=0.68
1-rho=6.72%

Global parameters and GOALs
****************************
Qspinel=0.9808+-0.0028
QLiCl225icsd269090=0.0192+-0.0028
EPS2=-0.001250+-0.000019

Local parameters and GOALs for phase spinel
******************************************************
SpacegroupNo=227
HermannMauguin=F4_1/d-32/m
XrayDensity=2.604
Rphase=6.98%
UNIT=NM
A=1.043293+-0.000050
k1=0.0100000
B1=0.01211+-0.00013
GrainSize(1,1,1)=34.77+-0.38
GEWICHT=SPHAR4, MeanValue(GEWICHT)=0.0884403
Atomic positions for phase spinel
---------------------------------------------
 16     0.6250  0.6250  0.6250     E=(LI(0.1500))
  8     0.5000  0.5000  0.5000     E=(LI(0.4500))
 16     0.1250  0.1250  0.1250     E=(LI(0.3750),MG(0.0500),TA(0.0500),MN(0.2000),FE(0.2500))
 32     0.8817  0.8817  0.8817     E=(CL(1.0000))

Local parameters and GOALs for phase LiCl225icsd269090
******************************************************
SpacegroupNo=225
HermannMauguin=F4/m-32/m
XrayDensity=2.081
Rphase=3.92%
UNIT=NM
A=0.51341+-0.00011
k1=0.0100000
B1=0.00500000
GrainSize(1,1,1)=84.1811
GEWICHT=SPHAR4, MeanValue(GEWICHT)=0.00173571
Atomic positions for phase LiCl225icsd269090
---------------------------------------------
  4     0.0000  0.0000  0.0000     E=(LI+1(1.0000))
  4     0.5000  0.5000  0.5000     E=(CL-1(1.0000))
