Rietveld refinement to file(s) pattern.xy
BGMN version 4.2.23, 8282 measured points, 45 peaks, 29 parameters
Start: Thu Feb 26 15:17:38 2026; End: Thu Feb 26 15:17:39 2026
18 iteration steps

Rp=2.25%  Rpb=61.39%  R=3.80%  Rwp=3.32% Rexp=1.69%
Durbin-Watson d=0.52
1-rho=14.3%

Global parameters and GOALs
****************************
Qspinel=1.00000
EPS2=-0.003334+-0.000055

Local parameters and GOALs for phase spinel
******************************************************
SpacegroupNo=227
HermannMauguin=F4_1/d-32/m
XrayDensity=2.620
Rphase=5.17%
UNIT=NM
A=1.02862+-0.00015
k1=0.0100000
B1=0.02504+-0.00035
GrainSize(1,1,1)=16.81+-0.24
GEWICHT=SPHAR4, MeanValue(GEWICHT)=0.111142
Atomic positions for phase spinel
---------------------------------------------
 16     0.6250  0.6250  0.6250     E=(LI(0.2000))
  8     0.5000  0.5000  0.5000     E=(LI(0.6000))
 16     0.1250  0.1250  0.1250     E=(LI(0.5000),CO(0.5000))
 32     0.8817  0.8817  0.8817     E=(CL(1.0000))
