Rietveld refinement to file(s) pattern.xy
BGMN version 4.2.23, 8282 measured points, 54 peaks, 47 parameters
Start: Thu Feb 26 15:10:08 2026; End: Thu Feb 26 15:10:11 2026
51 iteration steps

Rp=3.04%  Rpb=48.67%  R=4.30%  Rwp=4.10% Rexp=2.29%
Durbin-Watson d=0.67
1-rho=6.57%

Global parameters and GOALs
****************************
Qspinel=0.8678+-0.0051
QLiCl225icsd269090=0.1322+-0.0051
EPS2=-0.001337+-0.000021

Local parameters and GOALs for phase spinel
******************************************************
SpacegroupNo=227
HermannMauguin=F4_1/d-32/m
XrayDensity=2.745
Rphase=6.05%
UNIT=NM
A=1.041561+-0.000060
k1=0.0100000
B1=0.01670+-0.00021
GrainSize(1,1,1)=25.21+-0.32
GEWICHT=SPHAR4, MeanValue(GEWICHT)=0.0856489
Atomic positions for phase spinel
---------------------------------------------
 16     0.6250  0.6250  0.6250     E=(LI(0.1700))
  8     0.5000  0.5000  0.5000     E=(LI(0.5100))
 16     0.1250  0.1250  0.1250     E=(LI(0.4250),Y(0.0600),TA(0.0300),FE(0.3100),SN(0.1000))
 32     0.8817  0.8817  0.8817     E=(CL(1.0000))

Local parameters and GOALs for phase LiCl225icsd269090
******************************************************
SpacegroupNo=225
HermannMauguin=F4/m-32/m
XrayDensity=1.998
Rphase=7.56%
UNIT=NM
A=0.520395+-0.000045
k1=0.0100000
B1=0.00500000
GrainSize(1,1,1)=84.1811
GEWICHT=SPHAR4, MeanValue(GEWICHT)=0.0130450
Atomic positions for phase LiCl225icsd269090
---------------------------------------------
  4     0.0000  0.0000  0.0000     E=(LI+1(1.0000))
  4     0.5000  0.5000  0.5000     E=(CL-1(1.0000))
