Rietveld refinement to file(s) pattern.xy
BGMN version 4.2.23, 8282 measured points, 45 peaks, 29 parameters
Start: Thu Feb 26 14:51:05 2026; End: Thu Feb 26 14:51:07 2026
26 iteration steps

Rp=9.86%  Rpb=47.44%  R=22.21%  Rwp=14.61% Rexp=2.85%
Durbin-Watson d=0.09
1-rho=12.2%

Global parameters and GOALs
****************************
Qspinel=1.00000
EPS2=-0.001827+-0.000035

Local parameters and GOALs for phase spinel
******************************************************
SpacegroupNo=227
HermannMauguin=F4_1/d-32/m
XrayDensity=2.297
Rphase=24.00%
UNIT=NM
A=1.041595+-0.000076
k1=0.0100000
B1=0.02105+-0.00028
GrainSize(1,1,1)=19.99+-0.27
GEWICHT=SPHAR4, MeanValue(GEWICHT)=0.306709
Atomic positions for phase spinel
---------------------------------------------
 16     0.6250  0.6250  0.6250     E=(LI(0.1400))
  8     0.5000  0.5000  0.5000     E=(LI(0.4200))
 16     0.1250  0.1250  0.1250     E=(LI(0.3500),MG(0.3250),NB(0.1000),CU(0.0750))
 32     0.8817  0.8817  0.8817     E=(CL(1.0000))
