Rietveld refinement to file(s) pattern.xy
BGMN version 4.2.23, 8282 measured points, 295 peaks, 54 parameters
Start: Thu Feb 26 15:11:08 2026; End: Thu Feb 26 15:11:34 2026
294 iteration steps

Rp=3.69%  Rpb=34.95%  R=5.91%  Rwp=4.79% Rexp=2.60%
Durbin-Watson d=0.60
1-rho=3.34%

Global parameters and GOALs
****************************
QLi6In212Cl1212icsd17638None=0.0321+-0.0042
Qspinel=0.8865+-0.0044
QLiCl225icsd269090=0.0815+-0.0014
EPS2=-0.0028072+-0.0000087

Local parameters and GOALs for phase Li6In212Cl1212icsd17638None
******************************************************
SpacegroupNo=12
HermannMauguin=C12/m1
XrayDensity=2.722
Rphase=7.67%
UNIT=NM
A=0.64265+-0.00037
B=1.11321+-0.00062
C=0.64248+-0.00023
BETA=109.471+-0.055
k1=UNDEF
B1=0
GrainSize(1,1,1)=ERROR
GEWICHT=0.00495+-0.00066
Atomic positions for phase Li6In212Cl1212icsd17638None
---------------------------------------------
  2     0.0000  0.5000  0.5000     E=(LI+1(1.0000))
  4     0.0000  0.1683  0.5000     E=(LI+1(1.0000))
  4     0.0000  0.3333  0.0000     E=(IN+3(0.5300))
  4     0.7550  0.0000  0.2338     E=(CL-1(1.0000))
  8     0.7579  0.1622  0.7601     E=(CL-1(1.0000))

Local parameters and GOALs for phase spinel
******************************************************
SpacegroupNo=227
HermannMauguin=F4_1/d-32/m
XrayDensity=2.509
Rphase=7.88%
UNIT=NM
A=1.049779+-0.000024
k1=0
B1=0.00782+-0.00011
GrainSize(1,1,1)=54.28+-0.79
GEWICHT=SPHAR4, MeanValue(GEWICHT)=0.136884
Atomic positions for phase spinel
---------------------------------------------
  8     0.5000  0.5000  0.5000     E=(LI(0.5400))
 16     0.6250  0.6250  0.6250     E=(LI(0.1800))
 16     0.1250  0.1250  0.1250     E=(LI(0.4500),TA(0.0250),MN(0.4500),IN(0.0250))
 32     0.8817  0.8817  0.8817     E=(CL(1.0000))

Local parameters and GOALs for phase LiCl225icsd269090
******************************************************
SpacegroupNo=225
HermannMauguin=F4/m-32/m
XrayDensity=2.067
Rphase=6.42%
UNIT=NM
A=0.514533+-0.000028
k1=0.0100000
B1=0.00500000
GrainSize(1,1,1)=84.1811
GEWICHT=SPHAR4, MeanValue(GEWICHT)=0.0125771
Atomic positions for phase LiCl225icsd269090
---------------------------------------------
  4     0.0000  0.0000  0.0000     E=(LI+1(1.0000))
  4     0.5000  0.5000  0.5000     E=(CL-1(1.0000))
