Rietveld refinement to file(s) pattern.xy
BGMN version 4.2.23, 8282 measured points, 54 peaks, 47 parameters
Start: Thu Feb 26 15:08:44 2026; End: Thu Feb 26 15:08:50 2026
29 iteration steps

Rp=3.85%  Rpb=36.84%  R=5.49%  Rwp=5.03% Rexp=2.68%
Durbin-Watson d=0.60
1-rho=3.91%

Global parameters and GOALs
****************************
Qspinel=0.9378+-0.0015
QLiCl225icsd269090=0.0622+-0.0015
EPS2=-0.001238+-0.000015

Local parameters and GOALs for phase spinel
******************************************************
SpacegroupNo=227
HermannMauguin=F4_1/d-32/m
XrayDensity=2.456
Rphase=7.75%
UNIT=NM
A=1.044990+-0.000035
k1=0.0100000
B1=0.01319+-0.00011
GrainSize(1,1,1)=31.90+-0.26
GEWICHT=SPHAR4, MeanValue(GEWICHT)=0.141529
Atomic positions for phase spinel
---------------------------------------------
 16     0.6250  0.6250  0.6250     E=(LI(0.1600))
  8     0.5000  0.5000  0.5000     E=(LI(0.4800))
 16     0.1250  0.1250  0.1250     E=(LI(0.4000),MG(0.1500),TA(0.0500),MN(0.2000),V(0.0500),FE(0.0500))
 32     0.8817  0.8817  0.8817     E=(CL(1.0000))

Local parameters and GOALs for phase LiCl225icsd269090
******************************************************
SpacegroupNo=225
HermannMauguin=F4/m-32/m
XrayDensity=2.058
Rphase=6.45%
UNIT=NM
A=0.515315+-0.000037
k1=0.0100000
B1=0.00500000
GrainSize(1,1,1)=84.1811
GEWICHT=SPHAR4, MeanValue(GEWICHT)=0.00939104
Atomic positions for phase LiCl225icsd269090
---------------------------------------------
  4     0.0000  0.0000  0.0000     E=(LI+1(1.0000))
  4     0.5000  0.5000  0.5000     E=(CL-1(1.0000))
