Rietveld refinement to file(s) pattern.xy
BGMN version 4.2.23, 8282 measured points, 97 peaks, 65 parameters
Start: Thu Feb 26 14:51:32 2026; End: Thu Feb 26 14:51:37 2026
73 iteration steps

Rp=6.69%  Rpb=49.73%  R=9.54%  Rwp=9.58% Rexp=3.29%
Durbin-Watson d=0.29
1-rho=10.3%

Global parameters and GOALs
****************************
QLi2MgCl4=0.3201+-0.0037
Qspinel=0.4678+-0.0066
QLiCl=0.2121+-0.0044
EPS2=0.000535+-0.000021

Local parameters and GOALs for phase Li2MgCl4
******************************************************
SpacegroupNo=227
HermannMauguin=F4_1/d-32/m
XrayDensity=2.124
Rphase=15.62%
UNIT=NM
A=1.040341+-0.000046
k1=0.0100000
B1=0.00500000
GrainSize(1,1,1)=84.1811
GEWICHT=SPHAR4, MeanValue(GEWICHT)=0.0380248
Atomic positions for phase Li2MgCl4
---------------------------------------------
  8     0.5000  0.5000  0.5000     E=(LI+1(1.0000))
 16     0.1250  0.1250  0.1250     E=(LI+1(0.5000),MG+2(0.5000))
 32     0.8820  0.8820  0.8820     E=(CL-1(1.0000))

Local parameters and GOALs for phase spinel
******************************************************
SpacegroupNo=227
HermannMauguin=F4_1/d-32/m
XrayDensity=2.559
Rphase=15.26%
UNIT=NM
A=1.02454+-0.00010
k1=0.0100000
B1=0.02461+-0.00064
GrainSize(1,1,1)=17.10+-0.44
GEWICHT=SPHAR4, MeanValue(GEWICHT)=0.0555630
Atomic positions for phase spinel
---------------------------------------------
 16     0.6250  0.6250  0.6250     E=(LI(0.1400))
  8     0.5000  0.5000  0.5000     E=(LI(0.4200))
 16     0.1250  0.1250  0.1250     E=(LI(0.3500),MG(0.4000),TA(0.1000))
 32     0.8817  0.8817  0.8817     E=(CL(1.0000))

Local parameters and GOALs for phase LiCl
******************************************************
SpacegroupNo=225
HermannMauguin=F4/m-32/m
XrayDensity=2.060
Rphase=20.80%
UNIT=NM
A=0.515136+-0.000024
k1=0.0100000
B1=0.00500000
GrainSize(1,1,1)=84.1811
GEWICHT=SPHAR4, MeanValue(GEWICHT)=0.0251901
Atomic positions for phase LiCl
---------------------------------------------
  4     0.0000  0.0000  0.0000     E=(LI+1(1.0000))
  4     0.5000  0.5000  0.5000     E=(CL-1(1.0000))
