Rietveld refinement to file(s) pattern.xy
BGMN version 4.2.23, 8282 measured points, 93 peaks, 66 parameters
Start: Thu Feb 26 16:31:39 2026; End: Thu Feb 26 16:31:43 2026
46 iteration steps

Rp=5.99%  Rpb=34.24%  R=9.10%  Rwp=8.52% Rexp=3.05%
Durbin-Watson d=0.31
1-rho=5.52%

Global parameters and GOALs
****************************
Qspinel=0.6907+-0.0031
QLiCl225icsd269090=0.2160+-0.0045
QMgCl2166icsd261570=0.0933+-0.0047
EPS2=-0.005025+-0.000019

Local parameters and GOALs for phase spinel
******************************************************
SpacegroupNo=227
HermannMauguin=F4_1/d-32/m
XrayDensity=2.241
Rphase=9.95%
UNIT=NM
A=1.043176+-0.000045
k1=0
B1=0.01197+-0.00016
GrainSize(1,1,1)=35.46+-0.47
GEWICHT=SPHAR4, MeanValue(GEWICHT)=0.136821
Atomic positions for phase spinel
---------------------------------------------
  8     0.5000  0.5000  0.5000     E=(LI(0.5400))
 16     0.6250  0.6250  0.6250     E=(LI(0.1800))
 16     0.1250  0.1250  0.1250     E=(LI(0.4500),Y(0.1000),MG(0.4000))
 32     0.8817  0.8817  0.8817     E=(CL(1.0000))

Local parameters and GOALs for phase LiCl225icsd269090
******************************************************
SpacegroupNo=225
HermannMauguin=F4/m-32/m
XrayDensity=2.069
Rphase=9.05%
UNIT=NM
A=0.514342+-0.000033
k1=0.0100000
B1=0.0100000
GrainSize(1,1,1)=42.0906
GEWICHT=SPHAR4, MeanValue(GEWICHT)=0.0427751
Atomic positions for phase LiCl225icsd269090
---------------------------------------------
  4     0.0000  0.0000  0.0000     E=(LI+1(1.0000))
  4     0.5000  0.5000  0.5000     E=(CL-1(1.0000))

Local parameters and GOALs for phase MgCl2166icsd261570
******************************************************
SpacegroupNo=166
HermannMauguin=R-32/m
XrayDensity=2.337
Rphase=8.32%
UNIT=NM
A=0.364232+-0.000051
C=1.76655+-0.00040
k1=0
B1=0.0100000
GrainSize(1,1,1)=42.4413
GEWICHT=SPHAR4, MeanValue(GEWICHT)=0.0184820
Atomic positions for phase MgCl2166icsd261570
---------------------------------------------
  3     0.0000  0.0000  0.0000     E=(MG+2(1.0000))
  6     0.0000  0.0000  0.2730     E=(CL-1(1.0000))
