Rietveld refinement to file(s) pattern.xy
BGMN version 4.2.23, 8282 measured points, 93 peaks, 33 parameters
Start: Thu Feb 26 14:55:40 2026; End: Thu Feb 26 14:55:42 2026
20 iteration steps

Rp=2.82%  Rpb=41.49%  R=4.30%  Rwp=3.75% Rexp=2.32%
Durbin-Watson d=0.80
1-rho=4.17%

Global parameters and GOALs
****************************
QLi6VCl8225icsd1008340=0
Qspinel=1.00000
EPS2=-0.000831+-0.000015

Local parameters and GOALs for phase Li6VCl8225icsd1008340
******************************************************
SpacegroupNo=225
HermannMauguin=F4/m-32/m
XrayDensity=2.131
Rphase=100.00%
UNIT=NM
A=UNDEF
k1=UNDEF
B1=UNDEF
GrainSize(1,1,1)=UNDEF
GEWICHT=0.0
Atomic positions for phase Li6VCl8225icsd1008340
---------------------------------------------
 24     0.0000  0.2500  0.2500     E=(LI+1(1.0000))
  4     0.0000  0.0000  0.0000     E=(V+2(1.0000))
  8     0.2500  0.2500  0.2500     E=(CL-1(1.0000))
 24     0.2450  0.0000  0.0000     E=(CL-1(1.0000))

Local parameters and GOALs for phase spinel
******************************************************
SpacegroupNo=227
HermannMauguin=F4_1/d-32/m
XrayDensity=2.608
Rphase=6.07%
UNIT=NM
A=1.038064+-0.000038
k1=0
B1=0.01214+-0.00011
GrainSize(1,1,1)=34.95+-0.30
GEWICHT=SPHAR4, MeanValue(GEWICHT)=0.116783
Atomic positions for phase spinel
---------------------------------------------
 16     0.6250  0.6250  0.6250     E=(LI(0.1500))
  8     0.5000  0.5000  0.5000     E=(LI(0.4500))
 16     0.1250  0.1250  0.1250     E=(LI(0.3750),TA(0.0500),V(0.1000),FE(0.3500))
 32     0.8817  0.8817  0.8817     E=(CL(1.0000))
