Rietveld refinement to file(s) pattern.xy
BGMN version 4.2.23, 8282 measured points, 48 peaks, 48 parameters
Start: Thu Feb 26 15:04:45 2026; End: Thu Feb 26 15:04:54 2026
142 iteration steps

Rp=4.39%  Rpb=65.51%  R=6.96%  Rwp=6.05% Rexp=2.64%
Durbin-Watson d=0.41
1-rho=14.1%

Global parameters and GOALs
****************************
QFeCl2166icsd278100=0.5203+-0.0058
QLiCl225icsd269090=0.4797+-0.0058
EPS2=-0.001125+-0.000018

Local parameters and GOALs for phase FeCl2166icsd278100
******************************************************
SpacegroupNo=166
HermannMauguin=R-32/m
XrayDensity=3.072
Rphase=10.50%
UNIT=NM
A=0.364714+-0.000028
C=1.78414+-0.00014
k1=0.0100000
B1=0.00500000
GrainSize(1,1,1)=84.1811
GEWICHT=SPHAR4, MeanValue(GEWICHT)=0.0200145
Atomic positions for phase FeCl2166icsd278100
---------------------------------------------
  3     0.0000  0.0000  0.0000     E=(FE+2(1.0000))
  6     0.0000  0.0000  0.2500     E=(CL-1(1.0000))

Local parameters and GOALs for phase LiCl225icsd269090
******************************************************
SpacegroupNo=225
HermannMauguin=F4/m-32/m
XrayDensity=2.020
Rphase=11.41%
UNIT=NM
A=0.518468+-0.000029
k1=0.0100000
B1=0.00500000
GrainSize(1,1,1)=84.1811
GEWICHT=SPHAR4, MeanValue(GEWICHT)=0.0184563
Atomic positions for phase LiCl225icsd269090
---------------------------------------------
  4     0.0000  0.0000  0.0000     E=(LI+1(1.0000))
  4     0.5000  0.5000  0.5000     E=(CL-1(1.0000))
