Rietveld refinement to file(s) pattern.xy
BGMN version 4.2.23, 8282 measured points, 45 peaks, 29 parameters
Start: Thu Feb 26 17:04:04 2026; End: Thu Feb 26 17:04:06 2026
44 iteration steps

Rp=13.42%  Rpb=56.77%  R=25.76%  Rwp=18.76% Rexp=3.20%
Durbin-Watson d=0.07
1-rho=20.0%

Global parameters and GOALs
****************************
Qspinel=1.00000
EPS2=-0.002420+-0.000075

Local parameters and GOALs for phase spinel
******************************************************
SpacegroupNo=227
HermannMauguin=F4_1/d-32/m
XrayDensity=2.311
Rphase=24.42%
UNIT=NM
A=1.03048+-0.00016
k1=0.0100000
B1=0.03401+-0.00052
GrainSize(1,1,1)=12.38+-0.19
GEWICHT=SPHAR4, MeanValue(GEWICHT)=0.224460
Atomic positions for phase spinel
---------------------------------------------
 16     0.6250  0.6250  0.6250     E=(LI(0.1500))
  8     0.5000  0.5000  0.5000     E=(LI(0.4500))
 16     0.1250  0.1250  0.1250     E=(LI(0.3750),MG(0.2500),CR(0.2500))
 32     0.8817  0.8817  0.8817     E=(CL(1.0000))
