Rietveld refinement to file(s) pattern.xy
BGMN version 4.2.23, 8282 measured points, 142 peaks, 40 parameters
Start: Thu Feb 26 14:53:51 2026; End: Thu Feb 26 14:53:57 2026
73 iteration steps

Rp=3.51%  Rpb=63.26%  R=4.75%  Rwp=4.51% Rexp=2.59%
Durbin-Watson d=0.69
1-rho=16.6%

Global parameters and GOALs
****************************
Qspinel=0.8259+-0.0068
QLi2CoCl465icsd7322718=0.1741+-0.0068
EPS2=-0.003446+-0.000044

Local parameters and GOALs for phase spinel
******************************************************
SpacegroupNo=227
HermannMauguin=F4_1/d-32/m
XrayDensity=2.525
Rphase=5.89%
UNIT=NM
A=1.02903+-0.00019
k1=0.0100000
B1=0.04442+-0.00089
GrainSize(1,1,1)=9.48+-0.19
GEWICHT=SPHAR4, MeanValue(GEWICHT)=0.0542696
Atomic positions for phase spinel
---------------------------------------------
 16     0.6250  0.6250  0.6250     E=(LI(0.1500))
  8     0.5000  0.5000  0.5000     E=(LI(0.4500))
 16     0.1250  0.1250  0.1250     E=(LI(0.3750),V(0.2500),CO(0.2500))
 32     0.8817  0.8817  0.8817     E=(CL(1.0000))

Local parameters and GOALs for phase Li2CoCl465icsd7322718
******************************************************
SpacegroupNo=65
HermannMauguin=C2/m2/m2/m
XrayDensity=2.571
Rphase=6.33%
UNIT=NM
A=0.73968+-0.00016
B=1.04153+-0.00015
C=0.35984+-0.00017
k1=0.0100000
B1=0.00500000
GrainSize(1,1,1)=84.1811
GEWICHT=SPHAR2, MeanValue(GEWICHT)=0.0114410
Atomic positions for phase Li2CoCl465icsd7322718
---------------------------------------------
  4     0.2500  0.2500  0.5000     E=(LI+1(1.0000))
  2     0.0000  0.0000  0.0000     E=(CO+2(1.0000))
  4     0.2331  0.0000  0.5000     E=(CL-1(1.0000))
  4     0.0000  0.7600  0.0000     E=(CL-1(1.0000))
