Rietveld refinement to file(s) pattern.xy
BGMN version 4.2.23, 8282 measured points, 129 peaks, 66 parameters
Start: Thu Feb 26 15:08:08 2026; End: Thu Feb 26 15:08:13 2026
61 iteration steps

Rp=5.21%  Rpb=44.62%  R=6.55%  Rwp=6.91% Rexp=2.87%
Durbin-Watson d=0.36
1-rho=8.49%

Global parameters and GOALs
****************************
QNiCl2166icsd142080=0.0647+-0.0017
QLi6VCl8225icsd1008340=0.0978+-0.0040
Qspinel=0.8375+-0.0044
EPS2=-0.003156+-0.000031

Local parameters and GOALs for phase NiCl2166icsd142080
******************************************************
SpacegroupNo=166
HermannMauguin=R-32/m
XrayDensity=3.440
Rphase=8.42%
UNIT=NM
A=0.353603+-0.000032
C=1.73345+-0.00037
k1=0.0100000
B1=0.00500000
GrainSize(1,1,1)=84.1811
GEWICHT=SPHAR4, MeanValue(GEWICHT)=0.00845349
Atomic positions for phase NiCl2166icsd142080
---------------------------------------------
  3     0.0000  0.0000  0.0000     E=(NI+2(1.0000))
  6     0.0000  0.0000  0.2551     E=(CL-1(1.0000))

Local parameters and GOALs for phase Li6VCl8225icsd1008340
******************************************************
SpacegroupNo=225
HermannMauguin=F4/m-32/m
XrayDensity=2.236
Rphase=10.06%
UNIT=NM
A=1.037679+-0.000092
k1=0.0100000
B1=0.00500000
GrainSize(1,1,1)=84.1811
GEWICHT=SPHAR4, MeanValue(GEWICHT)=0.0127804
Atomic positions for phase Li6VCl8225icsd1008340
---------------------------------------------
 24     0.0000  0.2500  0.2500     E=(LI+1(1.0000))
  4     0.0000  0.0000  0.0000     E=(V+2(1.0000))
  8     0.2500  0.2500  0.2500     E=(CL-1(1.0000))
 24     0.2450  0.0000  0.0000     E=(CL-1(1.0000))

Local parameters and GOALs for phase spinel
******************************************************
SpacegroupNo=227
HermannMauguin=F4_1/d-32/m
XrayDensity=2.548
Rphase=9.19%
UNIT=NM
A=1.031508+-0.000088
k1=0.0100000
B1=0.02718+-0.00035
GrainSize(1,1,1)=15.49+-0.20
GEWICHT=SPHAR4, MeanValue(GEWICHT)=0.109431
Atomic positions for phase spinel
---------------------------------------------
 16     0.6250  0.6250  0.6250     E=(LI(0.1600))
  8     0.5000  0.5000  0.5000     E=(LI(0.4800))
 16     0.1250  0.1250  0.1250     E=(LI(0.4000),V(0.2000),ZN(0.1500),NI(0.1500))
 32     0.8817  0.8817  0.8817     E=(CL(1.0000))
