Rietveld refinement to file(s) pattern.xy
BGMN version 4.2.23, 8282 measured points, 577 peaks, 48 parameters
Start: Thu Feb 26 15:00:10 2026; End: Thu Feb 26 15:00:27 2026
121 iteration steps

Rp=4.05%  Rpb=46.88%  R=5.44%  Rwp=5.28% Rexp=2.97%
Durbin-Watson d=0.68
1-rho=5.67%

Global parameters and GOALs
****************************
QLi556Zr036In156Cl1212icsd122397None=0.186+-0.011
QZrCl413icsd260490=0.0223+-0.0036
Qspinel=0.791+-0.011
EPS2=0.000336+-0.000013

Local parameters and GOALs for phase Li556Zr036In156Cl1212icsd122397None
******************************************************
SpacegroupNo=12
HermannMauguin=C12/m1
XrayDensity=2.583
Rphase=7.36%
UNIT=NM
A=0.64330+-0.00040
B=1.114271+-0.000093
C=0.642921+-0.000095
BETA=109.464+-0.052
k1=0.0100000
B1=0.00283+-0.00032
GrainSize(1,1,1)=149+-17
GEWICHT=SPHAR2, MeanValue(GEWICHT)=0.0145130
Atomic positions for phase Li556Zr036In156Cl1212icsd122397None
---------------------------------------------
  4     0.0000  0.1850  0.5000     E=(LI+1(0.4900))
  2     0.0000  0.5000  0.5000     E=(LI+1(0.5400))
  4     0.0000  0.3190  0.0000     E=(LI+1(0.6300),ZR+4(0.0500),IN+3(0.0900))
  2     0.0000  0.0000  0.0000     E=(ZR+4(0.0800),IN+3(0.6000))
  4     0.7570  0.0000  0.2380     E=(CL-1(1.0000))
  8     0.7537  0.1626  0.7623     E=(CL-1(1.0000))

Local parameters and GOALs for phase ZrCl413icsd260490
******************************************************
SpacegroupNo=13
HermannMauguin=P12/c1
XrayDensity=2.775
Rphase=5.97%
UNIT=NM
A=0.63166+-0.00041
B=0.74517+-0.00064
C=0.62866+-0.00041
BETA=109.527+-0.054
k1=0.0100000
B1=0.0026+-0.0018
GrainSize(1,1,1)=161+-110
GEWICHT=0.00173+-0.00028
Atomic positions for phase ZrCl413icsd260490
---------------------------------------------
  2     0.0000  0.1641  0.2500     E=(ZR+4(1.0000))
  4     0.2263  0.8924  0.4978     E=(CL-1(1.0000))
  4     0.7448  0.6371  0.5205     E=(CL-1(1.0000))

Local parameters and GOALs for phase spinel
******************************************************
SpacegroupNo=227
HermannMauguin=F4_1/d-32/m
XrayDensity=2.644
Rphase=7.01%
UNIT=NM
A=1.049727+-0.000042
k1=0.0100000
B1=0.00853+-0.00017
GrainSize(1,1,1)=49.37+-0.99
GEWICHT=SPHAR4, MeanValue(GEWICHT)=0.0616056
Atomic positions for phase spinel
---------------------------------------------
 16     0.6250  0.6250  0.6250     E=(LI(0.1500))
  8     0.5000  0.5000  0.5000     E=(LI(0.4500))
 16     0.1250  0.1250  0.1250     E=(LI(0.3750),ZR(0.0250),TA(0.0250),MN(0.3250),IN(0.1250))
 32     0.8817  0.8817  0.8817     E=(CL(1.0000))
