Rietveld refinement to file(s) pattern.xy
BGMN version 4.2.23, 8282 measured points, 437 peaks, 81 parameters
Start: Thu Feb 26 14:49:02 2026; End: Thu Feb 26 14:49:24 2026
190 iteration steps

Rp=3.84%  Rpb=51.86%  R=5.02%  Rwp=5.20% Rexp=2.63%
Durbin-Watson d=0.52
1-rho=10.5%

Global parameters and GOALs
****************************
QLi6VCl8225icsd1008340=0.2318+-0.0064
QFeCl3149icsd397650=0.2093+-0.0045
Qspinel=0.5245+-0.0094
QLiCl225icsd269090=0.0246+-0.0051
QLi366Fe217Cl865icsd73950None=0.0098+-0.0051
EPS2=-0.002494+-0.000023

Local parameters and GOALs for phase Li6VCl8225icsd1008340
******************************************************
SpacegroupNo=225
HermannMauguin=F4/m-32/m
XrayDensity=2.293
Rphase=6.10%
UNIT=NM
A=1.029086+-0.000061
k1=0.0100000
B1=0.00500000
GrainSize(1,1,1)=84.1811
GEWICHT=SPHAR4, MeanValue(GEWICHT)=0.0204590
Atomic positions for phase Li6VCl8225icsd1008340
---------------------------------------------
 24     0.0000  0.2500  0.2500     E=(LI+1(1.0000))
  4     0.0000  0.0000  0.0000     E=(V+2(1.0000))
  8     0.2500  0.2500  0.2500     E=(CL-1(1.0000))
 24     0.2450  0.0000  0.0000     E=(CL-1(1.0000))

Local parameters and GOALs for phase FeCl3149icsd397650
******************************************************
SpacegroupNo=149
HermannMauguin=P312
XrayDensity=2.902
Rphase=6.82%
UNIT=NM
A=0.606316+-0.000045
C=1.74929+-0.00023
k1=0.0100000
B1=0.00500000
GrainSize(1,1,1)=84.1811
GEWICHT=SPHAR4, MeanValue(GEWICHT)=0.0184748
Atomic positions for phase FeCl3149icsd397650
---------------------------------------------
  1     0.0000  0.0000  0.0000     E=(FE+3(1.0000))
  1     0.3333  0.6667  0.0000     E=(FE+3(1.0000))
  2     0.6667  0.3333  0.6664     E=(FE+3(1.0000))
  2     0.3333  0.6667  0.6713     E=(FE+3(1.0000))
  6     0.3049  0.9739  0.9172     E=(CL-1(1.0000))
  6     0.3561  0.3615  0.7400     E=(CL-1(1.0000))
  6     0.9956  0.6439  0.4105     E=(CL-1(1.0000))

Local parameters and GOALs for phase spinel
******************************************************
SpacegroupNo=227
HermannMauguin=F4_1/d-32/m
XrayDensity=2.480
Rphase=6.87%
UNIT=NM
A=1.03066+-0.00021
k1=0
B1=0.0461+-0.0017
GrainSize(1,1,1)=9.21+-0.34
GEWICHT=SPHAR4, MeanValue(GEWICHT)=0.0463045
Atomic positions for phase spinel
---------------------------------------------
 16     0.6250  0.6250  0.6250     E=(LI(0.1400))
  8     0.5000  0.5000  0.5000     E=(LI(0.4200))
 16     0.1250  0.1250  0.1250     E=(LI(0.3500),V(0.3000),FE(0.2000))
 32     0.8817  0.8817  0.8817     E=(CL(1.0000))

Local parameters and GOALs for phase LiCl225icsd269090
******************************************************
SpacegroupNo=225
HermannMauguin=F4/m-32/m
XrayDensity=2.036
Rphase=5.04%
UNIT=NM
A=0.51710+-0.00011
k1=0.0100000
B1=0.0029+-0.0016
GrainSize(1,1,1)=145+-82
GEWICHT=0.00218+-0.00045
Atomic positions for phase LiCl225icsd269090
---------------------------------------------
  4     0.0000  0.0000  0.0000     E=(LI+1(1.0000))
  4     0.5000  0.5000  0.5000     E=(CL-1(1.0000))

Local parameters and GOALs for phase Li366Fe217Cl865icsd73950None
******************************************************
SpacegroupNo=65
HermannMauguin=C2/m2/m2/m
XrayDensity=2.491
Rphase=6.48%
UNIT=NM
A=0.705873+-0.000077
B=1.08591
C=0.374151+-0.000068
k1=0.0100000
B1=0.00050+-0.00047
GrainSize(1,1,1)=842+-788
GEWICHT=SPHAR2, MeanValue(GEWICHT)=0.000863010
Atomic positions for phase Li366Fe217Cl865icsd73950None
---------------------------------------------
  4     0.2500  0.2500  0.5000     E=(LI+1(0.9150),FE+2(0.0425))
  2     0.0000  0.0000  0.0000     E=(FE+2(1.0000))
  4     0.2345  0.0000  0.5000     E=(CL-1(1.0000))
  4     0.0000  0.7623  0.0000     E=(CL-1(1.0000))
