Rietveld refinement to file(s) pattern.xy
BGMN version 4.2.23, 8282 measured points, 313 peaks, 48 parameters
Start: Thu Feb 26 15:13:55 2026; End: Thu Feb 26 15:14:02 2026
69 iteration steps

Rp=6.54%  Rpb=49.19%  R=10.25%  Rwp=9.57% Rexp=3.34%
Durbin-Watson d=0.29
1-rho=11.6%

Global parameters and GOALs
****************************
Qspinel=0.8764+-0.0035
QLi3YCl6164icsd29962None=0.1236+-0.0035
EPS2=0.000340+-0.000029

Local parameters and GOALs for phase spinel
******************************************************
SpacegroupNo=227
HermannMauguin=F4_1/d-32/m
XrayDensity=2.453
Rphase=15.22%
UNIT=NM
A=1.044441+-0.000074
k1=0
B1=0.02020+-0.00028
GrainSize(1,1,1)=21.01+-0.29
GEWICHT=SPHAR4, MeanValue(GEWICHT)=0.0983860
Atomic positions for phase spinel
---------------------------------------------
  8     0.5000  0.5000  0.5000     E=(LI(0.5400))
 16     0.6250  0.6250  0.6250     E=(LI(0.1800))
 16     0.1250  0.1250  0.1250     E=(LI(0.4500),Y(0.1000),MG(0.3000),SN(0.1000))
 32     0.8817  0.8817  0.8817     E=(CL(1.0000))

Local parameters and GOALs for phase Li3YCl6164icsd29962None
******************************************************
SpacegroupNo=164
HermannMauguin=P-32/m1
XrayDensity=2.441
Rphase=16.75%
UNIT=NM
A=1.12163+-0.00014
C=0.603902+-0.000051
k1=0.0100000
B1=0.00500000
GrainSize(1,1,1)=84.1811
GEWICHT=SPHAR4, MeanValue(GEWICHT)=0.0138739
Atomic positions for phase Li3YCl6164icsd29962None
---------------------------------------------
  6     0.3252  0.0000  0.5000     E=(LI+1(0.7300))
  6     0.3392  0.0000  0.0000     E=(LI+1(0.7700))
  1     0.0000  0.0000  0.0000     E=(Y+3(1.0000))
  2     0.3333  0.6667  0.0117     E=(Y+3(0.2288))
  2     0.3333  0.6667  0.5053     E=(Y+3(0.7712))
  6     0.8862 -0.8862  0.2375     E=(CL-1(1.0000))
  6     0.7799 -0.7799  0.7329     E=(CL-1(1.0000))
  6     0.5528 -0.5528  0.2518     E=(CL-1(1.0000))
