Rietveld refinement to file(s) pattern.xy
BGMN version 4.2.23, 8282 measured points, 45 peaks, 29 parameters
Start: Thu Feb 26 15:15:16 2026; End: Thu Feb 26 15:15:18 2026
24 iteration steps

Rp=3.80%  Rpb=33.95%  R=5.54%  Rwp=4.80% Rexp=2.66%
Durbin-Watson d=0.63
1-rho=2.83%

Global parameters and GOALs
****************************
Qspinel=1.00000
EPS2=-0.0001118+-0.0000083

Local parameters and GOALs for phase spinel
******************************************************
SpacegroupNo=227
HermannMauguin=F4_1/d-32/m
XrayDensity=2.405
Rphase=6.58%
UNIT=NM
A=1.048214+-0.000019
k1=0.0100000
B1=0.007394+-0.000071
GrainSize(1,1,1)=56.93+-0.55
GEWICHT=SPHAR4, MeanValue(GEWICHT)=0.161888
Atomic positions for phase spinel
---------------------------------------------
  8     0.5000  0.5000  0.5000     E=(LI(0.5400))
 16     0.6250  0.6250  0.6250     E=(LI(0.1800))
 16     0.1250  0.1250  0.1250     E=(LI(0.4500),MN(0.4000),V(0.0750),CR(0.0250))
 32     0.8817  0.8817  0.8817     E=(CL(1.0000))
