Rietveld refinement to file(s) pattern.xy
BGMN version 4.2.23, 8282 measured points, 45 peaks, 29 parameters
Start: Thu Feb 26 14:48:13 2026; End: Thu Feb 26 14:48:15 2026
29 iteration steps

Rp=4.42%  Rpb=62.51%  R=5.44%  Rwp=5.69% Rexp=3.23%
Durbin-Watson d=0.70
1-rho=11.7%

Global parameters and GOALs
****************************
Qspinel=1.00000
EPS2=-0.000065+-0.000020

Local parameters and GOALs for phase spinel
******************************************************
SpacegroupNo=227
HermannMauguin=F4_1/d-32/m
XrayDensity=2.617
Rphase=7.91%
UNIT=NM
A=1.051548+-0.000048
k1=0
B1=0.00882+-0.00014
GrainSize(1,1,1)=48.11+-0.77
GEWICHT=SPHAR4, MeanValue(GEWICHT)=0.0403422
Atomic positions for phase spinel
---------------------------------------------
 16     0.6250  0.6250  0.6250     E=(LI(0.1450))
  8     0.5000  0.5000  0.5000     E=(LI(0.4350))
 16     0.1250  0.1250  0.1250     E=(LI(0.3625),Y(0.0500),TA(0.0750),MN(0.3750))
 32     0.8817  0.8817  0.8817     E=(CL(1.0000))
