Rietveld refinement to file(s) pattern.xy
BGMN version 4.2.23, 8282 measured points, 190 peaks, 48 parameters
Start: Thu Feb 26 14:54:57 2026; End: Thu Feb 26 14:55:01 2026
31 iteration steps

Rp=3.52%  Rpb=34.87%  R=5.42%  Rwp=4.75% Rexp=2.45%
Durbin-Watson d=0.56
1-rho=4.13%

Global parameters and GOALs
****************************
QScCl3=0.1214+-0.0024
Qspinel=0.8786+-0.0024
EPS2=-0.000131+-0.000015

Local parameters and GOALs for phase ScCl3
******************************************************
SpacegroupNo=148
HermannMauguin=R-3
XrayDensity=2.394
Rphase=6.69%
UNIT=NM
A=0.638605+-0.000063
C=1.78295+-0.00010
k1=0.0100000
B1=0.00500000
GrainSize(1,1,1)=84.1811
GEWICHT=SPHAR4, MeanValue(GEWICHT)=0.0203654
Atomic positions for phase ScCl3
---------------------------------------------
  6     0.0000  0.0000  0.3333     E=(SC+3(1.0000))
 18     0.3333  0.3333  0.2513     E=(CL-1(1.0000))

Local parameters and GOALs for phase spinel
******************************************************
SpacegroupNo=227
HermannMauguin=F4_1/d-32/m
XrayDensity=2.402
Rphase=7.15%
UNIT=NM
A=1.038691+-0.000041
k1=0.0100000
B1=0.01811+-0.00015
GrainSize(1,1,1)=23.25+-0.19
GEWICHT=SPHAR4, MeanValue(GEWICHT)=0.147354
Atomic positions for phase spinel
---------------------------------------------
 16     0.6250  0.6250  0.6250     E=(LI(0.1500))
  8     0.5000  0.5000  0.5000     E=(LI(0.4500))
 16     0.1250  0.1250  0.1250     E=(LI(0.3750),SC(0.2500),FE(0.2500))
 32     0.8817  0.8817  0.8817     E=(CL(1.0000))
