Rietveld refinement to file(s) pattern.xy
BGMN version 4.2.23, 8282 measured points, 45 peaks, 29 parameters
Start: Thu Feb 26 14:54:26 2026; End: Thu Feb 26 14:54:27 2026
23 iteration steps

Rp=3.79%  Rpb=40.39%  R=6.28%  Rwp=5.30% Rexp=2.70%
Durbin-Watson d=0.53
1-rho=4.84%

Global parameters and GOALs
****************************
Qspinel=1.00000
EPS2=-0.001504+-0.000015

Local parameters and GOALs for phase spinel
******************************************************
SpacegroupNo=227
HermannMauguin=F4_1/d-32/m
XrayDensity=2.510
Rphase=9.03%
UNIT=NM
A=1.042383+-0.000035
k1=0.0100000
B1=0.01182+-0.00011
GrainSize(1,1,1)=35.62+-0.33
GEWICHT=SPHAR4, MeanValue(GEWICHT)=0.127179
Atomic positions for phase spinel
---------------------------------------------
 16     0.6250  0.6250  0.6250     E=(LI(0.1500))
  8     0.5000  0.5000  0.5000     E=(LI(0.4500))
 16     0.1250  0.1250  0.1250     E=(LI(0.3750),MG(0.1500),MN(0.0500),NB(0.0500),IN(0.1000),FE(0.1500))
 32     0.8817  0.8817  0.8817     E=(CL(1.0000))
