Rietveld refinement to file(s) pattern.xy
BGMN version 4.2.23, 8282 measured points, 212 peaks, 54 parameters
Start: Thu Feb 26 14:53:22 2026; End: Thu Feb 26 14:53:28 2026
59 iteration steps

Rp=3.22%  Rpb=47.83%  R=5.19%  Rwp=4.50% Rexp=2.08%
Durbin-Watson d=0.46
1-rho=6.77%

Global parameters and GOALs
****************************
QLi2CrCl412icsd40303550=0
Qspinel=1.0+-2.7
QLiCl225icsd269090=0.0+-2.7
EPS2=-0.002028+-0.000030

Local parameters and GOALs for phase Li2CrCl412icsd40303550
******************************************************
SpacegroupNo=12
HermannMauguin=C12/m1
XrayDensity=2.369
Rphase=100.00%
UNIT=NM
A=UNDEF
B=UNDEF
C=UNDEF
BETA=UNDEF
k1=UNDEF
B1=UNDEF
GrainSize(1,1,1)=UNDEF
GEWICHT=0.0
Atomic positions for phase Li2CrCl412icsd40303550
---------------------------------------------
  4     0.2500  0.2500  0.5000     E=(LI+1(1.0000))
  2     0.0000  0.0000  0.0000     E=(CR+2(1.0000))
  4     0.7580  0.0000  0.5250     E=(CL-1(1.0000))
  4     0.0000  0.2340  0.0000     E=(CL-1(1.0000))

Local parameters and GOALs for phase spinel
******************************************************
SpacegroupNo=227
HermannMauguin=F4_1/d-32/m
XrayDensity=2.541
Rphase=7.21%
UNIT=NM
A=1.027786+-0.000070
k1=0.0100000
B1=0.01919+-0.00020
GrainSize(1,1,1)=21.93+-0.23
GEWICHT=SPHAR4, MeanValue(GEWICHT)=0.147804
Atomic positions for phase spinel
---------------------------------------------
 16     0.6250  0.6250  0.6250     E=(LI(0.1500))
  8     0.5000  0.5000  0.5000     E=(LI(0.4500))
 16     0.1250  0.1250  0.1250     E=(LI(0.3750),CR(0.2500),CO(0.2500))
 32     0.8817  0.8817  0.8817     E=(CL(1.0000))

Local parameters and GOALs for phase LiCl225icsd269090
******************************************************
SpacegroupNo=225
HermannMauguin=F4/m-32/m
XrayDensity=2.038
Rphase=3.74%
UNIT=NM
A=0.516969+-0.000049
k1=0.0100000
B1=0.00263+-0.00037
GrainSize(1,1,1)=160+-22
GEWICHT=SPHAR4, MeanValue(GEWICHT)=0.000626189
Atomic positions for phase LiCl225icsd269090
---------------------------------------------
  4     0.0000  0.0000  0.0000     E=(LI+1(1.0000))
  4     0.5000  0.5000  0.5000     E=(CL-1(1.0000))
