Rietveld refinement to file(s) pattern.xy
BGMN version 4.2.23, 8282 measured points, 286 peaks, 36 parameters
Start: Thu Feb 26 15:12:34 2026; End: Thu Feb 26 15:12:47 2026
158 iteration steps

Rp=2.66%  Rpb=65.61%  R=3.47%  Rwp=3.29% Rexp=2.27%
Durbin-Watson d=0.98
1-rho=14.2%

Global parameters and GOALs
****************************
QLi6In212Cl1212icsd17638None=0.126+-0.012
Qspinel=0.874+-0.012
EPS2=-0.000617+-0.000050

Local parameters and GOALs for phase Li6In212Cl1212icsd17638None
******************************************************
SpacegroupNo=12
HermannMauguin=C12/m1
XrayDensity=2.980
Rphase=3.75%
UNIT=NM
A=0.62453+-0.00023
B=1.07692+-0.00036
C=0.62305+-0.00023
BETA=109.136+-0.028
k1=0.0100000
B1=0.0044+-0.0010
GrainSize(1,1,1)=97+-22
GEWICHT=0.00627+-0.00059
Atomic positions for phase Li6In212Cl1212icsd17638None
---------------------------------------------
  2     0.0000  0.5000  0.5000     E=(LI+1(1.0000))
  4     0.0000  0.1683  0.5000     E=(LI+1(1.0000))
  4     0.0000  0.3333  0.0000     E=(IN+3(0.5300))
  4     0.7550  0.0000  0.2338     E=(CL-1(1.0000))
  8     0.7579  0.1622  0.7601     E=(CL-1(1.0000))

Local parameters and GOALs for phase spinel
******************************************************
SpacegroupNo=227
HermannMauguin=F4_1/d-32/m
XrayDensity=2.762
Rphase=3.71%
UNIT=NM
A=1.02576+-0.00012
k1=0.0100000
B1=0.01927+-0.00043
GrainSize(1,1,1)=21.84+-0.48
GEWICHT=SPHAR4, MeanValue(GEWICHT)=0.0435761
Atomic positions for phase spinel
---------------------------------------------
  8     0.5000  0.5000  0.5000     E=(LI(0.5400))
 16     0.6250  0.6250  0.6250     E=(LI(0.1800))
 16     0.1250  0.1250  0.1250     E=(LI(0.4500),IN(0.1000),CO(0.4000))
 32     0.8817  0.8817  0.8817     E=(CL(1.0000))
