Rietveld refinement to file(s) pattern.xy
BGMN version 4.2.23, 8282 measured points, 338 peaks, 66 parameters
Start: Thu Feb 26 14:57:45 2026; End: Thu Feb 26 14:58:00 2026
102 iteration steps

Rp=3.92%  Rpb=51.49%  R=4.79%  Rwp=5.16% Rexp=2.88%
Durbin-Watson d=0.72
1-rho=11.3%

Global parameters and GOALs
****************************
Qspinel=0.6160+-0.0047
QLi3YCl6164icsd29964None=0.3288+-0.0045
QFeCl2205icsd136832None=0.0551+-0.0031
EPS2=-0.002856+-0.000024

Local parameters and GOALs for phase spinel
******************************************************
SpacegroupNo=227
HermannMauguin=F4_1/d-32/m
XrayDensity=2.629
Rphase=5.65%
UNIT=NM
A=1.048603+-0.000074
k1=0.0100000
B1=0.01851+-0.00033
GrainSize(1,1,1)=22.73+-0.40
GEWICHT=SPHAR4, MeanValue(GEWICHT)=0.0428395
Atomic positions for phase spinel
---------------------------------------------
 16     0.6250  0.6250  0.6250     E=(LI(0.1500))
  8     0.5000  0.5000  0.5000     E=(LI(0.4500))
 16     0.1250  0.1250  0.1250     E=(LI(0.3750),Y(0.1750),MN(0.1500),IN(0.0750),FE(0.1000))
 32     0.8817  0.8817  0.8817     E=(CL(1.0000))

Local parameters and GOALs for phase Li3YCl6164icsd29964None
******************************************************
SpacegroupNo=164
HermannMauguin=P-32/m1
XrayDensity=2.448
Rphase=7.70%
UNIT=NM
A=1.120226+-0.000086
C=0.603752+-0.000060
k1=0.0100000
B1=0.00500000
GrainSize(1,1,1)=84.1811
GEWICHT=SPHAR4, MeanValue(GEWICHT)=0.0228656
Atomic positions for phase Li3YCl6164icsd29964None
---------------------------------------------
  6     0.3206  0.0000  0.5000     E=(LI+1(0.6800))
  6     0.3404  0.0000  0.0000     E=(LI+1(0.8200))
  1     0.0000  0.0000  0.0000     E=(Y+3(1.0000))
  2     0.3333  0.6667  0.0102     E=(Y+3(0.2288))
  2     0.3333  0.6667  0.5044     E=(Y+3(0.7712))
  6     0.8866 -0.8866  0.2363     E=(CL-1(1.0000))
  6     0.7793 -0.7793  0.7314     E=(CL-1(1.0000))
  6     0.5533 -0.5533  0.2497     E=(CL-1(1.0000))

Local parameters and GOALs for phase FeCl2205icsd136832None
******************************************************
SpacegroupNo=205
HermannMauguin=P2_1/a-3
XrayDensity=6.809
Rphase=7.75%
UNIT=NM
A=0.498174+-0.000051
k1=0.0100000
B1=0.00420+-0.00058
GrainSize(1,1,1)=100+-14
GEWICHT=SPHAR4, MeanValue(GEWICHT)=0.00383426
Atomic positions for phase FeCl2205icsd136832None
---------------------------------------------
  4     0.0000  0.0000  0.0000     E=(FE+2(1.0000))
  8     0.6486  0.6486  0.6486     E=(CL-1(1.0000))
