Rietveld refinement to file(s) pattern.xy
BGMN version 4.2.23, 8282 measured points, 254 peaks, 41 parameters
Start: Thu Feb 26 15:14:02 2026; End: Thu Feb 26 15:14:37 2026
340 iteration steps

Rp=7.13%  Rpb=55.93%  R=10.58%  Rwp=10.56% Rexp=3.62%
Durbin-Watson d=0.28
1-rho=11.0%

Global parameters and GOALs
****************************
QLi6In203Cl1212icsd89617None=0.1769+-0.0037
QLiCl225icsd269090=0.8231+-0.0037
EPS2=0.000298+-0.000014

Local parameters and GOALs for phase Li6In203Cl1212icsd89617None
******************************************************
SpacegroupNo=12
HermannMauguin=C12/m1
XrayDensity=2.772
Rphase=17.47%
UNIT=NM
A=0.64128+-0.00020
B=1.09902+-0.00053
C=0.629224+-0.000059
BETA=108.974+-0.016
k1=0.0100000
B1=0.00500000
GrainSize(1,1,1)=84.1811
GEWICHT=SPHAR2, MeanValue(GEWICHT)=0.0132237
Atomic positions for phase Li6In203Cl1212icsd89617None
---------------------------------------------
  4     0.0000  0.1683  0.5000     E=(LI+1(1.0000))
  2     0.0000  0.5000  0.5000     E=(LI+1(1.0000))
  4     0.0000  0.3333  0.0000     E=(IN+3(0.0700))
  2     0.0000  0.0000  0.0000     E=(IN+3(0.8750))
  8     0.7579  0.1622  0.7612     E=(CL-1(1.0000))
  4     0.7550  0.0000  0.2338     E=(CL-1(1.0000))

Local parameters and GOALs for phase LiCl225icsd269090
******************************************************
SpacegroupNo=225
HermannMauguin=F4/m-32/m
XrayDensity=1.989
Rphase=21.19%
UNIT=NM
A=0.521180+-0.000014
k1=0.0100000
B1=0.00500000
GrainSize(1,1,1)=84.1811
GEWICHT=SPHAR4, MeanValue(GEWICHT)=0.0615293
Atomic positions for phase LiCl225icsd269090
---------------------------------------------
  4     0.0000  0.0000  0.0000     E=(LI+1(1.0000))
  4     0.5000  0.5000  0.5000     E=(CL-1(1.0000))
