Rietveld refinement to file(s) pattern.xy
BGMN version 4.2.23, 8282 measured points, 54 peaks, 47 parameters
Start: Thu Feb 26 15:07:51 2026; End: Thu Feb 26 15:07:52 2026
22 iteration steps

Rp=4.05%  Rpb=38.71%  R=6.55%  Rwp=5.36% Rexp=2.61%
Durbin-Watson d=0.51
1-rho=4.28%

Global parameters and GOALs
****************************
Qspinel=0.9546+-0.0017
QLiCl=0.0454+-0.0017
EPS2=0.000058+-0.000012

Local parameters and GOALs for phase spinel
******************************************************
SpacegroupNo=227
HermannMauguin=F4_1/d-32/m
XrayDensity=2.459
Rphase=8.21%
UNIT=NM
A=1.048119+-0.000030
k1=0.0100000
B1=0.00960+-0.00010
GrainSize(1,1,1)=43.82+-0.47
GEWICHT=SPHAR4, MeanValue(GEWICHT)=0.144331
Atomic positions for phase spinel
---------------------------------------------
 16     0.6250  0.6250  0.6250     E=(LI(0.1600))
  8     0.5000  0.5000  0.5000     E=(LI(0.4800))
 16     0.1250  0.1250  0.1250     E=(LI(0.4000),ZR(0.0250),MN(0.4375),V(0.0750))
 32     0.8817  0.8817  0.8817     E=(CL(1.0000))

Local parameters and GOALs for phase LiCl
******************************************************
SpacegroupNo=225
HermannMauguin=F4/m-32/m
XrayDensity=2.061
Rphase=6.03%
UNIT=NM
A=0.515002+-0.000052
k1=0.0100000
B1=0.00500000
GrainSize(1,1,1)=84.1811
GEWICHT=SPHAR4, MeanValue(GEWICHT)=0.00685816
Atomic positions for phase LiCl
---------------------------------------------
  4     0.0000  0.0000  0.0000     E=(LI+1(1.0000))
  4     0.5000  0.5000  0.5000     E=(CL-1(1.0000))
