Rietveld refinement to file(s) pattern.xy
BGMN version 4.2.23, 8282 measured points, 358 peaks, 53 parameters
Start: Thu Feb 26 14:55:51 2026; End: Thu Feb 26 14:55:54 2026
33 iteration steps

Rp=5.37%  Rpb=41.44%  R=7.80%  Rwp=7.44% Rexp=3.15%
Durbin-Watson d=0.40
1-rho=6.33%

Global parameters and GOALs
****************************
Qspinel=0.7961+-0.0039
QMgCl2166icsd261570=0.0090+-0.0016
QLi3YCl6164icsd29969None=0.1948+-0.0036
EPS2=0.000536+-0.000013

Local parameters and GOALs for phase spinel
******************************************************
SpacegroupNo=227
HermannMauguin=F4_1/d-32/m
XrayDensity=2.338
Rphase=14.28%
UNIT=NM
A=1.045144+-0.000029
k1=0.0100000
B1=0.00859+-0.00012
GrainSize(1,1,1)=49.02+-0.71
GEWICHT=SPHAR4, MeanValue(GEWICHT)=0.100954
Atomic positions for phase spinel
---------------------------------------------
 16     0.6250  0.6250  0.6250     E=(LI(0.1500))
  8     0.5000  0.5000  0.5000     E=(LI(0.4500))
 16     0.1250  0.1250  0.1250     E=(LI(0.3750),Y(0.1000),MG(0.2750),MN(0.0750),NB(0.0500))
 32     0.8817  0.8817  0.8817     E=(CL(1.0000))

Local parameters and GOALs for phase MgCl2166icsd261570
******************************************************
SpacegroupNo=166
HermannMauguin=R-32/m
XrayDensity=2.410
Rphase=8.82%
UNIT=NM
A=0.35957+-0.00033
C=1.7581+-0.0029
k1=0.0100000
B1=0.00500000
GrainSize(1,1,1)=84.1811
GEWICHT=0.00114+-0.00021
Atomic positions for phase MgCl2166icsd261570
---------------------------------------------
  3     0.0000  0.0000  0.0000     E=(MG+2(1.0000))
  6     0.0000  0.0000  0.2730     E=(CL-1(1.0000))

Local parameters and GOALs for phase Li3YCl6164icsd29969None
******************************************************
SpacegroupNo=164
HermannMauguin=P-32/m1
XrayDensity=2.454
Rphase=12.10%
UNIT=NM
A=1.119817+-0.000066
C=0.602793+-0.000034
k1=0.0100000
B1=0.00453+-0.00020
GrainSize(1,1,1)=92.8+-4.0
GEWICHT=SPHAR4, MeanValue(GEWICHT)=0.0247076
Atomic positions for phase Li3YCl6164icsd29969None
---------------------------------------------
  6     0.3269  0.0000  0.5000     E=(LI+1(0.8754))
  6     0.3432  0.0000  0.0000     E=(LI+1(0.6246))
  1     0.0000  0.0000  0.0000     E=(Y+3(1.0000))
  2     0.3333  0.6667  0.0023     E=(Y+3(0.4341))
  2     0.3333  0.6667  0.5055     E=(Y+3(0.5659))
  6     0.8871 -0.8871  0.2346     E=(CL-1(1.0000))
  6     0.7794 -0.7794  0.7369     E=(CL-1(1.0000))
  6     0.5539 -0.5539  0.2469     E=(CL-1(1.0000))
