Rietveld refinement to file(s) pattern.xy
BGMN version 4.2.23, 8282 measured points, 95 peaks, 57 parameters
Start: Thu Feb 26 15:15:08 2026; End: Thu Feb 26 15:15:16 2026
128 iteration steps

Rp=4.65%  Rpb=51.54%  R=6.97%  Rwp=6.47% Rexp=2.83%
Durbin-Watson d=0.41
1-rho=10.1%

Global parameters and GOALs
****************************
QMnCl2166icsd337520=0.0429+-0.0031
Qspinel=0.8241+-0.0036
QLiCl225icsd269090=0.1330+-0.0026
EPS2=-0.000311+-0.000021

Local parameters and GOALs for phase MnCl2166icsd337520
******************************************************
SpacegroupNo=166
HermannMauguin=R-32/m
XrayDensity=2.848
Rphase=7.14%
UNIT=NM
A=0.38365+-0.00027
C=1.72672+-0.00036
k1=0.0100000
B1=0.00500000
GrainSize(1,1,1)=84.1811
GEWICHT=SPHAR2, MeanValue(GEWICHT)=0.00373310
Atomic positions for phase MnCl2166icsd337520
---------------------------------------------
  3     0.0000  0.0000  0.0000     E=(MN+2(1.0000))
  6     0.0000  0.0000  0.2545     E=(CL-1(1.0000))

Local parameters and GOALs for phase spinel
******************************************************
SpacegroupNo=227
HermannMauguin=F4_1/d-32/m
XrayDensity=2.752
Rphase=10.30%
UNIT=NM
A=1.050363+-0.000053
k1=0.0100000
B1=0.01229+-0.00018
GrainSize(1,1,1)=34.25+-0.51
GEWICHT=SPHAR4, MeanValue(GEWICHT)=0.0717270
Atomic positions for phase spinel
---------------------------------------------
  8     0.5000  0.5000  0.5000     E=(LI(0.5400))
 16     0.6250  0.6250  0.6250     E=(LI(0.1800))
 16     0.1250  0.1250  0.1250     E=(LI(0.4500),MN(0.4000),BI(0.1000))
 32     0.8817  0.8817  0.8817     E=(CL(1.0000))

Local parameters and GOALs for phase LiCl225icsd269090
******************************************************
SpacegroupNo=225
HermannMauguin=F4/m-32/m
XrayDensity=2.058
Rphase=6.81%
UNIT=NM
A=0.515244+-0.000039
k1=0.0100000
B1=0.00500000
GrainSize(1,1,1)=84.1811
GEWICHT=SPHAR4, MeanValue(GEWICHT)=0.0115751
Atomic positions for phase LiCl225icsd269090
---------------------------------------------
  4     0.0000  0.0000  0.0000     E=(LI+1(1.0000))
  4     0.5000  0.5000  0.5000     E=(CL-1(1.0000))
