Rietveld refinement to file(s) pattern.xy
BGMN version 4.2.23, 8282 measured points, 417 peaks, 60 parameters
Start: Thu Feb 26 14:53:28 2026; End: Thu Feb 26 14:53:51 2026
199 iteration steps

Rp=3.01%  Rpb=52.21%  R=4.71%  Rwp=4.20% Rexp=1.99%
Durbin-Watson d=0.47
1-rho=7.84%

Global parameters and GOALs
****************************
QScCl3148icsd382350=0.1964+-0.0038
QLi2CoCl4227icsd73229None=0.3091+-0.0047
QLi602Sc2Cl1212icsd18229None=0.4945+-0.0053
EPS2=-0.001668+-0.000015

Local parameters and GOALs for phase ScCl3148icsd382350
******************************************************
SpacegroupNo=148
HermannMauguin=R-3
XrayDensity=2.398
Rphase=5.75%
UNIT=NM
A=0.63851+-0.00022
C=1.78030+-0.00012
k1=0.0100000
B1=0.00500000
GrainSize(1,1,1)=84.1811
GEWICHT=SPHAR2, MeanValue(GEWICHT)=0.0190590
Atomic positions for phase ScCl3148icsd382350
---------------------------------------------
  6     0.0000  0.0000  0.3333     E=(SC+3(1.0000))
 18     0.3333  0.3333  0.2513     E=(CL-1(1.0000))

Local parameters and GOALs for phase Li2CoCl4227icsd73229None
******************************************************
SpacegroupNo=227
HermannMauguin=F4_1/d-32/m
XrayDensity=2.544
Rphase=8.30%
UNIT=NM
A=1.038667+-0.000049
k1=0.0100000
B1=0.00500000
GrainSize(1,1,1)=84.1811
GEWICHT=SPHAR4, MeanValue(GEWICHT)=0.0300029
Atomic positions for phase Li2CoCl4227icsd73229None
---------------------------------------------
 16     0.6250  0.6250  0.6250     E=(LI+1(0.5000))
 16     0.1250  0.1250  0.1250     E=(LI+1(0.5000),CO+2(0.5000))
 32     0.8809  0.8809  0.8809     E=(CL-1(1.0000))

Local parameters and GOALs for phase Li602Sc2Cl1212icsd18229None
******************************************************
SpacegroupNo=12
HermannMauguin=C12/m1
XrayDensity=2.270
Rphase=6.98%
UNIT=NM
A=0.631896+-0.000061
B=1.090826+-0.000099
C=0.625346+-0.000067
BETA=108.9978+-0.0047
k1=0.0100000
B1=0.00500000
GrainSize(1,1,1)=84.1811
GEWICHT=SPHAR4, MeanValue(GEWICHT)=0.0479903
Atomic positions for phase Li602Sc2Cl1212icsd18229None
---------------------------------------------
  4     0.0000  0.3264  0.0000     E=(LI+1(1.0000))
  2     0.0000  0.5000  0.5000     E=(LI+1(0.2700))
  4     0.0000  0.1715  0.5000     E=(LI+1(0.3700))
  2     0.0000  0.0000  0.0000     E=(SC+3(1.0000))
  8     0.2607  0.3391  0.7635     E=(CL-1(1.0000))
  4     0.2410  0.0000  0.7676     E=(CL-1(1.0000))
