Rietveld refinement to file(s) pattern.xy
BGMN version 4.2.23, 8282 measured points, 407 peaks, 54 parameters
Start: Thu Feb 26 14:51:49 2026; End: Thu Feb 26 14:51:53 2026
35 iteration steps

Rp=3.20%  Rpb=45.53%  R=4.27%  Rwp=4.19% Rexp=2.49%
Durbin-Watson d=0.73
1-rho=6.09%

Global parameters and GOALs
****************************
QZr6NiCl15229icsd711490=0.0466+-0.0015
QZrCl413icsd260490=0.0118+-0.0022
Qspinel=0.9417+-0.0026
EPS2=-0.002652+-0.000021

Local parameters and GOALs for phase Zr6NiCl15229icsd711490
******************************************************
SpacegroupNo=229
HermannMauguin=I4/m-32/m
XrayDensity=3.458
Rphase=5.65%
UNIT=NM
A=1.029968+-0.000095
k1=0.0100000
B1=0.00500000
GrainSize(1,1,1)=84.1811
GEWICHT=SPHAR4, MeanValue(GEWICHT)=0.00459971
Atomic positions for phase Zr6NiCl15229icsd711490
---------------------------------------------
 12     0.2413  0.0000  0.0000     E=(ZR(1.0000))
  2     0.0000  0.0000  0.0000     E=(NI+3(1.0000))
 24     0.0000  0.2485  0.2485     E=(CL-1(1.0000))
  6     0.0000  0.5000  0.5000     E=(CL-1(1.0000))

Local parameters and GOALs for phase ZrCl413icsd260490
******************************************************
SpacegroupNo=13
HermannMauguin=P12/c1
XrayDensity=2.727
Rphase=4.10%
UNIT=NM
A=0.64048+-0.00036
B=0.74176+-0.00043
C=0.63636+-0.00034
BETA=110.143+-0.042
k1=UNDEF
B1=0
GrainSize(1,1,1)=ERROR
GEWICHT=0.00116+-0.00022
Atomic positions for phase ZrCl413icsd260490
---------------------------------------------
  2     0.0000  0.1641  0.2500     E=(ZR+4(1.0000))
  4     0.2263  0.8924  0.4978     E=(CL-1(1.0000))
  4     0.7448  0.6371  0.5205     E=(CL-1(1.0000))

Local parameters and GOALs for phase spinel
******************************************************
SpacegroupNo=227
HermannMauguin=F4_1/d-32/m
XrayDensity=2.490
Rphase=4.72%
UNIT=NM
A=1.043168+-0.000055
k1=0
B1=0.01576+-0.00016
GrainSize(1,1,1)=26.93+-0.28
GEWICHT=SPHAR4, MeanValue(GEWICHT)=0.0930441
Atomic positions for phase spinel
---------------------------------------------
 16     0.6250  0.6250  0.6250     E=(LI(0.1400))
  8     0.5000  0.5000  0.5000     E=(LI(0.4200))
 16     0.1250  0.1250  0.1250     E=(LI(0.3500),ZR(0.0500),MN(0.1500),NB(0.1000),FE(0.1000),NI(0.0500))
 32     0.8817  0.8817  0.8817     E=(CL(1.0000))
