Rietveld refinement to file(s) pattern.xy
BGMN version 4.2.23, 8282 measured points, 45 peaks, 29 parameters
Start: Thu Feb 26 15:04:42 2026; End: Thu Feb 26 15:04:45 2026
26 iteration steps

Rp=3.98%  Rpb=63.22%  R=6.21%  Rwp=5.41% Rexp=2.52%
Durbin-Watson d=0.44
1-rho=14.3%

Global parameters and GOALs
****************************
Qspinel=1.00000
EPS2=-0.002506+-0.000042

Local parameters and GOALs for phase spinel
******************************************************
SpacegroupNo=227
HermannMauguin=F4_1/d-32/m
XrayDensity=2.561
Rphase=9.89%
UNIT=NM
A=1.03840+-0.00010
k1=0.0100000
B1=0.01952+-0.00028
GrainSize(1,1,1)=21.56+-0.31
GEWICHT=SPHAR4, MeanValue(GEWICHT)=0.0776138
Atomic positions for phase spinel
---------------------------------------------
 16     0.6250  0.6250  0.6250     E=(LI(0.1600))
  8     0.5000  0.5000  0.5000     E=(LI(0.4800))
 16     0.1250  0.1250  0.1250     E=(LI(0.4000),ZR(0.1000),FE(0.4000))
 32     0.8817  0.8817  0.8817     E=(CL(1.0000))
