Rietveld refinement to file(s) pattern.xy
BGMN version 4.2.23, 8282 measured points, 190 peaks, 58 parameters
Start: Thu Feb 26 15:02:54 2026; End: Thu Feb 26 15:02:59 2026
54 iteration steps

Rp=2.08%  Rpb=60.82%  R=3.12%  Rwp=2.86% Rexp=1.71%
Durbin-Watson d=0.74
1-rho=11.2%

Global parameters and GOALs
****************************
Qspinel=0.3394+-0.0069
QLi2CoCl465icsd7322718=0.3418+-0.0065
QLi6CoCl8225icsd20240131=0.3188+-0.0062
EPS2=-0.001203+-0.000026

Local parameters and GOALs for phase spinel
******************************************************
SpacegroupNo=227
HermannMauguin=F4_1/d-32/m
XrayDensity=2.840
Rphase=5.75%
UNIT=NM
A=1.00692+-0.00012
k1=0
B1=0.01764+-0.00078
GrainSize(1,1,1)=24.1+-1.1
GEWICHT=SPHAR4, MeanValue(GEWICHT)=0.0294388
Atomic positions for phase spinel
---------------------------------------------
 16     0.6250  0.6250  0.6250     E=(LI(0.1600))
  8     0.5000  0.5000  0.5000     E=(LI(0.4800))
 16     0.1250  0.1250  0.1250     E=(LI(0.4000),ZR(0.1000),CO(0.4000))
 32     0.8817  0.8817  0.8817     E=(CL(1.0000))

Local parameters and GOALs for phase Li2CoCl465icsd7322718
******************************************************
SpacegroupNo=65
HermannMauguin=C2/m2/m2/m
XrayDensity=2.648
Rphase=4.32%
UNIT=NM
A=0.72044+-0.00012
B=1.02809+-0.00014
C=0.363416+-0.000050
k1=0.0100000
B1=0.00500000
GrainSize(1,1,1)=84.1811
GEWICHT=SPHAR2, MeanValue(GEWICHT)=0.0296469
Atomic positions for phase Li2CoCl465icsd7322718
---------------------------------------------
  4     0.2500  0.2500  0.5000     E=(LI+1(1.0000))
  2     0.0000  0.0000  0.0000     E=(CO+2(1.0000))
  4     0.2331  0.0000  0.5000     E=(CL-1(1.0000))
  4     0.0000  0.7600  0.0000     E=(CL-1(1.0000))

Local parameters and GOALs for phase Li6CoCl8225icsd20240131
******************************************************
SpacegroupNo=225
HermannMauguin=F4/m-32/m
XrayDensity=2.328
Rphase=4.55%
UNIT=NM
A=1.031117+-0.000072
k1=0.0100000
B1=0.00500000
GrainSize(1,1,1)=84.1811
GEWICHT=SPHAR4, MeanValue(GEWICHT)=0.0276472
Atomic positions for phase Li6CoCl8225icsd20240131
---------------------------------------------
 24     0.0000  0.2500  0.2500     E=(LI+1(1.0000))
  4     0.0000  0.0000  0.0000     E=(CO+2(1.0000))
  8     0.2500  0.2500  0.2500     E=(CL-1(1.0000))
 24     0.2430  0.0000  0.0000     E=(CL-1(1.0000))
