Rietveld refinement to file(s) pattern.xy
BGMN version 4.2.23, 8282 measured points, 1072 peaks, 36 parameters
Start: Thu Feb 26 14:47:09 2026; End: Thu Feb 26 14:47:22 2026
50 iteration steps

Rp=4.72%  Rpb=82.11%  R=7.25%  Rwp=6.26% Rexp=2.85%
Durbin-Watson d=0.44
1-rho=33.0%

Global parameters and GOALs
****************************
QTaCl5=0.2675+-0.0068
QLi6FeCl8225icsd7321731=0.7325+-0.0068
EPS2=0.000261+-0.000033

Local parameters and GOALs for phase TaCl5
******************************************************
SpacegroupNo=12
HermannMauguin=C12/m1
XrayDensity=3.706
Rphase=9.35%
UNIT=NM
A=1.86022+-0.00057
B=1.77475+-0.00059
C=0.58340+-0.00020
BETA=91.023+-0.026
k1=0.0100000
B1=0.00500000
GrainSize(1,1,1)=84.1811
GEWICHT=0.00713+-0.00022
Atomic positions for phase TaCl5
---------------------------------------------
  4     0.0000  0.1106  0.0000     E=(TA(1.0000))
  8     0.6667  0.1107  0.4772     E=(TA(1.0000))
  4     0.9480  0.0000  0.7750     E=(CL-1(1.0000))
  8     0.4440  0.6915  0.7592     E=(CL-1(1.0000))
  8     0.8979  0.0974  0.2265     E=(CL-1(1.0000))
  4     0.7194  0.0000  0.2554     E=(CL-1(1.0000))
  8     0.7226  0.1913  0.2389     E=(CL-1(1.0000))
  8     0.7684  0.0976  0.7107     E=(CL-1(1.0000))
  4     0.6142  0.0000  0.6986     E=(CL-1(1.0000))
  8     0.6109  0.1911  0.7155     E=(CL-1(1.0000))
  8     0.5651  0.0981  0.2440     E=(CL-1(1.0000))

Local parameters and GOALs for phase Li6FeCl8225icsd7321731
******************************************************
SpacegroupNo=225
HermannMauguin=F4/m-32/m
XrayDensity=2.315
Rphase=7.59%
UNIT=NM
A=1.030140+-0.000080
k1=0.0100000
B1=0.00500000
GrainSize(1,1,1)=84.1811
GEWICHT=SPHAR4, MeanValue(GEWICHT)=0.0195187
Atomic positions for phase Li6FeCl8225icsd7321731
---------------------------------------------
 24     0.0000  0.2500  0.2500     E=(LI+1(1.0000))
  4     0.0000  0.0000  0.0000     E=(FE+2(1.0000))
  8     0.2500  0.2500  0.2500     E=(CL-1(1.0000))
 24     0.2410  0.0000  0.0000     E=(CL-1(1.0000))
