Rietveld refinement to file(s) pattern.xy
BGMN version 4.2.23, 8282 measured points, 564 peaks, 55 parameters
Start: Thu Feb 26 14:57:39 2026; End: Thu Feb 26 14:57:45 2026
41 iteration steps

Rp=4.35%  Rpb=56.35%  R=5.43%  Rwp=5.56% Rexp=3.18%
Durbin-Watson d=0.71
1-rho=11.3%

Global parameters and GOALs
****************************
QLi6In203Cl1212icsd89617None=0.0727+-0.0087
Qspinel=0.6034+-0.0091
QLi3YCl6164icsd29969None=0.3238+-0.0053
EPS2=0.000904+-0.000018

Local parameters and GOALs for phase Li6In203Cl1212icsd89617None
******************************************************
SpacegroupNo=12
HermannMauguin=C12/m1
XrayDensity=2.703
Rphase=6.30%
UNIT=NM
A=0.64131+-0.00016
B=1.11822+-0.00027
C=0.63788+-0.00016
BETA=109.882+-0.023
k1=0.0100000
B1=0.00152+-0.00074
GrainSize(1,1,1)=277+-134
GEWICHT=0.00343+-0.00041
Atomic positions for phase Li6In203Cl1212icsd89617None
---------------------------------------------
  4     0.0000  0.1683  0.5000     E=(LI+1(1.0000))
  2     0.0000  0.5000  0.5000     E=(LI+1(1.0000))
  4     0.0000  0.3333  0.0000     E=(IN+3(0.0700))
  2     0.0000  0.0000  0.0000     E=(IN+3(0.8750))
  8     0.7579  0.1622  0.7612     E=(CL-1(1.0000))
  4     0.7550  0.0000  0.2338     E=(CL-1(1.0000))

Local parameters and GOALs for phase spinel
******************************************************
SpacegroupNo=227
HermannMauguin=F4_1/d-32/m
XrayDensity=2.674
Rphase=7.51%
UNIT=NM
A=1.046657+-0.000049
k1=0
B1=0.00879+-0.00021
GrainSize(1,1,1)=48.3+-1.2
GEWICHT=SPHAR4, MeanValue(GEWICHT)=0.0284494
Atomic positions for phase spinel
---------------------------------------------
 16     0.6250  0.6250  0.6250     E=(LI(0.1500))
  8     0.5000  0.5000  0.5000     E=(LI(0.4500))
 16     0.1250  0.1250  0.1250     E=(LI(0.3750),Y(0.1250),MN(0.1500),IN(0.1250),FE(0.1000))
 32     0.8817  0.8817  0.8817     E=(CL(1.0000))

Local parameters and GOALs for phase Li3YCl6164icsd29969None
******************************************************
SpacegroupNo=164
HermannMauguin=P-32/m1
XrayDensity=2.448
Rphase=6.23%
UNIT=NM
A=1.120130+-0.000071
C=0.603822+-0.000058
k1=0.0100000
B1=0.00438+-0.00019
GrainSize(1,1,1)=96.0+-4.1
GEWICHT=SPHAR4, MeanValue(GEWICHT)=0.0152675
Atomic positions for phase Li3YCl6164icsd29969None
---------------------------------------------
  6     0.3269  0.0000  0.5000     E=(LI+1(0.8754))
  6     0.3432  0.0000  0.0000     E=(LI+1(0.6246))
  1     0.0000  0.0000  0.0000     E=(Y+3(1.0000))
  2     0.3333  0.6667  0.0023     E=(Y+3(0.4341))
  2     0.3333  0.6667  0.5055     E=(Y+3(0.5659))
  6     0.8871 -0.8871  0.2346     E=(CL-1(1.0000))
  6     0.7794 -0.7794  0.7369     E=(CL-1(1.0000))
  6     0.5539 -0.5539  0.2469     E=(CL-1(1.0000))
