Rietveld refinement to file(s) pattern.xy
BGMN version 4.2.23, 8282 measured points, 93 peaks, 47 parameters
Start: Thu Feb 26 15:16:02 2026; End: Thu Feb 26 15:16:03 2026
16 iteration steps

Rp=2.96%  Rpb=53.77%  R=3.84%  Rwp=3.81% Rexp=2.48%
Durbin-Watson d=0.86
1-rho=8.74%

Global parameters and GOALs
****************************
QLi6VCl8225icsd1008340=0.1088+-0.0067
Qspinel=0.8912+-0.0067
EPS2=-0.001377+-0.000035

Local parameters and GOALs for phase Li6VCl8225icsd1008340
******************************************************
SpacegroupNo=225
HermannMauguin=F4/m-32/m
XrayDensity=2.276
Rphase=4.23%
UNIT=NM
A=1.031528+-0.000100
k1=0.0100000
B1=0.00455+-0.00057
GrainSize(1,1,1)=93+-12
GEWICHT=SPHAR4, MeanValue(GEWICHT)=0.00800615
Atomic positions for phase Li6VCl8225icsd1008340
---------------------------------------------
 24     0.0000  0.2500  0.2500     E=(LI+1(1.0000))
  4     0.0000  0.0000  0.0000     E=(V+2(1.0000))
  8     0.2500  0.2500  0.2500     E=(CL-1(1.0000))
 24     0.2450  0.0000  0.0000     E=(CL-1(1.0000))

Local parameters and GOALs for phase spinel
******************************************************
SpacegroupNo=227
HermannMauguin=F4_1/d-32/m
XrayDensity=2.458
Rphase=4.55%
UNIT=NM
A=1.039663+-0.000086
k1=0.0100000
B1=0.01844+-0.00027
GrainSize(1,1,1)=22.83+-0.34
GEWICHT=SPHAR4, MeanValue(GEWICHT)=0.0655870
Atomic positions for phase spinel
---------------------------------------------
  8     0.5000  0.5000  0.5000     E=(LI(0.5400))
 16     0.6250  0.6250  0.6250     E=(LI(0.1800))
 16     0.1250  0.1250  0.1250     E=(LI(0.4500),MN(0.1000),NB(0.0500),V(0.0500),FE(0.2000),CO(0.0500))
 32     0.8817  0.8817  0.8817     E=(CL(1.0000))
