Rietveld refinement to file(s) pattern.xy
BGMN version 4.2.23, 8282 measured points, 102 peaks, 65 parameters
Start: Thu Feb 26 15:10:06 2026; End: Thu Feb 26 15:10:08 2026
27 iteration steps

Rp=4.11%  Rpb=38.42%  R=5.33%  Rwp=5.32% Rexp=2.93%
Durbin-Watson d=0.65
1-rho=5.03%

Global parameters and GOALs
****************************
QLi10352V9648Cl32216icsd50006None=0.0821+-0.0094
Qspinel=0.8917+-0.0099
QLiCl225icsd269090=0.0262+-0.0016
EPS2=-0.003933+-0.000023

Local parameters and GOALs for phase Li10352V9648Cl32216icsd50006None
******************************************************
SpacegroupNo=216
HermannMauguin=F-43m
XrayDensity=2.480
Rphase=5.75%
UNIT=NM
A=1.043683+-0.000072
k1=0.0100000
B1=0.00289+-0.00052
GrainSize(1,1,1)=146+-26
GEWICHT=SPHAR4, MeanValue(GEWICHT)=0.0103128
Atomic positions for phase Li10352V9648Cl32216icsd50006None
---------------------------------------------
  4     0.0000  0.0000  0.0000     E=(LI+1(1.0000))
 16     0.6259  0.6259  0.6259     E=(LI+1(0.3970),V(0.6030))
 16     0.3822  0.3822  0.3822     E=(CL-1(1.0000))
 16     0.8686  0.8686  0.8686     E=(CL-1(1.0000))

Local parameters and GOALs for phase spinel
******************************************************
SpacegroupNo=227
HermannMauguin=F4_1/d-32/m
XrayDensity=2.372
Rphase=6.51%
UNIT=NM
A=1.046339+-0.000077
k1=0.0100000
B1=0.02307+-0.00026
GrainSize(1,1,1)=18.24+-0.20
GEWICHT=SPHAR4, MeanValue(GEWICHT)=0.111953
Atomic positions for phase spinel
---------------------------------------------
 16     0.6250  0.6250  0.6250     E=(LI(0.1700))
  8     0.5000  0.5000  0.5000     E=(LI(0.5100))
 16     0.1250  0.1250  0.1250     E=(LI(0.4250),MG(0.1500),MN(0.3000),V(0.0500),FE(0.0500))
 32     0.8817  0.8817  0.8817     E=(CL(1.0000))

Local parameters and GOALs for phase LiCl225icsd269090
******************************************************
SpacegroupNo=225
HermannMauguin=F4/m-32/m
XrayDensity=2.056
Rphase=7.80%
UNIT=NM
A=0.515423+-0.000080
k1=0.0100000
B1=0.00500000
GrainSize(1,1,1)=84.1811
GEWICHT=SPHAR4, MeanValue(GEWICHT)=0.00328645
Atomic positions for phase LiCl225icsd269090
---------------------------------------------
  4     0.0000  0.0000  0.0000     E=(LI+1(1.0000))
  4     0.5000  0.5000  0.5000     E=(CL-1(1.0000))
