Rietveld refinement to file(s) pattern.xy
BGMN version 4.2.23, 8282 measured points, 45 peaks, 29 parameters
Start: Thu Feb 26 15:11:34 2026; End: Thu Feb 26 15:11:35 2026
22 iteration steps

Rp=2.80%  Rpb=55.87%  R=3.70%  Rwp=3.69% Rexp=2.29%
Durbin-Watson d=0.79
1-rho=9.16%

Global parameters and GOALs
****************************
Qspinel=1.00000
EPS2=-0.009047+-0.000040

Local parameters and GOALs for phase spinel
******************************************************
SpacegroupNo=227
HermannMauguin=F4_1/d-32/m
XrayDensity=2.558
Rphase=6.37%
UNIT=NM
A=1.02964+-0.00011
k1=0.0100000
B1=0.02314+-0.00024
GrainSize(1,1,1)=18.19+-0.19
GEWICHT=SPHAR4, MeanValue(GEWICHT)=0.0830884
Atomic positions for phase spinel
---------------------------------------------
 16     0.6250  0.6250  0.6250     E=(LI(0.1850))
  8     0.5000  0.5000  0.5000     E=(LI(0.5550))
 16     0.1250  0.1250  0.1250     E=(LI(0.4625),SC(0.0750),FE(0.2125),CO(0.2125))
 32     0.8817  0.8817  0.8817     E=(CL(1.0000))
