Rietveld refinement to file(s) pattern.xy
BGMN version 4.2.23, 8282 measured points, 45 peaks, 29 parameters
Start: Thu Feb 26 15:02:45 2026; End: Thu Feb 26 15:02:46 2026
25 iteration steps

Rp=3.96%  Rpb=79.64%  R=4.98%  Rwp=4.96% Rexp=3.15%
Durbin-Watson d=0.87
1-rho=33.2%

Global parameters and GOALs
****************************
Qspinel=1.00000
EPS2=-0.00089+-0.00011

Local parameters and GOALs for phase spinel
******************************************************
SpacegroupNo=227
HermannMauguin=F4_1/d-32/m
XrayDensity=2.583
Rphase=5.87%
UNIT=NM
A=1.02652+-0.00027
k1=0.0100000
B1=0.03002+-0.00076
GrainSize(1,1,1)=14.02+-0.35
GEWICHT=SPHAR4, MeanValue(GEWICHT)=0.0256122
Atomic positions for phase spinel
---------------------------------------------
 16     0.6250  0.6250  0.6250     E=(LI(0.1600))
  8     0.5000  0.5000  0.5000     E=(LI(0.4800))
 16     0.1250  0.1250  0.1250     E=(LI(0.4000),ZN(0.1000),CR(0.2000),CO(0.2000))
 32     0.8817  0.8817  0.8817     E=(CL(1.0000))
