Rietveld refinement to file(s) pattern.xy
BGMN version 4.2.23, 8282 measured points, 54 peaks, 47 parameters
Start: Thu Feb 26 16:59:02 2026; End: Thu Feb 26 16:59:03 2026
23 iteration steps

Rp=2.58%  Rpb=39.49%  R=3.95%  Rwp=3.46% Rexp=1.96%
Durbin-Watson d=0.68
1-rho=3.84%

Global parameters and GOALs
****************************
Qspinel=0.8739+-0.0025
QLiCl225icsd269090=0.1261+-0.0025
EPS2=-0.001494+-0.000019

Local parameters and GOALs for phase spinel
******************************************************
SpacegroupNo=227
HermannMauguin=F4_1/d-32/m
XrayDensity=2.683
Rphase=6.00%
UNIT=NM
A=1.038414+-0.000047
k1=0.0100000
B1=0.01587+-0.00015
GrainSize(1,1,1)=26.52+-0.25
GEWICHT=SPHAR4, MeanValue(GEWICHT)=0.145121
Atomic positions for phase spinel
---------------------------------------------
 16     0.6250  0.6250  0.6250     E=(LI(0.1900))
  8     0.5000  0.5000  0.5000     E=(LI(0.5700))
 16     0.1250  0.1250  0.1250     E=(LI(0.4750),FE(0.4500),BI(0.0500))
 32     0.8817  0.8817  0.8817     E=(CL(1.0000))

Local parameters and GOALs for phase LiCl225icsd269090
******************************************************
SpacegroupNo=225
HermannMauguin=F4/m-32/m
XrayDensity=2.050
Rphase=5.24%
UNIT=NM
A=0.515971+-0.000031
k1=0.0100000
B1=0.00500000
GrainSize(1,1,1)=84.1811
GEWICHT=SPHAR4, MeanValue(GEWICHT)=0.0209435
Atomic positions for phase LiCl225icsd269090
---------------------------------------------
  4     0.0000  0.0000  0.0000     E=(LI+1(1.0000))
  4     0.5000  0.5000  0.5000     E=(CL-1(1.0000))
