Rietveld refinement to file(s) pattern.xy
BGMN version 4.2.23, 8282 measured points, 95 peaks, 65 parameters
Start: Thu Feb 26 15:02:08 2026; End: Thu Feb 26 15:02:13 2026
63 iteration steps

Rp=4.57%  Rpb=48.03%  R=6.65%  Rwp=6.09% Rexp=3.10%
Durbin-Watson d=0.55
1-rho=7.86%

Global parameters and GOALs
****************************
Qspinel=0.8423+-0.0038
QLiCl225icsd269090=0.0734+-0.0023
QLi2ZnCl4227icsd2027430=0.0843+-0.0030
EPS2=0.000267+-0.000024

Local parameters and GOALs for phase spinel
******************************************************
SpacegroupNo=227
HermannMauguin=F4_1/d-32/m
XrayDensity=2.497
Rphase=9.80%
UNIT=NM
A=1.046860+-0.000058
k1=0.0100000
B1=0.01522+-0.00019
GrainSize(1,1,1)=27.66+-0.35
GEWICHT=SPHAR4, MeanValue(GEWICHT)=0.0762305
Atomic positions for phase spinel
---------------------------------------------
 16     0.6250  0.6250  0.6250     E=(LI(0.1650))
  8     0.5000  0.5000  0.5000     E=(LI(0.4950))
 16     0.1250  0.1250  0.1250     E=(LI(0.4125),MN(0.3500),V(0.0750),ZN(0.1250))
 32     0.8817  0.8817  0.8817     E=(CL(1.0000))

Local parameters and GOALs for phase LiCl225icsd269090
******************************************************
SpacegroupNo=225
HermannMauguin=F4/m-32/m
XrayDensity=2.039
Rphase=7.11%
UNIT=NM
A=0.516886+-0.000047
k1=0.0100000
B1=0.00500000
GrainSize(1,1,1)=84.1811
GEWICHT=SPHAR4, MeanValue(GEWICHT)=0.00664107
Atomic positions for phase LiCl225icsd269090
---------------------------------------------
  4     0.0000  0.0000  0.0000     E=(LI+1(1.0000))
  4     0.5000  0.5000  0.5000     E=(CL-1(1.0000))

Local parameters and GOALs for phase Li2ZnCl4227icsd2027430
******************************************************
SpacegroupNo=227
HermannMauguin=F4_1/d-32/m
XrayDensity=2.613
Rphase=7.24%
UNIT=NM
A=1.039646+-0.000093
k1=0.0100000
B1=0.00500000
GrainSize(1,1,1)=84.1811
GEWICHT=SPHAR4, MeanValue(GEWICHT)=0.00762991
Atomic positions for phase Li2ZnCl4227icsd2027430
---------------------------------------------
 16     0.1250  0.1250  0.1250     E=(LI+1(1.0000))
  8     0.5000  0.5000  0.5000     E=(ZN+2(1.0000))
 32     0.8781  0.8781  0.8781     E=(CL-1(1.0000))
