Rietveld refinement to file(s) pattern.xy
BGMN version 4.2.23, 8282 measured points, 319 peaks, 48 parameters
Start: Thu Feb 26 16:58:51 2026; End: Thu Feb 26 16:58:58 2026
50 iteration steps

Rp=3.57%  Rpb=32.28%  R=5.19%  Rwp=4.60% Rexp=2.64%
Durbin-Watson d=0.73
1-rho=3.34%

Global parameters and GOALs
****************************
QLi3YCl6164icsd29965None=0.1209+-0.0018
Qspinel=0.8791+-0.0018
EPS2=-0.001909+-0.000013

Local parameters and GOALs for phase Li3YCl6164icsd29965None
******************************************************
SpacegroupNo=164
HermannMauguin=P-32/m1
XrayDensity=2.449
Rphase=5.74%
UNIT=NM
A=1.120809+-0.000076
C=0.602733+-0.000077
k1=0.0100000
B1=0.00500000
GrainSize(1,1,1)=84.1811
GEWICHT=SPHAR4, MeanValue(GEWICHT)=0.0193841
Atomic positions for phase Li3YCl6164icsd29965None
---------------------------------------------
  6     0.3429  0.0000  0.0000     E=(LI+1(0.7126))
  6     0.3263  0.0000  0.5000     E=(LI+1(0.7874))
  1     0.0000  0.0000  0.0000     E=(Y+3(1.0000))
  2     0.3333  0.6667  0.0080     E=(Y+3(0.2288))
  2     0.3333  0.6667  0.5047     E=(Y+3(0.7712))
  6     0.8870 -0.8870  0.2343     E=(CL-1(1.0000))
  6     0.7795 -0.7795  0.7305     E=(CL-1(1.0000))
  6     0.5541 -0.5541  0.2457     E=(CL-1(1.0000))

Local parameters and GOALs for phase spinel
******************************************************
SpacegroupNo=227
HermannMauguin=F4_1/d-32/m
XrayDensity=2.462
Rphase=6.49%
UNIT=NM
A=1.052395+-0.000033
k1=0.0100000
B1=0.01342+-0.00011
GrainSize(1,1,1)=31.38+-0.25
GEWICHT=SPHAR4, MeanValue(GEWICHT)=0.141013
Atomic positions for phase spinel
---------------------------------------------
  8     0.5000  0.5000  0.5000     E=(LI(0.5400))
 16     0.6250  0.6250  0.6250     E=(LI(0.1800))
 16     0.1250  0.1250  0.1250     E=(LI(0.4500),Y(0.1000),MN(0.4000))
 32     0.8817  0.8817  0.8817     E=(CL(1.0000))
