Rietveld refinement to file(s) pattern.xy
BGMN version 4.2.23, 8282 measured points, 102 peaks, 65 parameters
Start: Thu Feb 26 15:02:29 2026; End: Thu Feb 26 15:02:33 2026
44 iteration steps

Rp=4.10%  Rpb=40.34%  R=6.09%  Rwp=5.42% Rexp=2.80%
Durbin-Watson d=0.56
1-rho=4.66%

Global parameters and GOALs
****************************
Qspinel=0.8538+-0.0043
QLiCl225icsd269090=0.0864+-0.0017
QLi2VCl4227icsd74959None=0.0598+-0.0040
EPS2=0.000358+-0.000013

Local parameters and GOALs for phase spinel
******************************************************
SpacegroupNo=227
HermannMauguin=F4_1/d-32/m
XrayDensity=2.483
Rphase=8.24%
UNIT=NM
A=1.047993+-0.000029
k1=0.0100000
B1=0.00863+-0.00012
GrainSize(1,1,1)=48.80+-0.69
GEWICHT=SPHAR4, MeanValue(GEWICHT)=0.104687
Atomic positions for phase spinel
---------------------------------------------
  8     0.5000  0.5000  0.5000     E=(LI(0.4980))
 16     0.6250  0.6250  0.6250     E=(LI(0.1660))
 16     0.1250  0.1250  0.1250     E=(LI(0.4150),TA(0.0300),MN(0.3900),V(0.0800))
 32     0.8817  0.8817  0.8817     E=(CL(1.0000))

Local parameters and GOALs for phase LiCl225icsd269090
******************************************************
SpacegroupNo=225
HermannMauguin=F4/m-32/m
XrayDensity=2.059
Rphase=6.37%
UNIT=NM
A=0.515191+-0.000030
k1=0.0100000
B1=0.00500000
GrainSize(1,1,1)=84.1811
GEWICHT=SPHAR4, MeanValue(GEWICHT)=0.0105923
Atomic positions for phase LiCl225icsd269090
---------------------------------------------
  4     0.0000  0.0000  0.0000     E=(LI+1(1.0000))
  4     0.5000  0.5000  0.5000     E=(CL-1(1.0000))

Local parameters and GOALs for phase Li2VCl4227icsd74959None
******************************************************
SpacegroupNo=216
HermannMauguin=F-43m
XrayDensity=2.431
Rphase=6.67%
UNIT=NM
A=1.041227+-0.000096
k1=0.0100000
B1=0.00500000
GrainSize(1,1,1)=84.1811
GEWICHT=SPHAR4, MeanValue(GEWICHT)=0.00733714
Atomic positions for phase Li2VCl4227icsd74959None
---------------------------------------------
  4     0.0000  0.0000  0.0000     E=(LI+1(1.0000))
  4     0.2500  0.2500  0.2500     E=(LI+1(1.0000))
 16     0.6252  0.6252  0.6252     E=(LI+1(0.5000),V+2(0.5000))
 16     0.8667  0.8667  0.8667     E=(CL-1(1.0000))
 16     0.3790  0.3790  0.3790     E=(CL-1(1.0000))
