Rietveld refinement to file(s) pattern.xy
BGMN version 4.2.23, 8282 measured points, 45 peaks, 29 parameters
Start: Thu Feb 26 15:05:46 2026; End: Thu Feb 26 15:05:48 2026
20 iteration steps

Rp=2.28%  Rpb=38.97%  R=3.18%  Rwp=2.93% Rexp=1.90%
Durbin-Watson d=0.85
1-rho=3.19%

Global parameters and GOALs
****************************
Qspinel=1.00000
EPS2=-0.002081+-0.000014

Local parameters and GOALs for phase spinel
******************************************************
SpacegroupNo=227
HermannMauguin=F4_1/d-32/m
XrayDensity=2.618
Rphase=4.06%
UNIT=NM
A=1.037171+-0.000036
k1=0.0100000
B1=0.013278+-0.000097
GrainSize(1,1,1)=31.70+-0.23
GEWICHT=SPHAR4, MeanValue(GEWICHT)=0.152264
Atomic positions for phase spinel
---------------------------------------------
 16     0.6250  0.6250  0.6250     E=(LI(0.1600))
  8     0.5000  0.5000  0.5000     E=(LI(0.4800))
 16     0.1250  0.1250  0.1250     E=(LI(0.4000),FE(0.6000))
 32     0.8817  0.8817  0.8817     E=(CL(1.0000))
