Rietveld refinement to file(s) pattern.xy
BGMN version 4.2.23, 8282 measured points, 45 peaks, 29 parameters
Start: Thu Feb 26 15:10:54 2026; End: Thu Feb 26 15:10:55 2026
24 iteration steps

Rp=6.92%  Rpb=44.52%  R=19.78%  Rwp=11.33% Rexp=2.78%
Durbin-Watson d=0.13
1-rho=9.59%

Global parameters and GOALs
****************************
Qspinel=1.00000
EPS2=-0.001003+-0.000015

Local parameters and GOALs for phase spinel
******************************************************
SpacegroupNo=227
HermannMauguin=F4_1/d-32/m
XrayDensity=2.306
Rphase=24.21%
UNIT=NM
A=1.043173+-0.000029
k1=0.0100000
B1=0.00676+-0.00013
GrainSize(1,1,1)=62.3+-1.2
GEWICHT=SPHAR4, MeanValue(GEWICHT)=0.219828
Atomic positions for phase spinel
---------------------------------------------
  8     0.5000  0.5000  0.5000     E=(LI(0.5100))
 16     0.6250  0.6250  0.6250     E=(LI(0.1804),Y(0.0012),MG(0.0110),CU(0.0024))
 16     0.1250  0.1250  0.1250     E=(LI(0.4146),Y(0.0488),MG(0.4390),CU(0.0976))
 32     0.8817  0.8817  0.8817     E=(CL(1.0000))
