Rietveld refinement to file(s) pattern.xy
BGMN version 4.2.23, 8282 measured points, 54 peaks, 47 parameters
Start: Thu Feb 26 16:58:46 2026; End: Thu Feb 26 16:58:48 2026
34 iteration steps

Rp=3.04%  Rpb=43.54%  R=4.60%  Rwp=4.21% Rexp=2.22%
Durbin-Watson d=0.57
1-rho=5.41%

Global parameters and GOALs
****************************
Qspinel=0.8558+-0.0045
QLiCl225icsd269090=0.1442+-0.0045
EPS2=-0.001118+-0.000021

Local parameters and GOALs for phase spinel
******************************************************
SpacegroupNo=227
HermannMauguin=F4_1/d-32/m
XrayDensity=2.633
Rphase=7.36%
UNIT=NM
A=1.038394+-0.000057
k1=0.0100000
B1=0.01852+-0.00020
GrainSize(1,1,1)=22.73+-0.25
GEWICHT=SPHAR4, MeanValue(GEWICHT)=0.119882
Atomic positions for phase spinel
---------------------------------------------
  8     0.5000  0.5000  0.5000     E=(LI(0.5400))
 16     0.6250  0.6250  0.6250     E=(LI(0.1800))
 16     0.1250  0.1250  0.1250     E=(LI(0.4500),IN(0.1000),FE(0.4000))
 32     0.8817  0.8817  0.8817     E=(CL(1.0000))

Local parameters and GOALs for phase LiCl225icsd269090
******************************************************
SpacegroupNo=225
HermannMauguin=F4/m-32/m
XrayDensity=1.990
Rphase=8.55%
UNIT=NM
A=0.521107+-0.000033
k1=0.0100000
B1=0.00445+-0.00029
GrainSize(1,1,1)=94.7+-6.3
GEWICHT=SPHAR4, MeanValue(GEWICHT)=0.0201963
Atomic positions for phase LiCl225icsd269090
---------------------------------------------
  4     0.0000  0.0000  0.0000     E=(LI+1(1.0000))
  4     0.5000  0.5000  0.5000     E=(CL-1(1.0000))
