Rietveld refinement to file(s) pattern.xy
BGMN version 4.2.23, 8282 measured points, 321 peaks, 41 parameters
Start: Thu Feb 26 15:05:03 2026; End: Thu Feb 26 15:05:37 2026
394 iteration steps

Rp=3.32%  Rpb=49.06%  R=5.18%  Rwp=4.58% Rexp=2.20%
Durbin-Watson d=0.50
1-rho=9.70%

Global parameters and GOALs
****************************
Qspinel=0.9348+-0.0024
QYCl3=0.0652+-0.0024
EPS2=-0.002547+-0.000033

Local parameters and GOALs for phase spinel
******************************************************
SpacegroupNo=227
HermannMauguin=F4_1/d-32/m
XrayDensity=2.622
Rphase=6.47%
UNIT=NM
A=1.038317+-0.000095
k1=0.0100000
B1=0.02818+-0.00034
GrainSize(1,1,1)=14.94+-0.18
GEWICHT=SPHAR4, MeanValue(GEWICHT)=0.108633
Atomic positions for phase spinel
---------------------------------------------
 16     0.6250  0.6250  0.6250     E=(LI(0.1600))
  8     0.5000  0.5000  0.5000     E=(LI(0.4800))
 16     0.1250  0.1250  0.1250     E=(LI(0.4000),Y(0.1000),FE(0.4500))
 32     0.8817  0.8817  0.8817     E=(CL(1.0000))

Local parameters and GOALs for phase YCl3
******************************************************
SpacegroupNo=12
HermannMauguin=C12/m1
XrayDensity=2.610
Rphase=9.25%
UNIT=NM
A=0.72174+-0.00046
B=1.1719+-0.0014
C=0.64511+-0.00015
BETA=114.399+-0.024
k1=0.0100000
B1=0.00500000
GrainSize(1,1,1)=84.1811
GEWICHT=SPHAR2, MeanValue(GEWICHT)=0.00757963
Atomic positions for phase YCl3
---------------------------------------------
  4     0.0000  0.1660  0.0000     E=(Y+3(1.0000))
  4     0.7890  0.0000  0.7530     E=(CL-1(1.0000))
  8     0.7710  0.1790  0.2400     E=(CL-1(1.0000))
