Rietveld refinement to file(s) pattern.xy
BGMN version 4.2.23, 8282 measured points, 319 peaks, 48 parameters
Start: Thu Feb 26 14:57:16 2026; End: Thu Feb 26 14:57:20 2026
37 iteration steps

Rp=3.62%  Rpb=48.81%  R=4.60%  Rwp=4.64% Rexp=2.80%
Durbin-Watson d=0.81
1-rho=9.04%

Global parameters and GOALs
****************************
QLi3YCl6164icsd29965None=0.1867+-0.0036
Qspinel=0.8133+-0.0036
EPS2=-0.002125+-0.000026

Local parameters and GOALs for phase Li3YCl6164icsd29965None
******************************************************
SpacegroupNo=164
HermannMauguin=P-32/m1
XrayDensity=2.452
Rphase=5.36%
UNIT=NM
A=1.11934+-0.00011
C=0.603603+-0.000059
k1=0.0100000
B1=0.00500000
GrainSize(1,1,1)=84.1811
GEWICHT=SPHAR4, MeanValue(GEWICHT)=0.0140192
Atomic positions for phase Li3YCl6164icsd29965None
---------------------------------------------
  6     0.3429  0.0000  0.0000     E=(LI+1(0.7126))
  6     0.3263  0.0000  0.5000     E=(LI+1(0.7874))
  1     0.0000  0.0000  0.0000     E=(Y+3(1.0000))
  2     0.3333  0.6667  0.0080     E=(Y+3(0.2288))
  2     0.3333  0.6667  0.5047     E=(Y+3(0.7712))
  6     0.8870 -0.8870  0.2343     E=(CL-1(1.0000))
  6     0.7795 -0.7795  0.7305     E=(CL-1(1.0000))
  6     0.5541 -0.5541  0.2457     E=(CL-1(1.0000))

Local parameters and GOALs for phase spinel
******************************************************
SpacegroupNo=227
HermannMauguin=F4_1/d-32/m
XrayDensity=2.671
Rphase=5.81%
UNIT=NM
A=1.047079+-0.000071
k1=0
B1=0.02025+-0.00024
GrainSize(1,1,1)=20.96+-0.25
GEWICHT=SPHAR4, MeanValue(GEWICHT)=0.0610775
Atomic positions for phase spinel
---------------------------------------------
 16     0.6250  0.6250  0.6250     E=(LI(0.1500))
  8     0.5000  0.5000  0.5000     E=(LI(0.4500))
 16     0.1250  0.1250  0.1250     E=(LI(0.3750),Y(0.1250),MN(0.1250),IN(0.1250),FE(0.1250))
 32     0.8817  0.8817  0.8817     E=(CL(1.0000))
