Rietveld refinement to file(s) pattern.xy
BGMN version 4.2.23, 8282 measured points, 93 peaks, 66 parameters
Start: Thu Feb 26 15:17:52 2026; End: Thu Feb 26 15:18:05 2026
187 iteration steps

Rp=5.37%  Rpb=61.08%  R=8.79%  Rwp=7.63% Rexp=2.64%
Durbin-Watson d=0.27
1-rho=13.8%

Global parameters and GOALs
****************************
QFeCl2166icsd278100=0.2336+-0.0044
QLiCl225icsd269090=0.4276+-0.0049
QLi2FeCl4227icsd73951None=0.3387+-0.0050
EPS2=-0.003396+-0.000019

Local parameters and GOALs for phase FeCl2166icsd278100
******************************************************
SpacegroupNo=166
HermannMauguin=R-32/m
XrayDensity=3.160
Rphase=12.77%
UNIT=NM
A=0.362340+-0.000032
C=1.75757+-0.00019
k1=0.0100000
B1=0.00500000
GrainSize(1,1,1)=84.1811
GEWICHT=SPHAR4, MeanValue(GEWICHT)=0.0175847
Atomic positions for phase FeCl2166icsd278100
---------------------------------------------
  3     0.0000  0.0000  0.0000     E=(FE+2(1.0000))
  6     0.0000  0.0000  0.2500     E=(CL-1(1.0000))

Local parameters and GOALs for phase LiCl225icsd269090
******************************************************
SpacegroupNo=225
HermannMauguin=F4/m-32/m
XrayDensity=2.046
Rphase=12.28%
UNIT=NM
A=0.516242+-0.000027
k1=0.0100000
B1=0.00500000
GrainSize(1,1,1)=84.1811
GEWICHT=SPHAR4, MeanValue(GEWICHT)=0.0321855
Atomic positions for phase LiCl225icsd269090
---------------------------------------------
  4     0.0000  0.0000  0.0000     E=(LI+1(1.0000))
  4     0.5000  0.5000  0.5000     E=(CL-1(1.0000))

Local parameters and GOALs for phase Li2FeCl4227icsd73951None
******************************************************
SpacegroupNo=227
HermannMauguin=F4_1/d-32/m
XrayDensity=2.499
Rphase=13.30%
UNIT=NM
A=1.039819+-0.000057
k1=0.0100000
B1=0.00500000
GrainSize(1,1,1)=84.1811
GEWICHT=SPHAR4, MeanValue(GEWICHT)=0.0254953
Atomic positions for phase Li2FeCl4227icsd73951None
---------------------------------------------
 16     0.6250  0.6250  0.6250     E=(LI+1(0.2000))
  8     0.5000  0.5000  0.5000     E=(LI+1(0.6000))
 16     0.1250  0.1250  0.1250     E=(LI+1(0.5000),FE+2(0.5000))
 32     0.8817  0.8817  0.8817     E=(CL-1(1.0000))
