Rietveld refinement to file(s) pattern.xy
BGMN version 4.2.23, 8282 measured points, 322 peaks, 66 parameters
Start: Thu Feb 26 15:11:44 2026; End: Thu Feb 26 15:11:51 2026
67 iteration steps

Rp=6.11%  Rpb=51.14%  R=8.07%  Rwp=8.31% Rexp=3.41%
Durbin-Watson d=0.40
1-rho=10.9%

Global parameters and GOALs
****************************
Qspinel=0.6778+-0.0043
QLiCl225icsd269090=0.2086+-0.0029
QLi3YCl6=0.1136+-0.0033
EPS2=0.000189+-0.000022

Local parameters and GOALs for phase spinel
******************************************************
SpacegroupNo=227
HermannMauguin=F4_1/d-32/m
XrayDensity=2.248
Rphase=12.17%
UNIT=NM
A=1.042825+-0.000056
k1=0
B1=0.01459+-0.00025
GrainSize(1,1,1)=29.08+-0.50
GEWICHT=SPHAR4, MeanValue(GEWICHT)=0.0625677
Atomic positions for phase spinel
---------------------------------------------
 16     0.6250  0.6250  0.6250     E=(LI(0.1875))
  8     0.5000  0.5000  0.5000     E=(LI(0.5625))
 16     0.1250  0.1250  0.1250     E=(LI(0.4688),Y(0.1000),MG(0.3500),NB(0.0125))
 32     0.8817  0.8817  0.8817     E=(CL(1.0000))

Local parameters and GOALs for phase LiCl225icsd269090
******************************************************
SpacegroupNo=225
HermannMauguin=F4/m-32/m
XrayDensity=2.066
Rphase=14.75%
UNIT=NM
A=0.514580+-0.000026
k1=0.0100000
B1=0.00500000
GrainSize(1,1,1)=84.1811
GEWICHT=SPHAR4, MeanValue(GEWICHT)=0.0192548
Atomic positions for phase LiCl225icsd269090
---------------------------------------------
  4     0.0000  0.0000  0.0000     E=(LI+1(1.0000))
  4     0.5000  0.5000  0.5000     E=(CL-1(1.0000))

Local parameters and GOALs for phase Li3YCl6
******************************************************
SpacegroupNo=164
HermannMauguin=P-32/m1
XrayDensity=2.449
Rphase=8.53%
UNIT=NM
A=1.12051+-0.00011
C=0.60309+-0.00012
k1=0.0100000
B1=0.00500000
GrainSize(1,1,1)=84.1811
GEWICHT=SPHAR4, MeanValue(GEWICHT)=0.0104887
Atomic positions for phase Li3YCl6
---------------------------------------------
  6     0.3252  0.0000  0.5000     E=(LI+1(0.7300))
  6     0.3392  0.0000  0.0000     E=(LI+1(0.7700))
  1     0.0000  0.0000  0.0000     E=(Y+3(1.0000))
  2     0.3333  0.6667  0.0117     E=(Y+3(0.2288))
  2     0.3333  0.6667  0.5053     E=(Y+3(0.7712))
  6     0.8862 -0.8862  0.2375     E=(CL-1(1.0000))
  6     0.7799 -0.7799  0.7329     E=(CL-1(1.0000))
  6     0.5528 -0.5528  0.2518     E=(CL-1(1.0000))
