Rietveld refinement to file(s) pattern.xy
BGMN version 4.2.23, 8282 measured points, 141 peaks, 51 parameters
Start: Thu Feb 26 15:14:43 2026; End: Thu Feb 26 15:14:46 2026
34 iteration steps

Rp=6.76%  Rpb=32.31%  R=9.05%  Rwp=9.01% Rexp=3.34%
Durbin-Watson d=0.32
1-rho=4.15%

Global parameters and GOALs
****************************
QLi6VCl8225icsd1008340=0.1879+-0.0022
QLi10352V9648Cl32216icsd50006None=0.0255+-0.0040
Qspinel=0.7866+-0.0046
EPS2=-0.000776+-0.000017

Local parameters and GOALs for phase Li6VCl8225icsd1008340
******************************************************
SpacegroupNo=225
HermannMauguin=F4/m-32/m
XrayDensity=2.290
Rphase=14.21%
UNIT=NM
A=1.029525+-0.000035
k1=0.0100000
B1=0.00500000
GrainSize(1,1,1)=84.1811
GEWICHT=SPHAR4, MeanValue(GEWICHT)=0.0408763
Atomic positions for phase Li6VCl8225icsd1008340
---------------------------------------------
 24     0.0000  0.2500  0.2500     E=(LI+1(1.0000))
  4     0.0000  0.0000  0.0000     E=(V+2(1.0000))
  8     0.2500  0.2500  0.2500     E=(CL-1(1.0000))
 24     0.2450  0.0000  0.0000     E=(CL-1(1.0000))

Local parameters and GOALs for phase Li10352V9648Cl32216icsd50006None
******************************************************
SpacegroupNo=216
HermannMauguin=F-43m
XrayDensity=2.482
Rphase=10.27%
UNIT=NM
A=1.043314+-0.000093
k1=0.0100000
B1=0.00204+-0.00075
GrainSize(1,1,1)=206+-76
GEWICHT=0.00555+-0.00086
Atomic positions for phase Li10352V9648Cl32216icsd50006None
---------------------------------------------
  4     0.0000  0.0000  0.0000     E=(LI+1(1.0000))
 16     0.6259  0.6259  0.6259     E=(LI+1(0.3970),V(0.6030))
 16     0.3822  0.3822  0.3822     E=(CL-1(1.0000))
 16     0.8686  0.8686  0.8686     E=(CL-1(1.0000))

Local parameters and GOALs for phase spinel
******************************************************
SpacegroupNo=227
HermannMauguin=F4_1/d-32/m
XrayDensity=2.173
Rphase=12.10%
UNIT=NM
A=1.039825+-0.000043
k1=0.0100000
B1=0.01829+-0.00018
GrainSize(1,1,1)=23.02+-0.23
GEWICHT=SPHAR4, MeanValue(GEWICHT)=0.171139
Atomic positions for phase spinel
---------------------------------------------
  8     0.5000  0.5000  0.5000     E=(LI(0.5400))
 16     0.6250  0.6250  0.6250     E=(LI(0.1800))
 16     0.1250  0.1250  0.1250     E=(LI(0.4500),MG(0.4000),V(0.1000))
 32     0.8817  0.8817  0.8817     E=(CL(1.0000))
