Rietveld refinement to file(s) pattern.xy
BGMN version 4.2.23, 8282 measured points, 227 peaks, 32 parameters
Start: Thu Feb 26 15:11:37 2026; End: Thu Feb 26 15:11:44 2026
76 iteration steps

Rp=5.12%  Rpb=74.01%  R=5.75%  Rwp=7.24% Rexp=3.68%
Durbin-Watson d=0.58
1-rho=24.1%

Global parameters and GOALs
****************************
QLi602Sc2Cl1212icsd18229None=1.00000
EPS2=-0.000005+-0.000030

Local parameters and GOALs for phase Li602Sc2Cl1212icsd18229None
******************************************************
SpacegroupNo=12
HermannMauguin=C12/m1
XrayDensity=2.210
Rphase=12.95%
UNIT=NM
A=0.635561+-0.000061
B=1.10652+-0.00011
C=0.629187+-0.000059
BETA=108.9492+-0.0068
k1=0.0100000
B1=0.00500000
GrainSize(1,1,1)=84.1811
GEWICHT=SPHAR4, MeanValue(GEWICHT)=0.0249059
Atomic positions for phase Li602Sc2Cl1212icsd18229None
---------------------------------------------
  4     0.0000  0.3264  0.0000     E=(LI+1(1.0000))
  2     0.0000  0.5000  0.5000     E=(LI+1(0.2700))
  4     0.0000  0.1715  0.5000     E=(LI+1(0.3700))
  2     0.0000  0.0000  0.0000     E=(SC+3(1.0000))
  8     0.2607  0.3391  0.7635     E=(CL-1(1.0000))
  4     0.2410  0.0000  0.7676     E=(CL-1(1.0000))
