Rietveld refinement to file(s) pattern.xy
BGMN version 4.2.23, 8282 measured points, 45 peaks, 29 parameters
Start: Thu Feb 26 17:02:13 2026; End: Thu Feb 26 17:02:15 2026
28 iteration steps

Rp=3.03%  Rpb=58.28%  R=4.79%  Rwp=4.33% Rexp=2.07%
Durbin-Watson d=0.47
1-rho=15.7%

Global parameters and GOALs
****************************
Qspinel=1.00000
EPS2=-0.002971+-0.000062

Local parameters and GOALs for phase spinel
******************************************************
SpacegroupNo=227
HermannMauguin=F4_1/d-32/m
XrayDensity=2.804
Rphase=7.34%
UNIT=NM
A=1.03263+-0.00016
k1=0.0100000
B1=0.03485+-0.00049
GrainSize(1,1,1)=12.08+-0.17
GEWICHT=SPHAR4, MeanValue(GEWICHT)=0.105090
Atomic positions for phase spinel
---------------------------------------------
 16     0.6250  0.6250  0.6250     E=(LI(0.1400))
  8     0.5000  0.5000  0.5000     E=(LI(0.4200))
 16     0.1250  0.1250  0.1250     E=(LI(0.3500),TA(0.1000),FE(0.4000))
 32     0.8817  0.8817  0.8817     E=(CL(1.0000))
