Rietveld refinement to file(s) pattern.xy
BGMN version 4.2.23, 8282 measured points, 84 peaks, 34 parameters
Start: Thu Feb 26 15:16:49 2026; End: Thu Feb 26 15:16:50 2026
22 iteration steps

Rp=3.78%  Rpb=47.79%  R=7.11%  Rwp=5.67% Rexp=2.24%
Durbin-Watson d=0.33
1-rho=6.89%

Global parameters and GOALs
****************************
QFeCl2166icsd278100=0
Qspinel=1.00000
EPS2=-0.000582+-0.000017

Local parameters and GOALs for phase FeCl2166icsd278100
******************************************************
SpacegroupNo=166
HermannMauguin=R-32/m
XrayDensity=3.216
Rphase=100.00%
UNIT=NM
A=UNDEF
C=UNDEF
k1=UNDEF
B1=UNDEF
GrainSize(1,1,1)=UNDEF
GEWICHT=0.0
Atomic positions for phase FeCl2166icsd278100
---------------------------------------------
  3     0.0000  0.0000  0.0000     E=(FE+2(1.0000))
  6     0.0000  0.0000  0.2500     E=(CL-1(1.0000))

Local parameters and GOALs for phase spinel
******************************************************
SpacegroupNo=227
HermannMauguin=F4_1/d-32/m
XrayDensity=2.585
Rphase=11.22%
UNIT=NM
A=1.036985+-0.000042
k1=0.0100000
B1=0.01054+-0.00013
GrainSize(1,1,1)=39.93+-0.49
GEWICHT=SPHAR4, MeanValue(GEWICHT)=0.153317
Atomic positions for phase spinel
---------------------------------------------
 16     0.6250  0.6250  0.6250     E=(LI(0.1900))
  8     0.5000  0.5000  0.5000     E=(LI(0.5700))
 16     0.1250  0.1250  0.1250     E=(LI(0.4750),ZN(0.1750),FE(0.3500))
 32     0.8817  0.8817  0.8817     E=(CL(1.0000))
