Rietveld refinement to file(s) pattern.xy
BGMN version 4.2.23, 8282 measured points, 45 peaks, 29 parameters
Start: Thu Feb 26 15:18:17 2026; End: Thu Feb 26 15:18:19 2026
25 iteration steps

Rp=2.81%  Rpb=42.80%  R=4.10%  Rwp=3.78% Rexp=2.07%
Durbin-Watson d=0.62
1-rho=7.03%

Global parameters and GOALs
****************************
Qspinel=1.00000
EPS2=-0.004546+-0.000047

Local parameters and GOALs for phase spinel
******************************************************
SpacegroupNo=227
HermannMauguin=F4_1/d-32/m
XrayDensity=2.478
Rphase=5.63%
UNIT=NM
A=1.04255+-0.00013
k1=0.0100000
B1=0.03592+-0.00030
GrainSize(1,1,1)=11.718+-0.099
GEWICHT=SPHAR4, MeanValue(GEWICHT)=0.158294
Atomic positions for phase spinel
---------------------------------------------
 16     0.6250  0.6250  0.6250     E=(LI(0.2000))
  8     0.5000  0.5000  0.5000     E=(LI(0.6000))
 16     0.1250  0.1250  0.1250     E=(LI(0.5000),MN(0.1000),FE(0.4000))
 32     0.8817  0.8817  0.8817     E=(CL(1.0000))
