Rietveld refinement to file(s) pattern.xy
BGMN version 4.2.23, 8282 measured points, 84 peaks, 48 parameters
Start: Thu Feb 26 15:10:33 2026; End: Thu Feb 26 15:10:39 2026
115 iteration steps

Rp=2.36%  Rpb=41.03%  R=3.30%  Rwp=2.97% Rexp=2.01%
Durbin-Watson d=0.96
1-rho=3.52%

Global parameters and GOALs
****************************
QFeCl2166icsd278100=0.0530+-0.0022
Qspinel=0.9470+-0.0022
EPS2=-0.000551+-0.000014

Local parameters and GOALs for phase FeCl2166icsd278100
******************************************************
SpacegroupNo=166
HermannMauguin=R-32/m
XrayDensity=3.136
Rphase=3.59%
UNIT=NM
A=0.364261+-0.000053
C=1.75191+-0.00029
k1=0.0100000
B1=0.00500000
GrainSize(1,1,1)=84.1811
GEWICHT=SPHAR4, MeanValue(GEWICHT)=0.00687995
Atomic positions for phase FeCl2166icsd278100
---------------------------------------------
  3     0.0000  0.0000  0.0000     E=(FE+2(1.0000))
  6     0.0000  0.0000  0.2500     E=(CL-1(1.0000))

Local parameters and GOALs for phase spinel
******************************************************
SpacegroupNo=227
HermannMauguin=F4_1/d-32/m
XrayDensity=2.588
Rphase=4.77%
UNIT=NM
A=1.037893+-0.000036
k1=0.0100000
B1=0.01130+-0.00010
GrainSize(1,1,1)=37.24+-0.34
GEWICHT=SPHAR4, MeanValue(GEWICHT)=0.122995
Atomic positions for phase spinel
---------------------------------------------
 16     0.6250  0.6250  0.6250     E=(LI(0.1700))
  8     0.5000  0.5000  0.5000     E=(LI(0.5100))
 16     0.1250  0.1250  0.1250     E=(LI(0.4250),FE(0.5750))
 32     0.8817  0.8817  0.8817     E=(CL(1.0000))
