Rietveld refinement to file(s) pattern.xy
BGMN version 4.2.23, 8282 measured points, 97 peaks, 65 parameters
Start: Thu Feb 26 14:51:10 2026; End: Thu Feb 26 14:51:13 2026
38 iteration steps

Rp=5.82%  Rpb=29.14%  R=9.07%  Rwp=7.68% Rexp=3.08%
Durbin-Watson d=0.34
1-rho=3.41%

Global parameters and GOALs
****************************
Qspinel=0.4999+-0.0046
QLi2MgCl4227icsd74957None=0.3836+-0.0042
QLiCl225icsd269090=0.1165+-0.0016
EPS2=-0.000143+-0.000010

Local parameters and GOALs for phase spinel
******************************************************
SpacegroupNo=227
HermannMauguin=F4_1/d-32/m
XrayDensity=2.469
Rphase=10.53%
UNIT=NM
A=1.042164+-0.000059
k1=0.0100000
B1=0.02204+-0.00039
GrainSize(1,1,1)=19.10+-0.34
GEWICHT=SPHAR4, MeanValue(GEWICHT)=0.124949
Atomic positions for phase spinel
---------------------------------------------
 16     0.6250  0.6250  0.6250     E=(LI(0.1400))
  8     0.5000  0.5000  0.5000     E=(LI(0.4200))
 16     0.1250  0.1250  0.1250     E=(LI(0.3500),HF(0.0750),MG(0.3000),MN(0.0750),NB(0.0500))
 32     0.8817  0.8817  0.8817     E=(CL(1.0000))

Local parameters and GOALs for phase Li2MgCl4227icsd74957None
******************************************************
SpacegroupNo=227
HermannMauguin=F4_1/d-32/m
XrayDensity=2.100
Rphase=11.21%
UNIT=NM
A=1.044196+-0.000024
k1=0.0100000
B1=0.00500000
GrainSize(1,1,1)=84.1811
GEWICHT=SPHAR4, MeanValue(GEWICHT)=0.0958792
Atomic positions for phase Li2MgCl4227icsd74957None
---------------------------------------------
  8     0.5000  0.5000  0.5000     E=(LI+1(1.0000))
 16     0.1250  0.1250  0.1250     E=(LI+1(0.5000),MG+2(0.5000))
 32     0.8820  0.8820  0.8820     E=(CL-1(1.0000))

Local parameters and GOALs for phase LiCl225icsd269090
******************************************************
SpacegroupNo=225
HermannMauguin=F4/m-32/m
XrayDensity=2.065
Rphase=12.00%
UNIT=NM
A=0.514718+-0.000017
k1=0.0100000
B1=0.00500000
GrainSize(1,1,1)=84.1811
GEWICHT=SPHAR4, MeanValue(GEWICHT)=0.0291123
Atomic positions for phase LiCl225icsd269090
---------------------------------------------
  4     0.0000  0.0000  0.0000     E=(LI+1(1.0000))
  4     0.5000  0.5000  0.5000     E=(CL-1(1.0000))
