Rietveld refinement to file(s) pattern.xy
BGMN version 4.2.23, 8282 measured points, 54 peaks, 47 parameters
Start: Thu Feb 26 17:05:31 2026; End: Thu Feb 26 17:05:33 2026
22 iteration steps

Rp=2.47%  Rpb=39.13%  R=3.87%  Rwp=3.51% Rexp=2.07%
Durbin-Watson d=0.72
1-rho=4.72%

Global parameters and GOALs
****************************
Qspinel=0.9511+-0.0018
QLiCl=0.0489+-0.0018
EPS2=-0.003067+-0.000023

Local parameters and GOALs for phase spinel
******************************************************
SpacegroupNo=227
HermannMauguin=F4_1/d-32/m
XrayDensity=2.573
Rphase=4.81%
UNIT=NM
A=1.042603+-0.000063
k1=0
B1=0.01981+-0.00017
GrainSize(1,1,1)=21.42+-0.18
GEWICHT=SPHAR4, MeanValue(GEWICHT)=0.133045
Atomic positions for phase spinel
---------------------------------------------
 16     0.6250  0.6250  0.6250     E=(LI(0.1600))
  8     0.5000  0.5000  0.5000     E=(LI(0.4800))
 16     0.1250  0.1250  0.1250     E=(LI(0.4000),MN(0.2000),FE(0.4000))
 32     0.8817  0.8817  0.8817     E=(CL(1.0000))

Local parameters and GOALs for phase LiCl
******************************************************
SpacegroupNo=225
HermannMauguin=F4/m-32/m
XrayDensity=2.067
Rphase=4.07%
UNIT=NM
A=0.514486+-0.000056
k1=0.0100000
B1=0.00500000
GrainSize(1,1,1)=84.1811
GEWICHT=SPHAR4, MeanValue(GEWICHT)=0.00683813
Atomic positions for phase LiCl
---------------------------------------------
  4     0.0000  0.0000  0.0000     E=(LI+1(1.0000))
  4     0.5000  0.5000  0.5000     E=(CL-1(1.0000))
