Rietveld refinement to file(s) pattern.xy
BGMN version 4.2.23, 8282 measured points, 45 peaks, 29 parameters
Start: Thu Feb 26 15:08:03 2026; End: Thu Feb 26 15:08:04 2026
25 iteration steps

Rp=4.01%  Rpb=42.98%  R=7.06%  Rwp=5.81% Rexp=2.66%
Durbin-Watson d=0.44
1-rho=5.77%

Global parameters and GOALs
****************************
Qspinel=1.00000
EPS2=-0.001053+-0.000013

Local parameters and GOALs for phase spinel
******************************************************
SpacegroupNo=227
HermannMauguin=F4_1/d-32/m
XrayDensity=2.467
Rphase=11.51%
UNIT=NM
A=1.050135+-0.000032
k1=0
B1=0.00822+-0.00011
GrainSize(1,1,1)=51.63+-0.67
GEWICHT=SPHAR4, MeanValue(GEWICHT)=0.119507
Atomic positions for phase spinel
---------------------------------------------
 16     0.6250  0.6250  0.6250     E=(LI(0.1600))
  8     0.5000  0.5000  0.5000     E=(LI(0.4800))
 16     0.1250  0.1250  0.1250     E=(LI(0.4000),ZR(0.1000),MN(0.4000))
 32     0.8817  0.8817  0.8817     E=(CL(1.0000))
