Rietveld refinement to file(s) pattern.xy
BGMN version 4.2.23, 8282 measured points, 93 peaks, 33 parameters
Start: Thu Feb 26 14:49:47 2026; End: Thu Feb 26 14:49:49 2026
44 iteration steps

Rp=3.57%  Rpb=59.16%  R=5.14%  Rwp=4.60% Rexp=2.51%
Durbin-Watson d=0.60
1-rho=9.00%

Global parameters and GOALs
****************************
Qspinel=0.9187+-0.0094
QLi6FeCl8225icsd7321731=0.0813+-0.0094
EPS2=-0.000379+-0.000019

Local parameters and GOALs for phase spinel
******************************************************
SpacegroupNo=227
HermannMauguin=F4_1/d-32/m
XrayDensity=2.551
Rphase=6.75%
UNIT=NM
A=1.038055+-0.000054
k1=0
B1=0.01015+-0.00017
GrainSize(1,1,1)=41.82+-0.69
GEWICHT=SPHAR4, MeanValue(GEWICHT)=0.0615252
Atomic positions for phase spinel
---------------------------------------------
 16     0.6250  0.6250  0.6250     E=(LI(0.1400))
  8     0.5000  0.5000  0.5000     E=(LI(0.4200))
 16     0.1250  0.1250  0.1250     E=(LI(0.3500),NB(0.1000),FE(0.4000))
 32     0.8817  0.8817  0.8817     E=(CL(1.0000))

Local parameters and GOALs for phase Li6FeCl8225icsd7321731
******************************************************
SpacegroupNo=225
HermannMauguin=F4/m-32/m
XrayDensity=2.252
Rphase=7.23%
UNIT=NM
A=1.039678+-0.000051
k1=0.0100000
B1=0.00029+-0.00039
GrainSize(1,1,1)=1436+-1910
GEWICHT=0.00545+-0.00062
Atomic positions for phase Li6FeCl8225icsd7321731
---------------------------------------------
 24     0.0000  0.2500  0.2500     E=(LI+1(1.0000))
  4     0.0000  0.0000  0.0000     E=(FE+2(1.0000))
  8     0.2500  0.2500  0.2500     E=(CL-1(1.0000))
 24     0.2410  0.0000  0.0000     E=(CL-1(1.0000))
