Rietveld refinement to file(s) pattern.xy
BGMN version 4.2.23, 8282 measured points, 45 peaks, 29 parameters
Start: Thu Feb 26 15:08:04 2026; End: Thu Feb 26 15:08:06 2026
29 iteration steps

Rp=4.40%  Rpb=48.47%  R=7.41%  Rwp=5.94% Rexp=2.76%
Durbin-Watson d=0.47
1-rho=6.72%

Global parameters and GOALs
****************************
Qspinel=1.00000
EPS2=0.000478+-0.000017

Local parameters and GOALs for phase spinel
******************************************************
SpacegroupNo=227
HermannMauguin=F4_1/d-32/m
XrayDensity=2.468
Rphase=11.41%
UNIT=NM
A=1.050031+-0.000040
k1=0
B1=0.01087+-0.00013
GrainSize(1,1,1)=39.04+-0.48
GEWICHT=SPHAR4, MeanValue(GEWICHT)=0.110475
Atomic positions for phase spinel
---------------------------------------------
 16     0.6250  0.6250  0.6250     E=(LI(0.1600))
  8     0.5000  0.5000  0.5000     E=(LI(0.4800))
 16     0.1250  0.1250  0.1250     E=(LI(0.4000),ZR(0.1000),MN(0.4000))
 32     0.8817  0.8817  0.8817     E=(CL(1.0000))
