Rietveld refinement to file(s) pattern.xy
BGMN version 4.2.23, 8282 measured points, 45 peaks, 29 parameters
Start: Thu Feb 26 14:58:21 2026; End: Thu Feb 26 14:58:22 2026
26 iteration steps

Rp=4.36%  Rpb=32.83%  R=5.47%  Rwp=5.45% Rexp=3.08%
Durbin-Watson d=0.70
1-rho=3.28%

Global parameters and GOALs
****************************
Qspinel=1.00000
EPS2=-0.003140+-0.000016

Local parameters and GOALs for phase spinel
******************************************************
SpacegroupNo=227
HermannMauguin=F4_1/d-32/m
XrayDensity=2.347
Rphase=6.82%
UNIT=NM
A=1.046976+-0.000039
k1=0.0100000
B1=0.01747+-0.00011
GrainSize(1,1,1)=24.10+-0.15
GEWICHT=SPHAR4, MeanValue(GEWICHT)=0.152680
Atomic positions for phase spinel
---------------------------------------------
 16     0.6250  0.6250  0.6250     E=(LI(0.1500))
  8     0.5000  0.5000  0.5000     E=(LI(0.4500))
 16     0.1250  0.1250  0.1250     E=(LI(0.3750),SC(0.2000),MN(0.2500),V(0.0500))
 32     0.8817  0.8817  0.8817     E=(CL(1.0000))
