Rietveld refinement to file(s) pattern.xy
BGMN version 4.2.23, 8282 measured points, 45 peaks, 29 parameters
Start: Thu Feb 26 14:52:08 2026; End: Thu Feb 26 14:52:10 2026
26 iteration steps

Rp=3.89%  Rpb=38.16%  R=7.06%  Rwp=5.59% Rexp=2.47%
Durbin-Watson d=0.41
1-rho=4.60%

Global parameters and GOALs
****************************
Qspinel=1.00000
EPS2=-0.000481+-0.000011

Local parameters and GOALs for phase spinel
******************************************************
SpacegroupNo=227
HermannMauguin=F4_1/d-32/m
XrayDensity=2.659
Rphase=9.36%
UNIT=NM
A=1.049881+-0.000027
k1=0
B1=0.008348+-0.000099
GrainSize(1,1,1)=50.84+-0.60
GEWICHT=SPHAR4, MeanValue(GEWICHT)=0.149905
Atomic positions for phase spinel
---------------------------------------------
 16     0.6250  0.6250  0.6250     E=(LI(0.1400))
  8     0.5000  0.5000  0.5000     E=(LI(0.4200))
 16     0.1250  0.1250  0.1250     E=(LI(0.3500),TA(0.1000),MN(0.4000))
 32     0.8817  0.8817  0.8817     E=(CL(1.0000))
