Rietveld refinement to file(s) pattern.xy
BGMN version 4.2.23, 8282 measured points, 54 peaks, 47 parameters
Start: Thu Feb 26 15:13:43 2026; End: Thu Feb 26 15:13:45 2026
28 iteration steps

Rp=3.28%  Rpb=58.81%  R=4.60%  Rwp=4.28% Rexp=2.64%
Durbin-Watson d=0.77
1-rho=9.75%

Global parameters and GOALs
****************************
Qspinel=0.9515+-0.0033
QLiCl225icsd269090=0.0485+-0.0033
EPS2=-0.000331+-0.000027

Local parameters and GOALs for phase spinel
******************************************************
SpacegroupNo=227
HermannMauguin=F4_1/d-32/m
XrayDensity=2.562
Rphase=7.10%
UNIT=NM
A=1.038088+-0.000069
k1=0.0100000
B1=0.01267+-0.00018
GrainSize(1,1,1)=33.23+-0.46
GEWICHT=SPHAR4, MeanValue(GEWICHT)=0.0551425
Atomic positions for phase spinel
---------------------------------------------
  8     0.5000  0.5000  0.5000     E=(LI(0.5400))
 16     0.6250  0.6250  0.6250     E=(LI(0.1800))
 16     0.1250  0.1250  0.1250     E=(LI(0.4500),FE(0.5500))
 32     0.8817  0.8817  0.8817     E=(CL(1.0000))

Local parameters and GOALs for phase LiCl225icsd269090
******************************************************
SpacegroupNo=225
HermannMauguin=F4/m-32/m
XrayDensity=2.090
Rphase=4.40%
UNIT=NM
A=0.512669+-0.000078
k1=0.0100000
B1=0.00500000
GrainSize(1,1,1)=84.1811
GEWICHT=SPHAR4, MeanValue(GEWICHT)=0.00280926
Atomic positions for phase LiCl225icsd269090
---------------------------------------------
  4     0.0000  0.0000  0.0000     E=(LI+1(1.0000))
  4     0.5000  0.5000  0.5000     E=(CL-1(1.0000))
