Rietveld refinement to file(s) pattern.xy
BGMN version 4.2.23, 8282 measured points, 367 peaks, 52 parameters
Start: Thu Feb 26 15:13:51 2026; End: Thu Feb 26 15:13:55 2026
30 iteration steps

Rp=4.79%  Rpb=37.44%  R=7.51%  Rwp=6.63% Rexp=2.75%
Durbin-Watson d=0.38
1-rho=5.51%

Global parameters and GOALs
****************************
Qspinel=0.9005+-0.0023
QLi3YCl6164icsd29969None=0.0995+-0.0023
QLi6FeCl8225icsd7321731=0
EPS2=-0.000831+-0.000019

Local parameters and GOALs for phase spinel
******************************************************
SpacegroupNo=227
HermannMauguin=F4_1/d-32/m
XrayDensity=2.311
Rphase=10.52%
UNIT=NM
A=1.043824+-0.000047
k1=0.0100000
B1=0.01684+-0.00015
GrainSize(1,1,1)=24.99+-0.22
GEWICHT=SPHAR4, MeanValue(GEWICHT)=0.166611
Atomic positions for phase spinel
---------------------------------------------
  8     0.5000  0.5000  0.5000     E=(LI(0.5400))
 16     0.6250  0.6250  0.6250     E=(LI(0.1800))
 16     0.1250  0.1250  0.1250     E=(LI(0.4500),Y(0.1000),MG(0.3000),FE(0.1000))
 32     0.8817  0.8817  0.8817     E=(CL(1.0000))

Local parameters and GOALs for phase Li3YCl6164icsd29969None
******************************************************
SpacegroupNo=164
HermannMauguin=P-32/m1
XrayDensity=2.438
Rphase=9.40%
UNIT=NM
A=1.12215+-0.00010
C=0.604125+-0.000088
k1=0.0100000
B1=0.00500000
GrainSize(1,1,1)=84.1811
GEWICHT=SPHAR4, MeanValue(GEWICHT)=0.0184026
Atomic positions for phase Li3YCl6164icsd29969None
---------------------------------------------
  6     0.3269  0.0000  0.5000     E=(LI+1(0.8754))
  6     0.3432  0.0000  0.0000     E=(LI+1(0.6246))
  1     0.0000  0.0000  0.0000     E=(Y+3(1.0000))
  2     0.3333  0.6667  0.0023     E=(Y+3(0.4341))
  2     0.3333  0.6667  0.5055     E=(Y+3(0.5659))
  6     0.8871 -0.8871  0.2346     E=(CL-1(1.0000))
  6     0.7794 -0.7794  0.7369     E=(CL-1(1.0000))
  6     0.5539 -0.5539  0.2469     E=(CL-1(1.0000))

Local parameters and GOALs for phase Li6FeCl8225icsd7321731
******************************************************
SpacegroupNo=225
HermannMauguin=F4/m-32/m
XrayDensity=2.230
Rphase=100.00%
UNIT=NM
A=UNDEF
k1=UNDEF
B1=UNDEF
GrainSize(1,1,1)=UNDEF
GEWICHT=0.0
Atomic positions for phase Li6FeCl8225icsd7321731
---------------------------------------------
 24     0.0000  0.2500  0.2500     E=(LI+1(1.0000))
  4     0.0000  0.0000  0.0000     E=(FE+2(1.0000))
  8     0.2500  0.2500  0.2500     E=(CL-1(1.0000))
 24     0.2410  0.0000  0.0000     E=(CL-1(1.0000))
