Rietveld refinement to file(s) pattern.xy
BGMN version 4.2.23, 8282 measured points, 52 peaks, 47 parameters
Start: Thu Feb 26 15:06:26 2026; End: Thu Feb 26 15:06:29 2026
26 iteration steps

Rp=5.22%  Rpb=30.79%  R=8.58%  Rwp=7.79% Rexp=2.93%
Durbin-Watson d=0.30
1-rho=4.04%

Global parameters and GOALs
****************************
QLi1352Mg928Cl32=0.8108+-0.0019
QLiCl=0.1892+-0.0019
EPS2=-0.0002853+-0.0000079

Local parameters and GOALs for phase Li1352Mg928Cl32
******************************************************
SpacegroupNo=227
HermannMauguin=F4_1/d-32/m
XrayDensity=2.136
Rphase=13.41%
UNIT=NM
A=1.041607+-0.000016
k1=0.0100000
B1=0.00500000
GrainSize(1,1,1)=84.1811
GEWICHT=SPHAR4, MeanValue(GEWICHT)=0.192192
Atomic positions for phase Li1352Mg928Cl32
---------------------------------------------
  8     0.5000  0.5000  0.5000     E=(LI+1(0.8500))
 16     0.1250  0.1250  0.1250     E=(LI+1(0.4200),MG+2(0.5800))
 32     0.8822  0.8822  0.8822     E=(CL-1(1.0000))

Local parameters and GOALs for phase LiCl
******************************************************
SpacegroupNo=225
HermannMauguin=F4/m-32/m
XrayDensity=2.066
Rphase=6.85%
UNIT=NM
A=0.514588+-0.000014
k1=0.0100000
B1=0.00500000
GrainSize(1,1,1)=84.1811
GEWICHT=SPHAR4, MeanValue(GEWICHT)=0.0448496
Atomic positions for phase LiCl
---------------------------------------------
  4     0.0000  0.0000  0.0000     E=(LI+1(1.0000))
  4     0.5000  0.5000  0.5000     E=(CL-1(1.0000))
