Rietveld refinement to file(s) pattern.xy
BGMN version 4.2.23, 8282 measured points, 45 peaks, 29 parameters
Start: Thu Feb 26 15:17:16 2026; End: Thu Feb 26 15:17:18 2026
28 iteration steps

Rp=2.58%  Rpb=58.36%  R=3.47%  Rwp=3.36% Rexp=2.23%
Durbin-Watson d=0.92
1-rho=12.7%

Global parameters and GOALs
****************************
Qspinel=1.00000
EPS2=-0.001791+-0.000071

Local parameters and GOALs for phase spinel
******************************************************
SpacegroupNo=227
HermannMauguin=F4_1/d-32/m
XrayDensity=2.663
Rphase=4.38%
UNIT=NM
A=1.02182+-0.00019
k1=0.0100000
B1=0.03718+-0.00045
GrainSize(1,1,1)=11.32+-0.14
GEWICHT=SPHAR4, MeanValue(GEWICHT)=0.0820045
Atomic positions for phase spinel
---------------------------------------------
 16     0.6250  0.6250  0.6250     E=(LI(0.2000))
  8     0.5000  0.5000  0.5000     E=(LI(0.6000))
 16     0.1250  0.1250  0.1250     E=(LI(0.5000),FE(0.1000),CO(0.2000),NI(0.2000))
 32     0.8817  0.8817  0.8817     E=(CL(1.0000))
