Rietveld refinement to file(s) pattern.xy
BGMN version 4.2.23, 8282 measured points, 86 peaks, 47 parameters
Start: Thu Feb 26 16:58:58 2026; End: Thu Feb 26 16:59:01 2026
42 iteration steps

Rp=4.04%  Rpb=54.52%  R=5.62%  Rwp=5.56% Rexp=2.76%
Durbin-Watson d=0.53
1-rho=11.3%

Global parameters and GOALs
****************************
Qspinel=0.9007+-0.0039
QLi2ZnCl4227icsd2027430=0.0993+-0.0039
EPS2=-0.001261+-0.000040

Local parameters and GOALs for phase spinel
******************************************************
SpacegroupNo=227
HermannMauguin=F4_1/d-32/m
XrayDensity=2.612
Rphase=9.16%
UNIT=NM
A=1.03597+-0.00010
k1=0.0100000
B1=0.02351+-0.00030
GrainSize(1,1,1)=17.90+-0.23
GEWICHT=SPHAR4, MeanValue(GEWICHT)=0.0779954
Atomic positions for phase spinel
---------------------------------------------
 16     0.6250  0.6250  0.6250     E=(LI(0.1900))
  8     0.5000  0.5000  0.5000     E=(LI(0.5700))
 16     0.1250  0.1250  0.1250     E=(LI(0.4750),ZN(0.2625),FE(0.2625))
 32     0.8817  0.8817  0.8817     E=(CL(1.0000))

Local parameters and GOALs for phase Li2ZnCl4227icsd2027430
******************************************************
SpacegroupNo=227
HermannMauguin=F4_1/d-32/m
XrayDensity=2.598
Rphase=8.37%
UNIT=NM
A=1.04167+-0.00012
k1=0.0100000
B1=0.00500000
GrainSize(1,1,1)=84.1811
GEWICHT=SPHAR4, MeanValue(GEWICHT)=0.00859648
Atomic positions for phase Li2ZnCl4227icsd2027430
---------------------------------------------
 16     0.1250  0.1250  0.1250     E=(LI+1(1.0000))
  8     0.5000  0.5000  0.5000     E=(ZN+2(1.0000))
 32     0.8781  0.8781  0.8781     E=(CL-1(1.0000))
