Rietveld refinement to file(s) pattern.xy
BGMN version 4.2.23, 8282 measured points, 54 peaks, 47 parameters
Start: Thu Feb 26 15:06:29 2026; End: Thu Feb 26 15:06:31 2026
38 iteration steps

Rp=6.56%  Rpb=43.52%  R=12.36%  Rwp=9.90% Rexp=3.08%
Durbin-Watson d=0.20
1-rho=8.37%

Global parameters and GOALs
****************************
Qspinel=0.8709+-0.0027
QLiCl225icsd269090=0.1291+-0.0027
EPS2=-0.002597+-0.000017

Local parameters and GOALs for phase spinel
******************************************************
SpacegroupNo=227
HermannMauguin=F4_1/d-32/m
XrayDensity=2.335
Rphase=19.89%
UNIT=NM
A=1.041816+-0.000039
k1=0.0100000
B1=0.00981+-0.00015
GrainSize(1,1,1)=42.89+-0.66
GEWICHT=SPHAR4, MeanValue(GEWICHT)=0.151234
Atomic positions for phase spinel
---------------------------------------------
 16     0.6250  0.6250  0.6250     E=(LI(0.1600))
  8     0.5000  0.5000  0.5000     E=(LI(0.4800))
 16     0.1250  0.1250  0.1250     E=(LI(0.4000),MG(0.3000),NB(0.1000),CU(0.1000))
 32     0.8817  0.8817  0.8817     E=(CL(1.0000))

Local parameters and GOALs for phase LiCl225icsd269090
******************************************************
SpacegroupNo=225
HermannMauguin=F4/m-32/m
XrayDensity=2.064
Rphase=10.30%
UNIT=NM
A=0.514769+-0.000030
k1=0.0100000
B1=0.00500000
GrainSize(1,1,1)=84.1811
GEWICHT=SPHAR4, MeanValue(GEWICHT)=0.0224260
Atomic positions for phase LiCl225icsd269090
---------------------------------------------
  4     0.0000  0.0000  0.0000     E=(LI+1(1.0000))
  4     0.5000  0.5000  0.5000     E=(CL-1(1.0000))
