Rietveld refinement to file(s) pattern.xy
BGMN version 4.2.23, 8282 measured points, 349 peaks, 67 parameters
Start: Thu Feb 26 14:55:47 2026; End: Thu Feb 26 14:55:50 2026
26 iteration steps

Rp=5.06%  Rpb=37.49%  R=8.39%  Rwp=7.00% Rexp=2.36%
Durbin-Watson d=0.27
1-rho=6.89%

Global parameters and GOALs
****************************
QNiCl2166icsd142080=0.1277+-0.0024
QLi3YCl6164icsd29966None=0.5981+-0.0032
Qspinel=0.2742+-0.0032
EPS2=-0.002721+-0.000012

Local parameters and GOALs for phase NiCl2166icsd142080
******************************************************
SpacegroupNo=166
HermannMauguin=R-32/m
XrayDensity=3.508
Rphase=7.62%
UNIT=NM
A=0.349846+-0.000024
C=1.73656+-0.00019
k1=0.0100000
B1=0.00500000
GrainSize(1,1,1)=84.1811
GEWICHT=SPHAR4, MeanValue(GEWICHT)=0.0263840
Atomic positions for phase NiCl2166icsd142080
---------------------------------------------
  3     0.0000  0.0000  0.0000     E=(NI+2(1.0000))
  6     0.0000  0.0000  0.2551     E=(CL-1(1.0000))

Local parameters and GOALs for phase Li3YCl6164icsd29966None
******************************************************
SpacegroupNo=164
HermannMauguin=P-32/m1
XrayDensity=2.451
Rphase=11.14%
UNIT=NM
A=1.119816+-0.000040
C=0.603517+-0.000026
k1=0.0100000
B1=0.00500000
GrainSize(1,1,1)=84.1811
GEWICHT=SPHAR4, MeanValue(GEWICHT)=0.123530
Atomic positions for phase Li3YCl6164icsd29966None
---------------------------------------------
  6     0.3410  0.0000  0.0000     E=(LI+1(0.6200))
  6     0.3253  0.0000  0.5000     E=(LI+1(0.8800))
  1     0.0000  0.0000  0.0000     E=(Y+3(1.0000))
  2     0.3333  0.6667  0.0010     E=(Y+3(0.4341))
  2     0.3333  0.6667  0.5015     E=(Y+3(0.5659))
  6     0.8865 -0.8865  0.2353     E=(CL-1(1.0000))
  6     0.7800 -0.7800  0.7415     E=(CL-1(1.0000))
  6     0.5530 -0.5530  0.2495     E=(CL-1(1.0000))

Local parameters and GOALs for phase spinel
******************************************************
SpacegroupNo=227
HermannMauguin=F4_1/d-32/m
XrayDensity=2.565
Rphase=7.14%
UNIT=NM
A=1.037643+-0.000052
k1=0.0100000
B1=0.01079+-0.00029
GrainSize(1,1,1)=39.0+-1.1
GEWICHT=SPHAR4, MeanValue(GEWICHT)=0.0566368
Atomic positions for phase spinel
---------------------------------------------
 16     0.6250  0.6250  0.6250     E=(LI(0.1500))
  8     0.5000  0.5000  0.5000     E=(LI(0.4500))
 16     0.1250  0.1250  0.1250     E=(LI(0.3750),Y(0.2500),MG(0.1500),NI(0.1000))
 32     0.8817  0.8817  0.8817     E=(CL(1.0000))
