Rietveld refinement to file(s) pattern.xy
BGMN version 4.2.23, 8282 measured points, 81 peaks, 39 parameters
Start: Thu Feb 26 15:16:03 2026; End: Thu Feb 26 15:16:10 2026
110 iteration steps

Rp=6.35%  Rpb=68.58%  R=10.88%  Rwp=9.57% Rexp=2.27%
Durbin-Watson d=0.12
1-rho=25.7%

Global parameters and GOALs
****************************
Qspinel=0.7498+-0.0052
QNiCl2=0.2502+-0.0052
EPS2=-0.007696+-0.000048

Local parameters and GOALs for phase spinel
******************************************************
SpacegroupNo=227
HermannMauguin=F4_1/d-32/m
XrayDensity=2.669
Rphase=12.93%
UNIT=NM
A=1.02922+-0.00019
k1=0
B1=0.03625+-0.00099
GrainSize(1,1,1)=11.71+-0.32
GEWICHT=SPHAR4, MeanValue(GEWICHT)=0.103821
Atomic positions for phase spinel
---------------------------------------------
  8     0.5000  0.5000  0.5000     E=(LI(0.5400))
 16     0.6250  0.6250  0.6250     E=(LI(0.1800))
 16     0.1250  0.1250  0.1250     E=(LI(0.4500),Y(0.1000),NI(0.4000))
 32     0.8817  0.8817  0.8817     E=(CL(1.0000))

Local parameters and GOALs for phase NiCl2
******************************************************
SpacegroupNo=166
HermannMauguin=R-32/m
XrayDensity=3.528
Rphase=20.26%
UNIT=NM
A=0.348780+-0.000045
C=1.73695+-0.00039
k1=0.0100000
B1=0.00500000
GrainSize(1,1,1)=84.1811
GEWICHT=SPHAR2, MeanValue(GEWICHT)=0.0346379
Atomic positions for phase NiCl2
---------------------------------------------
  3     0.0000  0.0000  0.0000     E=(NI+2(1.0000))
  6     0.0000  0.0000  0.2551     E=(CL-1(1.0000))
