Rietveld refinement to file(s) pattern.xy
BGMN version 4.2.23, 8282 measured points, 45 peaks, 29 parameters
Start: Thu Feb 26 15:16:29 2026; End: Thu Feb 26 15:16:31 2026
22 iteration steps

Rp=2.46%  Rpb=44.38%  R=3.31%  Rwp=3.14% Rexp=1.93%
Durbin-Watson d=0.80
1-rho=5.17%

Global parameters and GOALs
****************************
Qspinel=1.00000
EPS2=-0.003854+-0.000029

Local parameters and GOALs for phase spinel
******************************************************
SpacegroupNo=227
HermannMauguin=F4_1/d-32/m
XrayDensity=2.573
Rphase=4.55%
UNIT=NM
A=1.029219+-0.000076
k1=0.0100000
B1=0.02363+-0.00018
GrainSize(1,1,1)=17.81+-0.14
GEWICHT=SPHAR4, MeanValue(GEWICHT)=0.150061
Atomic positions for phase spinel
---------------------------------------------
 16     0.6250  0.6250  0.6250     E=(LI(0.1900))
  8     0.5000  0.5000  0.5000     E=(LI(0.5700))
 16     0.1250  0.1250  0.1250     E=(LI(0.4750),SC(0.0500),FE(0.2250),CO(0.2250))
 32     0.8817  0.8817  0.8817     E=(CL(1.0000))
