Rietveld refinement to file(s) pattern.xy
BGMN version 4.2.23, 8282 measured points, 52 peaks, 47 parameters
Start: Thu Feb 26 14:51:07 2026; End: Thu Feb 26 14:51:09 2026
49 iteration steps

Rp=7.36%  Rpb=51.07%  R=11.34%  Rwp=10.61% Rexp=3.12%
Durbin-Watson d=0.20
1-rho=10.1%

Global parameters and GOALs
****************************
QLiCl225icsd269090=0.3412+-0.0027
QLi1352Mg928Cl32227icsd409001None=0.6588+-0.0027
EPS2=0.000669+-0.000014

Local parameters and GOALs for phase LiCl225icsd269090
******************************************************
SpacegroupNo=225
HermannMauguin=F4/m-32/m
XrayDensity=2.067
Rphase=19.36%
UNIT=NM
A=0.514540+-0.000018
k1=0.0100000
B1=0.00500000
GrainSize(1,1,1)=84.1811
GEWICHT=SPHAR4, MeanValue(GEWICHT)=0.0439315
Atomic positions for phase LiCl225icsd269090
---------------------------------------------
  4     0.0000  0.0000  0.0000     E=(LI+1(1.0000))
  4     0.5000  0.5000  0.5000     E=(CL-1(1.0000))

Local parameters and GOALs for phase Li1352Mg928Cl32227icsd409001None
******************************************************
SpacegroupNo=227
HermannMauguin=F4_1/d-32/m
XrayDensity=2.137
Rphase=14.91%
UNIT=NM
A=1.041416+-0.000032
k1=0.0100000
B1=0.00500000
GrainSize(1,1,1)=84.1811
GEWICHT=SPHAR4, MeanValue(GEWICHT)=0.0848241
Atomic positions for phase Li1352Mg928Cl32227icsd409001None
---------------------------------------------
  8     0.5000  0.5000  0.5000     E=(LI+1(0.8500))
 16     0.1250  0.1250  0.1250     E=(LI+1(0.4200),MG+2(0.5800))
 32     0.8822  0.8822  0.8822     E=(CL-1(1.0000))
