Rietveld refinement to file(s) pattern.xy
BGMN version 4.2.23, 8282 measured points, 54 peaks, 47 parameters
Start: Thu Feb 26 15:15:06 2026; End: Thu Feb 26 15:15:08 2026
28 iteration steps

Rp=4.91%  Rpb=80.30%  R=5.66%  Rwp=6.42% Rexp=3.56%
Durbin-Watson d=0.68
1-rho=26.7%

Global parameters and GOALs
****************************
Qspinel=0.8394+-0.0079
QLiCl225icsd269090=0.1606+-0.0079
EPS2=0.000718+-0.000024

Local parameters and GOALs for phase spinel
******************************************************
SpacegroupNo=227
HermannMauguin=F4_1/d-32/m
XrayDensity=2.757
Rphase=12.13%
UNIT=NM
A=1.050003+-0.000047
k1=0
B1=0.00448+-0.00017
GrainSize(1,1,1)=94.7+-3.5
GEWICHT=SPHAR4, MeanValue(GEWICHT)=0.0143788
Atomic positions for phase spinel
---------------------------------------------
  8     0.5000  0.5000  0.5000     E=(LI(0.5400))
 16     0.6250  0.6250  0.6250     E=(LI(0.1800))
 16     0.1250  0.1250  0.1250     E=(LI(0.4500),MN(0.3500),SN(0.2000))
 32     0.8817  0.8817  0.8817     E=(CL(1.0000))

Local parameters and GOALs for phase LiCl225icsd269090
******************************************************
SpacegroupNo=225
HermannMauguin=F4/m-32/m
XrayDensity=2.066
Rphase=5.87%
UNIT=NM
A=0.514645+-0.000051
k1=0.0100000
B1=0.00347+-0.00064
GrainSize(1,1,1)=121+-22
GEWICHT=SPHAR4, MeanValue(GEWICHT)=0.00275049
Atomic positions for phase LiCl225icsd269090
---------------------------------------------
  4     0.0000  0.0000  0.0000     E=(LI+1(1.0000))
  4     0.5000  0.5000  0.5000     E=(CL-1(1.0000))
