Rietveld refinement to file(s) pattern.xy
BGMN version 4.2.23, 8282 measured points, 54 peaks, 47 parameters
Start: Thu Feb 26 15:11:36 2026; End: Thu Feb 26 15:11:37 2026
24 iteration steps

Rp=2.45%  Rpb=34.94%  R=3.41%  Rwp=3.10% Rexp=2.03%
Durbin-Watson d=0.86
1-rho=2.43%

Global parameters and GOALs
****************************
Qspinel=0.9478+-0.0019
QLiCl225icsd269090=0.0522+-0.0019
EPS2=0.0000810+-0.0000084

Local parameters and GOALs for phase spinel
******************************************************
SpacegroupNo=227
HermannMauguin=F4_1/d-32/m
XrayDensity=2.487
Rphase=3.99%
UNIT=NM
A=1.038558+-0.000020
k1=0
B1=0.007460+-0.000071
GrainSize(1,1,1)=56.89+-0.54
GEWICHT=SPHAR4, MeanValue(GEWICHT)=0.161070
Atomic positions for phase spinel
---------------------------------------------
 16     0.6250  0.6250  0.6250     E=(LI(0.1850))
  8     0.5000  0.5000  0.5000     E=(LI(0.5550))
 16     0.1250  0.1250  0.1250     E=(LI(0.4625),V(0.0750),FE(0.4250))
 32     0.8817  0.8817  0.8817     E=(CL(1.0000))

Local parameters and GOALs for phase LiCl225icsd269090
******************************************************
SpacegroupNo=225
HermannMauguin=F4/m-32/m
XrayDensity=2.063
Rphase=3.81%
UNIT=NM
A=0.514877+-0.000049
k1=0.0100000
B1=0.00500000
GrainSize(1,1,1)=84.1811
GEWICHT=SPHAR4, MeanValue(GEWICHT)=0.00887640
Atomic positions for phase LiCl225icsd269090
---------------------------------------------
  4     0.0000  0.0000  0.0000     E=(LI+1(1.0000))
  4     0.5000  0.5000  0.5000     E=(CL-1(1.0000))
