Rietveld refinement to file(s) pattern.xy
BGMN version 4.2.23, 8282 measured points, 90 peaks, 66 parameters
Start: Thu Feb 26 15:18:49 2026; End: Thu Feb 26 15:18:57 2026
115 iteration steps

Rp=4.51%  Rpb=50.70%  R=6.58%  Rwp=5.97% Rexp=2.67%
Durbin-Watson d=0.42
1-rho=7.14%

Global parameters and GOALs
****************************
QNiCl2166icsd142080=0.2651+-0.0041
Qspinel=0.2436+-0.0087
QLiCl225icsd269090=0.4913+-0.0078
EPS2=0.000150+-0.000012

Local parameters and GOALs for phase NiCl2166icsd142080
******************************************************
SpacegroupNo=166
HermannMauguin=R-32/m
XrayDensity=3.568
Rphase=10.68%
UNIT=NM
A=0.347498+-0.000015
C=1.73031+-0.00012
k1=0.0100000
B1=0.00500000
GrainSize(1,1,1)=84.1811
GEWICHT=SPHAR4, MeanValue(GEWICHT)=0.0194689
Atomic positions for phase NiCl2166icsd142080
---------------------------------------------
  3     0.0000  0.0000  0.0000     E=(NI+2(1.0000))
  6     0.0000  0.0000  0.2551     E=(CL-1(1.0000))

Local parameters and GOALs for phase spinel
******************************************************
SpacegroupNo=227
HermannMauguin=F4_1/d-32/m
XrayDensity=2.649
Rphase=6.05%
UNIT=NM
A=1.02444+-0.00010
k1=0
B1=0.00895+-0.00055
GrainSize(1,1,1)=47.4+-2.9
GEWICHT=SPHAR4, MeanValue(GEWICHT)=0.0178954
Atomic positions for phase spinel
---------------------------------------------
 16     0.6250  0.6250  0.6250     E=(LI(0.2000))
  8     0.5000  0.5000  0.5000     E=(LI(0.6000))
 16     0.1250  0.1250  0.1250     E=(LI(0.5000),NI(0.5000))
 32     0.8817  0.8817  0.8817     E=(CL(1.0000))

Local parameters and GOALs for phase LiCl225icsd269090
******************************************************
SpacegroupNo=225
HermannMauguin=F4/m-32/m
XrayDensity=2.067
Rphase=7.52%
UNIT=NM
A=0.514487+-0.000017
k1=0.0100000
B1=0.00500000
GrainSize(1,1,1)=84.1811
GEWICHT=SPHAR4, MeanValue(GEWICHT)=0.0360847
Atomic positions for phase LiCl225icsd269090
---------------------------------------------
  4     0.0000  0.0000  0.0000     E=(LI+1(1.0000))
  4     0.5000  0.5000  0.5000     E=(CL-1(1.0000))
