Rietveld refinement to file(s) pattern.xy
BGMN version 4.2.23, 8282 measured points, 272 peaks, 41 parameters
Start: Thu Feb 26 14:58:30 2026; End: Thu Feb 26 14:58:36 2026
69 iteration steps

Rp=4.59%  Rpb=42.14%  R=6.56%  Rwp=6.33% Rexp=3.11%
Durbin-Watson d=0.50
1-rho=5.49%

Global parameters and GOALs
****************************
Qspinel=0.5314+-0.0084
QLi602Sc2Cl1212icsd18229None=0.4686+-0.0084
EPS2=0.000096+-0.000015

Local parameters and GOALs for phase spinel
******************************************************
SpacegroupNo=227
HermannMauguin=F4_1/d-32/m
XrayDensity=2.347
Rphase=11.08%
UNIT=NM
A=1.045890+-0.000039
k1=0.0100000
B1=0.00817+-0.00020
GrainSize(1,1,1)=51.5+-1.2
GEWICHT=SPHAR4, MeanValue(GEWICHT)=0.0549376
Atomic positions for phase spinel
---------------------------------------------
 16     0.6250  0.6250  0.6250     E=(LI(0.1500))
  8     0.5000  0.5000  0.5000     E=(LI(0.4500))
 16     0.1250  0.1250  0.1250     E=(LI(0.3750),SC(0.2500),MN(0.2500))
 32     0.8817  0.8817  0.8817     E=(CL(1.0000))

Local parameters and GOALs for phase Li602Sc2Cl1212icsd18229None
******************************************************
SpacegroupNo=12
HermannMauguin=C12/m1
XrayDensity=2.163
Rphase=10.48%
UNIT=NM
A=0.64138+-0.00021
B=1.111785+-0.000095
C=0.637365+-0.000081
BETA=109.772+-0.016
k1=0.0100000
B1=0.00500000
GrainSize(1,1,1)=84.1811
GEWICHT=SPHAR2, MeanValue(GEWICHT)=0.0484388
Atomic positions for phase Li602Sc2Cl1212icsd18229None
---------------------------------------------
  4     0.0000  0.3264  0.0000     E=(LI+1(1.0000))
  2     0.0000  0.5000  0.5000     E=(LI+1(0.2700))
  4     0.0000  0.1715  0.5000     E=(LI+1(0.3700))
  2     0.0000  0.0000  0.0000     E=(SC+3(1.0000))
  8     0.2607  0.3391  0.7635     E=(CL-1(1.0000))
  4     0.2410  0.0000  0.7676     E=(CL-1(1.0000))
