Rietveld refinement to file(s) pattern.xy
BGMN version 4.2.23, 8282 measured points, 290 peaks, 45 parameters
Start: Thu Feb 26 15:07:45 2026; End: Thu Feb 26 15:07:50 2026
53 iteration steps

Rp=4.41%  Rpb=32.99%  R=6.28%  Rwp=5.84% Rexp=2.89%
Durbin-Watson d=0.50
1-rho=3.29%

Global parameters and GOALs
****************************
QLi3ScCl612icsd50153None=0.2751+-0.0051
Qspinel=0.7132+-0.0052
QLiCl225icsd269090=0.0116+-0.0014
EPS2=-0.000201+-0.000011

Local parameters and GOALs for phase Li3ScCl612icsd50153None
******************************************************
SpacegroupNo=12
HermannMauguin=C12/m1
XrayDensity=2.167
Rphase=8.46%
UNIT=NM
A=0.64093+-0.00018
B=1.11068+-0.00013
C=0.637296+-0.000062
BETA=109.796+-0.013
k1=0.0100000
B1=0.00500000
GrainSize(1,1,1)=84.1811
GEWICHT=SPHAR2, MeanValue(GEWICHT)=0.0458565
Atomic positions for phase Li3ScCl612icsd50153None
---------------------------------------------
  4     0.0000  0.1690  0.5000     E=(LI+1(0.3650))
  4     0.0000  0.3347  0.0000     E=(LI+1(1.0000))
  2     0.0000  0.5000  0.5000     E=(LI+1(0.2700))
  2     0.0000  0.0000  0.0000     E=(SC+3(1.0000))
  4     0.2421  0.0000  0.7687     E=(CL-1(1.0000))
  8     0.7613  0.8391  0.7629     E=(CL-1(1.0000))

Local parameters and GOALs for phase spinel
******************************************************
SpacegroupNo=227
HermannMauguin=F4_1/d-32/m
XrayDensity=2.351
Rphase=8.93%
UNIT=NM
A=1.048221+-0.000024
k1=0.0100000
B1=0.00731+-0.00011
GrainSize(1,1,1)=57.59+-0.84
GEWICHT=SPHAR4, MeanValue(GEWICHT)=0.118880
Atomic positions for phase spinel
---------------------------------------------
 16     0.6250  0.6250  0.6250     E=(LI(0.1600))
  8     0.5000  0.5000  0.5000     E=(LI(0.4800))
 16     0.1250  0.1250  0.1250     E=(LI(0.4000),SC(0.2000),MN(0.3000))
 32     0.8817  0.8817  0.8817     E=(CL(1.0000))

Local parameters and GOALs for phase LiCl225icsd269090
******************************************************
SpacegroupNo=225
HermannMauguin=F4/m-32/m
XrayDensity=2.057
Rphase=5.81%
UNIT=NM
A=0.51534+-0.00016
k1=0.0100000
B1=0.00500000
GrainSize(1,1,1)=84.1811
GEWICHT=0.00194+-0.00024
Atomic positions for phase LiCl225icsd269090
---------------------------------------------
  4     0.0000  0.0000  0.0000     E=(LI+1(1.0000))
  4     0.5000  0.5000  0.5000     E=(CL-1(1.0000))
