Rietveld refinement to file(s) pattern.xy
BGMN version 4.2.23, 8282 measured points, 54 peaks, 47 parameters
Start: Thu Feb 26 14:51:27 2026; End: Thu Feb 26 14:51:29 2026
41 iteration steps

Rp=7.33%  Rpb=38.53%  R=15.86%  Rwp=10.75% Rexp=3.24%
Durbin-Watson d=0.21
1-rho=6.75%

Global parameters and GOALs
****************************
Qspinel=0.9093+-0.0025
QLiCl225icsd269090=0.0907+-0.0025
EPS2=-0.002926+-0.000013

Local parameters and GOALs for phase spinel
******************************************************
SpacegroupNo=227
HermannMauguin=F4_1/d-32/m
XrayDensity=2.328
Rphase=19.72%
UNIT=NM
A=1.042193+-0.000025
k1=0.0100000
B1=0.00748+-0.00011
GrainSize(1,1,1)=56.30+-0.83
GEWICHT=SPHAR4, MeanValue(GEWICHT)=0.190144
Atomic positions for phase spinel
---------------------------------------------
 16     0.6250  0.6250  0.6250     E=(LI(0.1400))
  8     0.5000  0.5000  0.5000     E=(LI(0.4200))
 16     0.1250  0.1250  0.1250     E=(LI(0.3500),MG(0.4000),TA(0.0500),NB(0.0500))
 32     0.8817  0.8817  0.8817     E=(CL(1.0000))

Local parameters and GOALs for phase LiCl225icsd269090
******************************************************
SpacegroupNo=225
HermannMauguin=F4/m-32/m
XrayDensity=2.066
Rphase=12.92%
UNIT=NM
A=0.514624+-0.000030
k1=0.0100000
B1=0.00500000
GrainSize(1,1,1)=84.1811
GEWICHT=SPHAR4, MeanValue(GEWICHT)=0.0189689
Atomic positions for phase LiCl225icsd269090
---------------------------------------------
  4     0.0000  0.0000  0.0000     E=(LI+1(1.0000))
  4     0.5000  0.5000  0.5000     E=(CL-1(1.0000))
