Rietveld refinement to file(s) pattern.xy
BGMN version 4.2.23, 8282 measured points, 45 peaks, 29 parameters
Start: Thu Feb 26 15:02:03 2026; End: Thu Feb 26 15:02:05 2026
24 iteration steps

Rp=4.06%  Rpb=30.84%  R=6.04%  Rwp=5.03% Rexp=2.75%
Durbin-Watson d=0.62
1-rho=2.46%

Global parameters and GOALs
****************************
Qspinel=1.00000
EPS2=-0.0015928+-0.0000095

Local parameters and GOALs for phase spinel
******************************************************
SpacegroupNo=227
HermannMauguin=F4_1/d-32/m
XrayDensity=2.362
Rphase=7.01%
UNIT=NM
A=1.046670+-0.000022
k1=0.0100000
B1=0.010533+-0.000078
GrainSize(1,1,1)=39.96+-0.29
GEWICHT=SPHAR4, MeanValue(GEWICHT)=0.196986
Atomic positions for phase spinel
---------------------------------------------
 16     0.6250  0.6250  0.6250     E=(LI(0.1650))
  8     0.5000  0.5000  0.5000     E=(LI(0.4950))
 16     0.1250  0.1250  0.1250     E=(LI(0.4125),MG(0.1500),MN(0.3250),V(0.0750))
 32     0.8817  0.8817  0.8817     E=(CL(1.0000))
