Rietveld refinement to file(s) pattern.xy
BGMN version 4.2.23, 8282 measured points, 50 peaks, 48 parameters
Start: Thu Feb 26 15:19:32 2026; End: Thu Feb 26 15:19:39 2026
111 iteration steps

Rp=5.97%  Rpb=68.03%  R=8.64%  Rwp=8.17% Rexp=3.54%
Durbin-Watson d=0.41
1-rho=15.8%

Global parameters and GOALs
****************************
QMnCl2166icsd337520=0.1431+-0.0084
QLiCl225icsd269090=0.8569+-0.0084
EPS2=0.000265+-0.000019

Local parameters and GOALs for phase MnCl2166icsd337520
******************************************************
SpacegroupNo=166
HermannMauguin=R-32/m
XrayDensity=3.062
Rphase=9.22%
UNIT=NM
A=0.370731+-0.000045
C=1.72005+-0.00037
k1=0
B1=0.00230+-0.00028
GrainSize(1,1,1)=184+-23
GEWICHT=SPHAR4, MeanValue(GEWICHT)=0.00500922
Atomic positions for phase MnCl2166icsd337520
---------------------------------------------
  3     0.0000  0.0000  0.0000     E=(MN+2(1.0000))
  6     0.0000  0.0000  0.2545     E=(CL-1(1.0000))

Local parameters and GOALs for phase LiCl225icsd269090
******************************************************
SpacegroupNo=225
HermannMauguin=F4/m-32/m
XrayDensity=2.068
Rphase=10.56%
UNIT=NM
A=0.514431+-0.000023
k1=0
B1=0.00500000
GrainSize(1,1,1)=84.8826
GEWICHT=SPHAR4, MeanValue(GEWICHT)=0.0299850
Atomic positions for phase LiCl225icsd269090
---------------------------------------------
  4     0.0000  0.0000  0.0000     E=(LI+1(1.0000))
  4     0.5000  0.5000  0.5000     E=(CL-1(1.0000))
