Rietveld refinement to file(s) pattern.xy
BGMN version 4.2.23, 8282 measured points, 45 peaks, 29 parameters
Start: Thu Feb 26 15:16:47 2026; End: Thu Feb 26 15:16:49 2026
26 iteration steps

Rp=4.03%  Rpb=59.92%  R=5.17%  Rwp=5.31% Rexp=2.87%
Durbin-Watson d=0.62
1-rho=12.6%

Global parameters and GOALs
****************************
Qspinel=1.00000
EPS2=-0.002576+-0.000033

Local parameters and GOALs for phase spinel
******************************************************
SpacegroupNo=227
HermannMauguin=F4_1/d-32/m
XrayDensity=2.601
Rphase=7.32%
UNIT=NM
A=1.037384+-0.000083
k1=0.0100000
B1=0.01706+-0.00023
GrainSize(1,1,1)=24.67+-0.34
GEWICHT=SPHAR4, MeanValue(GEWICHT)=0.0631165
Atomic positions for phase spinel
---------------------------------------------
 16     0.6250  0.6250  0.6250     E=(LI(0.1900))
  8     0.5000  0.5000  0.5000     E=(LI(0.5700))
 16     0.1250  0.1250  0.1250     E=(LI(0.4750),ZN(0.2625),FE(0.2625))
 32     0.8817  0.8817  0.8817     E=(CL(1.0000))
