Rietveld refinement to file(s) pattern.xy
BGMN version 4.2.23, 8282 measured points, 93 peaks, 47 parameters
Start: Thu Feb 26 15:10:58 2026; End: Thu Feb 26 15:11:01 2026
35 iteration steps

Rp=5.25%  Rpb=42.73%  R=9.18%  Rwp=7.78% Rexp=2.63%
Durbin-Watson d=0.24
1-rho=8.75%

Global parameters and GOALs
****************************
QLi6VCl8225icsd1008340=0.2057+-0.0030
Qspinel=0.7943+-0.0030
EPS2=-0.003067+-0.000027

Local parameters and GOALs for phase Li6VCl8225icsd1008340
******************************************************
SpacegroupNo=225
HermannMauguin=F4/m-32/m
XrayDensity=2.260
Rphase=12.63%
UNIT=NM
A=1.033963+-0.000064
k1=0.0100000
B1=0.00500000
GrainSize(1,1,1)=84.1811
GEWICHT=SPHAR4, MeanValue(GEWICHT)=0.0368591
Atomic positions for phase Li6VCl8225icsd1008340
---------------------------------------------
 24     0.0000  0.2500  0.2500     E=(LI+1(1.0000))
  4     0.0000  0.0000  0.0000     E=(V+2(1.0000))
  8     0.2500  0.2500  0.2500     E=(CL-1(1.0000))
 24     0.2450  0.0000  0.0000     E=(CL-1(1.0000))

Local parameters and GOALs for phase spinel
******************************************************
SpacegroupNo=227
HermannMauguin=F4_1/d-32/m
XrayDensity=2.418
Rphase=12.26%
UNIT=NM
A=1.048542+-0.000078
k1=0.0100000
B1=0.02660+-0.00033
GrainSize(1,1,1)=15.82+-0.20
GEWICHT=SPHAR4, MeanValue(GEWICHT)=0.142287
Atomic positions for phase spinel
---------------------------------------------
 16     0.6250  0.6250  0.6250     E=(LI(0.1700))
  8     0.5000  0.5000  0.5000     E=(LI(0.5100))
 16     0.1250  0.1250  0.1250     E=(LI(0.4250),MN(0.4000),NB(0.0250),V(0.0750))
 32     0.8817  0.8817  0.8817     E=(CL(1.0000))
