Rietveld refinement to file(s) pattern.xy
BGMN version 4.2.23, 8282 measured points, 45 peaks, 29 parameters
Start: Thu Feb 26 16:58:30 2026; End: Thu Feb 26 16:58:32 2026
28 iteration steps

Rp=4.48%  Rpb=51.09%  R=6.69%  Rwp=5.88% Rexp=2.64%
Durbin-Watson d=0.43
1-rho=10.3%

Global parameters and GOALs
****************************
Qspinel=1.00000
EPS2=-0.002558+-0.000038

Local parameters and GOALs for phase spinel
******************************************************
SpacegroupNo=227
HermannMauguin=F4_1/d-32/m
XrayDensity=2.770
Rphase=8.56%
UNIT=NM
A=1.036759+-0.000091
k1=0.0100000
B1=0.02477+-0.00027
GrainSize(1,1,1)=16.99+-0.19
GEWICHT=SPHAR4, MeanValue(GEWICHT)=0.100845
Atomic positions for phase spinel
---------------------------------------------
 16     0.6250  0.6250  0.6250     E=(LI(0.1600))
  8     0.5000  0.5000  0.5000     E=(LI(0.4800))
 16     0.1250  0.1250  0.1250     E=(LI(0.4000),IN(0.2000),FE(0.3000))
 32     0.8817  0.8817  0.8817     E=(CL(1.0000))
