Rietveld refinement to file(s) pattern.xy
BGMN version 4.2.23, 8282 measured points, 45 peaks, 29 parameters
Start: Thu Feb 26 16:58:36 2026; End: Thu Feb 26 16:58:37 2026
21 iteration steps

Rp=3.49%  Rpb=53.87%  R=5.18%  Rwp=4.81% Rexp=2.50%
Durbin-Watson d=0.56
1-rho=8.42%

Global parameters and GOALs
****************************
Qspinel=1.00000
EPS2=-0.002271+-0.000026

Local parameters and GOALs for phase spinel
******************************************************
SpacegroupNo=227
HermannMauguin=F4_1/d-32/m
XrayDensity=2.697
Rphase=8.35%
UNIT=NM
A=1.038150+-0.000067
k1=0.0100000
B1=0.01467+-0.00017
GrainSize(1,1,1)=28.70+-0.33
GEWICHT=SPHAR4, MeanValue(GEWICHT)=0.0799956
Atomic positions for phase spinel
---------------------------------------------
 16     0.6250  0.6250  0.6250     E=(LI(0.1700))
  8     0.5000  0.5000  0.5000     E=(LI(0.5100))
 16     0.1250  0.1250  0.1250     E=(LI(0.4250),IN(0.1500),FE(0.3500))
 32     0.8817  0.8817  0.8817     E=(CL(1.0000))
