Rietveld refinement to file(s) pattern.xy
BGMN version 4.2.23, 8282 measured points, 54 peaks, 47 parameters
Start: Thu Feb 26 15:13:45 2026; End: Thu Feb 26 15:13:47 2026
24 iteration steps

Rp=3.58%  Rpb=37.80%  R=5.61%  Rwp=5.05% Rexp=2.57%
Durbin-Watson d=0.54
1-rho=4.44%

Global parameters and GOALs
****************************
Qspinel=0.9471+-0.0015
QLiCl225icsd269090=0.0529+-0.0015
EPS2=-0.001835+-0.000013

Local parameters and GOALs for phase spinel
******************************************************
SpacegroupNo=227
HermannMauguin=F4_1/d-32/m
XrayDensity=2.495
Rphase=7.79%
UNIT=NM
A=1.048915+-0.000033
k1=0.0100000
B1=0.01085+-0.00010
GrainSize(1,1,1)=38.81+-0.38
GEWICHT=SPHAR4, MeanValue(GEWICHT)=0.136591
Atomic positions for phase spinel
---------------------------------------------
  8     0.5000  0.5000  0.5000     E=(LI(0.5400))
 16     0.6250  0.6250  0.6250     E=(LI(0.1800))
 16     0.1250  0.1250  0.1250     E=(LI(0.4500),Y(0.0500),MG(0.0500),TA(0.0500),MN(0.2500),FE(0.0500))
 32     0.8817  0.8817  0.8817     E=(CL(1.0000))

Local parameters and GOALs for phase LiCl225icsd269090
******************************************************
SpacegroupNo=225
HermannMauguin=F4/m-32/m
XrayDensity=2.064
Rphase=4.66%
UNIT=NM
A=0.514790+-0.000046
k1=0.0100000
B1=0.00500000
GrainSize(1,1,1)=84.1811
GEWICHT=SPHAR4, MeanValue(GEWICHT)=0.00763342
Atomic positions for phase LiCl225icsd269090
---------------------------------------------
  4     0.0000  0.0000  0.0000     E=(LI+1(1.0000))
  4     0.5000  0.5000  0.5000     E=(CL-1(1.0000))
