Rietveld refinement to file(s) pattern.xy
BGMN version 4.2.23, 8282 measured points, 86 peaks, 34 parameters
Start: Thu Feb 26 14:46:40 2026; End: Thu Feb 26 14:46:43 2026
48 iteration steps

Rp=4.42%  Rpb=49.34%  R=8.36%  Rwp=6.93% Rexp=2.81%
Durbin-Watson d=0.34
1-rho=9.43%

Global parameters and GOALs
****************************
QMnCl2166icsd337520=0.0240+-0.0038
Qspinel=0.9760+-0.0038
EPS2=-0.001827+-0.000020

Local parameters and GOALs for phase MnCl2166icsd337520
******************************************************
SpacegroupNo=166
HermannMauguin=R-32/m
XrayDensity=3.043
Rphase=8.57%
UNIT=NM
A=0.36926+-0.00016
C=1.7446+-0.0011
k1=0.0100000
B1=0.0029+-0.0016
GrainSize(1,1,1)=145+-82
GEWICHT=0.00222+-0.00035
Atomic positions for phase MnCl2166icsd337520
---------------------------------------------
  3     0.0000  0.0000  0.0000     E=(MN+2(1.0000))
  6     0.0000  0.0000  0.2545     E=(CL-1(1.0000))

Local parameters and GOALs for phase spinel
******************************************************
SpacegroupNo=227
HermannMauguin=F4_1/d-32/m
XrayDensity=2.708
Rphase=12.19%
UNIT=NM
A=1.045667+-0.000049
k1=0
B1=0.01114+-0.00016
GrainSize(1,1,1)=38.11+-0.56
GEWICHT=SPHAR4, MeanValue(GEWICHT)=0.0905091
Atomic positions for phase spinel
---------------------------------------------
 16     0.6250  0.6250  0.6250     E=(LI(0.1200))
  8     0.5000  0.5000  0.5000     E=(LI(0.3600))
 16     0.1250  0.1250  0.1250     E=(LI(0.3000),MG(0.1500),TA(0.1000),MN(0.2000),FE(0.0500),SN(0.0500))
 32     0.8817  0.8817  0.8817     E=(CL(1.0000))
