Rietveld refinement to file(s) pattern.xy
BGMN version 4.2.23, 8282 measured points, 45 peaks, 29 parameters
Start: Thu Feb 26 14:53:20 2026; End: Thu Feb 26 14:53:21 2026
22 iteration steps

Rp=3.23%  Rpb=64.09%  R=5.86%  Rwp=4.75% Rexp=2.01%
Durbin-Watson d=0.37
1-rho=16.0%

Global parameters and GOALs
****************************
Qspinel=1.00000
EPS2=-0.003827+-0.000053

Local parameters and GOALs for phase spinel
******************************************************
SpacegroupNo=227
HermannMauguin=F4_1/d-32/m
XrayDensity=2.532
Rphase=8.04%
UNIT=NM
A=1.02896+-0.00014
k1=0.0100000
B1=0.02242+-0.00034
GrainSize(1,1,1)=18.77+-0.28
GEWICHT=SPHAR4, MeanValue(GEWICHT)=0.103891
Atomic positions for phase spinel
---------------------------------------------
 16     0.6250  0.6250  0.6250     E=(LI(0.1500))
  8     0.5000  0.5000  0.5000     E=(LI(0.4500))
 16     0.1250  0.1250  0.1250     E=(LI(0.3750),CR(0.2500),CO(0.2500))
 32     0.8817  0.8817  0.8817     E=(CL(1.0000))
