Rietveld refinement to file(s) pattern.xy
BGMN version 4.2.23, 8282 measured points, 313 peaks, 48 parameters
Start: Thu Feb 26 14:55:14 2026; End: Thu Feb 26 14:55:20 2026
44 iteration steps

Rp=3.65%  Rpb=59.89%  R=4.76%  Rwp=4.86% Rexp=2.78%
Durbin-Watson d=0.70
1-rho=16.3%

Global parameters and GOALs
****************************
QLi3YCl6164icsd29966None=0.1470+-0.0044
Qspinel=0.8530+-0.0044
EPS2=-0.004037+-0.000045

Local parameters and GOALs for phase Li3YCl6164icsd29966None
******************************************************
SpacegroupNo=164
HermannMauguin=P-32/m1
XrayDensity=2.440
Rphase=5.79%
UNIT=NM
A=1.12204+-0.00019
C=0.60382+-0.00015
k1=0.0100000
B1=0.00500000
GrainSize(1,1,1)=84.1811
GEWICHT=SPHAR4, MeanValue(GEWICHT)=0.00856022
Atomic positions for phase Li3YCl6164icsd29966None
---------------------------------------------
  6     0.3410  0.0000  0.0000     E=(LI+1(0.6200))
  6     0.3253  0.0000  0.5000     E=(LI+1(0.8800))
  1     0.0000  0.0000  0.0000     E=(Y+3(1.0000))
  2     0.3333  0.6667  0.0010     E=(Y+3(0.4341))
  2     0.3333  0.6667  0.5015     E=(Y+3(0.5659))
  6     0.8865 -0.8865  0.2353     E=(CL-1(1.0000))
  6     0.7800 -0.7800  0.7415     E=(CL-1(1.0000))
  6     0.5530 -0.5530  0.2495     E=(CL-1(1.0000))

Local parameters and GOALs for phase spinel
******************************************************
SpacegroupNo=227
HermannMauguin=F4_1/d-32/m
XrayDensity=2.702
Rphase=7.63%
UNIT=NM
A=1.04337+-0.00012
k1=0.0100000
B1=0.02616+-0.00041
GrainSize(1,1,1)=16.09+-0.25
GEWICHT=SPHAR4, MeanValue(GEWICHT)=0.0496790
Atomic positions for phase spinel
---------------------------------------------
 16     0.6250  0.6250  0.6250     E=(LI(0.1500))
  8     0.5000  0.5000  0.5000     E=(LI(0.4500))
 16     0.1250  0.1250  0.1250     E=(LI(0.3750),Y(0.1250),IN(0.1250),FE(0.2500))
 32     0.8817  0.8817  0.8817     E=(CL(1.0000))
