Rietveld refinement to file(s) pattern.xy
BGMN version 4.2.23, 8282 measured points, 54 peaks, 47 parameters
Start: Thu Feb 26 14:51:30 2026; End: Thu Feb 26 14:51:31 2026
31 iteration steps

Rp=9.52%  Rpb=44.78%  R=17.83%  Rwp=13.77% Rexp=3.15%
Durbin-Watson d=0.12
1-rho=10.2%

Global parameters and GOALs
****************************
Qspinel=0.8209+-0.0029
QLiCl225icsd269090=0.1791+-0.0029
EPS2=-0.000672+-0.000021

Local parameters and GOALs for phase spinel
******************************************************
SpacegroupNo=227
HermannMauguin=F4_1/d-32/m
XrayDensity=2.430
Rphase=19.90%
UNIT=NM
A=1.042310+-0.000046
k1=0
B1=0.01251+-0.00020
GrainSize(1,1,1)=33.92+-0.55
GEWICHT=SPHAR4, MeanValue(GEWICHT)=0.187132
Atomic positions for phase spinel
---------------------------------------------
 16     0.6250  0.6250  0.6250     E=(LI(0.1400))
  8     0.5000  0.5000  0.5000     E=(LI(0.4200))
 16     0.1250  0.1250  0.1250     E=(LI(0.3500),MG(0.4000),TA(0.1000))
 32     0.8817  0.8817  0.8817     E=(CL(1.0000))

Local parameters and GOALs for phase LiCl225icsd269090
******************************************************
SpacegroupNo=225
HermannMauguin=F4/m-32/m
XrayDensity=2.064
Rphase=18.41%
UNIT=NM
A=0.514750+-0.000026
k1=0.0100000
B1=0.00500000
GrainSize(1,1,1)=84.1811
GEWICHT=SPHAR4, MeanValue(GEWICHT)=0.0408386
Atomic positions for phase LiCl225icsd269090
---------------------------------------------
  4     0.0000  0.0000  0.0000     E=(LI+1(1.0000))
  4     0.5000  0.5000  0.5000     E=(CL-1(1.0000))
