Rietveld refinement to file(s) pattern.xy
BGMN version 4.2.23, 8282 measured points, 93 peaks, 47 parameters
Start: Thu Feb 26 15:17:06 2026; End: Thu Feb 26 15:17:08 2026
29 iteration steps

Rp=4.67%  Rpb=53.66%  R=5.93%  Rwp=6.11% Rexp=3.14%
Durbin-Watson d=0.54
1-rho=7.97%

Global parameters and GOALs
****************************
QLi10352V9648Cl32216icsd50006None=0.0879+-0.0029
Qspinel=0.9121+-0.0029
EPS2=0.000895+-0.000011

Local parameters and GOALs for phase Li10352V9648Cl32216icsd50006None
******************************************************
SpacegroupNo=216
HermannMauguin=F-43m
XrayDensity=2.590
Rphase=7.82%
UNIT=NM
A=1.028709+-0.000097
k1=0.0100000
B1=0.00500000
GrainSize(1,1,1)=84.1811
GEWICHT=SPHAR4, MeanValue(GEWICHT)=0.00594391
Atomic positions for phase Li10352V9648Cl32216icsd50006None
---------------------------------------------
  4     0.0000  0.0000  0.0000     E=(LI+1(1.0000))
 16     0.6259  0.6259  0.6259     E=(LI+1(0.3970),V(0.6030))
 16     0.3822  0.3822  0.3822     E=(CL-1(1.0000))
 16     0.8686  0.8686  0.8686     E=(CL-1(1.0000))

Local parameters and GOALs for phase spinel
******************************************************
SpacegroupNo=227
HermannMauguin=F4_1/d-32/m
XrayDensity=2.412
Rphase=11.90%
UNIT=NM
A=1.048892+-0.000024
k1=0.0100000
B1=0.005029+-0.000092
GrainSize(1,1,1)=83.7+-1.5
GEWICHT=SPHAR4, MeanValue(GEWICHT)=0.0616421
Atomic positions for phase spinel
---------------------------------------------
 16     0.6250  0.6250  0.6250     E=(LI(0.1900))
  8     0.5000  0.5000  0.5000     E=(LI(0.5700))
 16     0.1250  0.1250  0.1250     E=(LI(0.4750),MN(0.4500),V(0.0500))
 32     0.8817  0.8817  0.8817     E=(CL(1.0000))
