Rietveld refinement to file(s) pattern.xy
BGMN version 4.2.23, 8282 measured points, 54 peaks, 47 parameters
Start: Thu Feb 26 15:08:01 2026; End: Thu Feb 26 15:08:03 2026
29 iteration steps

Rp=4.10%  Rpb=40.31%  R=6.69%  Rwp=5.58% Rexp=2.53%
Durbin-Watson d=0.44
1-rho=5.13%

Global parameters and GOALs
****************************
Qspinel=0.9468+-0.0017
QLiCl225icsd269090=0.0532+-0.0017
EPS2=-0.000869+-0.000015

Local parameters and GOALs for phase spinel
******************************************************
SpacegroupNo=227
HermannMauguin=F4_1/d-32/m
XrayDensity=2.561
Rphase=7.93%
UNIT=NM
A=1.051032+-0.000038
k1=0.004+-0.036
B1=0.01138+-0.00028
GrainSize(1,1,1)=37.17+-0.48
GEWICHT=SPHAR4, MeanValue(GEWICHT)=0.141069
Atomic positions for phase spinel
---------------------------------------------
 16     0.6250  0.6250  0.6250     E=(LI(0.1600))
  8     0.5000  0.5000  0.5000     E=(LI(0.4800))
 16     0.1250  0.1250  0.1250     E=(LI(0.4000),Y(0.0500),TA(0.0500),MN(0.4000))
 32     0.8817  0.8817  0.8817     E=(CL(1.0000))

Local parameters and GOALs for phase LiCl225icsd269090
******************************************************
SpacegroupNo=225
HermannMauguin=F4/m-32/m
XrayDensity=2.061
Rphase=6.30%
UNIT=NM
A=0.515012+-0.000049
k1=0.0100000
B1=0.00500000
GrainSize(1,1,1)=84.1811
GEWICHT=SPHAR4, MeanValue(GEWICHT)=0.00791982
Atomic positions for phase LiCl225icsd269090
---------------------------------------------
  4     0.0000  0.0000  0.0000     E=(LI+1(1.0000))
  4     0.5000  0.5000  0.5000     E=(CL-1(1.0000))
