Rietveld refinement to file(s) pattern.xy
BGMN version 4.2.23, 8282 measured points, 762 peaks, 58 parameters
Start: Thu Feb 26 15:07:54 2026; End: Thu Feb 26 15:08:00 2026
35 iteration steps

Rp=3.78%  Rpb=40.90%  R=4.83%  Rwp=4.79% Rexp=2.89%
Durbin-Watson d=0.76
1-rho=4.33%

Global parameters and GOALs
****************************
QNbCl514icsd665371=0.0059+-0.0016
QLi10352V9648Cl32216icsd50006None=0.0632+-0.0026
Qspinel=0.9184+-0.0025
QLiCl225icsd269090=0.0125+-0.0028
EPS2=-0.000344+-0.000015

Local parameters and GOALs for phase NbCl514icsd665371
******************************************************
SpacegroupNo=14
HermannMauguin=P12_1/c1
XrayDensity=2.760
Rphase=4.58%
UNIT=NM
A=0.78326+-0.00057
B=1.02587+-0.00075
C=1.11819+-0.00088
BETA=133.648+-0.046
k1=UNDEF
B1=0
GrainSize(1,1,1)=ERROR
GEWICHT=0.00060+-0.00016
Atomic positions for phase NbCl514icsd665371
---------------------------------------------
  4     0.2163  0.1404  0.6636     E=(NB+5(1.0000))
  4     0.5625  0.1242  0.9291     E=(CL-1(1.0000))
  4     0.3906  0.1174  0.5632     E=(CL-1(1.0000))
  4     0.1740  0.3588  0.6290     E=(CL-1(1.0000))
  4     0.9911  0.1238  0.7256     E=(CL-1(1.0000))
  4     0.1773  0.8898  0.6386     E=(CL-1(1.0000))

Local parameters and GOALs for phase Li10352V9648Cl32216icsd50006None
******************************************************
SpacegroupNo=216
HermannMauguin=F-43m
XrayDensity=2.577
Rphase=5.37%
UNIT=NM
A=1.030434+-0.000092
k1=0.0100000
B1=0.00500000
GrainSize(1,1,1)=84.1811
GEWICHT=SPHAR4, MeanValue(GEWICHT)=0.00648651
Atomic positions for phase Li10352V9648Cl32216icsd50006None
---------------------------------------------
  4     0.0000  0.0000  0.0000     E=(LI+1(1.0000))
 16     0.6259  0.6259  0.6259     E=(LI+1(0.3970),V(0.6030))
 16     0.3822  0.3822  0.3822     E=(CL-1(1.0000))
 16     0.8686  0.8686  0.8686     E=(CL-1(1.0000))

Local parameters and GOALs for phase spinel
******************************************************
SpacegroupNo=227
HermannMauguin=F4_1/d-32/m
XrayDensity=2.433
Rphase=7.08%
UNIT=NM
A=1.048708+-0.000037
k1=0.0100000
B1=0.01207+-0.00010
GrainSize(1,1,1)=34.88+-0.30
GEWICHT=SPHAR4, MeanValue(GEWICHT)=0.0942814
Atomic positions for phase spinel
---------------------------------------------
 16     0.6250  0.6250  0.6250     E=(LI(0.1600))
  8     0.5000  0.5000  0.5000     E=(LI(0.4800))
 16     0.1250  0.1250  0.1250     E=(LI(0.4000),MN(0.4000),NB(0.0500),V(0.0500))
 32     0.8817  0.8817  0.8817     E=(CL(1.0000))

Local parameters and GOALs for phase LiCl225icsd269090
******************************************************
SpacegroupNo=225
HermannMauguin=F4/m-32/m
XrayDensity=2.083
Rphase=5.26%
UNIT=NM
A=0.51324+-0.00020
k1=0.0100000
B1=0.0049+-0.0025
GrainSize(1,1,1)=86+-45
GEWICHT=0.00128+-0.00029
Atomic positions for phase LiCl225icsd269090
---------------------------------------------
  4     0.0000  0.0000  0.0000     E=(LI+1(1.0000))
  4     0.5000  0.5000  0.5000     E=(CL-1(1.0000))
