Rietveld refinement to file(s) pattern.xy
BGMN version 4.2.23, 8282 measured points, 45 peaks, 29 parameters
Start: Thu Feb 26 15:04:13 2026; End: Thu Feb 26 15:04:15 2026
26 iteration steps

Rp=4.53%  Rpb=68.67%  R=5.70%  Rwp=6.15% Rexp=2.94%
Durbin-Watson d=0.48
1-rho=21.6%

Global parameters and GOALs
****************************
Qspinel=1.00000
EPS2=-0.001062+-0.000061

Local parameters and GOALs for phase spinel
******************************************************
SpacegroupNo=227
HermannMauguin=F4_1/d-32/m
XrayDensity=2.744
Rphase=6.66%
UNIT=NM
A=1.04100+-0.00016
k1=0
B1=0.02284+-0.00042
GrainSize(1,1,1)=18.58+-0.34
GEWICHT=SPHAR4, MeanValue(GEWICHT)=0.0471504
Atomic positions for phase spinel
---------------------------------------------
 16     0.6250  0.6250  0.6250     E=(LI(0.1600))
  8     0.5000  0.5000  0.5000     E=(LI(0.4800))
 16     0.1250  0.1250  0.1250     E=(LI(0.4000),HF(0.1000),MN(0.1500),FE(0.2500))
 32     0.8817  0.8817  0.8817     E=(CL(1.0000))
