Rietveld refinement to file(s) pattern.xy
BGMN version 4.2.23, 8282 measured points, 54 peaks, 33 parameters
Start: Thu Feb 26 15:11:01 2026; End: Thu Feb 26 15:11:02 2026
25 iteration steps

Rp=3.88%  Rpb=36.43%  R=5.72%  Rwp=4.99% Rexp=2.76%
Durbin-Watson d=0.66
1-rho=3.75%

Global parameters and GOALs
****************************
Qspinel=1.00000
QLiCl225icsd269090=0
EPS2=-0.000642+-0.000016

Local parameters and GOALs for phase spinel
******************************************************
SpacegroupNo=227
HermannMauguin=F4_1/d-32/m
XrayDensity=2.426
Rphase=7.78%
UNIT=NM
A=1.047315+-0.000041
k1=0.0100000
B1=0.01627+-0.00011
GrainSize(1,1,1)=25.87+-0.18
GEWICHT=SPHAR4, MeanValue(GEWICHT)=0.148018
Atomic positions for phase spinel
---------------------------------------------
 16     0.6250  0.6250  0.6250     E=(LI(0.1700))
  8     0.5000  0.5000  0.5000     E=(LI(0.5100))
 16     0.1250  0.1250  0.1250     E=(LI(0.4250),MN(0.4000),NB(0.0250),V(0.0750))
 32     0.8817  0.8817  0.8817     E=(CL(1.0000))

Local parameters and GOALs for phase LiCl225icsd269090
******************************************************
SpacegroupNo=225
HermannMauguin=F4/m-32/m
XrayDensity=2.077
Rphase=100.00%
UNIT=NM
A=UNDEF
k1=UNDEF
B1=UNDEF
GrainSize(1,1,1)=UNDEF
GEWICHT=0.0
Atomic positions for phase LiCl225icsd269090
---------------------------------------------
  4     0.0000  0.0000  0.0000     E=(LI+1(1.0000))
  4     0.5000  0.5000  0.5000     E=(CL-1(1.0000))
