Rietveld refinement to file(s) pattern.xy
BGMN version 4.2.23, 8282 measured points, 86 peaks, 34 parameters
Start: Thu Feb 26 15:09:49 2026; End: Thu Feb 26 15:09:50 2026
24 iteration steps

Rp=3.56%  Rpb=30.80%  R=5.24%  Rwp=4.40% Rexp=2.67%
Durbin-Watson d=0.76
1-rho=2.23%

Global parameters and GOALs
****************************
QMnCl2=0.0084+-0.0015
Qspinel=0.9916+-0.0015
EPS2=-0.0016408+-0.0000087

Local parameters and GOALs for phase MnCl2
******************************************************
SpacegroupNo=166
HermannMauguin=R-32/m
XrayDensity=2.927
Rphase=5.03%
UNIT=NM
A=0.374772+-0.000099
C=1.76055+-0.00070
k1=0.0100000
B1=0.0013+-0.0013
GrainSize(1,1,1)=330+-327
GEWICHT=0.00148+-0.00027
Atomic positions for phase MnCl2
---------------------------------------------
  3     0.0000  0.0000  0.0000     E=(MN+2(1.0000))
  6     0.0000  0.0000  0.2545     E=(CL-1(1.0000))

Local parameters and GOALs for phase spinel
******************************************************
SpacegroupNo=227
HermannMauguin=F4_1/d-32/m
XrayDensity=2.467
Rphase=6.59%
UNIT=NM
A=1.049097+-0.000021
k1=0.0100000
B1=0.009631+-0.000073
GrainSize(1,1,1)=43.70+-0.33
GEWICHT=SPHAR4, MeanValue(GEWICHT)=0.175554
Atomic positions for phase spinel
---------------------------------------------
  8     0.5000  0.5000  0.5000     E=(LI(0.5250))
 16     0.6250  0.6250  0.6250     E=(LI(0.1750))
 16     0.1250  0.1250  0.1250     E=(LI(0.4375),HF(0.0250),MN(0.4000),V(0.0750))
 32     0.8817  0.8817  0.8817     E=(CL(1.0000))
