Rietveld refinement to file(s) pattern.xy
BGMN version 4.2.23, 8282 measured points, 45 peaks, 29 parameters
Start: Thu Feb 26 15:07:44 2026; End: Thu Feb 26 15:07:45 2026
28 iteration steps

Rp=5.60%  Rpb=39.80%  R=10.38%  Rwp=8.14% Rexp=2.81%
Durbin-Watson d=0.25
1-rho=6.48%

Global parameters and GOALs
****************************
Qspinel=1.00000
EPS2=-0.001450+-0.000017

Local parameters and GOALs for phase spinel
******************************************************
SpacegroupNo=227
HermannMauguin=F4_1/d-32/m
XrayDensity=2.345
Rphase=10.08%
UNIT=NM
A=1.049117+-0.000040
k1=0
B1=0.01159+-0.00014
GrainSize(1,1,1)=36.62+-0.44
GEWICHT=SPHAR4, MeanValue(GEWICHT)=0.184836
Atomic positions for phase spinel
---------------------------------------------
 16     0.6250  0.6250  0.6250     E=(LI(0.1600))
  8     0.5000  0.5000  0.5000     E=(LI(0.4800))
 16     0.1250  0.1250  0.1250     E=(LI(0.4000),SC(0.2000),MN(0.3000))
 32     0.8817  0.8817  0.8817     E=(CL(1.0000))
