Rietveld refinement to file(s) pattern.xy
BGMN version 4.2.23, 8282 measured points, 142 peaks, 49 parameters
Start: Thu Feb 26 14:46:46 2026; End: Thu Feb 26 14:46:55 2026
90 iteration steps

Rp=2.85%  Rpb=44.49%  R=4.31%  Rwp=3.91% Rexp=2.23%
Durbin-Watson d=0.70
1-rho=6.31%

Global parameters and GOALs
****************************
Qspinel=0.8056+-0.0029
QLi2CoCl465icsd7322718=0.1944+-0.0029
EPS2=-0.002725+-0.000021

Local parameters and GOALs for phase spinel
******************************************************
SpacegroupNo=227
HermannMauguin=F4_1/d-32/m
XrayDensity=2.575
Rphase=6.04%
UNIT=NM
A=1.044866+-0.000055
k1=0
B1=0.01364+-0.00015
GrainSize(1,1,1)=31.12+-0.34
GEWICHT=SPHAR4, MeanValue(GEWICHT)=0.0906940
Atomic positions for phase spinel
---------------------------------------------
 16     0.6250  0.6250  0.6250     E=(LI(0.1200))
  8     0.5000  0.5000  0.5000     E=(LI(0.3600))
 16     0.1250  0.1250  0.1250     E=(LI(0.3000),MG(0.0500),ZR(0.1000),MN(0.3000),FE(0.0500),CO(0.1000))
 32     0.8817  0.8817  0.8817     E=(CL(1.0000))

Local parameters and GOALs for phase Li2CoCl465icsd7322718
******************************************************
SpacegroupNo=65
HermannMauguin=C2/m2/m2/m
XrayDensity=2.651
Rphase=5.71%
UNIT=NM
A=0.720587+-0.000098
B=1.02055+-0.00015
C=0.365623+-0.000046
k1=0.0100000
B1=0.00500000
GrainSize(1,1,1)=84.1811
GEWICHT=SPHAR4, MeanValue(GEWICHT)=0.0218850
Atomic positions for phase Li2CoCl465icsd7322718
---------------------------------------------
  4     0.2500  0.2500  0.5000     E=(LI+1(1.0000))
  2     0.0000  0.0000  0.0000     E=(CO+2(1.0000))
  4     0.2331  0.0000  0.5000     E=(CL-1(1.0000))
  4     0.0000  0.7600  0.0000     E=(CL-1(1.0000))
