Rietveld refinement to file(s) pattern.xy
BGMN version 4.2.23, 8282 measured points, 219 peaks, 40 parameters
Start: Thu Feb 26 15:18:12 2026; End: Thu Feb 26 15:18:17 2026
64 iteration steps

Rp=3.36%  Rpb=59.36%  R=4.22%  Rwp=4.35% Rexp=2.82%
Durbin-Watson d=0.87
1-rho=13.0%

Global parameters and GOALs
****************************
Qspinel=0.8241+-0.0062
QLi2FeCl474icsd20251921=0.1759+-0.0062
EPS2=-0.002260+-0.000047

Local parameters and GOALs for phase spinel
******************************************************
SpacegroupNo=227
HermannMauguin=F4_1/d-32/m
XrayDensity=2.504
Rphase=6.51%
UNIT=NM
A=1.03959+-0.00014
k1=0.0100000
B1=0.02917+-0.00050
GrainSize(1,1,1)=14.43+-0.25
GEWICHT=SPHAR4, MeanValue(GEWICHT)=0.0473307
Atomic positions for phase spinel
---------------------------------------------
 16     0.6250  0.6250  0.6250     E=(LI(0.2000))
  8     0.5000  0.5000  0.5000     E=(LI(0.6000))
 16     0.1250  0.1250  0.1250     E=(LI(0.5000),MN(0.0250),FE(0.4250),NI(0.0500))
 32     0.8817  0.8817  0.8817     E=(CL(1.0000))

Local parameters and GOALs for phase Li2FeCl474icsd20251921
******************************************************
SpacegroupNo=74
HermannMauguin=I2_1/m2_1/m2_1/a
XrayDensity=2.585
Rphase=4.74%
UNIT=NM
A=0.72624+-0.00019
B=0.731007+-0.000100
C=1.02382+-0.00031
k1=0.0100000
B1=0.00500000
GrainSize(1,1,1)=84.1811
GEWICHT=SPHAR2, MeanValue(GEWICHT)=0.0101004
Atomic positions for phase Li2FeCl474icsd20251921
---------------------------------------------
  8     0.8540  0.2500  0.1960     E=(LI+1(0.5000))
  4     0.0000  0.0000  0.5000     E=(LI+1(0.8800),FE+2(0.1200))
  4     0.2500  0.2500  0.7500     E=(LI+1(0.1200),FE+2(0.8800))
  8     0.0000  0.4850  0.7550     E=(CL-1(1.0000))
  8     0.7490  0.2500  0.9950     E=(CL-1(1.0000))
