Rietveld refinement to file(s) pattern.xy
BGMN version 4.2.23, 8282 measured points, 45 peaks, 29 parameters
Start: Thu Feb 26 15:10:31 2026; End: Thu Feb 26 15:10:33 2026
23 iteration steps

Rp=2.65%  Rpb=42.84%  R=3.51%  Rwp=3.41% Rexp=2.20%
Durbin-Watson d=0.88
1-rho=4.21%

Global parameters and GOALs
****************************
Qspinel=1.00000
EPS2=-0.002089+-0.000016

Local parameters and GOALs for phase spinel
******************************************************
SpacegroupNo=227
HermannMauguin=F4_1/d-32/m
XrayDensity=2.632
Rphase=4.19%
UNIT=NM
A=1.037362+-0.000042
k1=0
B1=0.01319+-0.00011
GrainSize(1,1,1)=32.17+-0.27
GEWICHT=SPHAR4, MeanValue(GEWICHT)=0.114817
Atomic positions for phase spinel
---------------------------------------------
 16     0.6250  0.6250  0.6250     E=(LI(0.1700))
  8     0.5000  0.5000  0.5000     E=(LI(0.5100))
 16     0.1250  0.1250  0.1250     E=(LI(0.4250),HF(0.0500),V(0.0500),FE(0.4000))
 32     0.8817  0.8817  0.8817     E=(CL(1.0000))
