Rietveld refinement to file(s) pattern.xy
BGMN version 4.2.23, 8282 measured points, 102 peaks, 51 parameters
Start: Thu Feb 26 15:09:04 2026; End: Thu Feb 26 15:09:06 2026
26 iteration steps

Rp=3.91%  Rpb=40.21%  R=5.54%  Rwp=4.99% Rexp=2.87%
Durbin-Watson d=0.68
1-rho=4.26%

Global parameters and GOALs
****************************
QLi10352V9648Cl32216icsd50006None=0
Qspinel=0.9709+-0.0020
QLiCl225icsd269090=0.0291+-0.0020
EPS2=-0.001888+-0.000014

Local parameters and GOALs for phase Li10352V9648Cl32216icsd50006None
******************************************************
SpacegroupNo=216
HermannMauguin=F-43m
XrayDensity=2.526
Rphase=100.00%
UNIT=NM
A=UNDEF
k1=UNDEF
B1=UNDEF
GrainSize(1,1,1)=UNDEF
GEWICHT=0.0
Atomic positions for phase Li10352V9648Cl32216icsd50006None
---------------------------------------------
  4     0.0000  0.0000  0.0000     E=(LI+1(1.0000))
 16     0.6259  0.6259  0.6259     E=(LI+1(0.3970),V(0.6030))
 16     0.3822  0.3822  0.3822     E=(CL-1(1.0000))
 16     0.8686  0.8686  0.8686     E=(CL-1(1.0000))

Local parameters and GOALs for phase spinel
******************************************************
SpacegroupNo=227
HermannMauguin=F4_1/d-32/m
XrayDensity=2.420
Rphase=8.19%
UNIT=NM
A=1.048019+-0.000035
k1=0.0100000
B1=0.01153+-0.00011
GrainSize(1,1,1)=36.50+-0.33
GEWICHT=SPHAR4, MeanValue(GEWICHT)=0.112345
Atomic positions for phase spinel
---------------------------------------------
  8     0.5000  0.5000  0.5000     E=(LI(0.5190))
 16     0.6250  0.6250  0.6250     E=(LI(0.1730))
 16     0.1250  0.1250  0.1250     E=(LI(0.4325),MN(0.4050),NB(0.0200),V(0.0750))
 32     0.8817  0.8817  0.8817     E=(CL(1.0000))

Local parameters and GOALs for phase LiCl225icsd269090
******************************************************
SpacegroupNo=225
HermannMauguin=F4/m-32/m
XrayDensity=2.056
Rphase=5.64%
UNIT=NM
A=0.515423+-0.000056
k1=0.0100000
B1=0.00335+-0.00073
GrainSize(1,1,1)=126+-27
GEWICHT=SPHAR4, MeanValue(GEWICHT)=0.00336588
Atomic positions for phase LiCl225icsd269090
---------------------------------------------
  4     0.0000  0.0000  0.0000     E=(LI+1(1.0000))
  4     0.5000  0.5000  0.5000     E=(CL-1(1.0000))
