Rietveld refinement to file(s) pattern.xy
BGMN version 4.2.23, 8282 measured points, 354 peaks, 58 parameters
Start: Thu Feb 26 15:00:35 2026; End: Thu Feb 26 15:00:38 2026
25 iteration steps

Rp=3.96%  Rpb=42.92%  R=5.61%  Rwp=5.23% Rexp=2.72%
Durbin-Watson d=0.59
1-rho=6.95%

Global parameters and GOALs
****************************
QMnCl2166icsd337520=0.0399+-0.0023
Qspinel=0.8331+-0.0038
QLi3YCl6164icsd29962None=0.1270+-0.0028
EPS2=-0.001326+-0.000026

Local parameters and GOALs for phase MnCl2166icsd337520
******************************************************
SpacegroupNo=166
HermannMauguin=R-32/m
XrayDensity=2.949
Rphase=5.86%
UNIT=NM
A=0.373468+-0.000092
C=1.76001+-0.00069
k1=0.0100000
B1=0.00500000
GrainSize(1,1,1)=84.1811
GEWICHT=SPHAR2, MeanValue(GEWICHT)=0.00447952
Atomic positions for phase MnCl2166icsd337520
---------------------------------------------
  3     0.0000  0.0000  0.0000     E=(MN+2(1.0000))
  6     0.0000  0.0000  0.2545     E=(CL-1(1.0000))

Local parameters and GOALs for phase spinel
******************************************************
SpacegroupNo=227
HermannMauguin=F4_1/d-32/m
XrayDensity=2.590
Rphase=7.40%
UNIT=NM
A=1.051330+-0.000067
k1=0.0100000
B1=0.02011+-0.00021
GrainSize(1,1,1)=20.93+-0.22
GEWICHT=SPHAR4, MeanValue(GEWICHT)=0.0935640
Atomic positions for phase spinel
---------------------------------------------
 16     0.6250  0.6250  0.6250     E=(LI(0.1500))
  8     0.5000  0.5000  0.5000     E=(LI(0.4500))
 16     0.1250  0.1250  0.1250     E=(LI(0.3750),Y(0.1000),TA(0.0500),MN(0.3500))
 32     0.8817  0.8817  0.8817     E=(CL(1.0000))

Local parameters and GOALs for phase Li3YCl6164icsd29962None
******************************************************
SpacegroupNo=164
HermannMauguin=P-32/m1
XrayDensity=2.470
Rphase=8.09%
UNIT=NM
A=1.11814+-0.00012
C=0.60064+-0.00010
k1=0.0100000
B1=0.00500000
GrainSize(1,1,1)=84.1811
GEWICHT=SPHAR4, MeanValue(GEWICHT)=0.0142601
Atomic positions for phase Li3YCl6164icsd29962None
---------------------------------------------
  6     0.3252  0.0000  0.5000     E=(LI+1(0.7300))
  6     0.3392  0.0000  0.0000     E=(LI+1(0.7700))
  1     0.0000  0.0000  0.0000     E=(Y+3(1.0000))
  2     0.3333  0.6667  0.0117     E=(Y+3(0.2288))
  2     0.3333  0.6667  0.5053     E=(Y+3(0.7712))
  6     0.8862 -0.8862  0.2375     E=(CL-1(1.0000))
  6     0.7799 -0.7799  0.7329     E=(CL-1(1.0000))
  6     0.5528 -0.5528  0.2518     E=(CL-1(1.0000))
