Rietveld refinement to file(s) pattern.xy
BGMN version 4.2.23, 8282 measured points, 90 peaks, 47 parameters
Start: Thu Feb 26 15:17:18 2026; End: Thu Feb 26 15:17:22 2026
37 iteration steps

Rp=2.37%  Rpb=43.61%  R=3.65%  Rwp=3.29% Rexp=1.85%
Durbin-Watson d=0.63
1-rho=5.51%

Global parameters and GOALs
****************************
QLi2FeCl4=0.1314+-0.0025
Qspinel=0.8686+-0.0025
EPS2=-0.003982+-0.000026

Local parameters and GOALs for phase Li2FeCl4
******************************************************
SpacegroupNo=227
HermannMauguin=F4_1/d-32/m
XrayDensity=2.482
Rphase=5.29%
UNIT=NM
A=1.042219+-0.000075
k1=0.0100000
B1=0.00500000
GrainSize(1,1,1)=84.1811
GEWICHT=SPHAR4, MeanValue(GEWICHT)=0.0205194
Atomic positions for phase Li2FeCl4
---------------------------------------------
 16     0.6250  0.6250  0.6250     E=(LI+1(0.2000))
  8     0.5000  0.5000  0.5000     E=(LI+1(0.6000))
 16     0.1250  0.1250  0.1250     E=(LI+1(0.5000),FE+2(0.5000))
 32     0.8817  0.8817  0.8817     E=(CL-1(1.0000))

Local parameters and GOALs for phase spinel
******************************************************
SpacegroupNo=227
HermannMauguin=F4_1/d-32/m
XrayDensity=2.596
Rphase=5.08%
UNIT=NM
A=1.028880+-0.000068
k1=0
B1=0.01970+-0.00020
GrainSize(1,1,1)=21.54+-0.22
GEWICHT=SPHAR4, MeanValue(GEWICHT)=0.135584
Atomic positions for phase spinel
---------------------------------------------
 16     0.6250  0.6250  0.6250     E=(LI(0.2000))
  8     0.5000  0.5000  0.5000     E=(LI(0.6000))
 16     0.1250  0.1250  0.1250     E=(LI(0.5000),MN(0.1250),FE(0.1250),CO(0.2500))
 32     0.8817  0.8817  0.8817     E=(CL(1.0000))
