Rietveld refinement to file(s) pattern.xy
BGMN version 4.2.23, 8282 measured points, 319 peaks, 48 parameters
Start: Thu Feb 26 14:55:09 2026; End: Thu Feb 26 14:55:14 2026
40 iteration steps

Rp=3.18%  Rpb=44.12%  R=4.37%  Rwp=4.10% Rexp=2.63%
Durbin-Watson d=0.85
1-rho=6.88%

Global parameters and GOALs
****************************
Qspinel=0.7851+-0.0027
QLi3YCl6164icsd29969None=0.2149+-0.0027
EPS2=0.000058+-0.000020

Local parameters and GOALs for phase spinel
******************************************************
SpacegroupNo=227
HermannMauguin=F4_1/d-32/m
XrayDensity=2.735
Rphase=6.09%
UNIT=NM
A=1.039230+-0.000054
k1=0.0100000
B1=0.01710+-0.00017
GrainSize(1,1,1)=24.62+-0.25
GEWICHT=SPHAR4, MeanValue(GEWICHT)=0.0675225
Atomic positions for phase spinel
---------------------------------------------
 16     0.6250  0.6250  0.6250     E=(LI(0.1500))
  8     0.5000  0.5000  0.5000     E=(LI(0.4500))
 16     0.1250  0.1250  0.1250     E=(LI(0.3750),Y(0.1250),IN(0.1250),FE(0.2500))
 32     0.8817  0.8817  0.8817     E=(CL(1.0000))

Local parameters and GOALs for phase Li3YCl6164icsd29969None
******************************************************
SpacegroupNo=164
HermannMauguin=P-32/m1
XrayDensity=2.450
Rphase=4.99%
UNIT=NM
A=1.119997+-0.000079
C=0.603411+-0.000063
k1=0.0100000
B1=0.00500000
GrainSize(1,1,1)=84.1811
GEWICHT=SPHAR4, MeanValue(GEWICHT)=0.0184863
Atomic positions for phase Li3YCl6164icsd29969None
---------------------------------------------
  6     0.3269  0.0000  0.5000     E=(LI+1(0.8754))
  6     0.3432  0.0000  0.0000     E=(LI+1(0.6246))
  1     0.0000  0.0000  0.0000     E=(Y+3(1.0000))
  2     0.3333  0.6667  0.0023     E=(Y+3(0.4341))
  2     0.3333  0.6667  0.5055     E=(Y+3(0.5659))
  6     0.8871 -0.8871  0.2346     E=(CL-1(1.0000))
  6     0.7794 -0.7794  0.7369     E=(CL-1(1.0000))
  6     0.5539 -0.5539  0.2469     E=(CL-1(1.0000))
