Rietveld refinement to file(s) pattern.xy
BGMN version 4.2.23, 8282 measured points, 93 peaks, 47 parameters
Start: Thu Feb 26 15:17:24 2026; End: Thu Feb 26 15:17:27 2026
40 iteration steps

Rp=1.90%  Rpb=41.41%  R=2.56%  Rwp=2.51% Rexp=1.83%
Durbin-Watson d=1.08
1-rho=4.47%

Global parameters and GOALs
****************************
Qspinel=0.9596+-0.0032
QLi6CoCl8225icsd20240131=0.0404+-0.0032
EPS2=-0.001820+-0.000030

Local parameters and GOALs for phase spinel
******************************************************
SpacegroupNo=227
HermannMauguin=F4_1/d-32/m
XrayDensity=2.618
Rphase=3.44%
UNIT=NM
A=1.026315+-0.000077
k1=0.0100000
B1=0.02440+-0.00021
GrainSize(1,1,1)=17.25+-0.15
GEWICHT=SPHAR4, MeanValue(GEWICHT)=0.131512
Atomic positions for phase spinel
---------------------------------------------
 16     0.6250  0.6250  0.6250     E=(LI(0.2000))
  8     0.5000  0.5000  0.5000     E=(LI(0.6000))
 16     0.1250  0.1250  0.1250     E=(LI(0.5000),FE(0.2500),CO(0.2500))
 32     0.8817  0.8817  0.8817     E=(CL(1.0000))

Local parameters and GOALs for phase Li6CoCl8225icsd20240131
******************************************************
SpacegroupNo=225
HermannMauguin=F4/m-32/m
XrayDensity=2.310
Rphase=3.32%
UNIT=NM
A=1.03366+-0.00013
k1=0.0100000
B1=0.00500000
GrainSize(1,1,1)=84.1811
GEWICHT=SPHAR4, MeanValue(GEWICHT)=0.00553800
Atomic positions for phase Li6CoCl8225icsd20240131
---------------------------------------------
 24     0.0000  0.2500  0.2500     E=(LI+1(1.0000))
  4     0.0000  0.0000  0.0000     E=(CO+2(1.0000))
  8     0.2500  0.2500  0.2500     E=(CL-1(1.0000))
 24     0.2430  0.0000  0.0000     E=(CL-1(1.0000))
