Rietveld refinement to file(s) pattern.xy
BGMN version 4.2.23, 8282 measured points, 555 peaks, 55 parameters
Start: Thu Feb 26 14:50:33 2026; End: Thu Feb 26 14:51:00 2026
180 iteration steps

Rp=5.95%  Rpb=55.28%  R=9.55%  Rwp=8.36% Rexp=2.73%
Durbin-Watson d=0.25
1-rho=14.5%

Global parameters and GOALs
****************************
QLi3YCl6164icsd29967None=0.7291+-0.0043
QYCl312icsd156840=0.1193+-0.0033
QLiCl225icsd269090=0.1516+-0.0033
EPS2=-0.000581+-0.000019

Local parameters and GOALs for phase Li3YCl6164icsd29967None
******************************************************
SpacegroupNo=164
HermannMauguin=P-32/m1
XrayDensity=2.457
Rphase=10.66%
UNIT=NM
A=1.118970+-0.000066
C=0.602751+-0.000040
k1=0.0100000
B1=0.00500000
GrainSize(1,1,1)=84.1811
GEWICHT=SPHAR4, MeanValue(GEWICHT)=0.0679595
Atomic positions for phase Li3YCl6164icsd29967None
---------------------------------------------
  6     0.3423  0.0000  0.0000     E=(LI+1(0.6997))
  6     0.3241  0.0000  0.5000     E=(LI+1(0.8003))
  1     0.0000  0.0000  0.0000     E=(Y+3(1.0000))
  2     0.3333  0.6667  0.9974     E=(Y+3(0.4341))
  2     0.3333  0.6667  0.5028     E=(Y+3(0.5659))
  6     0.8866 -0.8866  0.2353     E=(CL-1(1.0000))
  6     0.7798 -0.7798  0.7405     E=(CL-1(1.0000))
  6     0.5533 -0.5533  0.2486     E=(CL-1(1.0000))

Local parameters and GOALs for phase YCl312icsd156840
******************************************************
SpacegroupNo=12
HermannMauguin=C12/m1
XrayDensity=2.654
Rphase=13.50%
UNIT=NM
A=0.726600
B=1.16127+-0.00038
C=0.63507+-0.00022
BETA=114.218+-0.026
k1=0.0100000
B1=0.00500000
GrainSize(1,1,1)=84.1811
GEWICHT=0.01112+-0.00032
Atomic positions for phase YCl312icsd156840
---------------------------------------------
  4     0.0000  0.1660  0.0000     E=(Y+3(1.0000))
  4     0.7890  0.0000  0.7530     E=(CL-1(1.0000))
  8     0.7710  0.1790  0.2400     E=(CL-1(1.0000))

Local parameters and GOALs for phase LiCl225icsd269090
******************************************************
SpacegroupNo=225
HermannMauguin=F4/m-32/m
XrayDensity=2.034
Rphase=8.71%
UNIT=NM
A=0.517327+-0.000043
k1=0.0100000
B1=0.00500000
GrainSize(1,1,1)=84.1811
GEWICHT=SPHAR4, MeanValue(GEWICHT)=0.0141289
Atomic positions for phase LiCl225icsd269090
---------------------------------------------
  4     0.0000  0.0000  0.0000     E=(LI+1(1.0000))
  4     0.5000  0.5000  0.5000     E=(CL-1(1.0000))
