Rietveld refinement to file(s) pattern.xy
BGMN version 4.2.23, 8282 measured points, 54 peaks, 47 parameters
Start: Thu Feb 26 15:02:42 2026; End: Thu Feb 26 15:02:45 2026
52 iteration steps

Rp=2.82%  Rpb=52.95%  R=4.12%  Rwp=3.82% Rexp=2.20%
Durbin-Watson d=0.71
1-rho=7.88%

Global parameters and GOALs
****************************
Qspinel=0.9074+-0.0058
QLiCl225icsd269090=0.0926+-0.0058
EPS2=-0.001241+-0.000026

Local parameters and GOALs for phase spinel
******************************************************
SpacegroupNo=227
HermannMauguin=F4_1/d-32/m
XrayDensity=2.661
Rphase=7.12%
UNIT=NM
A=1.040024+-0.000072
k1=0.0100000
B1=0.01758+-0.00022
GrainSize(1,1,1)=23.94+-0.30
GEWICHT=SPHAR4, MeanValue(GEWICHT)=0.0836434
Atomic positions for phase spinel
---------------------------------------------
 16     0.6250  0.6250  0.6250     E=(LI(0.1600))
  8     0.5000  0.5000  0.5000     E=(LI(0.4800))
 16     0.1250  0.1250  0.1250     E=(LI(0.4000),ZR(0.0500),MN(0.1500),FE(0.2000),CO(0.1000),CU(0.1000))
 32     0.8817  0.8817  0.8817     E=(CL(1.0000))

Local parameters and GOALs for phase LiCl225icsd269090
******************************************************
SpacegroupNo=225
HermannMauguin=F4/m-32/m
XrayDensity=2.013
Rphase=6.80%
UNIT=NM
A=0.519055+-0.000060
k1=0.0100000
B1=0.00500000
GrainSize(1,1,1)=84.1811
GEWICHT=SPHAR4, MeanValue(GEWICHT)=0.00853664
Atomic positions for phase LiCl225icsd269090
---------------------------------------------
  4     0.0000  0.0000  0.0000     E=(LI+1(1.0000))
  4     0.5000  0.5000  0.5000     E=(CL-1(1.0000))
