Rietveld refinement to file(s) pattern.xy
BGMN version 4.2.23, 8282 measured points, 45 peaks, 29 parameters
Start: Thu Feb 26 17:04:35 2026; End: Thu Feb 26 17:04:36 2026
30 iteration steps

Rp=5.78%  Rpb=54.47%  R=14.10%  Rwp=9.19% Rexp=2.42%
Durbin-Watson d=0.15
1-rho=15.6%

Global parameters and GOALs
****************************
Qspinel=1.00000
EPS2=-0.003342+-0.000052

Local parameters and GOALs for phase spinel
******************************************************
SpacegroupNo=227
HermannMauguin=F4_1/d-32/m
XrayDensity=2.491
Rphase=14.01%
UNIT=NM
A=1.03327+-0.00013
k1=0.0100000
B1=0.02392+-0.00034
GrainSize(1,1,1)=17.60+-0.25
GEWICHT=SPHAR4, MeanValue(GEWICHT)=0.168876
Atomic positions for phase spinel
---------------------------------------------
 16     0.6250  0.6250  0.6250     E=(LI(0.1600))
  8     0.5000  0.5000  0.5000     E=(LI(0.4800))
 16     0.1250  0.1250  0.1250     E=(LI(0.4000),CR(0.2500),FE(0.2500))
 32     0.8817  0.8817  0.8817     E=(CL(1.0000))
