Rietveld refinement to file(s) pattern.xy
BGMN version 4.2.23, 8282 measured points, 45 peaks, 29 parameters
Start: Thu Feb 26 15:15:25 2026; End: Thu Feb 26 15:15:40 2026
36 iteration steps

Rp=4.78%  Rpb=65.69%  R=6.18%  Rwp=6.40% Rexp=3.28%
Durbin-Watson d=0.56
1-rho=13.6%

Global parameters and GOALs
****************************
Qspinel=1.00000
EPS2=0.000311+-0.000023

Local parameters and GOALs for phase spinel
******************************************************
SpacegroupNo=227
HermannMauguin=F4_1/d-32/m
XrayDensity=2.538
Rphase=10.42%
UNIT=NM
A=1.050075+-0.000056
k1=0
B1=0.00891+-0.00016
GrainSize(1,1,1)=47.61+-0.87
GEWICHT=SPHAR4, MeanValue(GEWICHT)=0.0395283
Atomic positions for phase spinel
---------------------------------------------
  8     0.5000  0.5000  0.5000     E=(LI(0.5400))
 16     0.6250  0.6250  0.6250     E=(LI(0.1800))
 16     0.1250  0.1250  0.1250     E=(LI(0.4500),MN(0.4000),IN(0.1000))
 32     0.8817  0.8817  0.8817     E=(CL(1.0000))
