Rietveld refinement to file(s) pattern.xy
BGMN version 4.2.23, 8282 measured points, 93 peaks, 66 parameters
Start: Thu Feb 26 15:05:40 2026; End: Thu Feb 26 15:05:46 2026
92 iteration steps

Rp=1.98%  Rpb=41.42%  R=2.62%  Rwp=2.56% Rexp=1.84%
Durbin-Watson d=1.06
1-rho=4.55%

Global parameters and GOALs
****************************
Qspinel=0.8200+-0.0047
QLiCl225icsd269090=0.0914+-0.0040
QCoCl2166icsd443980=0.0886+-0.0024
EPS2=-0.002292+-0.000027

Local parameters and GOALs for phase spinel
******************************************************
SpacegroupNo=227
HermannMauguin=F4_1/d-32/m
XrayDensity=2.644
Rphase=3.42%
UNIT=NM
A=1.034805+-0.000073
k1=0.0100000
B1=0.02309+-0.00024
GrainSize(1,1,1)=18.23+-0.19
GEWICHT=SPHAR4, MeanValue(GEWICHT)=0.109472
Atomic positions for phase spinel
---------------------------------------------
 16     0.6250  0.6250  0.6250     E=(LI(0.1600))
  8     0.5000  0.5000  0.5000     E=(LI(0.4800))
 16     0.1250  0.1250  0.1250     E=(LI(0.4000),FE(0.5000),CO(0.1000))
 32     0.8817  0.8817  0.8817     E=(CL(1.0000))

Local parameters and GOALs for phase LiCl225icsd269090
******************************************************
SpacegroupNo=225
HermannMauguin=F4/m-32/m
XrayDensity=2.007
Rphase=3.87%
UNIT=NM
A=0.519629+-0.000044
k1=0.0100000
B1=0.00450+-0.00040
GrainSize(1,1,1)=93.5+-8.4
GEWICHT=SPHAR4, MeanValue(GEWICHT)=0.0122024
Atomic positions for phase LiCl225icsd269090
---------------------------------------------
  4     0.0000  0.0000  0.0000     E=(LI+1(1.0000))
  4     0.5000  0.5000  0.5000     E=(CL-1(1.0000))

Local parameters and GOALs for phase CoCl2166icsd443980
******************************************************
SpacegroupNo=166
HermannMauguin=R-32/m
XrayDensity=3.269
Rphase=3.64%
UNIT=NM
A=0.361101+-0.000031
C=1.75194+-0.00038
k1=0.0100000
B1=0.00500000
GrainSize(1,1,1)=84.1811
GEWICHT=SPHAR4, MeanValue(GEWICHT)=0.0118304
Atomic positions for phase CoCl2166icsd443980
---------------------------------------------
  3     0.0000  0.0000  0.0000     E=(CO+2(1.0000))
  6     0.0000  0.0000  0.2558     E=(CL-1(1.0000))
