Rietveld refinement to file(s) pattern.xy
BGMN version 4.2.23, 8282 measured points, 45 peaks, 29 parameters
Start: Thu Feb 26 14:48:02 2026; End: Thu Feb 26 14:48:04 2026
26 iteration steps

Rp=5.54%  Rpb=45.77%  R=7.57%  Rwp=7.32% Rexp=3.30%
Durbin-Watson d=0.43
1-rho=7.05%

Global parameters and GOALs
****************************
Qspinel=1.00000
EPS2=-0.003733+-0.000025

Local parameters and GOALs for phase spinel
******************************************************
SpacegroupNo=227
HermannMauguin=F4_1/d-32/m
XrayDensity=2.345
Rphase=12.41%
UNIT=NM
A=1.044775+-0.000062
k1=0.0100000
B1=0.01847+-0.00017
GrainSize(1,1,1)=22.79+-0.21
GEWICHT=SPHAR4, MeanValue(GEWICHT)=0.114726
Atomic positions for phase spinel
---------------------------------------------
 16     0.6250  0.6250  0.6250     E=(LI(0.1450))
  8     0.5000  0.5000  0.5000     E=(LI(0.4350))
 16     0.1250  0.1250  0.1250     E=(LI(0.3625),SC(0.2750),MN(0.2250))
 32     0.8817  0.8817  0.8817     E=(CL(1.0000))
