Rietveld refinement to file(s) pattern.xy
BGMN version 4.2.23, 8282 measured points, 212 peaks, 59 parameters
Start: Thu Feb 26 15:17:39 2026; End: Thu Feb 26 15:17:44 2026
51 iteration steps

Rp=4.75%  Rpb=59.43%  R=5.70%  Rwp=6.08% Rexp=3.24%
Durbin-Watson d=0.60
1-rho=13.8%

Global parameters and GOALs
****************************
QLi2CrCl412icsd40303550=0.1597+-0.0045
Qspinel=0.6303+-0.0047
QLiCl225icsd269090=0.2100+-0.0038
EPS2=0.000492+-0.000026

Local parameters and GOALs for phase Li2CrCl412icsd40303550
******************************************************
SpacegroupNo=12
HermannMauguin=C12/m1
XrayDensity=2.441
Rphase=7.84%
UNIT=NM
A=0.73028+-0.00012
B=1.03553+-0.00024
C=0.37566+-0.00023
BETA=95.863+-0.032
k1=0.0100000
B1=0.00500000
GrainSize(1,1,1)=84.1811
GEWICHT=SPHAR2, MeanValue(GEWICHT)=0.00923940
Atomic positions for phase Li2CrCl412icsd40303550
---------------------------------------------
  4     0.2500  0.2500  0.5000     E=(LI+1(1.0000))
  2     0.0000  0.0000  0.0000     E=(CR+2(1.0000))
  4     0.7580  0.0000  0.5250     E=(CL-1(1.0000))
  4     0.0000  0.2340  0.0000     E=(CL-1(1.0000))

Local parameters and GOALs for phase spinel
******************************************************
SpacegroupNo=227
HermannMauguin=F4_1/d-32/m
XrayDensity=2.406
Rphase=8.35%
UNIT=NM
A=1.049070+-0.000074
k1=0
B1=0.01665+-0.00034
GrainSize(1,1,1)=25.49+-0.53
GEWICHT=SPHAR4, MeanValue(GEWICHT)=0.0364533
Atomic positions for phase spinel
---------------------------------------------
 16     0.6250  0.6250  0.6250     E=(LI(0.2000))
  8     0.5000  0.5000  0.5000     E=(LI(0.6000))
 16     0.1250  0.1250  0.1250     E=(LI(0.5000),MN(0.2500),CR(0.2500))
 32     0.8817  0.8817  0.8817     E=(CL(1.0000))

Local parameters and GOALs for phase LiCl225icsd269090
******************************************************
SpacegroupNo=225
HermannMauguin=F4/m-32/m
XrayDensity=2.060
Rphase=8.10%
UNIT=NM
A=0.515102+-0.000034
k1=0.0100000
B1=0.00500000
GrainSize(1,1,1)=84.1811
GEWICHT=SPHAR4, MeanValue(GEWICHT)=0.0121456
Atomic positions for phase LiCl225icsd269090
---------------------------------------------
  4     0.0000  0.0000  0.0000     E=(LI+1(1.0000))
  4     0.5000  0.5000  0.5000     E=(CL-1(1.0000))
