Rietveld refinement to file(s) pattern.xy
BGMN version 4.2.23, 8282 measured points, 561 peaks, 62 parameters
Start: Thu Feb 26 15:00:38 2026; End: Thu Feb 26 15:01:04 2026
183 iteration steps

Rp=5.35%  Rpb=62.26%  R=8.27%  Rwp=7.65% Rexp=2.93%
Durbin-Watson d=0.34
1-rho=18.4%

Global parameters and GOALs
****************************
QNiCl2166icsd142080=0.3548+-0.0057
QLi596In198Cl1212icsd122395None=0.1284+-0.0084
QLiCl225icsd269090=0.3846+-0.0066
QYCl3=0.1321+-0.0043
EPS2=0.000272+-0.000020

Local parameters and GOALs for phase NiCl2166icsd142080
******************************************************
SpacegroupNo=166
HermannMauguin=R-32/m
XrayDensity=3.543
Rphase=10.65%
UNIT=NM
A=0.348302+-0.000023
C=1.73434+-0.00018
k1=0.0100000
B1=0.00500000
GrainSize(1,1,1)=84.1811
GEWICHT=SPHAR4, MeanValue(GEWICHT)=0.0193255
Atomic positions for phase NiCl2166icsd142080
---------------------------------------------
  3     0.0000  0.0000  0.0000     E=(NI+2(1.0000))
  6     0.0000  0.0000  0.2551     E=(CL-1(1.0000))

Local parameters and GOALs for phase Li596In198Cl1212icsd122395None
******************************************************
SpacegroupNo=12
HermannMauguin=C12/m1
XrayDensity=2.749
Rphase=11.13%
UNIT=NM
A=0.64465+-0.00024
B=1.13999+-0.00049
C=0.61661+-0.00023
BETA=112.316+-0.028
k1=0
B1=0.00493+-0.00091
GrainSize(1,1,1)=86+-16
GEWICHT=0.00699+-0.00050
Atomic positions for phase Li596In198Cl1212icsd122395None
---------------------------------------------
  8     0.3750  0.8330  0.6110     E=(LI+1(0.1700))
  4     0.0000  0.1510  0.5000     E=(LI+1(0.4900))
  2     0.0000  0.5000  0.5000     E=(LI+1(0.5400))
  4     0.0000  0.3160  0.0000     E=(LI+1(0.3900),IN+3(0.0500))
  2     0.0000  0.0000  0.0000     E=(IN+3(0.8900))
  4     0.7580  0.0000  0.2370     E=(CL-1(1.0000))
  8     0.7552  0.1624  0.7599     E=(CL-1(1.0000))

Local parameters and GOALs for phase LiCl225icsd269090
******************************************************
SpacegroupNo=225
HermannMauguin=F4/m-32/m
XrayDensity=2.074
Rphase=12.10%
UNIT=NM
A=0.513907+-0.000028
k1=0.0100000
B1=0.00500000
GrainSize(1,1,1)=84.1811
GEWICHT=SPHAR4, MeanValue(GEWICHT)=0.0209486
Atomic positions for phase LiCl225icsd269090
---------------------------------------------
  4     0.0000  0.0000  0.0000     E=(LI+1(1.0000))
  4     0.5000  0.5000  0.5000     E=(CL-1(1.0000))

Local parameters and GOALs for phase YCl3
******************************************************
SpacegroupNo=12
HermannMauguin=C12/m1
XrayDensity=2.621
Rphase=8.79%
UNIT=NM
A=0.69317+-0.00024
B=1.17315+-0.00043
C=0.65121+-0.00023
BETA=110.872+-0.025
k1=0.0100000
B1=0.00500000
GrainSize(1,1,1)=84.1811
GEWICHT=0.00720+-0.00026
Atomic positions for phase YCl3
---------------------------------------------
  4     0.0000  0.1660  0.0000     E=(Y+3(1.0000))
  4     0.7890  0.0000  0.7530     E=(CL-1(1.0000))
  8     0.7710  0.1790  0.2400     E=(CL-1(1.0000))
