Rietveld refinement to file(s) pattern.xy
BGMN version 4.2.23, 8282 measured points, 316 peaks, 48 parameters
Start: Thu Feb 26 15:06:36 2026; End: Thu Feb 26 15:06:44 2026
50 iteration steps

Rp=5.92%  Rpb=33.28%  R=9.36%  Rwp=8.26% Rexp=2.85%
Durbin-Watson d=0.29
1-rho=5.09%

Global parameters and GOALs
****************************
Qspinel=0.4919+-0.0027
QLi3YCl6164icsd29964None=0.5081+-0.0027
EPS2=0.000038+-0.000010

Local parameters and GOALs for phase spinel
******************************************************
SpacegroupNo=227
HermannMauguin=F4_1/d-32/m
XrayDensity=2.376
Rphase=13.15%
UNIT=NM
A=1.043140+-0.000028
k1=0.0100000
B1=0.00872+-0.00015
GrainSize(1,1,1)=48.26+-0.82
GEWICHT=SPHAR4, MeanValue(GEWICHT)=0.101583
Atomic positions for phase spinel
---------------------------------------------
 16     0.6250  0.6250  0.6250     E=(LI(0.1600))
  8     0.5000  0.5000  0.5000     E=(LI(0.4800))
 16     0.1250  0.1250  0.1250     E=(LI(0.4000),Y(0.2000),MG(0.3000))
 32     0.8817  0.8817  0.8817     E=(CL(1.0000))

Local parameters and GOALs for phase Li3YCl6164icsd29964None
******************************************************
SpacegroupNo=164
HermannMauguin=P-32/m1
XrayDensity=2.451
Rphase=12.57%
UNIT=NM
A=1.119960+-0.000033
C=0.603248+-0.000023
k1=0.0100000
B1=0.00500000
GrainSize(1,1,1)=84.1811
GEWICHT=SPHAR4, MeanValue(GEWICHT)=0.104931
Atomic positions for phase Li3YCl6164icsd29964None
---------------------------------------------
  6     0.3206  0.0000  0.5000     E=(LI+1(0.6800))
  6     0.3404  0.0000  0.0000     E=(LI+1(0.8200))
  1     0.0000  0.0000  0.0000     E=(Y+3(1.0000))
  2     0.3333  0.6667  0.0102     E=(Y+3(0.2288))
  2     0.3333  0.6667  0.5044     E=(Y+3(0.7712))
  6     0.8866 -0.8866  0.2363     E=(CL-1(1.0000))
  6     0.7793 -0.7793  0.7314     E=(CL-1(1.0000))
  6     0.5533 -0.5533  0.2497     E=(CL-1(1.0000))
